HEAP DUMP BEGIN (2484 objects, 408640 bytes) Thu Aug 25 13:06:48 2016
ROOT 0 (kind=<thread>, id=200000, trace=300000)
ROOT 500009b5 (kind=<thread>, id=200003, trace=300000)
ROOT 500009b5 (kind=<thread block>, thread=200003)
ROOT 500009b5 (kind=<JNI local ref>, thread=200000, frame=0)
ROOT 500009b6 (kind=<thread>, id=200004, trace=300000)
ROOT 500009b6 (kind=<thread block>, thread=200004)
ROOT 500009b7 (kind=<thread>, id=200005, trace=300000)
ROOT 500009b7 (kind=<thread block>, thread=200005)
ROOT 500009b8 (kind=<thread>, id=200006, trace=300000)
ROOT 500009b8 (kind=<thread block>, thread=200006)
ROOT 500009b9 (kind=<Java stack>, thread=200000, frame=1)
ROOT 500009ba (kind=<Java stack>, thread=200000, frame=1)
ROOT 500009b9 (kind=<Java stack>, thread=200000, frame=2)
ROOT 500009b8 (kind=<Java stack>, thread=200000, frame=3)
ROOT 500009bb (kind=<Java stack>, thread=200000, frame=3)
ROOT 500009bc (kind=<thread>, id=200007, trace=300000)
ROOT 500009bc (kind=<thread block>, thread=200007)
ROOT 500009bd (kind=<Java stack>, thread=200000, frame=1)
ROOT 500009bc (kind=<Java stack>, thread=200000, frame=2)
ROOT 500009bd (kind=<Java stack>, thread=200000, frame=2)
ROOT 500009be (kind=<thread>, id=200008, trace=300000)
ROOT 500009be (kind=<thread block>, thread=200008)
ROOT 500009b0 (kind=<Java stack>, thread=200000, frame=1)
ROOT 500009ac (kind=<Java stack>, thread=200000, frame=2)
ROOT 500009bf (kind=<Java stack>, thread=200000, frame=3)
ROOT 5000042c (kind=<Java stack>, thread=200000, frame=5)
ROOT 500009c0 (kind=<Java stack>, thread=200000, frame=5)
ROOT 5000042e (kind=<Java stack>, thread=200000, frame=5)
ROOT 500001cb (kind=<Java stack>, thread=200000, frame=6)
ROOT 500001cb (kind=<Java stack>, thread=200000, frame=6)
ROOT 5000042c (kind=<Java stack>, thread=200000, frame=6)
ROOT 50000168 (kind=<JNI global ref>, id=1, trace=300000)
ROOT 50000001 (kind=<JNI global ref>, id=2, trace=300000)
ROOT 5000016c (kind=<JNI global ref>, id=3, trace=300000)
ROOT 50000002 (kind=<JNI global ref>, id=4, trace=300000)
ROOT 50000003 (kind=<JNI global ref>, id=5, trace=300000)
ROOT 50000053 (kind=<JNI global ref>, id=6, trace=300000)
ROOT 50000004 (kind=<JNI global ref>, id=7, trace=300000)
ROOT 50000011 (kind=<JNI global ref>, id=8, trace=300000)
ROOT 50000005 (kind=<JNI global ref>, id=9, trace=300000)
ROOT 50000006 (kind=<JNI global ref>, id=a, trace=300000)
ROOT 500000da (kind=<JNI global ref>, id=b, trace=300000)
ROOT 50000007 (kind=<JNI global ref>, id=c, trace=300000)
ROOT 50000008 (kind=<JNI global ref>, id=d, trace=300000)
ROOT 50000009 (kind=<JNI global ref>, id=e, trace=300000)
ROOT 5000000a (kind=<JNI global ref>, id=f, trace=300000)
ROOT 5000000b (kind=<JNI global ref>, id=10, trace=300000)
ROOT 5000000c (kind=<JNI global ref>, id=11, trace=300000)
ROOT 5000000d (kind=<JNI global ref>, id=12, trace=300000)
ROOT 5000000e (kind=<JNI global ref>, id=13, trace=300000)
ROOT 5000000f (kind=<JNI global ref>, id=14, trace=300000)
ROOT 50000010 (kind=<JNI global ref>, id=15, trace=300000)
ROOT 50000012 (kind=<JNI global ref>, id=16, trace=300000)
ROOT 50000013 (kind=<JNI global ref>, id=17, trace=300000)
ROOT 50000014 (kind=<JNI global ref>, id=18, trace=300000)
ROOT 50000015 (kind=<JNI global ref>, id=19, trace=300000)
ROOT 50000016 (kind=<JNI global ref>, id=1a, trace=300000)
ROOT 50000017 (kind=<JNI global ref>, id=1b, trace=300000)
ROOT 50000067 (kind=<JNI global ref>, id=1c, trace=300000)
ROOT 50000018 (kind=<JNI global ref>, id=1d, trace=300000)
ROOT 50000019 (kind=<JNI global ref>, id=1e, trace=300000)
ROOT 5000001a (kind=<JNI global ref>, id=1f, trace=300000)
ROOT 5000001b (kind=<JNI global ref>, id=20, trace=300000)
ROOT 5000001c (kind=<JNI global ref>, id=21, trace=300000)
ROOT 5000014d (kind=<JNI global ref>, id=22, trace=300000)
ROOT 5000001d (kind=<JNI global ref>, id=23, trace=300000)
ROOT 5000001e (kind=<JNI global ref>, id=24, trace=300000)
ROOT 50000031 (kind=<JNI global ref>, id=25, trace=300000)
ROOT 5000001f (kind=<JNI global ref>, id=26, trace=300000)
ROOT 50000020 (kind=<JNI global ref>, id=27, trace=300000)
ROOT 50000023 (kind=<JNI global ref>, id=28, trace=300000)
ROOT 50000021 (kind=<JNI global ref>, id=29, trace=300000)
ROOT 50000022 (kind=<JNI global ref>, id=2a, trace=300000)
ROOT 50000024 (kind=<JNI global ref>, id=2b, trace=300000)
ROOT 50000025 (kind=<JNI global ref>, id=2c, trace=300000)
ROOT 50000026 (kind=<JNI global ref>, id=2d, trace=300000)
ROOT 50000027 (kind=<JNI global ref>, id=2e, trace=300000)
ROOT 50000028 (kind=<JNI global ref>, id=2f, trace=300000)
ROOT 50000029 (kind=<JNI global ref>, id=30, trace=300000)
ROOT 5000002a (kind=<JNI global ref>, id=31, trace=300000)
ROOT 5000002b (kind=<JNI global ref>, id=32, trace=300000)
ROOT 5000002c (kind=<JNI global ref>, id=33, trace=300000)
ROOT 5000002d (kind=<JNI global ref>, id=34, trace=300000)
ROOT 5000002e (kind=<JNI global ref>, id=35, trace=300000)
ROOT 500000d5 (kind=<JNI global ref>, id=36, trace=300000)
ROOT 5000002f (kind=<JNI global ref>, id=37, trace=300000)
ROOT 50000030 (kind=<JNI global ref>, id=38, trace=300000)
ROOT 50000032 (kind=<JNI global ref>, id=39, trace=300000)
ROOT 50000033 (kind=<JNI global ref>, id=3a, trace=300000)
ROOT 50000034 (kind=<JNI global ref>, id=3b, trace=300000)
ROOT 50000036 (kind=<JNI global ref>, id=3c, trace=300000)
ROOT 50000035 (kind=<JNI global ref>, id=3d, trace=300000)
ROOT 50000037 (kind=<JNI global ref>, id=3e, trace=300000)
ROOT 50000038 (kind=<JNI global ref>, id=3f, trace=300000)
ROOT 50000039 (kind=<JNI global ref>, id=40, trace=300000)
ROOT 5000011b (kind=<JNI global ref>, id=41, trace=300000)
ROOT 5000003a (kind=<JNI global ref>, id=42, trace=300000)
ROOT 5000003b (kind=<JNI global ref>, id=43, trace=300000)
ROOT 5000003c (kind=<JNI global ref>, id=44, trace=300000)
ROOT 5000003d (kind=<JNI global ref>, id=45, trace=300000)
ROOT 5000009a (kind=<JNI global ref>, id=46, trace=300000)
ROOT 5000003e (kind=<JNI global ref>, id=47, trace=300000)
ROOT 50000042 (kind=<JNI global ref>, id=48, trace=300000)
ROOT 5000003f (kind=<JNI global ref>, id=49, trace=300000)
ROOT 50000040 (kind=<JNI global ref>, id=4a, trace=300000)
ROOT 50000041 (kind=<JNI global ref>, id=4b, trace=300000)
ROOT 50000043 (kind=<JNI global ref>, id=4c, trace=300000)
ROOT 50000044 (kind=<JNI global ref>, id=4d, trace=300000)
ROOT 50000045 (kind=<JNI global ref>, id=4e, trace=300000)
ROOT 50000046 (kind=<JNI global ref>, id=4f, trace=300000)
ROOT 50000047 (kind=<JNI global ref>, id=50, trace=300000)
ROOT 50000048 (kind=<JNI global ref>, id=51, trace=300000)
ROOT 50000049 (kind=<JNI global ref>, id=52, trace=300000)
ROOT 5000004a (kind=<JNI global ref>, id=53, trace=300000)
ROOT 5000004b (kind=<JNI global ref>, id=54, trace=300000)
ROOT 5000004c (kind=<JNI global ref>, id=55, trace=300000)
ROOT 5000004d (kind=<JNI global ref>, id=56, trace=300000)
ROOT 5000004e (kind=<JNI global ref>, id=57, trace=300000)
ROOT 5000004f (kind=<JNI global ref>, id=58, trace=300000)
ROOT 5000014c (kind=<JNI global ref>, id=59, trace=300000)
ROOT 50000050 (kind=<JNI global ref>, id=5a, trace=300000)
ROOT 50000051 (kind=<JNI global ref>, id=5b, trace=300000)
ROOT 50000052 (kind=<JNI global ref>, id=5c, trace=300000)
ROOT 50000054 (kind=<JNI global ref>, id=5d, trace=300000)
ROOT 50000162 (kind=<JNI global ref>, id=5e, trace=300000)
ROOT 50000055 (kind=<JNI global ref>, id=5f, trace=300000)
ROOT 50000056 (kind=<JNI global ref>, id=60, trace=300000)
ROOT 50000057 (kind=<JNI global ref>, id=61, trace=300000)
ROOT 50000058 (kind=<JNI global ref>, id=62, trace=300000)
ROOT 50000059 (kind=<JNI global ref>, id=63, trace=300000)
ROOT 5000005a (kind=<JNI global ref>, id=64, trace=300000)
ROOT 5000015c (kind=<JNI global ref>, id=65, trace=300000)
ROOT 5000005b (kind=<JNI global ref>, id=66, trace=300000)
ROOT 5000005c (kind=<JNI global ref>, id=67, trace=300000)
ROOT 5000005d (kind=<JNI global ref>, id=68, trace=300000)
ROOT 5000005e (kind=<JNI global ref>, id=69, trace=300000)
ROOT 5000005f (kind=<JNI global ref>, id=6a, trace=300000)
ROOT 50000060 (kind=<JNI global ref>, id=6b, trace=300000)
ROOT 50000061 (kind=<JNI global ref>, id=6c, trace=300000)
ROOT 50000062 (kind=<JNI global ref>, id=6d, trace=300000)
ROOT 50000063 (kind=<JNI global ref>, id=6e, trace=300000)
ROOT 50000064 (kind=<JNI global ref>, id=6f, trace=300000)
ROOT 50000065 (kind=<JNI global ref>, id=70, trace=300000)
ROOT 50000066 (kind=<JNI global ref>, id=71, trace=300000)
ROOT 500000b9 (kind=<JNI global ref>, id=72, trace=300000)
ROOT 50000068 (kind=<JNI global ref>, id=73, trace=300000)
ROOT 50000069 (kind=<JNI global ref>, id=74, trace=300000)
ROOT 5000006a (kind=<JNI global ref>, id=75, trace=300000)
ROOT 5000006b (kind=<JNI global ref>, id=76, trace=300000)
ROOT 5000006c (kind=<JNI global ref>, id=77, trace=300000)
ROOT 5000006d (kind=<JNI global ref>, id=78, trace=300000)
ROOT 5000006e (kind=<JNI global ref>, id=79, trace=300000)
ROOT 5000006f (kind=<JNI global ref>, id=7a, trace=300000)
ROOT 50000070 (kind=<JNI global ref>, id=7b, trace=300000)
ROOT 50000071 (kind=<JNI global ref>, id=7c, trace=300000)
ROOT 50000072 (kind=<JNI global ref>, id=7d, trace=300000)
ROOT 500000ba (kind=<JNI global ref>, id=7e, trace=300000)
ROOT 50000073 (kind=<JNI global ref>, id=7f, trace=300000)
ROOT 50000074 (kind=<JNI global ref>, id=80, trace=300000)
ROOT 50000075 (kind=<JNI global ref>, id=81, trace=300000)
ROOT 50000076 (kind=<JNI global ref>, id=82, trace=300000)
ROOT 50000077 (kind=<JNI global ref>, id=83, trace=300000)
ROOT 50000078 (kind=<JNI global ref>, id=84, trace=300000)
ROOT 50000079 (kind=<JNI global ref>, id=85, trace=300000)
ROOT 50000086 (kind=<JNI global ref>, id=86, trace=300000)
ROOT 5000007a (kind=<JNI global ref>, id=87, trace=300000)
ROOT 5000007b (kind=<JNI global ref>, id=88, trace=300000)
ROOT 5000007c (kind=<JNI global ref>, id=89, trace=300000)
ROOT 5000007d (kind=<JNI global ref>, id=8a, trace=300000)
ROOT 5000007e (kind=<JNI global ref>, id=8b, trace=300000)
ROOT 5000007f (kind=<JNI global ref>, id=8c, trace=300000)
ROOT 50000080 (kind=<JNI global ref>, id=8d, trace=300000)
ROOT 50000081 (kind=<JNI global ref>, id=8e, trace=300000)
ROOT 50000082 (kind=<JNI global ref>, id=8f, trace=300000)
ROOT 50000083 (kind=<JNI global ref>, id=90, trace=300000)
ROOT 50000084 (kind=<JNI global ref>, id=91, trace=300000)
ROOT 50000085 (kind=<JNI global ref>, id=92, trace=300000)
ROOT 50000087 (kind=<JNI global ref>, id=93, trace=300000)
ROOT 50000135 (kind=<JNI global ref>, id=94, trace=300000)
ROOT 50000088 (kind=<JNI global ref>, id=95, trace=300000)
ROOT 50000089 (kind=<JNI global ref>, id=96, trace=300000)
ROOT 5000008a (kind=<JNI global ref>, id=97, trace=300000)
ROOT 5000008b (kind=<JNI global ref>, id=98, trace=300000)
ROOT 5000008c (kind=<JNI global ref>, id=99, trace=300000)
ROOT 5000008d (kind=<JNI global ref>, id=9a, trace=300000)
ROOT 5000008e (kind=<JNI global ref>, id=9b, trace=300000)
ROOT 5000008f (kind=<JNI global ref>, id=9c, trace=300000)
ROOT 50000090 (kind=<JNI global ref>, id=9d, trace=300000)
ROOT 50000091 (kind=<JNI global ref>, id=9e, trace=300000)
ROOT 50000118 (kind=<JNI global ref>, id=9f, trace=300000)
ROOT 50000092 (kind=<JNI global ref>, id=a0, trace=300000)
ROOT 50000093 (kind=<JNI global ref>, id=a1, trace=300000)
ROOT 50000096 (kind=<JNI global ref>, id=a2, trace=300000)
ROOT 50000094 (kind=<JNI global ref>, id=a3, trace=300000)
ROOT 50000095 (kind=<JNI global ref>, id=a4, trace=300000)
ROOT 50000097 (kind=<JNI global ref>, id=a5, trace=300000)
ROOT 50000098 (kind=<JNI global ref>, id=a6, trace=300000)
ROOT 50000099 (kind=<JNI global ref>, id=a7, trace=300000)
ROOT 5000009b (kind=<JNI global ref>, id=a8, trace=300000)
ROOT 5000009d (kind=<JNI global ref>, id=a9, trace=300000)
ROOT 5000009c (kind=<JNI global ref>, id=aa, trace=300000)
ROOT 500000b6 (kind=<JNI global ref>, id=ab, trace=300000)
ROOT 5000009e (kind=<JNI global ref>, id=ac, trace=300000)
ROOT 5000009f (kind=<JNI global ref>, id=ad, trace=300000)
ROOT 500000a0 (kind=<JNI global ref>, id=ae, trace=300000)
ROOT 500000a1 (kind=<JNI global ref>, id=af, trace=300000)
ROOT 500000a2 (kind=<JNI global ref>, id=b0, trace=300000)
ROOT 500000a3 (kind=<JNI global ref>, id=b1, trace=300000)
ROOT 500000a4 (kind=<JNI global ref>, id=b2, trace=300000)
ROOT 500000a5 (kind=<JNI global ref>, id=b3, trace=300000)
ROOT 500000a6 (kind=<JNI global ref>, id=b4, trace=300000)
ROOT 500000a7 (kind=<JNI global ref>, id=b5, trace=300000)
ROOT 500000a8 (kind=<JNI global ref>, id=b6, trace=300000)
ROOT 500000a9 (kind=<JNI global ref>, id=b7, trace=300000)
ROOT 500000aa (kind=<JNI global ref>, id=b8, trace=300000)
ROOT 500000ab (kind=<JNI global ref>, id=b9, trace=300000)
ROOT 500000ac (kind=<JNI global ref>, id=ba, trace=300000)
ROOT 500000ad (kind=<JNI global ref>, id=bb, trace=300000)
ROOT 500000ae (kind=<JNI global ref>, id=bc, trace=300000)
ROOT 500000af (kind=<JNI global ref>, id=bd, trace=300000)
ROOT 500000b0 (kind=<JNI global ref>, id=be, trace=300000)
ROOT 500000b1 (kind=<JNI global ref>, id=bf, trace=300000)
ROOT 500000b2 (kind=<JNI global ref>, id=c0, trace=300000)
ROOT 500000b3 (kind=<JNI global ref>, id=c1, trace=300000)
ROOT 500000b4 (kind=<JNI global ref>, id=c2, trace=300000)
ROOT 500000c9 (kind=<JNI global ref>, id=c3, trace=300000)
ROOT 500000b5 (kind=<JNI global ref>, id=c4, trace=300000)
ROOT 500000b7 (kind=<JNI global ref>, id=c5, trace=300000)
ROOT 500000b8 (kind=<JNI global ref>, id=c6, trace=300000)
ROOT 500000bb (kind=<JNI global ref>, id=c7, trace=300000)
ROOT 500000bc (kind=<JNI global ref>, id=c8, trace=300000)
ROOT 500000bd (kind=<JNI global ref>, id=c9, trace=300000)
ROOT 500000be (kind=<JNI global ref>, id=ca, trace=300000)
ROOT 500000bf (kind=<JNI global ref>, id=cb, trace=300000)
ROOT 500000c0 (kind=<JNI global ref>, id=cc, trace=300000)
ROOT 500000c1 (kind=<JNI global ref>, id=cd, trace=300000)
ROOT 500000ed (kind=<JNI global ref>, id=ce, trace=300000)
ROOT 500000c2 (kind=<JNI global ref>, id=cf, trace=300000)
ROOT 500000c3 (kind=<JNI global ref>, id=d0, trace=300000)
ROOT 50000156 (kind=<JNI global ref>, id=d1, trace=300000)
ROOT 500000c4 (kind=<JNI global ref>, id=d2, trace=300000)
ROOT 500000c5 (kind=<JNI global ref>, id=d3, trace=300000)
ROOT 500000c6 (kind=<JNI global ref>, id=d4, trace=300000)
ROOT 500000c7 (kind=<JNI global ref>, id=d5, trace=300000)
ROOT 500000c8 (kind=<JNI global ref>, id=d6, trace=300000)
ROOT 500000ca (kind=<JNI global ref>, id=d7, trace=300000)
ROOT 500000cb (kind=<JNI global ref>, id=d8, trace=300000)
ROOT 500000cc (kind=<JNI global ref>, id=d9, trace=300000)
ROOT 500000cd (kind=<JNI global ref>, id=da, trace=300000)
ROOT 500000ce (kind=<JNI global ref>, id=db, trace=300000)
ROOT 500000cf (kind=<JNI global ref>, id=dc, trace=300000)
ROOT 500000d0 (kind=<JNI global ref>, id=dd, trace=300000)
ROOT 500000d1 (kind=<JNI global ref>, id=de, trace=300000)
ROOT 500000d2 (kind=<JNI global ref>, id=df, trace=300000)
ROOT 500000d3 (kind=<JNI global ref>, id=e0, trace=300000)
ROOT 500000d4 (kind=<JNI global ref>, id=e1, trace=300000)
ROOT 500000d6 (kind=<JNI global ref>, id=e2, trace=300000)
ROOT 500000d7 (kind=<JNI global ref>, id=e3, trace=300000)
ROOT 500000d8 (kind=<JNI global ref>, id=e4, trace=300000)
ROOT 500000d9 (kind=<JNI global ref>, id=e5, trace=300000)
ROOT 500000ee (kind=<JNI global ref>, id=e6, trace=300000)
ROOT 500000db (kind=<JNI global ref>, id=e7, trace=300000)
ROOT 500000dc (kind=<JNI global ref>, id=e8, trace=300000)
ROOT 500000dd (kind=<JNI global ref>, id=e9, trace=300000)
ROOT 500000de (kind=<JNI global ref>, id=ea, trace=300000)
ROOT 500000df (kind=<JNI global ref>, id=eb, trace=300000)
ROOT 500000e0 (kind=<JNI global ref>, id=ec, trace=300000)
ROOT 500000e1 (kind=<JNI global ref>, id=ed, trace=300000)
ROOT 500000e2 (kind=<JNI global ref>, id=ee, trace=300000)
ROOT 50000147 (kind=<JNI global ref>, id=ef, trace=300000)
ROOT 500000e3 (kind=<JNI global ref>, id=f0, trace=300000)
ROOT 500000e4 (kind=<JNI global ref>, id=f1, trace=300000)
ROOT 500000e5 (kind=<JNI global ref>, id=f2, trace=300000)
ROOT 500000e6 (kind=<JNI global ref>, id=f3, trace=300000)
ROOT 500000e7 (kind=<JNI global ref>, id=f4, trace=300000)
ROOT 500000e8 (kind=<JNI global ref>, id=f5, trace=300000)
ROOT 500000e9 (kind=<JNI global ref>, id=f6, trace=300000)
ROOT 500000ea (kind=<JNI global ref>, id=f7, trace=300000)
ROOT 500000eb (kind=<JNI global ref>, id=f8, trace=300000)
ROOT 500000ec (kind=<JNI global ref>, id=f9, trace=300000)
ROOT 500000ef (kind=<JNI global ref>, id=fa, trace=300000)
ROOT 500000f0 (kind=<JNI global ref>, id=fb, trace=300000)
ROOT 500000f1 (kind=<JNI global ref>, id=fc, trace=300000)
ROOT 500000f2 (kind=<JNI global ref>, id=fd, trace=300000)
ROOT 500000f3 (kind=<JNI global ref>, id=fe, trace=300000)
ROOT 500000f4 (kind=<JNI global ref>, id=ff, trace=300000)
ROOT 500000f5 (kind=<JNI global ref>, id=100, trace=300000)
ROOT 500000f6 (kind=<JNI global ref>, id=101, trace=300000)
ROOT 500000f7 (kind=<JNI global ref>, id=102, trace=300000)
ROOT 500000fa (kind=<JNI global ref>, id=103, trace=300000)
ROOT 500000f8 (kind=<JNI global ref>, id=104, trace=300000)
ROOT 500000f9 (kind=<JNI global ref>, id=105, trace=300000)
ROOT 500000fb (kind=<JNI global ref>, id=106, trace=300000)
ROOT 500000fc (kind=<JNI global ref>, id=107, trace=300000)
ROOT 500000fd (kind=<JNI global ref>, id=108, trace=300000)
ROOT 500000fe (kind=<JNI global ref>, id=109, trace=300000)
ROOT 500000ff (kind=<JNI global ref>, id=10a, trace=300000)
ROOT 50000100 (kind=<JNI global ref>, id=10b, trace=300000)
ROOT 50000101 (kind=<JNI global ref>, id=10c, trace=300000)
ROOT 50000102 (kind=<JNI global ref>, id=10d, trace=300000)
ROOT 50000103 (kind=<JNI global ref>, id=10e, trace=300000)
ROOT 50000104 (kind=<JNI global ref>, id=10f, trace=300000)
ROOT 50000105 (kind=<JNI global ref>, id=110, trace=300000)
ROOT 50000106 (kind=<JNI global ref>, id=111, trace=300000)
ROOT 50000107 (kind=<JNI global ref>, id=112, trace=300000)
ROOT 50000108 (kind=<JNI global ref>, id=113, trace=300000)
ROOT 50000109 (kind=<JNI global ref>, id=114, trace=300000)
ROOT 5000010a (kind=<JNI global ref>, id=115, trace=300000)
ROOT 5000010b (kind=<JNI global ref>, id=116, trace=300000)
ROOT 5000010c (kind=<JNI global ref>, id=117, trace=300000)
ROOT 5000010d (kind=<JNI global ref>, id=118, trace=300000)
ROOT 5000010e (kind=<JNI global ref>, id=119, trace=300000)
ROOT 5000010f (kind=<JNI global ref>, id=11a, trace=300000)
ROOT 50000110 (kind=<JNI global ref>, id=11b, trace=300000)
ROOT 50000111 (kind=<JNI global ref>, id=11c, trace=300000)
ROOT 50000112 (kind=<JNI global ref>, id=11d, trace=300000)
ROOT 50000113 (kind=<JNI global ref>, id=11e, trace=300000)
ROOT 50000114 (kind=<JNI global ref>, id=11f, trace=300000)
ROOT 50000115 (kind=<JNI global ref>, id=120, trace=300000)
ROOT 50000116 (kind=<JNI global ref>, id=121, trace=300000)
ROOT 50000117 (kind=<JNI global ref>, id=122, trace=300000)
ROOT 50000119 (kind=<JNI global ref>, id=123, trace=300000)
ROOT 5000011a (kind=<JNI global ref>, id=124, trace=300000)
ROOT 5000011c (kind=<JNI global ref>, id=125, trace=300000)
ROOT 5000011d (kind=<JNI global ref>, id=126, trace=300000)
ROOT 5000011e (kind=<JNI global ref>, id=127, trace=300000)
ROOT 50000120 (kind=<JNI global ref>, id=128, trace=300000)
ROOT 5000011f (kind=<JNI global ref>, id=129, trace=300000)
ROOT 50000121 (kind=<JNI global ref>, id=12a, trace=300000)
ROOT 50000122 (kind=<JNI global ref>, id=12b, trace=300000)
ROOT 50000125 (kind=<JNI global ref>, id=12c, trace=300000)
ROOT 50000123 (kind=<JNI global ref>, id=12d, trace=300000)
ROOT 50000124 (kind=<JNI global ref>, id=12e, trace=300000)
ROOT 50000126 (kind=<JNI global ref>, id=12f, trace=300000)
ROOT 50000127 (kind=<JNI global ref>, id=130, trace=300000)
ROOT 50000128 (kind=<JNI global ref>, id=131, trace=300000)
ROOT 50000129 (kind=<JNI global ref>, id=132, trace=300000)
ROOT 5000012a (kind=<JNI global ref>, id=133, trace=300000)
ROOT 5000012b (kind=<JNI global ref>, id=134, trace=300000)
ROOT 5000012c (kind=<JNI global ref>, id=135, trace=300000)
ROOT 5000012d (kind=<JNI global ref>, id=136, trace=300000)
ROOT 5000012e (kind=<JNI global ref>, id=137, trace=300000)
ROOT 5000012f (kind=<JNI global ref>, id=138, trace=300000)
ROOT 50000130 (kind=<JNI global ref>, id=139, trace=300000)
ROOT 50000131 (kind=<JNI global ref>, id=13a, trace=300000)
ROOT 50000139 (kind=<JNI global ref>, id=13b, trace=300000)
ROOT 50000132 (kind=<JNI global ref>, id=13c, trace=300000)
ROOT 50000133 (kind=<JNI global ref>, id=13d, trace=300000)
ROOT 50000134 (kind=<JNI global ref>, id=13e, trace=300000)
ROOT 50000136 (kind=<JNI global ref>, id=13f, trace=300000)
ROOT 50000137 (kind=<JNI global ref>, id=140, trace=300000)
ROOT 50000138 (kind=<JNI global ref>, id=141, trace=300000)
ROOT 5000013a (kind=<JNI global ref>, id=142, trace=300000)
ROOT 5000013c (kind=<JNI global ref>, id=143, trace=300000)
ROOT 5000013b (kind=<JNI global ref>, id=144, trace=300000)
ROOT 50000140 (kind=<JNI global ref>, id=145, trace=300000)
ROOT 5000013d (kind=<JNI global ref>, id=146, trace=300000)
ROOT 5000013e (kind=<JNI global ref>, id=147, trace=300000)
ROOT 5000013f (kind=<JNI global ref>, id=148, trace=300000)
ROOT 50000141 (kind=<JNI global ref>, id=149, trace=300000)
ROOT 50000142 (kind=<JNI global ref>, id=14a, trace=300000)
ROOT 50000143 (kind=<JNI global ref>, id=14b, trace=300000)
ROOT 50000144 (kind=<JNI global ref>, id=14c, trace=300000)
ROOT 50000145 (kind=<JNI global ref>, id=14d, trace=300000)
ROOT 50000146 (kind=<JNI global ref>, id=14e, trace=300000)
ROOT 50000148 (kind=<JNI global ref>, id=14f, trace=300000)
ROOT 50000149 (kind=<JNI global ref>, id=150, trace=300000)
ROOT 5000014b (kind=<JNI global ref>, id=151, trace=300000)
ROOT 5000014a (kind=<JNI global ref>, id=152, trace=300000)
ROOT 5000014e (kind=<JNI global ref>, id=153, trace=300000)
ROOT 5000014f (kind=<JNI global ref>, id=154, trace=300000)
ROOT 50000150 (kind=<JNI global ref>, id=155, trace=300000)
ROOT 50000152 (kind=<JNI global ref>, id=156, trace=300000)
ROOT 50000151 (kind=<JNI global ref>, id=157, trace=300000)
ROOT 5000015f (kind=<JNI global ref>, id=158, trace=300000)
ROOT 50000153 (kind=<JNI global ref>, id=159, trace=300000)
ROOT 50000154 (kind=<JNI global ref>, id=15a, trace=300000)
ROOT 50000155 (kind=<JNI global ref>, id=15b, trace=300000)
ROOT 50000157 (kind=<JNI global ref>, id=15c, trace=300000)
ROOT 50000158 (kind=<JNI global ref>, id=15d, trace=300000)
ROOT 5000015d (kind=<JNI global ref>, id=15e, trace=300000)
ROOT 50000159 (kind=<JNI global ref>, id=15f, trace=300000)
ROOT 5000015a (kind=<JNI global ref>, id=160, trace=300000)
ROOT 5000015b (kind=<JNI global ref>, id=161, trace=300000)
ROOT 50000160 (kind=<JNI global ref>, id=162, trace=300000)
ROOT 5000015e (kind=<JNI global ref>, id=163, trace=300000)
ROOT 50000161 (kind=<JNI global ref>, id=164, trace=300000)
ROOT 50000163 (kind=<JNI global ref>, id=165, trace=300000)
ROOT 50000164 (kind=<JNI global ref>, id=166, trace=300000)
ROOT 50000165 (kind=<JNI global ref>, id=167, trace=300000)
ROOT 50000166 (kind=<JNI global ref>, id=168, trace=300000)
ROOT 50000167 (kind=<JNI global ref>, id=169, trace=300000)
ROOT 50000168 (kind=<JNI global ref>, id=16a, trace=300000)
ROOT 50000169 (kind=<JNI global ref>, id=16b, trace=300000)
ROOT 5000016a (kind=<JNI global ref>, id=16c, trace=300000)
ROOT 5000016b (kind=<JNI global ref>, id=16d, trace=300000)
ROOT 5000016d (kind=<JNI global ref>, id=16e, trace=300000)
ROOT 5000016e (kind=<JNI global ref>, id=16f, trace=300000)
ROOT 5000016f (kind=<JNI global ref>, id=170, trace=300000)
ROOT 50000170 (kind=<JNI global ref>, id=171, trace=300000)
ROOT 50000171 (kind=<JNI global ref>, id=172, trace=300000)
ROOT 50000172 (kind=<JNI global ref>, id=173, trace=300000)
ROOT 50000173 (kind=<JNI global ref>, id=174, trace=300000)
ROOT 50000174 (kind=<JNI global ref>, id=175, trace=300000)
ROOT 50000182 (kind=<JNI global ref>, id=176, trace=300004)
ROOT 50000183 (kind=<JNI global ref>, id=177, trace=300005)
ROOT 50000185 (kind=<JNI global ref>, id=178, trace=300006)
ROOT 50000187 (kind=<JNI global ref>, id=179, trace=300008)
ROOT 50000189 (kind=<JNI global ref>, id=17a, trace=300010)
ROOT 5000018f (kind=<JNI global ref>, id=17b, trace=300016)
ROOT 50000192 (kind=<JNI global ref>, id=17c, trace=300018)
ROOT 50000194 (kind=<JNI global ref>, id=17d, trace=300020)
ROOT 50000198 (kind=<JNI global ref>, id=17e, trace=300024)
ROOT 50000199 (kind=<JNI global ref>, id=17f, trace=300024)
ROOT 5000019e (kind=<JNI global ref>, id=180, trace=300028)
ROOT 500001a1 (kind=<JNI global ref>, id=181, trace=300031)
ROOT 500001a8 (kind=<JNI global ref>, id=182, trace=300037)
ROOT 500001b2 (kind=<JNI global ref>, id=183, trace=300043)
ROOT 500001bb (kind=<JNI global ref>, id=184, trace=300000)
ROOT 500001c5 (kind=<JNI global ref>, id=185, trace=300000)
ROOT 500001c7 (kind=<JNI global ref>, id=186, trace=300055)
ROOT 500001cc (kind=<JNI global ref>, id=187, trace=300059)
ROOT 500001cf (kind=<JNI global ref>, id=188, trace=300062)
ROOT 500001d1 (kind=<JNI global ref>, id=189, trace=300064)
ROOT 500001d2 (kind=<JNI global ref>, id=18a, trace=300065)
ROOT 500001d5 (kind=<JNI global ref>, id=18b, trace=300067)
ROOT 500001e0 (kind=<JNI global ref>, id=18c, trace=300076)
ROOT 500001e6 (kind=<JNI global ref>, id=18d, trace=300082)
ROOT 500001ec (kind=<JNI global ref>, id=18e, trace=300087)
ROOT 500001ee (kind=<JNI global ref>, id=18f, trace=300089)
ROOT 500001ef (kind=<JNI global ref>, id=190, trace=300089)
ROOT 500001f0 (kind=<JNI global ref>, id=191, trace=300090)
ROOT 500001f1 (kind=<JNI global ref>, id=192, trace=300090)
ROOT 500001f2 (kind=<JNI global ref>, id=193, trace=300091)
ROOT 500001f3 (kind=<JNI global ref>, id=194, trace=300091)
ROOT 50000208 (kind=<JNI global ref>, id=195, trace=300110)
ROOT 50000209 (kind=<JNI global ref>, id=196, trace=300111)
ROOT 5000020a (kind=<JNI global ref>, id=197, trace=300111)
ROOT 5000020d (kind=<JNI global ref>, id=198, trace=300114)
ROOT 50000219 (kind=<JNI global ref>, id=199, trace=300125)
ROOT 5000021a (kind=<JNI global ref>, id=19a, trace=300125)
ROOT 50000224 (kind=<JNI global ref>, id=19b, trace=300134)
ROOT 500003f1 (kind=<JNI global ref>, id=19c, trace=300155)
ROOT 500003fe (kind=<JNI global ref>, id=19d, trace=300158)
ROOT 5000042f (kind=<JNI global ref>, id=19e, trace=300193)
ROOT 50000430 (kind=<JNI global ref>, id=19f, trace=300194)
ROOT 50000431 (kind=<JNI global ref>, id=1a0, trace=300195)
ROOT 50000436 (kind=<JNI global ref>, id=1a1, trace=300200)
ROOT 50000437 (kind=<JNI global ref>, id=1a2, trace=300201)
ROOT 5000043a (kind=<JNI global ref>, id=1a3, trace=300204)
ROOT 5000043c (kind=<JNI global ref>, id=1a4, trace=300206)
ROOT 5000043e (kind=<JNI global ref>, id=1a5, trace=300208)
ROOT 50000440 (kind=<JNI global ref>, id=1a6, trace=300210)
ROOT 50000441 (kind=<JNI global ref>, id=1a7, trace=300210)
ROOT 50000449 (kind=<JNI global ref>, id=1a8, trace=300216)
ROOT 5000044b (kind=<JNI global ref>, id=1a9, trace=300217)
ROOT 5000044c (kind=<JNI global ref>, id=1aa, trace=300218)
ROOT 500006b1 (kind=<JNI global ref>, id=1ab, trace=300306)
ROOT 500006b3 (kind=<JNI global ref>, id=1ac, trace=300308)
ROOT 500006b5 (kind=<JNI global ref>, id=1ad, trace=300310)
ROOT 500006b7 (kind=<JNI global ref>, id=1ae, trace=300312)
ROOT 500006b9 (kind=<JNI global ref>, id=1af, trace=300314)
ROOT 50000734 (kind=<JNI global ref>, id=1b0, trace=300317)
ROOT 50000736 (kind=<JNI global ref>, id=1b1, trace=300319)
ROOT 5000074b (kind=<JNI global ref>, id=1b2, trace=300329)
ROOT 5000074c (kind=<JNI global ref>, id=1b3, trace=300329)
ROOT 5000082f (kind=<JNI global ref>, id=1b4, trace=300332)
ROOT 50000831 (kind=<JNI global ref>, id=1b5, trace=300334)
ROOT 50000832 (kind=<JNI global ref>, id=1b6, trace=300335)
ROOT 50000842 (kind=<JNI global ref>, id=1b7, trace=300349)
ROOT 50000844 (kind=<JNI global ref>, id=1b8, trace=300351)
ROOT 5000084e (kind=<JNI global ref>, id=1b9, trace=300357)
ROOT 50000853 (kind=<JNI global ref>, id=1ba, trace=300362)
ROOT 50000855 (kind=<JNI global ref>, id=1bb, trace=300364)
ROOT 50000856 (kind=<JNI global ref>, id=1bc, trace=300364)
ROOT 50000858 (kind=<JNI global ref>, id=1bd, trace=300366)
ROOT 50000859 (kind=<JNI global ref>, id=1be, trace=300366)
ROOT 5000085a (kind=<JNI global ref>, id=1bf, trace=300366)
ROOT 5000085b (kind=<JNI global ref>, id=1c0, trace=300366)
ROOT 50000863 (kind=<JNI global ref>, id=1c1, trace=300374)
ROOT 50000877 (kind=<JNI global ref>, id=1c2, trace=300384)
ROOT 50000878 (kind=<JNI global ref>, id=1c3, trace=300384)
ROOT 50000882 (kind=<JNI global ref>, id=1c4, trace=300388)
ROOT 500008c1 (kind=<JNI global ref>, id=1c5, trace=300402)
ROOT 500008c3 (kind=<JNI global ref>, id=1c6, trace=300404)
ROOT 5000093e (kind=<JNI global ref>, id=1c7, trace=300416)
ROOT 50000968 (kind=<JNI global ref>, id=1c8, trace=300438)
ROOT 50000969 (kind=<JNI global ref>, id=1c9, trace=300438)
ROOT 5000096f (kind=<JNI global ref>, id=1ca, trace=300444)
ROOT 50000973 (kind=<JNI global ref>, id=1cb, trace=300447)
ROOT 50000976 (kind=<JNI global ref>, id=1cc, trace=300450)
ROOT 50000978 (kind=<JNI global ref>, id=1cd, trace=300451)
ROOT 50000984 (kind=<JNI global ref>, id=1ce, trace=300457)
ROOT 50000995 (kind=<JNI global ref>, id=1cf, trace=300469)
ROOT 50000998 (kind=<JNI global ref>, id=1d0, trace=300471)
ROOT 5000099a (kind=<JNI global ref>, id=1d1, trace=300472)
ROOT 5000099b (kind=<JNI global ref>, id=1d2, trace=300472)
ROOT 5000099c (kind=<JNI global ref>, id=1d3, trace=300472)
ROOT 500009ac (kind=<JNI global ref>, id=1d4, trace=300483)
ROOT 500009ae (kind=<JNI global ref>, id=1d5, trace=300485)
ROOT 500009b1 (kind=<JNI global ref>, id=1d6, trace=300000)
ROOT 500009b2 (kind=<JNI global ref>, id=1d7, trace=300000)
ROOT 500009b3 (kind=<JNI global ref>, id=1d8, trace=300000)
ROOT 500009b4 (kind=<JNI global ref>, id=1d9, trace=300000)
ROOT 500009c1 (kind=<unknown>)
ROOT 500009c2 (kind=<unknown>)
ROOT 500009c3 (kind=<unknown>)
ROOT 500009c4 (kind=<unknown>)
ROOT 500009c5 (kind=<unknown>)
ROOT 500009c6 (kind=<unknown>)
ROOT 500009c7 (kind=<unknown>)
ROOT 500009c8 (kind=<unknown>)
ROOT 500009c9 (kind=<unknown>)
ROOT 500009ca (kind=<unknown>)
ROOT 500009cb (kind=<unknown>)
ROOT 500009cc (kind=<unknown>)
ROOT 500009cd (kind=<unknown>)
ROOT 500009ce (kind=<unknown>)
ROOT 500009cf (kind=<unknown>)
ROOT 500009d0 (kind=<unknown>)
ROOT 500009d1 (kind=<unknown>)
ROOT 500009d2 (kind=<unknown>)
ROOT 500009d3 (kind=<unknown>)
ROOT 500009d4 (kind=<unknown>)
ROOT 500009d5 (kind=<unknown>)
ROOT 500009d6 (kind=<unknown>)
ROOT 500009d7 (kind=<unknown>)
ROOT 500009d8 (kind=<unknown>)
ROOT 500009d9 (kind=<unknown>)
ROOT 500009da (kind=<unknown>)
ROOT 500009db (kind=<unknown>)
ROOT 500009dc (kind=<unknown>)
ROOT 500009dd (kind=<unknown>)
ROOT 500009de (kind=<unknown>)
ROOT 500009df (kind=<unknown>)
ROOT 500009e0 (kind=<unknown>)
ROOT 500009e1 (kind=<unknown>)
ROOT 500009e2 (kind=<unknown>)
ROOT 500009e3 (kind=<unknown>)
ROOT 500009e4 (kind=<unknown>)
ROOT 500009e5 (kind=<unknown>)
ROOT 500009e6 (kind=<unknown>)
ROOT 500009e7 (kind=<unknown>)
ROOT 500009e8 (kind=<unknown>)
ROOT 500009e9 (kind=<unknown>)
ROOT 500009ea (kind=<unknown>)
ROOT 500009eb (kind=<unknown>)
ROOT 500009ec (kind=<unknown>)
ROOT 500009ed (kind=<unknown>)
ROOT 500009ee (kind=<unknown>)
ROOT 500009ef (kind=<unknown>)
ROOT 500009f0 (kind=<unknown>)
ROOT 500009f1 (kind=<unknown>)
ROOT 500009f2 (kind=<unknown>)
ROOT 500009f3 (kind=<unknown>)
ROOT 500009f4 (kind=<unknown>)
ROOT 500009f5 (kind=<unknown>)
ROOT 500009f6 (kind=<unknown>)
ROOT 500009f7 (kind=<unknown>)
ROOT 500009f8 (kind=<unknown>)
ROOT 500009f9 (kind=<unknown>)
ROOT 500009fa (kind=<unknown>)
ROOT 500009fb (kind=<unknown>)
ROOT 500009fc (kind=<unknown>)
ROOT 500009fd (kind=<unknown>)
ROOT 500009fe (kind=<unknown>)
ROOT 500009ff (kind=<unknown>)
ROOT 50000a00 (kind=<unknown>)
ROOT 50000a01 (kind=<unknown>)
ROOT 50000a02 (kind=<unknown>)
ROOT 50000a03 (kind=<unknown>)
ROOT 50000a04 (kind=<unknown>)
ROOT 50000a05 (kind=<unknown>)
ROOT 50000a06 (kind=<unknown>)
ROOT 50000a07 (kind=<unknown>)
ROOT 50000a08 (kind=<unknown>)
ROOT 50000a09 (kind=<unknown>)
ROOT 50000a0a (kind=<unknown>)
ROOT 50000a0b (kind=<unknown>)
ROOT 50000a0c (kind=<unknown>)
ROOT 50000a0d (kind=<unknown>)
ROOT 50000a0e (kind=<unknown>)
ROOT 50000a0f (kind=<unknown>)
ROOT 50000a10 (kind=<unknown>)
ROOT 50000a11 (kind=<unknown>)
ROOT 50000a12 (kind=<unknown>)
ROOT 50000a13 (kind=<unknown>)
ROOT 50000a14 (kind=<unknown>)
ROOT 50000a15 (kind=<unknown>)
ROOT 50000a16 (kind=<unknown>)
ROOT 50000a17 (kind=<unknown>)
ROOT 50000a18 (kind=<unknown>)
ROOT 50000a19 (kind=<unknown>)
ROOT 50000a1a (kind=<unknown>)
ROOT 50000a1b (kind=<unknown>)
ROOT 50000a1c (kind=<unknown>)
ROOT 50000a1d (kind=<unknown>)
ROOT 50000a1e (kind=<unknown>)
ROOT 50000a1f (kind=<unknown>)
ROOT 50000a20 (kind=<unknown>)
ROOT 50000a21 (kind=<unknown>)
ROOT 50000a22 (kind=<unknown>)
ROOT 50000a23 (kind=<unknown>)
ROOT 50000a24 (kind=<unknown>)
ROOT 50000a25 (kind=<unknown>)
ROOT 50000a26 (kind=<unknown>)
ROOT 50000a27 (kind=<unknown>)
ROOT 50000a28 (kind=<unknown>)
ROOT 50000a29 (kind=<unknown>)
ROOT 50000a2a (kind=<unknown>)
ROOT 50000a2b (kind=<unknown>)
ROOT 50000a2c (kind=<unknown>)
ROOT 50000a2d (kind=<unknown>)
ROOT 50000a2e (kind=<unknown>)
ROOT 50000a2f (kind=<unknown>)
ROOT 50000a30 (kind=<unknown>)
ROOT 50000a31 (kind=<unknown>)
ROOT 50000a32 (kind=<unknown>)
ROOT 50000a33 (kind=<unknown>)
ROOT 50000a34 (kind=<unknown>)
ROOT 50000a35 (kind=<unknown>)
ROOT 50000a36 (kind=<unknown>)
ROOT 50000a37 (kind=<unknown>)
ROOT 50000a38 (kind=<unknown>)
ROOT 50000a39 (kind=<unknown>)
ROOT 50000a3a (kind=<unknown>)
ROOT 50000a3b (kind=<unknown>)
ROOT 50000a3c (kind=<unknown>)
ROOT 50000a3d (kind=<unknown>)
ROOT 50000a3e (kind=<unknown>)
ROOT 50000a3f (kind=<unknown>)
ROOT 50000a40 (kind=<unknown>)
ROOT 50000a41 (kind=<unknown>)
ROOT 50000a42 (kind=<unknown>)
ROOT 50000a43 (kind=<unknown>)
ROOT 50000a44 (kind=<unknown>)
ROOT 50000a45 (kind=<unknown>)
ROOT 50000a46 (kind=<unknown>)
ROOT 50000a47 (kind=<unknown>)
ROOT 50000a48 (kind=<unknown>)
ROOT 50000a49 (kind=<unknown>)
ROOT 50000a4a (kind=<unknown>)
ROOT 50000a4b (kind=<unknown>)
ROOT 50000a4c (kind=<unknown>)
ROOT 50000a4d (kind=<unknown>)
ROOT 50000a4e (kind=<unknown>)
ROOT 50000a4f (kind=<unknown>)
ROOT 50000a50 (kind=<unknown>)
ROOT 50000a51 (kind=<unknown>)
ROOT 50000a52 (kind=<unknown>)
ROOT 50000a53 (kind=<unknown>)
ROOT 50000a54 (kind=<unknown>)
ROOT 50000a55 (kind=<unknown>)
ROOT 50000a56 (kind=<unknown>)
ROOT 50000a57 (kind=<unknown>)
ROOT 50000a58 (kind=<unknown>)
ROOT 50000a59 (kind=<unknown>)
ROOT 50000a5a (kind=<unknown>)
ROOT 50000a5b (kind=<unknown>)
ROOT 50000a5c (kind=<unknown>)
ROOT 50000a5d (kind=<unknown>)
ROOT 50000a5e (kind=<unknown>)
ROOT 50000a5f (kind=<unknown>)
ROOT 50000a60 (kind=<unknown>)
ROOT 50000a61 (kind=<unknown>)
ROOT 50000a62 (kind=<unknown>)
ROOT 50000a63 (kind=<unknown>)
ROOT 50000a64 (kind=<unknown>)
ROOT 50000a65 (kind=<unknown>)
ROOT 50000a66 (kind=<unknown>)
ROOT 50000a67 (kind=<unknown>)
ROOT 50000a68 (kind=<unknown>)
ROOT 50000a69 (kind=<unknown>)
ROOT 50000a6a (kind=<unknown>)
ROOT 50000a6b (kind=<unknown>)
ROOT 50000a6c (kind=<unknown>)
ROOT 50000a6d (kind=<unknown>)
ROOT 50000a6e (kind=<unknown>)
ROOT 50000a6f (kind=<unknown>)
ROOT 50000a70 (kind=<unknown>)
ROOT 50000a71 (kind=<unknown>)
ROOT 50000a72 (kind=<unknown>)
ROOT 50000a73 (kind=<unknown>)
ROOT 50000a74 (kind=<unknown>)
ROOT 50000a75 (kind=<unknown>)
ROOT 50000a76 (kind=<unknown>)
ROOT 50000a77 (kind=<unknown>)
ROOT 50000a78 (kind=<unknown>)
ROOT 50000a79 (kind=<unknown>)
ROOT 50000a7a (kind=<unknown>)
ROOT 50000a7b (kind=<unknown>)
ROOT 50000a7c (kind=<unknown>)
ROOT 50000a7d (kind=<unknown>)
ROOT 50000a7e (kind=<unknown>)
ROOT 500009ae (kind=<system class>, name=java.lang.Shutdown$Lock)
ROOT 500009ac (kind=<system class>, name=java.lang.Shutdown)
ROOT 5000099c (kind=<system class>, name=java.text.MessageFormat$Field)
ROOT 5000099b (kind=<system class>, name=java.text.Format$Field)
ROOT 5000099a (kind=<system class>, name=java.text.AttributedCharacterIterator$Attribute)
ROOT 50000998 (kind=<system class>, name=java.util.Date)
ROOT 50000995 (kind=<system class>, name=java.text.FieldPosition)
ROOT 50000984 (kind=<system class>, name=java.lang.StringBuilder[])
ROOT 5000011e (kind=<system class>, name=java.lang.StringBuilder)
ROOT 500009b1 (kind=<system class>, name=java.lang.AbstractStringBuilder[])
ROOT 50000120 (kind=<system class>, name=java.lang.AbstractStringBuilder)
ROOT 500009b2 (kind=<system class>, name=java.lang.Appendable[])
ROOT 50000121 (kind=<system class>, name=java.lang.Appendable)
ROOT 50000978 (kind=<system class>, name=java.util.Locale$1)
ROOT 50000976 (kind=<system class>, name=java.util.Locale$Category[])
ROOT 50000973 (kind=<system class>, name=java.util.Locale$Category)
ROOT 50000973 (kind=<system class>, name=java.util.Locale$Category)
ROOT 5000096f (kind=<system class>, name=java.text.Format[])
ROOT 50000968 (kind=<system class>, name=java.text.Format)
ROOT 50000969 (kind=<system class>, name=java.text.MessageFormat)
ROOT 50000968 (kind=<system class>, name=java.text.Format)
ROOT 5000093e (kind=<system class>, name=java.lang.Object[][])
ROOT 50000111 (kind=<system class>, name=java.lang.Object[])
ROOT 500009b3 (kind=<system class>, name=java.lang.Cloneable[])
ROOT 50000163 (kind=<system class>, name=java.lang.Cloneable)
ROOT 500008c3 (kind=<system class>, name=java.net.URLClassLoader$2)
ROOT 500008c1 (kind=<system class>, name=java.util.ResourceBundle$Control$1)
ROOT 50000882 (kind=<system class>, name=java.util.ResourceBundle$BundleReference)
ROOT 50000878 (kind=<system class>, name=sun.launcher.resources.launcher)
ROOT 50000877 (kind=<system class>, name=java.util.ListResourceBundle)
ROOT 50000863 (kind=<system class>, name=java.util.LinkedList$Node)
ROOT 5000085b (kind=<system class>, name=java.util.LinkedList)
ROOT 5000085a (kind=<system class>, name=java.util.AbstractSequentialList)
ROOT 50000859 (kind=<system class>, name=java.util.Deque)
ROOT 50000858 (kind=<system class>, name=java.util.Queue)
ROOT 50000856 (kind=<system class>, name=java.util.ResourceBundle$LoaderReference)
ROOT 50000855 (kind=<system class>, name=java.util.ResourceBundle$CacheKeyReference)
ROOT 50000853 (kind=<system class>, name=java.util.ResourceBundle$CacheKey)
ROOT 5000084e (kind=<system class>, name=java.util.ResourceBundle$Control$CandidateListCache)
ROOT 50000844 (kind=<system class>, name=java.util.Arrays$ArrayList)
ROOT 50000842 (kind=<system class>, name=java.util.ResourceBundle$Control)
ROOT 50000832 (kind=<system class>, name=java.util.ResourceBundle$RBClassLoader$1)
ROOT 50000831 (kind=<system class>, name=java.util.ResourceBundle$RBClassLoader)
ROOT 5000082f (kind=<system class>, name=java.net.URLClassLoader$3$1)
ROOT 5000074c (kind=<system class>, name=java.io.FileNotFoundException)
ROOT 5000074b (kind=<system class>, name=java.io.IOException)
ROOT 50000736 (kind=<system class>, name=sun.misc.FileURLMapper)
ROOT 50000734 (kind=<system class>, name=sun.misc.URLClassPath$JarLoader$1)
ROOT 500006b9 (kind=<system class>, name=sun.misc.CompoundEnumeration)
ROOT 500006b7 (kind=<system class>, name=java.net.URLClassLoader$3)
ROOT 500006b5 (kind=<system class>, name=sun.misc.URLClassPath$1)
ROOT 500006b3 (kind=<system class>, name=java.lang.ClassLoader$2)
ROOT 500006b1 (kind=<system class>, name=sun.misc.URLClassPath$2)
ROOT 5000044c (kind=<system class>, name=sun.misc.Launcher$BootClassPathHolder$1)
ROOT 5000044b (kind=<system class>, name=sun.misc.Launcher$BootClassPathHolder)
ROOT 50000449 (kind=<system class>, name=java.util.Enumeration[])
ROOT 500000d0 (kind=<system class>, name=java.util.Enumeration)
ROOT 50000441 (kind=<system class>, name=java.util.LinkedHashMap$LinkedEntryIterator)
ROOT 50000440 (kind=<system class>, name=java.util.LinkedHashMap$LinkedHashIterator)
ROOT 5000043e (kind=<system class>, name=java.util.LinkedHashMap$LinkedEntrySet)
ROOT 5000043c (kind=<system class>, name=java.util.ServiceLoader$1)
ROOT 5000043a (kind=<system class>, name=java.util.ServiceLoader$LazyIterator)
ROOT 50000437 (kind=<system class>, name=java.util.ServiceLoader)
ROOT 50000436 (kind=<system class>, name=java.util.spi.ResourceBundleControlProvider)
ROOT 50000431 (kind=<system class>, name=java.util.ResourceBundle$1)
ROOT 50000430 (kind=<system class>, name=java.util.ResourceBundle)
ROOT 5000042f (kind=<system class>, name=sun.launcher.LauncherHelper$ResourceBundleHolder)
ROOT 500003fe (kind=<system class>, name=sun.misc.URLClassPath$FileLoader)
ROOT 500003f1 (kind=<system class>, name=java.security.PrivilegedActionException)
ROOT 50000224 (kind=<system class>, name=sun.nio.cs.UTF_8$Decoder)
ROOT 5000021a (kind=<system class>, name=sun.nio.cs.UTF_8)
ROOT 50000219 (kind=<system class>, name=sun.nio.cs.Unicode)
ROOT 5000020d (kind=<system class>, name=sun.nio.cs.ThreadLocalCoders$2)
ROOT 5000020a (kind=<system class>, name=sun.nio.cs.ThreadLocalCoders$1)
ROOT 50000209 (kind=<system class>, name=sun.nio.cs.ThreadLocalCoders$Cache)
ROOT 50000208 (kind=<system class>, name=sun.nio.cs.ThreadLocalCoders)
ROOT 500001f3 (kind=<system class>, name=java.util.zip.ZipFile$1)
ROOT 500001f2 (kind=<system class>, name=sun.misc.JavaUtilZipFileAccess)
ROOT 500001f1 (kind=<system class>, name=java.util.zip.ZipFile)
ROOT 500001f0 (kind=<system class>, name=java.util.zip.ZipConstants)
ROOT 500001ef (kind=<system class>, name=sun.misc.URLClassPath$JarLoader)
ROOT 500001ee (kind=<system class>, name=sun.misc.URLClassPath$Loader)
ROOT 500001ec (kind=<system class>, name=sun.misc.URLClassPath$3)
ROOT 500001e6 (kind=<system class>, name=sun.net.util.URLUtil)
ROOT 500001e0 (kind=<system class>, name=java.net.URLClassLoader$1)
ROOT 500001d5 (kind=<system class>, name=java.lang.StringCoding$StringDecoder)
ROOT 500001d2 (kind=<system class>, name=java.lang.ThreadLocal$ThreadLocalMap$Entry[])
ROOT 500001d1 (kind=<system class>, name=java.lang.ThreadLocal$ThreadLocalMap$Entry)
ROOT 500001d1 (kind=<system class>, name=java.lang.ThreadLocal$ThreadLocalMap$Entry)
ROOT 500001cf (kind=<system class>, name=java.lang.ThreadLocal$ThreadLocalMap)
ROOT 500001cc (kind=<system class>, name=java.lang.StringCoding)
ROOT 500001c7 (kind=<system class>, name=sun.launcher.LauncherHelper[])
ROOT 500001c5 (kind=<system class>, name=sun.launcher.LauncherHelper)
ROOT 500001c5 (kind=<system class>, name=sun.launcher.LauncherHelper)
ROOT 500001bb (kind=<system class>, name=sun.misc.PostVMInitHook)
ROOT 500001b2 (kind=<system class>, name=java.lang.IllegalAccessException)
ROOT 500009b4 (kind=<system class>, name=java.lang.reflect.Method[])
ROOT 5000013b (kind=<system class>, name=java.lang.reflect.Method)
ROOT 500001a8 (kind=<system class>, name=java.lang.invoke.LambdaForm[])
ROOT 50000128 (kind=<system class>, name=java.lang.invoke.LambdaForm)
ROOT 500001a1 (kind=<system class>, name=java.lang.Void)
ROOT 5000019e (kind=<system class>, name=java.lang.invoke.MethodType$ConcurrentWeakInternSet$WeakEntry)
ROOT 50000199 (kind=<system class>, name=java.lang.invoke.Invokers)
ROOT 50000198 (kind=<system class>, name=java.lang.invoke.MethodTypeForm)
ROOT 50000194 (kind=<system class>, name=java.lang.invoke.MethodHandleStatics$1)
ROOT 50000192 (kind=<system class>, name=java.lang.invoke.MethodHandleStatics)
ROOT 5000018f (kind=<system class>, name=java.lang.invoke.MethodType[])
ROOT 50000127 (kind=<system class>, name=java.lang.invoke.MethodType)
ROOT 50000189 (kind=<system class>, name=java.lang.invoke.MethodType$ConcurrentWeakInternSet)
ROOT 50000187 (kind=<system class>, name=java.lang.invoke.LambdaForm$NamedFunction)
ROOT 50000185 (kind=<system class>, name=java.lang.invoke.MemberName$Factory)
ROOT 50000183 (kind=<system class>, name=java.lang.invoke.MethodHandle[])
ROOT 5000012c (kind=<system class>, name=java.lang.invoke.MethodHandle)
ROOT 50000182 (kind=<system class>, name=java.lang.invoke.MethodHandleImpl)
ROOT 50000001 (kind=<system class>, name=java.lang.SystemClassLoaderAction)
ROOT 50000002 (kind=<system class>, name=sun.misc.Launcher$AppClassLoader$1)
ROOT 50000003 (kind=<system class>, name=sun.misc.Launcher$AppClassLoader)
ROOT 50000004 (kind=<system class>, name=sun.net.www.protocol.jar.Handler)
ROOT 50000005 (kind=<system class>, name=sun.misc.URLClassPath)
ROOT 50000006 (kind=<system class>, name=java.util.HashSet)
ROOT 50000007 (kind=<system class>, name=java.security.Principal[])
ROOT 50000008 (kind=<system class>, name=java.security.Principal)
ROOT 50000008 (kind=<system class>, name=java.security.Principal)
ROOT 50000009 (kind=<system class>, name=java.security.ProtectionDomain$Key)
ROOT 5000000a (kind=<system class>, name=java.security.CodeSource)
ROOT 5000000b (kind=<system class>, name=java.security.ProtectionDomain$3)
ROOT 5000000c (kind=<system class>, name=sun.misc.JavaSecurityProtectionDomainAccess)
ROOT 5000000d (kind=<system class>, name=java.security.ProtectionDomain$1)
ROOT 5000000e (kind=<system class>, name=sun.misc.JavaSecurityAccess)
ROOT 5000000f (kind=<system class>, name=java.net.URL[])
ROOT 50000013 (kind=<system class>, name=java.net.URL)
ROOT 50000010 (kind=<system class>, name=sun.net.www.protocol.file.Handler)
ROOT 50000011 (kind=<system class>, name=java.net.URLStreamHandler)
ROOT 50000012 (kind=<system class>, name=java.net.Parts)
ROOT 50000013 (kind=<system class>, name=java.net.URL)
ROOT 50000014 (kind=<system class>, name=java.util.BitSet)
ROOT 50000015 (kind=<system class>, name=sun.net.www.ParseUtil)
ROOT 50000016 (kind=<system class>, name=java.io.FileInputStream$1)
ROOT 50000017 (kind=<system class>, name=java.util.HashMap$TreeNode)
ROOT 50000018 (kind=<system class>, name=java.lang.CharacterDataLatin1)
ROOT 50000019 (kind=<system class>, name=java.lang.CharacterData)
ROOT 5000001a (kind=<system class>, name=sun.util.locale.LocaleUtils)
ROOT 5000001b (kind=<system class>, name=java.util.Locale$LocaleKey)
ROOT 5000001c (kind=<system class>, name=sun.util.locale.LocaleObjectCache$CacheEntry)
ROOT 5000001d (kind=<system class>, name=sun.util.locale.BaseLocale$Key)
ROOT 5000001e (kind=<system class>, name=sun.util.locale.BaseLocale$Cache)
ROOT 5000001f (kind=<system class>, name=sun.util.locale.BaseLocale)
ROOT 50000020 (kind=<system class>, name=java.util.concurrent.ConcurrentHashMap$EntrySetView)
ROOT 50000021 (kind=<system class>, name=java.util.concurrent.ConcurrentHashMap$ValuesView)
ROOT 50000022 (kind=<system class>, name=java.util.concurrent.ConcurrentHashMap$KeySetView)
ROOT 50000023 (kind=<system class>, name=java.util.concurrent.ConcurrentHashMap$CollectionView)
ROOT 50000024 (kind=<system class>, name=java.util.concurrent.ConcurrentHashMap$CounterCell[])
ROOT 50000025 (kind=<system class>, name=java.util.concurrent.ConcurrentHashMap$CounterCell)
ROOT 50000025 (kind=<system class>, name=java.util.concurrent.ConcurrentHashMap$CounterCell)
ROOT 50000026 (kind=<system class>, name=java.util.concurrent.ConcurrentHashMap$Node[])
ROOT 50000027 (kind=<system class>, name=java.util.concurrent.ConcurrentHashMap$Node)
ROOT 50000027 (kind=<system class>, name=java.util.concurrent.ConcurrentHashMap$Node)
ROOT 50000028 (kind=<system class>, name=java.util.concurrent.ConcurrentHashMap$Segment[])
ROOT 5000002b (kind=<system class>, name=java.util.concurrent.ConcurrentHashMap$Segment)
ROOT 50000029 (kind=<system class>, name=java.util.concurrent.locks.ReentrantLock[])
ROOT 5000002c (kind=<system class>, name=java.util.concurrent.locks.ReentrantLock)
ROOT 5000002a (kind=<system class>, name=java.util.concurrent.locks.Lock[])
ROOT 5000002d (kind=<system class>, name=java.util.concurrent.locks.Lock)
ROOT 5000002b (kind=<system class>, name=java.util.concurrent.ConcurrentHashMap$Segment)
ROOT 5000002c (kind=<system class>, name=java.util.concurrent.locks.ReentrantLock)
ROOT 5000002d (kind=<system class>, name=java.util.concurrent.locks.Lock)
ROOT 5000002e (kind=<system class>, name=java.util.concurrent.ConcurrentHashMap)
ROOT 5000002f (kind=<system class>, name=java.util.concurrent.ConcurrentMap)
ROOT 50000030 (kind=<system class>, name=java.util.Locale$Cache)
ROOT 50000031 (kind=<system class>, name=sun.util.locale.LocaleObjectCache)
ROOT 50000032 (kind=<system class>, name=java.util.Locale)
ROOT 50000033 (kind=<system class>, name=java.lang.reflect.Array)
ROOT 50000034 (kind=<system class>, name=java.nio.charset.CoderResult$2)
ROOT 50000035 (kind=<system class>, name=java.nio.charset.CoderResult$1)
ROOT 50000036 (kind=<system class>, name=java.nio.charset.CoderResult$Cache)
ROOT 50000037 (kind=<system class>, name=java.nio.charset.CoderResult)
ROOT 50000038 (kind=<system class>, name=java.nio.HeapCharBuffer)
ROOT 50000039 (kind=<system class>, name=java.nio.CharBuffer)
ROOT 5000003a (kind=<system class>, name=sun.nio.cs.SingleByte$Decoder)
ROOT 5000003b (kind=<system class>, name=java.nio.charset.CharsetDecoder)
ROOT 5000003c (kind=<system class>, name=sun.nio.cs.ArrayDecoder)
ROOT 5000003d (kind=<system class>, name=sun.nio.cs.MS1252)
ROOT 5000003e (kind=<system class>, name=sun.nio.cs.StreamDecoder)
ROOT 5000003f (kind=<system class>, name=java.io.FileReader)
ROOT 50000040 (kind=<system class>, name=java.io.InputStreamReader)
ROOT 50000041 (kind=<system class>, name=java.io.BufferedReader)
ROOT 50000042 (kind=<system class>, name=java.io.Reader)
ROOT 50000043 (kind=<system class>, name=java.lang.Readable)
ROOT 50000044 (kind=<system class>, name=sun.misc.MetaIndex)
ROOT 50000045 (kind=<system class>, name=sun.misc.Launcher$ExtClassLoader$1)
ROOT 50000046 (kind=<system class>, name=java.io.File[])
ROOT 50000077 (kind=<system class>, name=java.io.File)
ROOT 50000047 (kind=<system class>, name=java.util.StringTokenizer)
ROOT 50000048 (kind=<system class>, name=java.net.URLClassLoader$7)
ROOT 50000049 (kind=<system class>, name=sun.misc.JavaNetAccess)
ROOT 5000004a (kind=<system class>, name=java.util.WeakHashMap$KeySet)
ROOT 5000004b (kind=<system class>, name=java.util.Collections$SetFromMap)
ROOT 5000004c (kind=<system class>, name=java.util.WeakHashMap$Entry[])
ROOT 5000004f (kind=<system class>, name=java.util.WeakHashMap$Entry)
ROOT 5000004d (kind=<system class>, name=java.lang.ref.WeakReference[])
ROOT 5000014c (kind=<system class>, name=java.lang.ref.WeakReference)
ROOT 5000004e (kind=<system class>, name=java.lang.ref.Reference[])
ROOT 5000014e (kind=<system class>, name=java.lang.ref.Reference)
ROOT 5000004f (kind=<system class>, name=java.util.WeakHashMap$Entry)
ROOT 50000050 (kind=<system class>, name=java.lang.ClassLoader$ParallelLoaders)
ROOT 50000051 (kind=<system class>, name=sun.security.util.Debug)
ROOT 50000052 (kind=<system class>, name=sun.misc.Launcher$ExtClassLoader)
ROOT 50000053 (kind=<system class>, name=java.net.URLClassLoader)
ROOT 50000054 (kind=<system class>, name=java.security.SecureClassLoader)
ROOT 50000055 (kind=<system class>, name=sun.misc.Launcher$Factory)
ROOT 50000056 (kind=<system class>, name=java.net.URLStreamHandlerFactory)
ROOT 50000057 (kind=<system class>, name=sun.misc.Launcher)
ROOT 50000058 (kind=<system class>, name=java.lang.Compiler$1)
ROOT 50000059 (kind=<system class>, name=java.lang.Compiler)
ROOT 5000005a (kind=<system class>, name=java.lang.IllegalArgumentException)
ROOT 5000005b (kind=<system class>, name=java.lang.System$2)
ROOT 5000005c (kind=<system class>, name=sun.misc.JavaLangAccess)
ROOT 5000005d (kind=<system class>, name=sun.io.Win32ErrorMode)
ROOT 5000005e (kind=<system class>, name=sun.misc.OSEnvironment)
ROOT 5000005f (kind=<system class>, name=java.lang.Integer[])
ROOT 50000113 (kind=<system class>, name=java.lang.Integer)
ROOT 50000060 (kind=<system class>, name=java.lang.Number[])
ROOT 50000118 (kind=<system class>, name=java.lang.Number)
ROOT 50000061 (kind=<system class>, name=java.lang.Integer$IntegerCache)
ROOT 50000062 (kind=<system class>, name=sun.misc.NativeSignalHandler)
ROOT 50000063 (kind=<system class>, name=sun.misc.Signal)
ROOT 50000064 (kind=<system class>, name=java.lang.Terminator$1)
ROOT 50000065 (kind=<system class>, name=sun.misc.SignalHandler)
ROOT 50000066 (kind=<system class>, name=java.lang.Terminator)
ROOT 50000067 (kind=<system class>, name=java.util.LinkedHashMap$Entry)
ROOT 50000068 (kind=<system class>, name=java.io.ExpiringCache$Entry)
ROOT 50000069 (kind=<system class>, name=java.io.File$PathStatus[])
ROOT 5000006f (kind=<system class>, name=java.io.File$PathStatus)
ROOT 5000006a (kind=<system class>, name=java.lang.Enum[])
ROOT 50000070 (kind=<system class>, name=java.lang.Enum)
ROOT 5000006b (kind=<system class>, name=java.lang.ClassLoader$3)
ROOT 5000006c (kind=<system class>, name=java.lang.ClassLoader$NativeLibrary)
ROOT 5000006d (kind=<system class>, name=java.nio.file.Path)
ROOT 5000006e (kind=<system class>, name=java.nio.file.Watchable)
ROOT 5000006f (kind=<system class>, name=java.io.File$PathStatus)
ROOT 50000070 (kind=<system class>, name=java.lang.Enum)
ROOT 50000071 (kind=<system class>, name=java.io.ExpiringCache$1)
ROOT 50000072 (kind=<system class>, name=java.util.LinkedHashMap)
ROOT 50000073 (kind=<system class>, name=java.io.ExpiringCache)
ROOT 50000074 (kind=<system class>, name=java.io.WinNTFileSystem)
ROOT 50000075 (kind=<system class>, name=java.io.FileSystem)
ROOT 50000076 (kind=<system class>, name=java.io.DefaultFileSystem)
ROOT 50000077 (kind=<system class>, name=java.io.File)
ROOT 50000078 (kind=<system class>, name=sun.security.action.GetPropertyAction)
ROOT 50000079 (kind=<system class>, name=java.io.BufferedWriter)
ROOT 5000007a (kind=<system class>, name=java.nio.Bits$1)
ROOT 5000007b (kind=<system class>, name=sun.misc.JavaNioAccess)
ROOT 5000007c (kind=<system class>, name=java.nio.ByteOrder)
ROOT 5000007d (kind=<system class>, name=java.nio.Bits)
ROOT 5000007e (kind=<system class>, name=java.nio.HeapByteBuffer)
ROOT 5000007f (kind=<system class>, name=java.nio.ByteBuffer)
ROOT 50000080 (kind=<system class>, name=java.nio.charset.CodingErrorAction)
ROOT 50000081 (kind=<system class>, name=sun.nio.cs.SingleByte$Encoder)
ROOT 50000082 (kind=<system class>, name=java.nio.charset.CharsetEncoder)
ROOT 50000083 (kind=<system class>, name=sun.nio.cs.ArrayEncoder)
ROOT 50000084 (kind=<system class>, name=sun.nio.cs.StreamEncoder)
ROOT 50000085 (kind=<system class>, name=java.io.OutputStreamWriter)
ROOT 50000086 (kind=<system class>, name=java.io.Writer)
ROOT 50000087 (kind=<system class>, name=sun.reflect.DelegatingConstructorAccessorImpl)
ROOT 50000088 (kind=<system class>, name=sun.reflect.NativeConstructorAccessorImpl)
ROOT 50000089 (kind=<system class>, name=sun.reflect.ReflectionFactory$1)
ROOT 5000008a (kind=<system class>, name=java.lang.Class$1)
ROOT 5000008b (kind=<system class>, name=java.lang.reflect.Constructor[])
ROOT 5000013a (kind=<system class>, name=java.lang.reflect.Constructor)
ROOT 5000008c (kind=<system class>, name=java.lang.reflect.Executable[])
ROOT 5000013c (kind=<system class>, name=java.lang.reflect.Executable)
ROOT 5000008d (kind=<system class>, name=sun.nio.cs.SingleByte)
ROOT 5000008e (kind=<system class>, name=sun.nio.cs.IBM437)
ROOT 5000008f (kind=<system class>, name=sun.nio.cs.HistoricallyNamedCharset)
ROOT 50000090 (kind=<system class>, name=java.util.Arrays)
ROOT 50000091 (kind=<system class>, name=java.util.concurrent.atomic.AtomicInteger)
ROOT 50000092 (kind=<system class>, name=java.lang.ThreadLocal)
ROOT 50000093 (kind=<system class>, name=sun.nio.cs.StandardCharsets$Cache)
ROOT 50000094 (kind=<system class>, name=sun.nio.cs.StandardCharsets$Classes)
ROOT 50000095 (kind=<system class>, name=sun.nio.cs.StandardCharsets$Aliases)
ROOT 50000096 (kind=<system class>, name=sun.util.PreHashedMap)
ROOT 50000097 (kind=<system class>, name=sun.nio.cs.StandardCharsets)
ROOT 50000098 (kind=<system class>, name=sun.nio.cs.FastCharsetProvider)
ROOT 50000099 (kind=<system class>, name=java.nio.charset.spi.CharsetProvider)
ROOT 5000009a (kind=<system class>, name=java.nio.charset.Charset)
ROOT 5000009b (kind=<system class>, name=java.io.BufferedOutputStream)
ROOT 5000009c (kind=<system class>, name=java.io.PrintStream)
ROOT 5000009d (kind=<system class>, name=java.io.FilterOutputStream)
ROOT 5000009e (kind=<system class>, name=sun.reflect.misc.ReflectUtil)
ROOT 5000009f (kind=<system class>, name=java.lang.reflect.ReflectAccess)
ROOT 500000a0 (kind=<system class>, name=sun.reflect.LangReflectAccess)
ROOT 500000a1 (kind=<system class>, name=java.lang.reflect.Modifier)
ROOT 500000a2 (kind=<system class>, name=java.lang.ClassValue$ClassValueMap)
ROOT 500000a3 (kind=<system class>, name=java.util.WeakHashMap)
ROOT 500000a4 (kind=<system class>, name=sun.reflect.annotation.AnnotationType)
ROOT 500000a5 (kind=<system class>, name=java.lang.Class$AnnotationData)
ROOT 500000a6 (kind=<system class>, name=sun.reflect.generics.repository.ClassRepository)
ROOT 500000a7 (kind=<system class>, name=sun.reflect.generics.repository.GenericDeclRepository)
ROOT 500000a8 (kind=<system class>, name=sun.reflect.generics.repository.AbstractRepository)
ROOT 500000a9 (kind=<system class>, name=java.lang.reflect.Field[])
ROOT 5000013e (kind=<system class>, name=java.lang.reflect.Field)
ROOT 500000aa (kind=<system class>, name=java.lang.reflect.Member[])
ROOT 5000013f (kind=<system class>, name=java.lang.reflect.Member)
ROOT 500000ab (kind=<system class>, name=java.lang.reflect.AccessibleObject[])
ROOT 50000140 (kind=<system class>, name=java.lang.reflect.AccessibleObject)
ROOT 500000ac (kind=<system class>, name=java.lang.Class$Atomic)
ROOT 500000ad (kind=<system class>, name=java.lang.Class$ReflectionData)
ROOT 500000ae (kind=<system class>, name=java.lang.Class$3)
ROOT 500000af (kind=<system class>, name=java.util.concurrent.atomic.AtomicReferenceFieldUpdater$AtomicReferenceFieldUpdaterImpl$1)
ROOT 500000b0 (kind=<system class>, name=java.security.PrivilegedExceptionAction)
ROOT 500000b1 (kind=<system class>, name=java.util.concurrent.atomic.AtomicReferenceFieldUpdater$AtomicReferenceFieldUpdaterImpl)
ROOT 500000b2 (kind=<system class>, name=java.util.concurrent.atomic.AtomicReferenceFieldUpdater)
ROOT 500000b3 (kind=<system class>, name=java.io.BufferedInputStream)
ROOT 500000b4 (kind=<system class>, name=java.io.FilterInputStream)
ROOT 500000b5 (kind=<system class>, name=java.io.FileOutputStream)
ROOT 500000b6 (kind=<system class>, name=java.io.OutputStream)
ROOT 500000b7 (kind=<system class>, name=java.io.Flushable)
ROOT 500000b8 (kind=<system class>, name=java.util.HashMap$Node[])
ROOT 500000b9 (kind=<system class>, name=java.util.HashMap$Node)
ROOT 500000b9 (kind=<system class>, name=java.util.HashMap$Node)
ROOT 500000ba (kind=<system class>, name=java.util.HashMap)
ROOT 500000bb (kind=<system class>, name=sun.reflect.Reflection)
ROOT 500000bc (kind=<system class>, name=java.lang.String[])
ROOT 50000168 (kind=<system class>, name=java.lang.String)
ROOT 500000bd (kind=<system class>, name=java.lang.CharSequence[])
ROOT 50000169 (kind=<system class>, name=java.lang.CharSequence)
ROOT 500000be (kind=<system class>, name=java.util.Collections$UnmodifiableRandomAccessList)
ROOT 500000bf (kind=<system class>, name=java.util.Collections$UnmodifiableList)
ROOT 500000c0 (kind=<system class>, name=java.util.Collections$UnmodifiableCollection)
ROOT 500000c1 (kind=<system class>, name=java.util.ArrayList)
ROOT 500000c2 (kind=<system class>, name=java.lang.NoSuchMethodError)
ROOT 500000c3 (kind=<system class>, name=java.lang.IncompatibleClassChangeError)
ROOT 500000c4 (kind=<system class>, name=sun.misc.SharedSecrets)
ROOT 500000c5 (kind=<system class>, name=java.io.FileDescriptor$1)
ROOT 500000c6 (kind=<system class>, name=sun.misc.JavaIOFileDescriptorAccess)
ROOT 500000c7 (kind=<system class>, name=java.io.FileDescriptor)
ROOT 500000c8 (kind=<system class>, name=java.io.FileInputStream)
ROOT 500000c9 (kind=<system class>, name=java.io.InputStream)
ROOT 500000ca (kind=<system class>, name=java.io.Closeable)
ROOT 500000cb (kind=<system class>, name=java.lang.AutoCloseable)
ROOT 500000cc (kind=<system class>, name=sun.misc.Version)
ROOT 500000cd (kind=<system class>, name=java.lang.Runtime)
ROOT 500000ce (kind=<system class>, name=java.util.Hashtable$Enumerator)
ROOT 500000cf (kind=<system class>, name=java.util.Iterator)
ROOT 500000d0 (kind=<system class>, name=java.util.Enumeration)
ROOT 500000d1 (kind=<system class>, name=java.util.Objects)
ROOT 500000d2 (kind=<system class>, name=java.util.Collections$SynchronizedSet)
ROOT 500000d3 (kind=<system class>, name=java.util.Collections$SynchronizedCollection)
ROOT 500000d4 (kind=<system class>, name=java.util.Collections$EmptyMap)
ROOT 500000d5 (kind=<system class>, name=java.util.AbstractMap)
ROOT 500000d6 (kind=<system class>, name=java.util.Collections$EmptyList)
ROOT 500000d7 (kind=<system class>, name=java.util.Collections$EmptySet)
ROOT 500000d8 (kind=<system class>, name=java.util.Collections)
ROOT 500000d9 (kind=<system class>, name=java.util.Hashtable$EntrySet)
ROOT 500000da (kind=<system class>, name=java.util.AbstractSet)
ROOT 500000db (kind=<system class>, name=java.util.Set)
ROOT 500000dc (kind=<system class>, name=java.lang.Math)
ROOT 500000dd (kind=<system class>, name=java.util.Hashtable$Entry[])
ROOT 500000df (kind=<system class>, name=java.util.Hashtable$Entry)
ROOT 500000de (kind=<system class>, name=java.util.Map$Entry[])
ROOT 500000e0 (kind=<system class>, name=java.util.Map$Entry)
ROOT 500000df (kind=<system class>, name=java.util.Hashtable$Entry)
ROOT 500000e0 (kind=<system class>, name=java.util.Map$Entry)
ROOT 500000e1 (kind=<system class>, name=sun.misc.VM)
ROOT 500000e2 (kind=<system class>, name=java.lang.ref.Finalizer$FinalizerThread)
ROOT 500000e3 (kind=<system class>, name=java.lang.ref.ReferenceQueue$Lock)
ROOT 500000e4 (kind=<system class>, name=java.lang.ref.ReferenceQueue$Null)
ROOT 500000e5 (kind=<system class>, name=java.lang.ref.ReferenceQueue)
ROOT 500000e6 (kind=<system class>, name=java.lang.Thread[])
ROOT 50000147 (kind=<system class>, name=java.lang.Thread)
ROOT 500000e7 (kind=<system class>, name=java.lang.Runnable[])
ROOT 50000148 (kind=<system class>, name=java.lang.Runnable)
ROOT 500000e8 (kind=<system class>, name=java.lang.ref.Reference$ReferenceHandler)
ROOT 500000e9 (kind=<system class>, name=java.lang.ref.Reference$Lock)
ROOT 500000ea (kind=<system class>, name=sun.reflect.ReflectionFactory)
ROOT 500000eb (kind=<system class>, name=java.util.Stack)
ROOT 500000ec (kind=<system class>, name=java.util.Vector)
ROOT 500000ed (kind=<system class>, name=java.util.AbstractList)
ROOT 500000ee (kind=<system class>, name=java.util.AbstractCollection)
ROOT 500000ef (kind=<system class>, name=java.util.RandomAccess)
ROOT 500000f0 (kind=<system class>, name=java.util.List)
ROOT 500000f1 (kind=<system class>, name=java.util.Collection)
ROOT 500000f2 (kind=<system class>, name=java.lang.Iterable)
ROOT 500000f3 (kind=<system class>, name=java.security.cert.Certificate[])
ROOT 500000f4 (kind=<system class>, name=java.security.cert.Certificate)
ROOT 500000f4 (kind=<system class>, name=java.security.cert.Certificate)
ROOT 500000f5 (kind=<system class>, name=sun.reflect.ReflectionFactory$GetReflectionFactoryAction)
ROOT 500000f6 (kind=<system class>, name=java.security.PrivilegedAction)
ROOT 500000f7 (kind=<system class>, name=java.lang.reflect.ReflectPermission)
ROOT 500000f8 (kind=<system class>, name=java.security.AccessController)
ROOT 500000f9 (kind=<system class>, name=java.lang.RuntimePermission)
ROOT 500000fa (kind=<system class>, name=java.security.BasicPermission)
ROOT 500000fb (kind=<system class>, name=java.security.Permission)
ROOT 500000fc (kind=<system class>, name=java.security.Guard)
ROOT 500000fd (kind=<system class>, name=java.lang.StackTraceElement[])
ROOT 5000011c (kind=<system class>, name=java.lang.StackTraceElement)
ROOT 500000fe (kind=<system class>, name=java.lang.ThreadGroup[])
ROOT 50000145 (kind=<system class>, name=java.lang.ThreadGroup)
ROOT 500000ff (kind=<system class>, name=java.lang.Thread$UncaughtExceptionHandler[])
ROOT 50000146 (kind=<system class>, name=java.lang.Thread$UncaughtExceptionHandler)
ROOT 50000100 (kind=<system class>, name=com.sun.demo.jvmti.hprof.Tracker)
ROOT 50000101 (kind=<system class>, name=java.lang.String$CaseInsensitiveComparator)
ROOT 50000102 (kind=<system class>, name=java.util.Comparator)
ROOT 50000103 (kind=<system class>, name=java.io.ObjectStreamField[])
ROOT 50000105 (kind=<system class>, name=java.io.ObjectStreamField)
ROOT 50000104 (kind=<system class>, name=java.lang.Comparable[])
ROOT 5000016a (kind=<system class>, name=java.lang.Comparable)
ROOT 50000105 (kind=<system class>, name=java.io.ObjectStreamField)
ROOT 50000106 (kind=<system class>, name=java.lang.OutOfMemoryError[])
ROOT 50000151 (kind=<system class>, name=java.lang.OutOfMemoryError)
ROOT 50000107 (kind=<system class>, name=java.lang.VirtualMachineError[])
ROOT 50000152 (kind=<system class>, name=java.lang.VirtualMachineError)
ROOT 50000108 (kind=<system class>, name=java.lang.Error[])
ROOT 5000015f (kind=<system class>, name=java.lang.Error)
ROOT 50000109 (kind=<system class>, name=java.lang.Throwable[])
ROOT 50000160 (kind=<system class>, name=java.lang.Throwable)
ROOT 5000010a (kind=<system class>, name=java.lang.ArithmeticException)
ROOT 5000010b (kind=<system class>, name=java.lang.NullPointerException)
ROOT 5000010c (kind=<system class>, name=java.lang.Class[])
ROOT 50000164 (kind=<system class>, name=java.lang.Class)
ROOT 5000010d (kind=<system class>, name=java.io.Serializable[])
ROOT 5000016b (kind=<system class>, name=java.io.Serializable)
ROOT 5000010e (kind=<system class>, name=java.lang.reflect.GenericDeclaration[])
ROOT 50000166 (kind=<system class>, name=java.lang.reflect.GenericDeclaration)
ROOT 5000010f (kind=<system class>, name=java.lang.reflect.AnnotatedElement[])
ROOT 50000167 (kind=<system class>, name=java.lang.reflect.AnnotatedElement)
ROOT 50000110 (kind=<system class>, name=java.lang.reflect.Type[])
ROOT 50000165 (kind=<system class>, name=java.lang.reflect.Type)
ROOT 50000111 (kind=<system class>, name=java.lang.Object[])
ROOT 5000016c (kind=<system class>, name=java.lang.Object)
ROOT 50000112 (kind=<system class>, name=java.lang.Long)
ROOT 50000113 (kind=<system class>, name=java.lang.Integer)
ROOT 50000114 (kind=<system class>, name=java.lang.Short)
ROOT 50000115 (kind=<system class>, name=java.lang.Byte)
ROOT 50000116 (kind=<system class>, name=java.lang.Double)
ROOT 50000117 (kind=<system class>, name=java.lang.Float)
ROOT 50000118 (kind=<system class>, name=java.lang.Number)
ROOT 50000119 (kind=<system class>, name=java.lang.Character)
ROOT 5000011a (kind=<system class>, name=java.lang.Boolean)
ROOT 5000011b (kind=<system class>, name=java.nio.Buffer)
ROOT 5000011c (kind=<system class>, name=java.lang.StackTraceElement)
ROOT 5000011d (kind=<system class>, name=sun.misc.Unsafe)
ROOT 5000011e (kind=<system class>, name=java.lang.StringBuilder)
ROOT 5000011f (kind=<system class>, name=java.lang.StringBuffer)
ROOT 50000120 (kind=<system class>, name=java.lang.AbstractStringBuilder)
ROOT 50000121 (kind=<system class>, name=java.lang.Appendable)
ROOT 50000122 (kind=<system class>, name=java.lang.invoke.VolatileCallSite)
ROOT 50000123 (kind=<system class>, name=java.lang.invoke.MutableCallSite)
ROOT 50000124 (kind=<system class>, name=java.lang.invoke.ConstantCallSite)
ROOT 50000125 (kind=<system class>, name=java.lang.invoke.CallSite)
ROOT 50000126 (kind=<system class>, name=java.lang.BootstrapMethodError)
ROOT 50000127 (kind=<system class>, name=java.lang.invoke.MethodType)
ROOT 50000128 (kind=<system class>, name=java.lang.invoke.LambdaForm)
ROOT 50000129 (kind=<system class>, name=java.lang.invoke.MethodHandleNatives)
ROOT 5000012a (kind=<system class>, name=java.lang.invoke.MemberName)
ROOT 5000012b (kind=<system class>, name=java.lang.invoke.DirectMethodHandle)
ROOT 5000012c (kind=<system class>, name=java.lang.invoke.MethodHandle)
ROOT 5000012d (kind=<system class>, name=sun.reflect.CallerSensitive)
ROOT 5000012e (kind=<system class>, name=java.lang.annotation.Annotation)
ROOT 5000012f (kind=<system class>, name=sun.reflect.UnsafeStaticFieldAccessorImpl)
ROOT 50000130 (kind=<system class>, name=sun.reflect.UnsafeFieldAccessorImpl)
ROOT 50000131 (kind=<system class>, name=sun.reflect.FieldAccessorImpl)
ROOT 50000132 (kind=<system class>, name=sun.reflect.FieldAccessor)
ROOT 50000133 (kind=<system class>, name=sun.reflect.ConstantPool)
ROOT 50000134 (kind=<system class>, name=sun.reflect.DelegatingClassLoader)
ROOT 50000135 (kind=<system class>, name=sun.reflect.ConstructorAccessorImpl)
ROOT 50000136 (kind=<system class>, name=sun.reflect.ConstructorAccessor)
ROOT 50000137 (kind=<system class>, name=sun.reflect.MethodAccessorImpl)
ROOT 50000138 (kind=<system class>, name=sun.reflect.MethodAccessor)
ROOT 50000139 (kind=<system class>, name=sun.reflect.MagicAccessorImpl)
ROOT 5000013a (kind=<system class>, name=java.lang.reflect.Constructor)
ROOT 5000013b (kind=<system class>, name=java.lang.reflect.Method)
ROOT 5000013c (kind=<system class>, name=java.lang.reflect.Executable)
ROOT 5000013d (kind=<system class>, name=java.lang.reflect.Parameter)
ROOT 5000013e (kind=<system class>, name=java.lang.reflect.Field)
ROOT 5000013f (kind=<system class>, name=java.lang.reflect.Member)
ROOT 50000140 (kind=<system class>, name=java.lang.reflect.AccessibleObject)
ROOT 50000141 (kind=<system class>, name=java.util.Properties)
ROOT 50000142 (kind=<system class>, name=java.util.Hashtable)
ROOT 50000143 (kind=<system class>, name=java.util.Dictionary)
ROOT 50000144 (kind=<system class>, name=java.util.Map)
ROOT 50000145 (kind=<system class>, name=java.lang.ThreadGroup)
ROOT 50000146 (kind=<system class>, name=java.lang.Thread$UncaughtExceptionHandler)
ROOT 50000147 (kind=<system class>, name=java.lang.Thread)
ROOT 50000148 (kind=<system class>, name=java.lang.Runnable)
ROOT 50000149 (kind=<system class>, name=java.lang.ref.Finalizer)
ROOT 5000014a (kind=<system class>, name=java.lang.ref.PhantomReference)
ROOT 5000014b (kind=<system class>, name=java.lang.ref.FinalReference)
ROOT 5000014c (kind=<system class>, name=java.lang.ref.WeakReference)
ROOT 5000014d (kind=<system class>, name=java.lang.ref.SoftReference)
ROOT 5000014e (kind=<system class>, name=java.lang.ref.Reference)
ROOT 5000014f (kind=<system class>, name=java.lang.IllegalMonitorStateException)
ROOT 50000150 (kind=<system class>, name=java.lang.StackOverflowError)
ROOT 50000151 (kind=<system class>, name=java.lang.OutOfMemoryError)
ROOT 50000152 (kind=<system class>, name=java.lang.VirtualMachineError)
ROOT 50000153 (kind=<system class>, name=java.lang.ArrayStoreException)
ROOT 50000154 (kind=<system class>, name=java.lang.ClassCastException)
ROOT 50000155 (kind=<system class>, name=java.lang.NoClassDefFoundError)
ROOT 50000156 (kind=<system class>, name=java.lang.LinkageError)
ROOT 50000157 (kind=<system class>, name=java.lang.ClassNotFoundException)
ROOT 50000158 (kind=<system class>, name=java.lang.ReflectiveOperationException)
ROOT 50000159 (kind=<system class>, name=java.security.AccessControlContext)
ROOT 5000015a (kind=<system class>, name=java.security.ProtectionDomain)
ROOT 5000015b (kind=<system class>, name=java.lang.SecurityManager)
ROOT 5000015c (kind=<system class>, name=java.lang.RuntimeException)
ROOT 5000015d (kind=<system class>, name=java.lang.Exception)
ROOT 5000015e (kind=<system class>, name=java.lang.ThreadDeath)
ROOT 5000015f (kind=<system class>, name=java.lang.Error)
ROOT 50000160 (kind=<system class>, name=java.lang.Throwable)
ROOT 50000161 (kind=<system class>, name=java.lang.System)
ROOT 50000162 (kind=<system class>, name=java.lang.ClassLoader)
ROOT 50000163 (kind=<system class>, name=java.lang.Cloneable)
ROOT 50000164 (kind=<system class>, name=java.lang.Class)
ROOT 50000165 (kind=<system class>, name=java.lang.reflect.Type)
ROOT 50000166 (kind=<system class>, name=java.lang.reflect.GenericDeclaration)
ROOT 50000167 (kind=<system class>, name=java.lang.reflect.AnnotatedElement)
ROOT 50000168 (kind=<system class>, name=java.lang.String)
ROOT 50000169 (kind=<system class>, name=java.lang.CharSequence)
ROOT 5000016a (kind=<system class>, name=java.lang.Comparable)
ROOT 5000016b (kind=<system class>, name=java.io.Serializable)
ROOT 5000016c (kind=<system class>, name=java.lang.Object)
ROOT 5000016d (kind=<system class>, name=long[])
ROOT 50000a7f (kind=<system class>, name=java.lang.Class)
ROOT 5000016e (kind=<system class>, name=int[])
ROOT 50000a80 (kind=<system class>, name=java.lang.Class)
ROOT 5000016f (kind=<system class>, name=short[])
ROOT 50000a81 (kind=<system class>, name=java.lang.Class)
ROOT 50000170 (kind=<system class>, name=byte[])
ROOT 50000a82 (kind=<system class>, name=java.lang.Class)
ROOT 50000171 (kind=<system class>, name=double[])
ROOT 50000a83 (kind=<system class>, name=java.lang.Class)
ROOT 50000172 (kind=<system class>, name=float[])
ROOT 50000a84 (kind=<system class>, name=java.lang.Class)
ROOT 50000173 (kind=<system class>, name=char[])
ROOT 50000a85 (kind=<system class>, name=java.lang.Class)
ROOT 50000174 (kind=<system class>, name=boolean[])
ROOT 50000a86 (kind=<system class>, name=java.lang.Class)
ROOT 500009bd (kind=<busy monitor>)
ROOT 500009ba (kind=<busy monitor>)
ROOT 50000a80 (kind=<unknown>)
ROOT 50000a84 (kind=<unknown>)
ROOT 50000a83 (kind=<unknown>)
ROOT 50000a82 (kind=<unknown>)
ROOT 50000a86 (kind=<unknown>)
ROOT 50000a85 (kind=<unknown>)
ROOT 50000a7f (kind=<unknown>)
ROOT 50000a81 (kind=<unknown>)
ROOT 50000a87 (kind=<unknown>)
ROOT 50000a86 (kind=<unknown>)
ROOT 50000a85 (kind=<unknown>)
ROOT 50000a84 (kind=<unknown>)
ROOT 50000a83 (kind=<unknown>)
ROOT 50000a82 (kind=<unknown>)
ROOT 50000a81 (kind=<unknown>)
ROOT 50000a80 (kind=<unknown>)
ROOT 50000a7f (kind=<unknown>)
ROOT 50000a87 (kind=<unknown>)
ROOT 50000a88 (kind=<unknown>)
ROOT 50000a89 (kind=<unknown>)
ROOT 50000a8a (kind=<unknown>)
ROOT 50000a8b (kind=<unknown>)
ROOT 50000a8c (kind=<unknown>)
ROOT 50000a8d (kind=<unknown>)
ROOT 50000a8e (kind=<unknown>)
ROOT 50000a8f (kind=<unknown>)
ROOT 50000a90 (kind=<unknown>)
ROOT 50000a91 (kind=<unknown>)
ROOT 50000a92 (kind=<unknown>)
ROOT 50000a93 (kind=<unknown>)
ROOT 50000a94 (kind=<unknown>)
ROOT 50000a95 (kind=<unknown>)
ROOT 50000a96 (kind=<unknown>)
ROOT 50000161 (kind=<unknown>)
ROOT 50000100 (kind=<unknown>)
ROOT 50000a97 (kind=<unknown>)
ROOT 50000a98 (kind=<unknown>)
ROOT 50000a99 (kind=<unknown>)
ROOT 50000100 (kind=<unknown>)
ROOT 50000041 (kind=<unknown>)
ROOT 50000a9a (kind=<unknown>)
ROOT 50000100 (kind=<unknown>)
ROOT 50000100 (kind=<unknown>)
ROOT 50000100 (kind=<unknown>)
ROOT 50000a9b (kind=<unknown>)
ROOT 50000100 (kind=<unknown>)
ROOT 50000a9c (kind=<unknown>)
ROOT 50000a9c (kind=<unknown>)
ROOT 50000100 (kind=<unknown>)
ROOT 50000a9b (kind=<unknown>)
ROOT 50000161 (kind=<unknown>)
ROOT 50000a9d (kind=<unknown>)
ROOT 50000a9d (kind=<unknown>)
ROOT 50000a9e (kind=<unknown>)
ROOT 50000100 (kind=<unknown>)
ROOT 50000a9b (kind=<unknown>)
ROOT 50000100 (kind=<unknown>)
ROOT 50000a9b (kind=<unknown>)
OBJ 50000175 (sz=376, trace=300001, class=java.lang.Thread@50000147)
OBJ 50000176 (sz=16, trace=300002, class=java.lang.Object@5000016c)
ARR 50000177 (sz=56, trace=300003, nelems=0, elem type=char[])
OBJ 50000178 (sz=376, trace=300000, class=java.lang.Thread@50000147)
OBJ 50000179 (sz=376, trace=300001, class=java.lang.Thread@50000147)
OBJ 5000017a (sz=16, trace=300002, class=java.lang.Object@5000016c)
ARR 5000017b (sz=56, trace=300003, nelems=0, elem type=char[])
OBJ 5000017c (sz=376, trace=300001, class=java.lang.Thread@50000147)
OBJ 5000017d (sz=16, trace=300002, class=java.lang.Object@5000016c)
ARR 5000017e (sz=56, trace=300003, nelems=0, elem type=char[])
OBJ 5000017f (sz=376, trace=300001, class=java.lang.Thread@50000147)
OBJ 50000180 (sz=16, trace=300002, class=java.lang.Object@5000016c)
ARR 50000181 (sz=56, trace=300003, nelems=0, elem type=char[])
ARR 50000184 (sz=24, trace=300005, nelems=0, elem type=java.lang.invoke.MethodHandle[]@50000183)
OBJ 50000186 (sz=16, trace=300007, class=java.lang.invoke.MemberName$Factory@50000185)
ARR 50000188 (sz=24, trace=300009, nelems=0, elem type=java.lang.Class[]@5000010c)
OBJ 5000018a (sz=24, trace=300011, class=java.lang.invoke.MethodType$ConcurrentWeakInternSet@50000189)
	map		5000018b
	stale		5000018c
OBJ 5000018b (sz=64, trace=300012, class=java.util.concurrent.ConcurrentHashMap@5000002e)
	table		500001ab
OBJ 5000018c (sz=32, trace=300013, class=java.lang.ref.ReferenceQueue@500000e5)
	lock		5000018d
OBJ 5000018d (sz=16, trace=300014, class=java.lang.ref.ReferenceQueue$Lock@500000e3)
ARR 5000018e (sz=16, trace=300015, nelems=0, elem type=java.lang.Class[]@5000010c)
ARR 50000190 (sz=96, trace=300016, nelems=0, elem type=java.lang.invoke.MethodType[]@5000018f)
ARR 50000191 (sz=16, trace=300017, nelems=0, elem type=java.io.ObjectStreamField[]@50000103)
ARR 50000193 (sz=40, trace=300019, nelems=0, elem type=java.lang.Object[]@50000111)
OBJ 50000195 (sz=16, trace=300021, class=java.lang.invoke.MethodHandleStatics$1@50000194)
OBJ 50000196 (sz=56, trace=300022, class=java.lang.Class$ReflectionData@500000ad)
OBJ 50000197 (sz=40, trace=300023, class=java.lang.ref.SoftReference@5000014d)
OBJ 5000019a (sz=72, trace=300025, class=java.lang.reflect.Field@5000013e)
OBJ 5000019b (sz=72, trace=300025, class=java.lang.reflect.Field@5000013e)
ARR 5000019c (sz=24, trace=300026, nelems=2, elem type=java.lang.Class[]@5000010c)
	[0]		5000012c
	[1]		50000111
OBJ 5000019d (sz=40, trace=300027, class=java.lang.invoke.MethodType@50000127)
OBJ 5000019f (sz=32, trace=300029, class=java.lang.invoke.MethodType$ConcurrentWeakInternSet$WeakEntry@5000019e)
OBJ 500001a0 (sz=40, trace=300030, class=java.lang.invoke.MethodType@50000127)
	rtype		5000016c
	ptypes		5000019c
	form		500001a5
OBJ 500001a2 (sz=40, trace=300032, class=java.lang.invoke.MethodType@50000127)
OBJ 500001a3 (sz=32, trace=300029, class=java.lang.invoke.MethodType$ConcurrentWeakInternSet$WeakEntry@5000019e)
OBJ 500001a4 (sz=40, trace=300033, class=java.lang.invoke.MethodType@50000127)
	rtype		5000016c
	ptypes		50001630
	form		500001a5
OBJ 500001a5 (sz=72, trace=300034, class=java.lang.invoke.MethodTypeForm@50000198)
	argToSlotTable	500001a7
	slotToArgTable	500001a6
	erasedType	500001a4
	basicType	500001a4
	lambdaForms	500001a9
ARR 500001a6 (sz=12, trace=300035, nelems=3, elem type=int[])
ARR 500001a7 (sz=12, trace=300036, nelems=3, elem type=int[])
ARR 500001a9 (sz=80, trace=300037, nelems=0, elem type=java.lang.invoke.LambdaForm[]@500001a8)
OBJ 500001aa (sz=32, trace=300038, class=java.lang.invoke.MethodType$ConcurrentWeakInternSet$WeakEntry@5000019e)
	referent	500001a4
	queue		5000018c
ARR 500001ab (sz=80, trace=300039, nelems=13, elem type=java.util.concurrent.ConcurrentHashMap$Node[]@50000026)
	[5]		500001ae
	[12]		500001ac
OBJ 500001ac (sz=32, trace=300040, class=java.util.concurrent.ConcurrentHashMap$Node@50000027)
	key		500001aa
	val		500001aa
OBJ 500001ad (sz=32, trace=300038, class=java.lang.invoke.MethodType$ConcurrentWeakInternSet$WeakEntry@5000019e)
	referent	500001a0
	queue		5000018c
OBJ 500001ae (sz=32, trace=300040, class=java.util.concurrent.ConcurrentHashMap$Node@50000027)
	key		500001ad
	val		500001ad
ARR 500001af (sz=16, trace=300041, nelems=0, elem type=java.lang.Class[]@5000010c)
OBJ 500001b0 (sz=56, trace=300042, class=java.lang.Class$ReflectionData@500000ad)
OBJ 500001b1 (sz=40, trace=300023, class=java.lang.ref.SoftReference@5000014d)
OBJ 500001b3 (sz=88, trace=300044, class=java.lang.reflect.Method@5000013b)
OBJ 500001b4 (sz=56, trace=300045, class=java.lang.invoke.MemberName@5000012a)
	clazz		5000012c
	name		5000162b
	type		500001b5
ARR 500001b5 (sz=24, trace=300046, nelems=2, elem type=java.lang.Object[]@50000111)
	[0]		5000012c
	[1]		5000162d
OBJ 500001b6 (sz=24, trace=300047, class=java.lang.invoke.LambdaForm$NamedFunction@50000187)
	member		500001b4
OBJ 500001b7 (sz=72, trace=300025, class=java.lang.reflect.Field@5000013e)
OBJ 500001b8 (sz=376, trace=300001, class=java.lang.Thread@50000147)
OBJ 500001b9 (sz=16, trace=300002, class=java.lang.Object@5000016c)
ARR 500001ba (sz=48, trace=300003, nelems=0, elem type=char[])
OBJ 500001bc (sz=24, trace=300048, class=java.lang.StringBuilder@5000011e)
ARR 500001bd (sz=48, trace=300049, nelems=0, elem type=char[])
ARR 500001be (sz=88, trace=300050, nelems=0, elem type=char[])
ARR 500001bf (sz=160, trace=300050, nelems=0, elem type=char[])
ARR 500001c0 (sz=304, trace=300050, nelems=0, elem type=char[])
OBJ 500001c1 (sz=24, trace=300051, class=java.lang.String@50000168)
ARR 500001c2 (sz=160, trace=300052, nelems=0, elem type=char[])
OBJ 500001c3 (sz=32, trace=300053, class=java.io.File@50000077)
OBJ 500001c4 (sz=376, trace=300000, class=java.lang.Thread@50000147)
OBJ 500001c6 (sz=24, trace=300054, class=sun.launcher.LauncherHelper@500001c5)
	name		50001652
ARR 500001c8 (sz=24, trace=300055, nelems=1, elem type=sun.launcher.LauncherHelper[]@500001c7)
	[0]		500001c6
OBJ 500001c9 (sz=24, trace=300056, class=java.lang.StringBuilder@5000011e)
	value		500001ca
ARR 500001ca (sz=32, trace=300057, nelems=16, elem type=char[])
OBJ 500001cb (sz=24, trace=300058, class=java.lang.String@50000168)
	value		500001d9
OBJ 500001cd (sz=16, trace=300060, class=java.lang.ThreadLocal@50000092)
OBJ 500001ce (sz=16, trace=300061, class=java.lang.ThreadLocal@50000092)
OBJ 500001d0 (sz=24, trace=300063, class=java.lang.ThreadLocal$ThreadLocalMap@500001cf)
	table		500001d3
ARR 500001d3 (sz=80, trace=300065, nelems=8, elem type=java.lang.ThreadLocal$ThreadLocalMap$Entry[]@500001d2)
	[5]		50000210
	[7]		500001d4
OBJ 500001d4 (sz=32, trace=300066, class=java.lang.ThreadLocal$ThreadLocalMap$Entry@500001d1)
	referent	500001cd
	queue		50000ae6
	value		500001d8
OBJ 500001d6 (sz=32, trace=300068, class=java.lang.StringCoding$StringDecoder@500001d5)
	requestedCharsetName	50000cb4
	cs		500010ad
	cd		500001d7
OBJ 500001d7 (sz=48, trace=300069, class=sun.nio.cs.SingleByte$Decoder@5000003a)
	charset		500010ad
	replacement	500010a5
	malformedInputAction	5000108e
	unmappableCharacterAction	5000108e
	b2c		500014c6
OBJ 500001d8 (sz=40, trace=300070, class=java.lang.ref.SoftReference@5000014d)
	referent	500001d6
	queue		50000ae6
ARR 500001d9 (sz=22, trace=300071, nelems=11, elem type=char[])
OBJ 500001da (sz=16, trace=300072, class=java.lang.Object@5000016c)
ARR 500001db (sz=80, trace=300073, nelems=16, elem type=java.util.concurrent.ConcurrentHashMap$Node[]@50000026)
	[0]		50000874
	[5]		5000088c
	[14]		500001dc
	[15]		500008e9
OBJ 500001dc (sz=32, trace=300074, class=java.util.concurrent.ConcurrentHashMap$Node@50000027)
	key		500001cb
	val		500001da
OBJ 500001dd (sz=16, trace=300075, class=java.lang.Object@5000016c)
ARR 500001de (sz=80, trace=300073, nelems=16, elem type=java.util.concurrent.ConcurrentHashMap$Node[]@50000026)
	[0]		50000876
	[5]		5000088e
	[14]		500001df
	[15]		500008eb
OBJ 500001df (sz=32, trace=300074, class=java.util.concurrent.ConcurrentHashMap$Node@50000027)
	key		500001cb
	val		500001dd
OBJ 500001e1 (sz=24, trace=300077, class=java.net.URLClassLoader$1@500001e0)
ARR 500001e2 (sz=40, trace=300078, nelems=0, elem type=char[])
OBJ 500001e3 (sz=24, trace=300079, class=java.lang.String@50000168)
ARR 500001e4 (sz=56, trace=300080, nelems=0, elem type=char[])
OBJ 500001e5 (sz=24, trace=300081, class=java.lang.String@50000168)
OBJ 500001e7 (sz=24, trace=300083, class=java.lang.StringBuilder@5000011e)
ARR 500001e8 (sz=48, trace=300084, nelems=0, elem type=char[])
ARR 500001e9 (sz=160, trace=300050, nelems=0, elem type=char[])
OBJ 500001ea (sz=24, trace=300085, class=java.lang.String@50000168)
	value		500001eb
ARR 500001eb (sz=144, trace=300086, nelems=72, elem type=char[])
OBJ 500001ed (sz=24, trace=300088, class=sun.misc.URLClassPath$3@500001ec)
OBJ 500001f4 (sz=16, trace=300092, class=java.util.zip.ZipFile$1@500001f3)
OBJ 500001f5 (sz=24, trace=300093, class=java.lang.StringBuilder@5000011e)
ARR 500001f6 (sz=48, trace=300094, nelems=0, elem type=char[])
OBJ 500001f7 (sz=24, trace=300095, class=java.lang.StringBuffer@5000011f)
ARR 500001f8 (sz=160, trace=300096, nelems=0, elem type=char[])
ARR 500001f9 (sz=160, trace=300097, nelems=0, elem type=char[])
OBJ 500001fa (sz=24, trace=300098, class=java.lang.String@50000168)
ARR 500001fb (sz=160, trace=300050, nelems=0, elem type=char[])
ARR 500001fc (sz=304, trace=300050, nelems=0, elem type=char[])
OBJ 500001fd (sz=24, trace=300099, class=java.lang.String@50000168)
	value		500001fe
ARR 500001fe (sz=144, trace=300100, nelems=72, elem type=char[])
OBJ 500001ff (sz=64, trace=300101, class=java.net.URL@50000013)
	protocol	50000fcb
	host		50000aae
	file		500001fd
	authority	50000aae
	path		500001fd
	handler		50000f7c
OBJ 50000200 (sz=24, trace=300102, class=java.net.Parts@50000012)
OBJ 50000201 (sz=48, trace=300103, class=sun.misc.URLClassPath$JarLoader@500001ef)
	base		500001ff
	csu		50000f82
	metaIndex	50001065
	handler		50000f7c
	lmap		50000f7d
OBJ 50000202 (sz=24, trace=300104, class=java.lang.StringBuilder@5000011e)
ARR 50000203 (sz=152, trace=300105, nelems=0, elem type=char[])
ARR 50000204 (sz=88, trace=300106, nelems=0, elem type=byte[])
OBJ 50000205 (sz=48, trace=300107, class=java.nio.HeapByteBuffer@5000007e)
ARR 50000206 (sz=152, trace=300108, nelems=0, elem type=char[])
OBJ 50000207 (sz=48, trace=300109, class=java.nio.HeapCharBuffer@50000038)
OBJ 5000020b (sz=24, trace=300112, class=sun.nio.cs.ThreadLocalCoders$1@5000020a)
	cache		5000020c
OBJ 5000020c (sz=16, trace=300113, class=java.lang.ThreadLocal@50000092)
OBJ 5000020e (sz=24, trace=300115, class=sun.nio.cs.ThreadLocalCoders$2@5000020d)
	cache		5000020f
OBJ 5000020f (sz=16, trace=300116, class=java.lang.ThreadLocal@50000092)
OBJ 50000210 (sz=32, trace=300066, class=java.lang.ThreadLocal$ThreadLocalMap$Entry@500001d1)
	referent	5000020c
	queue		50000ae6
	value		50000211
ARR 50000211 (sz=32, trace=300117, nelems=1, elem type=java.lang.Object[]@50000111)
	[0]		50000225
ARR 50000212 (sz=32, trace=300118, nelems=0, elem type=char[])
OBJ 50000213 (sz=24, trace=300119, class=java.lang.String@50000168)
ARR 50000214 (sz=32, trace=300120, nelems=0, elem type=char[])
OBJ 50000215 (sz=24, trace=300121, class=java.lang.StringBuilder@5000011e)
ARR 50000216 (sz=48, trace=300122, nelems=0, elem type=char[])
OBJ 50000217 (sz=24, trace=300123, class=java.lang.String@50000168)
ARR 50000218 (sz=48, trace=300124, nelems=0, elem type=char[])
ARR 5000021b (sz=16, trace=300126, nelems=0, elem type=java.lang.Class[]@5000010c)
OBJ 5000021c (sz=56, trace=300127, class=java.lang.Class$ReflectionData@500000ad)
OBJ 5000021d (sz=40, trace=300023, class=java.lang.ref.SoftReference@5000014d)
OBJ 5000021e (sz=80, trace=300128, class=java.lang.reflect.Constructor@5000013a)
OBJ 5000021f (sz=24, trace=300129, class=java.lang.Class$1@5000008a)
OBJ 50000220 (sz=24, trace=300130, class=sun.reflect.NativeConstructorAccessorImpl@50000088)
OBJ 50000221 (sz=16, trace=300131, class=sun.reflect.DelegatingConstructorAccessorImpl@50000087)
OBJ 50000222 (sz=24, trace=300132, class=sun.nio.cs.UTF_8@5000021a)
	name		500014bd
	aliases		5000146b
ARR 50000223 (sz=24, trace=300133, nelems=2, elem type=java.lang.Object[]@50000111)
	[0]		500014bd
	[1]		50000222
OBJ 50000225 (sz=40, trace=300135, class=sun.nio.cs.UTF_8$Decoder@50000224)
	charset		50000222
	replacement	500010a5
	malformedInputAction	5000108d
	unmappableCharacterAction	5000108d
OBJ 50000226 (sz=24, trace=300136, class=java.lang.String@50000168)
ARR 50000227 (sz=24, trace=300137, nelems=0, elem type=char[])
OBJ 50000228 (sz=24, trace=300138, class=java.lang.String@50000168)
ARR 50000229 (sz=24, trace=300139, nelems=0, elem type=char[])
OBJ 5000022a (sz=24, trace=300140, class=java.lang.String@50000168)
ARR 5000022b (sz=144, trace=300141, nelems=0, elem type=char[])
OBJ 5000022c (sz=32, trace=300142, class=java.io.File@50000077)
OBJ 5000022d (sz=24, trace=300143, class=java.lang.StringBuffer@5000011f)
ARR 5000022e (sz=144, trace=300144, nelems=0, elem type=char[])
ARR 5000022f (sz=144, trace=300145, nelems=0, elem type=char[])
OBJ 50000230 (sz=24, trace=300146, class=java.lang.String@50000168)
ARR 50000231 (sz=144, trace=300147, nelems=0, elem type=char[])
OBJ 50000232 (sz=24, trace=300148, class=java.lang.String@50000168)
ARR 50000233 (sz=144, trace=300149, nelems=0, elem type=char[])
ARR 50000234 (sz=56, trace=300150, nelems=0, elem type=java.lang.Object[]@50000111)
ARR 50000235 (sz=80, trace=300151, nelems=15, elem type=java.util.HashMap$Node[]@500000b8)
	[0]		50000326
	[2]		500002d6
	[4]		50000286
	[7]		500002fe
	[11]		5000025e
	[12]		50000376
	[13]		50000236
	[14]		500002ae
OBJ 50000236 (sz=32, trace=300152, class=java.util.HashMap$Node@500000b9)
	key		500001ea
	value		50000201
OBJ 50000237 (sz=24, trace=300083, class=java.lang.StringBuilder@5000011e)
ARR 50000238 (sz=48, trace=300084, nelems=0, elem type=char[])
ARR 50000239 (sz=144, trace=300050, nelems=0, elem type=char[])
OBJ 5000023a (sz=24, trace=300085, class=java.lang.String@50000168)
	value		5000023b
ARR 5000023b (sz=128, trace=300086, nelems=64, elem type=char[])
OBJ 5000023c (sz=24, trace=300088, class=sun.misc.URLClassPath$3@500001ec)
OBJ 5000023d (sz=24, trace=300093, class=java.lang.StringBuilder@5000011e)
ARR 5000023e (sz=48, trace=300094, nelems=0, elem type=char[])
OBJ 5000023f (sz=24, trace=300095, class=java.lang.StringBuffer@5000011f)
ARR 50000240 (sz=144, trace=300096, nelems=0, elem type=char[])
ARR 50000241 (sz=144, trace=300097, nelems=0, elem type=char[])
OBJ 50000242 (sz=24, trace=300098, class=java.lang.String@50000168)
ARR 50000243 (sz=144, trace=300050, nelems=0, elem type=char[])
ARR 50000244 (sz=272, trace=300050, nelems=0, elem type=char[])
OBJ 50000245 (sz=24, trace=300099, class=java.lang.String@50000168)
	value		50000246
ARR 50000246 (sz=128, trace=300100, nelems=64, elem type=char[])
OBJ 50000247 (sz=64, trace=300101, class=java.net.URL@50000013)
	protocol	50000fcb
	host		50000aae
	file		50000245
	authority	50000aae
	path		50000245
	handler		50000f7c
OBJ 50000248 (sz=24, trace=300102, class=java.net.Parts@50000012)
OBJ 50000249 (sz=48, trace=300103, class=sun.misc.URLClassPath$JarLoader@500001ef)
	base		50000247
	csu		50000f83
	metaIndex	5000106c
	handler		50000f7c
	lmap		50000f7d
OBJ 5000024a (sz=24, trace=300104, class=java.lang.StringBuilder@5000011e)
ARR 5000024b (sz=136, trace=300105, nelems=0, elem type=char[])
ARR 5000024c (sz=80, trace=300106, nelems=0, elem type=byte[])
OBJ 5000024d (sz=48, trace=300107, class=java.nio.HeapByteBuffer@5000007e)
ARR 5000024e (sz=136, trace=300108, nelems=0, elem type=char[])
OBJ 5000024f (sz=48, trace=300109, class=java.nio.HeapCharBuffer@50000038)
OBJ 50000250 (sz=24, trace=300136, class=java.lang.String@50000168)
ARR 50000251 (sz=24, trace=300137, nelems=0, elem type=char[])
OBJ 50000252 (sz=24, trace=300138, class=java.lang.String@50000168)
ARR 50000253 (sz=24, trace=300139, nelems=0, elem type=char[])
OBJ 50000254 (sz=24, trace=300140, class=java.lang.String@50000168)
ARR 50000255 (sz=128, trace=300141, nelems=0, elem type=char[])
OBJ 50000256 (sz=32, trace=300142, class=java.io.File@50000077)
OBJ 50000257 (sz=24, trace=300143, class=java.lang.StringBuffer@5000011f)
ARR 50000258 (sz=128, trace=300144, nelems=0, elem type=char[])
ARR 50000259 (sz=128, trace=300145, nelems=0, elem type=char[])
OBJ 5000025a (sz=24, trace=300146, class=java.lang.String@50000168)
ARR 5000025b (sz=128, trace=300147, nelems=0, elem type=char[])
OBJ 5000025c (sz=24, trace=300148, class=java.lang.String@50000168)
ARR 5000025d (sz=128, trace=300149, nelems=0, elem type=char[])
OBJ 5000025e (sz=32, trace=300152, class=java.util.HashMap$Node@500000b9)
	key		5000023a
	value		50000249
OBJ 5000025f (sz=24, trace=300083, class=java.lang.StringBuilder@5000011e)
ARR 50000260 (sz=48, trace=300084, nelems=0, elem type=char[])
ARR 50000261 (sz=144, trace=300050, nelems=0, elem type=char[])
OBJ 50000262 (sz=24, trace=300085, class=java.lang.String@50000168)
	value		50000263
ARR 50000263 (sz=122, trace=300086, nelems=61, elem type=char[])
OBJ 50000264 (sz=24, trace=300088, class=sun.misc.URLClassPath$3@500001ec)
OBJ 50000265 (sz=24, trace=300093, class=java.lang.StringBuilder@5000011e)
ARR 50000266 (sz=48, trace=300094, nelems=0, elem type=char[])
OBJ 50000267 (sz=24, trace=300095, class=java.lang.StringBuffer@5000011f)
ARR 50000268 (sz=136, trace=300096, nelems=0, elem type=char[])
ARR 50000269 (sz=136, trace=300097, nelems=0, elem type=char[])
OBJ 5000026a (sz=24, trace=300098, class=java.lang.String@50000168)
ARR 5000026b (sz=136, trace=300050, nelems=0, elem type=char[])
ARR 5000026c (sz=256, trace=300050, nelems=0, elem type=char[])
OBJ 5000026d (sz=24, trace=300099, class=java.lang.String@50000168)
	value		5000026e
ARR 5000026e (sz=122, trace=300100, nelems=61, elem type=char[])
OBJ 5000026f (sz=64, trace=300101, class=java.net.URL@50000013)
	protocol	50000fcb
	host		50000aae
	file		5000026d
	authority	50000aae
	path		5000026d
	handler		50000f7c
OBJ 50000270 (sz=24, trace=300102, class=java.net.Parts@50000012)
OBJ 50000271 (sz=48, trace=300103, class=sun.misc.URLClassPath$JarLoader@500001ef)
	base		5000026f
	csu		50000f84
	metaIndex	5000103b
	handler		50000f7c
	lmap		50000f7d
OBJ 50000272 (sz=24, trace=300104, class=java.lang.StringBuilder@5000011e)
ARR 50000273 (sz=128, trace=300105, nelems=0, elem type=char[])
ARR 50000274 (sz=72, trace=300106, nelems=0, elem type=byte[])
OBJ 50000275 (sz=48, trace=300107, class=java.nio.HeapByteBuffer@5000007e)
ARR 50000276 (sz=128, trace=300108, nelems=0, elem type=char[])
OBJ 50000277 (sz=48, trace=300109, class=java.nio.HeapCharBuffer@50000038)
OBJ 50000278 (sz=24, trace=300136, class=java.lang.String@50000168)
ARR 50000279 (sz=24, trace=300137, nelems=0, elem type=char[])
OBJ 5000027a (sz=24, trace=300138, class=java.lang.String@50000168)
ARR 5000027b (sz=24, trace=300139, nelems=0, elem type=char[])
OBJ 5000027c (sz=24, trace=300140, class=java.lang.String@50000168)
ARR 5000027d (sz=120, trace=300141, nelems=0, elem type=char[])
OBJ 5000027e (sz=32, trace=300142, class=java.io.File@50000077)
OBJ 5000027f (sz=24, trace=300143, class=java.lang.StringBuffer@5000011f)
ARR 50000280 (sz=120, trace=300144, nelems=0, elem type=char[])
ARR 50000281 (sz=120, trace=300145, nelems=0, elem type=char[])
OBJ 50000282 (sz=24, trace=300146, class=java.lang.String@50000168)
ARR 50000283 (sz=120, trace=300147, nelems=0, elem type=char[])
OBJ 50000284 (sz=24, trace=300148, class=java.lang.String@50000168)
ARR 50000285 (sz=120, trace=300149, nelems=0, elem type=char[])
OBJ 50000286 (sz=32, trace=300152, class=java.util.HashMap$Node@500000b9)
	key		50000262
	value		50000271
	next		500003c7
OBJ 50000287 (sz=24, trace=300083, class=java.lang.StringBuilder@5000011e)
ARR 50000288 (sz=48, trace=300084, nelems=0, elem type=char[])
ARR 50000289 (sz=144, trace=300050, nelems=0, elem type=char[])
OBJ 5000028a (sz=24, trace=300085, class=java.lang.String@50000168)
	value		5000028b
ARR 5000028b (sz=126, trace=300086, nelems=63, elem type=char[])
OBJ 5000028c (sz=24, trace=300088, class=sun.misc.URLClassPath$3@500001ec)
OBJ 5000028d (sz=24, trace=300093, class=java.lang.StringBuilder@5000011e)
ARR 5000028e (sz=48, trace=300094, nelems=0, elem type=char[])
OBJ 5000028f (sz=24, trace=300095, class=java.lang.StringBuffer@5000011f)
ARR 50000290 (sz=144, trace=300096, nelems=0, elem type=char[])
ARR 50000291 (sz=144, trace=300097, nelems=0, elem type=char[])
OBJ 50000292 (sz=24, trace=300098, class=java.lang.String@50000168)
ARR 50000293 (sz=144, trace=300050, nelems=0, elem type=char[])
ARR 50000294 (sz=264, trace=300050, nelems=0, elem type=char[])
OBJ 50000295 (sz=24, trace=300099, class=java.lang.String@50000168)
	value		50000296
ARR 50000296 (sz=126, trace=300100, nelems=63, elem type=char[])
OBJ 50000297 (sz=64, trace=300101, class=java.net.URL@50000013)
	protocol	50000fcb
	host		50000aae
	file		50000295
	authority	50000aae
	path		50000295
	handler		50000f7c
OBJ 50000298 (sz=24, trace=300102, class=java.net.Parts@50000012)
OBJ 50000299 (sz=48, trace=300103, class=sun.misc.URLClassPath$JarLoader@500001ef)
	base		50000297
	csu		50000f85
	metaIndex	5000105d
	handler		50000f7c
	lmap		50000f7d
OBJ 5000029a (sz=24, trace=300104, class=java.lang.StringBuilder@5000011e)
ARR 5000029b (sz=128, trace=300105, nelems=0, elem type=char[])
ARR 5000029c (sz=72, trace=300106, nelems=0, elem type=byte[])
OBJ 5000029d (sz=48, trace=300107, class=java.nio.HeapByteBuffer@5000007e)
ARR 5000029e (sz=128, trace=300108, nelems=0, elem type=char[])
OBJ 5000029f (sz=48, trace=300109, class=java.nio.HeapCharBuffer@50000038)
OBJ 500002a0 (sz=24, trace=300136, class=java.lang.String@50000168)
ARR 500002a1 (sz=24, trace=300137, nelems=0, elem type=char[])
OBJ 500002a2 (sz=24, trace=300138, class=java.lang.String@50000168)
ARR 500002a3 (sz=24, trace=300139, nelems=0, elem type=char[])
OBJ 500002a4 (sz=24, trace=300140, class=java.lang.String@50000168)
ARR 500002a5 (sz=128, trace=300141, nelems=0, elem type=char[])
OBJ 500002a6 (sz=32, trace=300142, class=java.io.File@50000077)
OBJ 500002a7 (sz=24, trace=300143, class=java.lang.StringBuffer@5000011f)
ARR 500002a8 (sz=128, trace=300144, nelems=0, elem type=char[])
ARR 500002a9 (sz=128, trace=300145, nelems=0, elem type=char[])
OBJ 500002aa (sz=24, trace=300146, class=java.lang.String@50000168)
ARR 500002ab (sz=128, trace=300147, nelems=0, elem type=char[])
OBJ 500002ac (sz=24, trace=300148, class=java.lang.String@50000168)
ARR 500002ad (sz=128, trace=300149, nelems=0, elem type=char[])
OBJ 500002ae (sz=32, trace=300152, class=java.util.HashMap$Node@500000b9)
	key		5000028a
	value		50000299
OBJ 500002af (sz=24, trace=300083, class=java.lang.StringBuilder@5000011e)
ARR 500002b0 (sz=48, trace=300084, nelems=0, elem type=char[])
ARR 500002b1 (sz=144, trace=300050, nelems=0, elem type=char[])
OBJ 500002b2 (sz=24, trace=300085, class=java.lang.String@50000168)
	value		500002b3
ARR 500002b3 (sz=122, trace=300086, nelems=61, elem type=char[])
OBJ 500002b4 (sz=24, trace=300088, class=sun.misc.URLClassPath$3@500001ec)
OBJ 500002b5 (sz=24, trace=300093, class=java.lang.StringBuilder@5000011e)
ARR 500002b6 (sz=48, trace=300094, nelems=0, elem type=char[])
OBJ 500002b7 (sz=24, trace=300095, class=java.lang.StringBuffer@5000011f)
ARR 500002b8 (sz=136, trace=300096, nelems=0, elem type=char[])
ARR 500002b9 (sz=136, trace=300097, nelems=0, elem type=char[])
OBJ 500002ba (sz=24, trace=300098, class=java.lang.String@50000168)
ARR 500002bb (sz=136, trace=300050, nelems=0, elem type=char[])
ARR 500002bc (sz=256, trace=300050, nelems=0, elem type=char[])
OBJ 500002bd (sz=24, trace=300099, class=java.lang.String@50000168)
	value		500002be
ARR 500002be (sz=122, trace=300100, nelems=61, elem type=char[])
OBJ 500002bf (sz=64, trace=300101, class=java.net.URL@50000013)
	protocol	50000fcb
	host		50000aae
	file		500002bd
	authority	50000aae
	path		500002bd
	handler		50000f7c
OBJ 500002c0 (sz=24, trace=300102, class=java.net.Parts@50000012)
OBJ 500002c1 (sz=48, trace=300103, class=sun.misc.URLClassPath$JarLoader@500001ef)
	base		500002bf
	csu		50000f86
	metaIndex	50000ffe
	handler		50000f7c
	lmap		50000f7d
OBJ 500002c2 (sz=24, trace=300104, class=java.lang.StringBuilder@5000011e)
ARR 500002c3 (sz=128, trace=300105, nelems=0, elem type=char[])
ARR 500002c4 (sz=72, trace=300106, nelems=0, elem type=byte[])
OBJ 500002c5 (sz=48, trace=300107, class=java.nio.HeapByteBuffer@5000007e)
ARR 500002c6 (sz=128, trace=300108, nelems=0, elem type=char[])
OBJ 500002c7 (sz=48, trace=300109, class=java.nio.HeapCharBuffer@50000038)
OBJ 500002c8 (sz=24, trace=300136, class=java.lang.String@50000168)
ARR 500002c9 (sz=24, trace=300137, nelems=0, elem type=char[])
OBJ 500002ca (sz=24, trace=300138, class=java.lang.String@50000168)
ARR 500002cb (sz=24, trace=300139, nelems=0, elem type=char[])
OBJ 500002cc (sz=24, trace=300140, class=java.lang.String@50000168)
ARR 500002cd (sz=120, trace=300141, nelems=0, elem type=char[])
OBJ 500002ce (sz=32, trace=300142, class=java.io.File@50000077)
OBJ 500002cf (sz=24, trace=300143, class=java.lang.StringBuffer@5000011f)
ARR 500002d0 (sz=120, trace=300144, nelems=0, elem type=char[])
ARR 500002d1 (sz=120, trace=300145, nelems=0, elem type=char[])
OBJ 500002d2 (sz=24, trace=300146, class=java.lang.String@50000168)
ARR 500002d3 (sz=120, trace=300147, nelems=0, elem type=char[])
OBJ 500002d4 (sz=24, trace=300148, class=java.lang.String@50000168)
ARR 500002d5 (sz=120, trace=300149, nelems=0, elem type=char[])
OBJ 500002d6 (sz=32, trace=300152, class=java.util.HashMap$Node@500000b9)
	key		500002b2
	value		500002c1
	next		5000034e
OBJ 500002d7 (sz=24, trace=300083, class=java.lang.StringBuilder@5000011e)
ARR 500002d8 (sz=48, trace=300084, nelems=0, elem type=char[])
ARR 500002d9 (sz=152, trace=300050, nelems=0, elem type=char[])
OBJ 500002da (sz=24, trace=300085, class=java.lang.String@50000168)
	value		500002db
ARR 500002db (sz=132, trace=300086, nelems=66, elem type=char[])
OBJ 500002dc (sz=24, trace=300088, class=sun.misc.URLClassPath$3@500001ec)
OBJ 500002dd (sz=24, trace=300093, class=java.lang.StringBuilder@5000011e)
ARR 500002de (sz=48, trace=300094, nelems=0, elem type=char[])
OBJ 500002df (sz=24, trace=300095, class=java.lang.StringBuffer@5000011f)
ARR 500002e0 (sz=144, trace=300096, nelems=0, elem type=char[])
ARR 500002e1 (sz=144, trace=300097, nelems=0, elem type=char[])
OBJ 500002e2 (sz=24, trace=300098, class=java.lang.String@50000168)
ARR 500002e3 (sz=144, trace=300050, nelems=0, elem type=char[])
ARR 500002e4 (sz=280, trace=300050, nelems=0, elem type=char[])
OBJ 500002e5 (sz=24, trace=300099, class=java.lang.String@50000168)
	value		500002e6
ARR 500002e6 (sz=132, trace=300100, nelems=66, elem type=char[])
OBJ 500002e7 (sz=64, trace=300101, class=java.net.URL@50000013)
	protocol	50000fcb
	host		50000aae
	file		500002e5
	authority	50000aae
	path		500002e5
	handler		50000f7c
OBJ 500002e8 (sz=24, trace=300102, class=java.net.Parts@50000012)
OBJ 500002e9 (sz=48, trace=300103, class=sun.misc.URLClassPath$JarLoader@500001ef)
	base		500002e7
	csu		50000f87
	metaIndex	50001080
	handler		50000f7c
	lmap		50000f7d
OBJ 500002ea (sz=24, trace=300104, class=java.lang.StringBuilder@5000011e)
ARR 500002eb (sz=136, trace=300105, nelems=0, elem type=char[])
ARR 500002ec (sz=80, trace=300106, nelems=0, elem type=byte[])
OBJ 500002ed (sz=48, trace=300107, class=java.nio.HeapByteBuffer@5000007e)
ARR 500002ee (sz=136, trace=300108, nelems=0, elem type=char[])
OBJ 500002ef (sz=48, trace=300109, class=java.nio.HeapCharBuffer@50000038)
OBJ 500002f0 (sz=24, trace=300136, class=java.lang.String@50000168)
ARR 500002f1 (sz=24, trace=300137, nelems=0, elem type=char[])
OBJ 500002f2 (sz=24, trace=300138, class=java.lang.String@50000168)
ARR 500002f3 (sz=24, trace=300139, nelems=0, elem type=char[])
OBJ 500002f4 (sz=24, trace=300140, class=java.lang.String@50000168)
ARR 500002f5 (sz=136, trace=300141, nelems=0, elem type=char[])
OBJ 500002f6 (sz=32, trace=300142, class=java.io.File@50000077)
OBJ 500002f7 (sz=24, trace=300143, class=java.lang.StringBuffer@5000011f)
ARR 500002f8 (sz=136, trace=300144, nelems=0, elem type=char[])
ARR 500002f9 (sz=128, trace=300145, nelems=0, elem type=char[])
OBJ 500002fa (sz=24, trace=300146, class=java.lang.String@50000168)
ARR 500002fb (sz=128, trace=300147, nelems=0, elem type=char[])
OBJ 500002fc (sz=24, trace=300148, class=java.lang.String@50000168)
ARR 500002fd (sz=128, trace=300149, nelems=0, elem type=char[])
OBJ 500002fe (sz=32, trace=300152, class=java.util.HashMap$Node@500000b9)
	key		500002da
	value		500002e9
OBJ 500002ff (sz=24, trace=300083, class=java.lang.StringBuilder@5000011e)
ARR 50000300 (sz=48, trace=300084, nelems=0, elem type=char[])
ARR 50000301 (sz=144, trace=300050, nelems=0, elem type=char[])
OBJ 50000302 (sz=24, trace=300085, class=java.lang.String@50000168)
	value		50000303
ARR 50000303 (sz=126, trace=300086, nelems=63, elem type=char[])
OBJ 50000304 (sz=24, trace=300088, class=sun.misc.URLClassPath$3@500001ec)
OBJ 50000305 (sz=24, trace=300093, class=java.lang.StringBuilder@5000011e)
ARR 50000306 (sz=48, trace=300094, nelems=0, elem type=char[])
OBJ 50000307 (sz=24, trace=300095, class=java.lang.StringBuffer@5000011f)
ARR 50000308 (sz=144, trace=300096, nelems=0, elem type=char[])
ARR 50000309 (sz=144, trace=300097, nelems=0, elem type=char[])
OBJ 5000030a (sz=24, trace=300098, class=java.lang.String@50000168)
ARR 5000030b (sz=144, trace=300050, nelems=0, elem type=char[])
ARR 5000030c (sz=264, trace=300050, nelems=0, elem type=char[])
OBJ 5000030d (sz=24, trace=300099, class=java.lang.String@50000168)
	value		5000030e
ARR 5000030e (sz=126, trace=300100, nelems=63, elem type=char[])
OBJ 5000030f (sz=64, trace=300101, class=java.net.URL@50000013)
	protocol	50000fcb
	host		50000aae
	file		5000030d
	authority	50000aae
	path		5000030d
	handler		50000f7c
OBJ 50000310 (sz=24, trace=300102, class=java.net.Parts@50000012)
OBJ 50000311 (sz=48, trace=300103, class=sun.misc.URLClassPath$JarLoader@500001ef)
	base		5000030f
	csu		50000f88
	metaIndex	50001075
	handler		50000f7c
	lmap		50000f7d
OBJ 50000312 (sz=24, trace=300104, class=java.lang.StringBuilder@5000011e)
ARR 50000313 (sz=128, trace=300105, nelems=0, elem type=char[])
ARR 50000314 (sz=72, trace=300106, nelems=0, elem type=byte[])
OBJ 50000315 (sz=48, trace=300107, class=java.nio.HeapByteBuffer@5000007e)
ARR 50000316 (sz=128, trace=300108, nelems=0, elem type=char[])
OBJ 50000317 (sz=48, trace=300109, class=java.nio.HeapCharBuffer@50000038)
OBJ 50000318 (sz=24, trace=300136, class=java.lang.String@50000168)
ARR 50000319 (sz=24, trace=300137, nelems=0, elem type=char[])
OBJ 5000031a (sz=24, trace=300138, class=java.lang.String@50000168)
ARR 5000031b (sz=24, trace=300139, nelems=0, elem type=char[])
OBJ 5000031c (sz=24, trace=300140, class=java.lang.String@50000168)
ARR 5000031d (sz=128, trace=300141, nelems=0, elem type=char[])
OBJ 5000031e (sz=32, trace=300142, class=java.io.File@50000077)
OBJ 5000031f (sz=24, trace=300143, class=java.lang.StringBuffer@5000011f)
ARR 50000320 (sz=128, trace=300144, nelems=0, elem type=char[])
ARR 50000321 (sz=128, trace=300145, nelems=0, elem type=char[])
OBJ 50000322 (sz=24, trace=300146, class=java.lang.String@50000168)
ARR 50000323 (sz=128, trace=300147, nelems=0, elem type=char[])
OBJ 50000324 (sz=24, trace=300148, class=java.lang.String@50000168)
ARR 50000325 (sz=128, trace=300149, nelems=0, elem type=char[])
OBJ 50000326 (sz=32, trace=300152, class=java.util.HashMap$Node@500000b9)
	key		50000302
	value		50000311
	next		5000039e
OBJ 50000327 (sz=24, trace=300083, class=java.lang.StringBuilder@5000011e)
ARR 50000328 (sz=48, trace=300084, nelems=0, elem type=char[])
ARR 50000329 (sz=144, trace=300050, nelems=0, elem type=char[])
OBJ 5000032a (sz=24, trace=300085, class=java.lang.String@50000168)
	value		5000032b
ARR 5000032b (sz=122, trace=300086, nelems=61, elem type=char[])
OBJ 5000032c (sz=24, trace=300088, class=sun.misc.URLClassPath$3@500001ec)
OBJ 5000032d (sz=24, trace=300093, class=java.lang.StringBuilder@5000011e)
ARR 5000032e (sz=48, trace=300094, nelems=0, elem type=char[])
OBJ 5000032f (sz=24, trace=300095, class=java.lang.StringBuffer@5000011f)
ARR 50000330 (sz=136, trace=300096, nelems=0, elem type=char[])
ARR 50000331 (sz=136, trace=300097, nelems=0, elem type=char[])
OBJ 50000332 (sz=24, trace=300098, class=java.lang.String@50000168)
ARR 50000333 (sz=136, trace=300050, nelems=0, elem type=char[])
ARR 50000334 (sz=256, trace=300050, nelems=0, elem type=char[])
OBJ 50000335 (sz=24, trace=300099, class=java.lang.String@50000168)
	value		50000336
ARR 50000336 (sz=122, trace=300100, nelems=61, elem type=char[])
OBJ 50000337 (sz=64, trace=300101, class=java.net.URL@50000013)
	protocol	50000fcb
	host		50000aae
	file		50000335
	authority	50000aae
	path		50000335
	handler		50000f7c
OBJ 50000338 (sz=24, trace=300102, class=java.net.Parts@50000012)
OBJ 50000339 (sz=48, trace=300103, class=sun.misc.URLClassPath$JarLoader@500001ef)
	base		50000337
	csu		50000f89
	metaIndex	50001050
	handler		50000f7c
	lmap		50000f7d
OBJ 5000033a (sz=24, trace=300104, class=java.lang.StringBuilder@5000011e)
ARR 5000033b (sz=128, trace=300105, nelems=0, elem type=char[])
ARR 5000033c (sz=72, trace=300106, nelems=0, elem type=byte[])
OBJ 5000033d (sz=48, trace=300107, class=java.nio.HeapByteBuffer@5000007e)
ARR 5000033e (sz=128, trace=300108, nelems=0, elem type=char[])
OBJ 5000033f (sz=48, trace=300109, class=java.nio.HeapCharBuffer@50000038)
OBJ 50000340 (sz=24, trace=300136, class=java.lang.String@50000168)
ARR 50000341 (sz=24, trace=300137, nelems=0, elem type=char[])
OBJ 50000342 (sz=24, trace=300138, class=java.lang.String@50000168)
ARR 50000343 (sz=24, trace=300139, nelems=0, elem type=char[])
OBJ 50000344 (sz=24, trace=300140, class=java.lang.String@50000168)
ARR 50000345 (sz=120, trace=300141, nelems=0, elem type=char[])
OBJ 50000346 (sz=32, trace=300142, class=java.io.File@50000077)
OBJ 50000347 (sz=24, trace=300143, class=java.lang.StringBuffer@5000011f)
ARR 50000348 (sz=120, trace=300144, nelems=0, elem type=char[])
ARR 50000349 (sz=120, trace=300145, nelems=0, elem type=char[])
OBJ 5000034a (sz=24, trace=300146, class=java.lang.String@50000168)
ARR 5000034b (sz=120, trace=300147, nelems=0, elem type=char[])
OBJ 5000034c (sz=24, trace=300148, class=java.lang.String@50000168)
ARR 5000034d (sz=120, trace=300149, nelems=0, elem type=char[])
OBJ 5000034e (sz=32, trace=300153, class=java.util.HashMap$Node@500000b9)
	key		5000032a
	value		50000339
	next		500003ef
OBJ 5000034f (sz=24, trace=300083, class=java.lang.StringBuilder@5000011e)
ARR 50000350 (sz=48, trace=300084, nelems=0, elem type=char[])
ARR 50000351 (sz=160, trace=300050, nelems=0, elem type=char[])
OBJ 50000352 (sz=24, trace=300085, class=java.lang.String@50000168)
	value		50000353
ARR 50000353 (sz=142, trace=300086, nelems=71, elem type=char[])
OBJ 50000354 (sz=24, trace=300088, class=sun.misc.URLClassPath$3@500001ec)
OBJ 50000355 (sz=24, trace=300093, class=java.lang.StringBuilder@5000011e)
ARR 50000356 (sz=48, trace=300094, nelems=0, elem type=char[])
OBJ 50000357 (sz=24, trace=300095, class=java.lang.StringBuffer@5000011f)
ARR 50000358 (sz=160, trace=300096, nelems=0, elem type=char[])
ARR 50000359 (sz=160, trace=300097, nelems=0, elem type=char[])
OBJ 5000035a (sz=24, trace=300098, class=java.lang.String@50000168)
ARR 5000035b (sz=160, trace=300050, nelems=0, elem type=char[])
ARR 5000035c (sz=296, trace=300050, nelems=0, elem type=char[])
OBJ 5000035d (sz=24, trace=300099, class=java.lang.String@50000168)
	value		5000035e
ARR 5000035e (sz=142, trace=300100, nelems=71, elem type=char[])
OBJ 5000035f (sz=64, trace=300101, class=java.net.URL@50000013)
	protocol	50000fcb
	host		50000aae
	file		5000035d
	authority	50000aae
	path		5000035d
	handler		50000f7c
OBJ 50000360 (sz=24, trace=300102, class=java.net.Parts@50000012)
OBJ 50000361 (sz=48, trace=300103, class=sun.misc.URLClassPath$JarLoader@500001ef)
	base		5000035f
	csu		50000f8a
	metaIndex	50000fe3
	handler		50000f7c
	lmap		50000f7d
OBJ 50000362 (sz=24, trace=300104, class=java.lang.StringBuilder@5000011e)
ARR 50000363 (sz=144, trace=300105, nelems=0, elem type=char[])
ARR 50000364 (sz=80, trace=300106, nelems=0, elem type=byte[])
OBJ 50000365 (sz=48, trace=300107, class=java.nio.HeapByteBuffer@5000007e)
ARR 50000366 (sz=144, trace=300108, nelems=0, elem type=char[])
OBJ 50000367 (sz=48, trace=300109, class=java.nio.HeapCharBuffer@50000038)
OBJ 50000368 (sz=24, trace=300136, class=java.lang.String@50000168)
ARR 50000369 (sz=24, trace=300137, nelems=0, elem type=char[])
OBJ 5000036a (sz=24, trace=300138, class=java.lang.String@50000168)
ARR 5000036b (sz=24, trace=300139, nelems=0, elem type=char[])
OBJ 5000036c (sz=24, trace=300140, class=java.lang.String@50000168)
ARR 5000036d (sz=144, trace=300141, nelems=0, elem type=char[])
OBJ 5000036e (sz=32, trace=300142, class=java.io.File@50000077)
OBJ 5000036f (sz=24, trace=300143, class=java.lang.StringBuffer@5000011f)
ARR 50000370 (sz=144, trace=300144, nelems=0, elem type=char[])
ARR 50000371 (sz=144, trace=300145, nelems=0, elem type=char[])
OBJ 50000372 (sz=24, trace=300146, class=java.lang.String@50000168)
ARR 50000373 (sz=144, trace=300147, nelems=0, elem type=char[])
OBJ 50000374 (sz=24, trace=300148, class=java.lang.String@50000168)
ARR 50000375 (sz=144, trace=300149, nelems=0, elem type=char[])
OBJ 50000376 (sz=32, trace=300152, class=java.util.HashMap$Node@500000b9)
	key		50000352
	value		50000361
OBJ 50000377 (sz=24, trace=300083, class=java.lang.StringBuilder@5000011e)
ARR 50000378 (sz=48, trace=300084, nelems=0, elem type=char[])
ARR 50000379 (sz=152, trace=300050, nelems=0, elem type=char[])
OBJ 5000037a (sz=24, trace=300085, class=java.lang.String@50000168)
	value		5000037b
ARR 5000037b (sz=130, trace=300086, nelems=65, elem type=char[])
OBJ 5000037c (sz=24, trace=300088, class=sun.misc.URLClassPath$3@500001ec)
OBJ 5000037d (sz=24, trace=300093, class=java.lang.StringBuilder@5000011e)
ARR 5000037e (sz=48, trace=300094, nelems=0, elem type=char[])
OBJ 5000037f (sz=24, trace=300095, class=java.lang.StringBuffer@5000011f)
ARR 50000380 (sz=144, trace=300096, nelems=0, elem type=char[])
ARR 50000381 (sz=144, trace=300097, nelems=0, elem type=char[])
OBJ 50000382 (sz=24, trace=300098, class=java.lang.String@50000168)
ARR 50000383 (sz=144, trace=300050, nelems=0, elem type=char[])
ARR 50000384 (sz=272, trace=300050, nelems=0, elem type=char[])
OBJ 50000385 (sz=24, trace=300099, class=java.lang.String@50000168)
	value		50000386
ARR 50000386 (sz=130, trace=300100, nelems=65, elem type=char[])
OBJ 50000387 (sz=64, trace=300101, class=java.net.URL@50000013)
	protocol	50000fcb
	host		50000aae
	file		50000385
	authority	50000aae
	path		50000385
	handler		50000f7c
OBJ 50000388 (sz=24, trace=300102, class=java.net.Parts@50000012)
OBJ 50000389 (sz=48, trace=300103, class=sun.misc.URLClassPath$JarLoader@500001ef)
	base		50000387
	csu		50000f8b
	metaIndex	50001045
	handler		50000f7c
	lmap		50000f7d
OBJ 5000038a (sz=24, trace=300104, class=java.lang.StringBuilder@5000011e)
ARR 5000038b (sz=136, trace=300105, nelems=0, elem type=char[])
ARR 5000038c (sz=80, trace=300106, nelems=0, elem type=byte[])
OBJ 5000038d (sz=48, trace=300107, class=java.nio.HeapByteBuffer@5000007e)
ARR 5000038e (sz=136, trace=300108, nelems=0, elem type=char[])
OBJ 5000038f (sz=48, trace=300109, class=java.nio.HeapCharBuffer@50000038)
OBJ 50000390 (sz=24, trace=300136, class=java.lang.String@50000168)
ARR 50000391 (sz=24, trace=300137, nelems=0, elem type=char[])
OBJ 50000392 (sz=24, trace=300138, class=java.lang.String@50000168)
ARR 50000393 (sz=24, trace=300139, nelems=0, elem type=char[])
OBJ 50000394 (sz=24, trace=300140, class=java.lang.String@50000168)
ARR 50000395 (sz=128, trace=300141, nelems=0, elem type=char[])
OBJ 50000396 (sz=32, trace=300142, class=java.io.File@50000077)
OBJ 50000397 (sz=24, trace=300143, class=java.lang.StringBuffer@5000011f)
ARR 50000398 (sz=128, trace=300144, nelems=0, elem type=char[])
ARR 50000399 (sz=128, trace=300145, nelems=0, elem type=char[])
OBJ 5000039a (sz=24, trace=300146, class=java.lang.String@50000168)
ARR 5000039b (sz=128, trace=300147, nelems=0, elem type=char[])
OBJ 5000039c (sz=24, trace=300148, class=java.lang.String@50000168)
ARR 5000039d (sz=128, trace=300149, nelems=0, elem type=char[])
OBJ 5000039e (sz=32, trace=300153, class=java.util.HashMap$Node@500000b9)
	key		5000037a
	value		50000389
OBJ 5000039f (sz=24, trace=300083, class=java.lang.StringBuilder@5000011e)
ARR 500003a0 (sz=48, trace=300084, nelems=0, elem type=char[])
ARR 500003a1 (sz=152, trace=300050, nelems=0, elem type=char[])
OBJ 500003a2 (sz=24, trace=300085, class=java.lang.String@50000168)
	value		500003a3
ARR 500003a3 (sz=130, trace=300086, nelems=65, elem type=char[])
OBJ 500003a4 (sz=24, trace=300088, class=sun.misc.URLClassPath$3@500001ec)
OBJ 500003a5 (sz=24, trace=300093, class=java.lang.StringBuilder@5000011e)
ARR 500003a6 (sz=48, trace=300094, nelems=0, elem type=char[])
OBJ 500003a7 (sz=24, trace=300095, class=java.lang.StringBuffer@5000011f)
ARR 500003a8 (sz=144, trace=300096, nelems=0, elem type=char[])
ARR 500003a9 (sz=144, trace=300097, nelems=0, elem type=char[])
OBJ 500003aa (sz=24, trace=300098, class=java.lang.String@50000168)
ARR 500003ab (sz=144, trace=300050, nelems=0, elem type=char[])
ARR 500003ac (sz=272, trace=300050, nelems=0, elem type=char[])
OBJ 500003ad (sz=24, trace=300099, class=java.lang.String@50000168)
	value		500003ae
ARR 500003ae (sz=130, trace=300100, nelems=65, elem type=char[])
OBJ 500003af (sz=64, trace=300101, class=java.net.URL@50000013)
	protocol	50000fcb
	host		50000aae
	file		500003ad
	authority	50000aae
	path		500003ad
	handler		50000f7c
OBJ 500003b0 (sz=24, trace=300102, class=java.net.Parts@50000012)
OBJ 500003b1 (sz=48, trace=300103, class=sun.misc.URLClassPath$JarLoader@500001ef)
	base		500003af
	csu		50000f8c
	metaIndex	50000fee
	handler		50000f7c
	lmap		50000f7d
OBJ 500003b2 (sz=24, trace=300104, class=java.lang.StringBuilder@5000011e)
ARR 500003b3 (sz=136, trace=300105, nelems=0, elem type=char[])
ARR 500003b4 (sz=80, trace=300106, nelems=0, elem type=byte[])
OBJ 500003b5 (sz=48, trace=300107, class=java.nio.HeapByteBuffer@5000007e)
ARR 500003b6 (sz=136, trace=300108, nelems=0, elem type=char[])
OBJ 500003b7 (sz=48, trace=300109, class=java.nio.HeapCharBuffer@50000038)
OBJ 500003b8 (sz=24, trace=300136, class=java.lang.String@50000168)
ARR 500003b9 (sz=24, trace=300137, nelems=0, elem type=char[])
OBJ 500003ba (sz=24, trace=300138, class=java.lang.String@50000168)
ARR 500003bb (sz=24, trace=300139, nelems=0, elem type=char[])
OBJ 500003bc (sz=24, trace=300140, class=java.lang.String@50000168)
ARR 500003bd (sz=128, trace=300141, nelems=0, elem type=char[])
OBJ 500003be (sz=32, trace=300142, class=java.io.File@50000077)
OBJ 500003bf (sz=24, trace=300143, class=java.lang.StringBuffer@5000011f)
ARR 500003c0 (sz=128, trace=300144, nelems=0, elem type=char[])
ARR 500003c1 (sz=128, trace=300145, nelems=0, elem type=char[])
OBJ 500003c2 (sz=24, trace=300146, class=java.lang.String@50000168)
ARR 500003c3 (sz=128, trace=300147, nelems=0, elem type=char[])
OBJ 500003c4 (sz=24, trace=300148, class=java.lang.String@50000168)
ARR 500003c5 (sz=128, trace=300149, nelems=0, elem type=char[])
ARR 500003c6 (sz=80, trace=300150, nelems=12, elem type=java.lang.Object[]@50000111)
	[0]		50000201
	[1]		50000249
	[2]		50000271
	[3]		50000299
	[4]		500002c1
	[5]		500002e9
	[6]		50000311
	[7]		50000339
	[8]		50000361
	[9]		50000389
	[10]		500003b1
	[11]		500003da
OBJ 500003c7 (sz=32, trace=300153, class=java.util.HashMap$Node@500000b9)
	key		500003a2
	value		500003b1
OBJ 500003c8 (sz=24, trace=300083, class=java.lang.StringBuilder@5000011e)
ARR 500003c9 (sz=48, trace=300084, nelems=0, elem type=char[])
ARR 500003ca (sz=144, trace=300050, nelems=0, elem type=char[])
OBJ 500003cb (sz=24, trace=300085, class=java.lang.String@50000168)
	value		500003cc
ARR 500003cc (sz=122, trace=300086, nelems=61, elem type=char[])
OBJ 500003cd (sz=24, trace=300088, class=sun.misc.URLClassPath$3@500001ec)
OBJ 500003ce (sz=24, trace=300093, class=java.lang.StringBuilder@5000011e)
ARR 500003cf (sz=48, trace=300094, nelems=0, elem type=char[])
OBJ 500003d0 (sz=24, trace=300095, class=java.lang.StringBuffer@5000011f)
ARR 500003d1 (sz=136, trace=300096, nelems=0, elem type=char[])
ARR 500003d2 (sz=136, trace=300097, nelems=0, elem type=char[])
OBJ 500003d3 (sz=24, trace=300098, class=java.lang.String@50000168)
ARR 500003d4 (sz=136, trace=300050, nelems=0, elem type=char[])
ARR 500003d5 (sz=256, trace=300050, nelems=0, elem type=char[])
OBJ 500003d6 (sz=24, trace=300099, class=java.lang.String@50000168)
	value		500003d7
ARR 500003d7 (sz=122, trace=300100, nelems=61, elem type=char[])
OBJ 500003d8 (sz=64, trace=300101, class=java.net.URL@50000013)
	protocol	50000fcb
	host		50000aae
	file		500003d6
	authority	50000aae
	path		500003d6
	handler		50000f7c
OBJ 500003d9 (sz=24, trace=300102, class=java.net.Parts@50000012)
OBJ 500003da (sz=48, trace=300103, class=sun.misc.URLClassPath$JarLoader@500001ef)
	base		500003d8
	csu		50000f8d
	metaIndex	50000fca
	handler		50000f7c
	lmap		50000f7d
OBJ 500003db (sz=24, trace=300104, class=java.lang.StringBuilder@5000011e)
ARR 500003dc (sz=128, trace=300105, nelems=0, elem type=char[])
ARR 500003dd (sz=72, trace=300106, nelems=0, elem type=byte[])
OBJ 500003de (sz=48, trace=300107, class=java.nio.HeapByteBuffer@5000007e)
ARR 500003df (sz=128, trace=300108, nelems=0, elem type=char[])
OBJ 500003e0 (sz=48, trace=300109, class=java.nio.HeapCharBuffer@50000038)
OBJ 500003e1 (sz=24, trace=300136, class=java.lang.String@50000168)
ARR 500003e2 (sz=24, trace=300137, nelems=0, elem type=char[])
OBJ 500003e3 (sz=24, trace=300138, class=java.lang.String@50000168)
ARR 500003e4 (sz=24, trace=300139, nelems=0, elem type=char[])
OBJ 500003e5 (sz=24, trace=300140, class=java.lang.String@50000168)
ARR 500003e6 (sz=120, trace=300141, nelems=0, elem type=char[])
OBJ 500003e7 (sz=32, trace=300142, class=java.io.File@50000077)
OBJ 500003e8 (sz=24, trace=300143, class=java.lang.StringBuffer@5000011f)
ARR 500003e9 (sz=120, trace=300144, nelems=0, elem type=char[])
ARR 500003ea (sz=120, trace=300145, nelems=0, elem type=char[])
OBJ 500003eb (sz=24, trace=300146, class=java.lang.String@50000168)
ARR 500003ec (sz=120, trace=300147, nelems=0, elem type=char[])
OBJ 500003ed (sz=24, trace=300148, class=java.lang.String@50000168)
ARR 500003ee (sz=120, trace=300149, nelems=0, elem type=char[])
OBJ 500003ef (sz=32, trace=300153, class=java.util.HashMap$Node@500000b9)
	key		500003cb
	value		500003da
OBJ 500003f0 (sz=40, trace=300154, class=java.lang.ClassNotFoundException@50000157)
OBJ 500003f2 (sz=40, trace=300156, class=java.security.PrivilegedActionException@500003f1)
OBJ 500003f3 (sz=24, trace=300157, class=java.net.URLClassLoader$1@500001e0)
ARR 500003f4 (sz=40, trace=300078, nelems=0, elem type=char[])
OBJ 500003f5 (sz=24, trace=300079, class=java.lang.String@50000168)
ARR 500003f6 (sz=56, trace=300080, nelems=0, elem type=char[])
OBJ 500003f7 (sz=24, trace=300081, class=java.lang.String@50000168)
OBJ 500003f8 (sz=24, trace=300083, class=java.lang.StringBuilder@5000011e)
ARR 500003f9 (sz=48, trace=300084, nelems=0, elem type=char[])
ARR 500003fa (sz=144, trace=300050, nelems=0, elem type=char[])
OBJ 500003fb (sz=24, trace=300085, class=java.lang.String@50000168)
	value		500003fc
ARR 500003fc (sz=122, trace=300086, nelems=61, elem type=char[])
OBJ 500003fd (sz=24, trace=300088, class=sun.misc.URLClassPath$3@500001ec)
OBJ 500003ff (sz=24, trace=300159, class=sun.misc.URLClassPath$FileLoader@500003fe)
	base		50001523
	dir		5000040e
ARR 50000400 (sz=128, trace=300160, nelems=0, elem type=char[])
OBJ 50000401 (sz=24, trace=300161, class=java.lang.String@50000168)
OBJ 50000402 (sz=32, trace=300162, class=java.io.File@50000077)
OBJ 50000403 (sz=24, trace=300163, class=java.lang.StringBuffer@5000011f)
ARR 50000404 (sz=128, trace=300164, nelems=0, elem type=char[])
ARR 50000405 (sz=104, trace=300165, nelems=52, elem type=char[])
OBJ 50000406 (sz=24, trace=300166, class=java.lang.String@50000168)
	value		50000405
OBJ 50000407 (sz=24, trace=300167, class=java.lang.String@50000168)
ARR 50000408 (sz=104, trace=300168, nelems=0, elem type=char[])
OBJ 50000409 (sz=24, trace=300169, class=java.io.ExpiringCache$Entry@50000068)
	val		50000d73
OBJ 5000040a (sz=40, trace=300170, class=java.util.LinkedHashMap$Entry@50000067)
	key		50000406
	value		50000409
	before		50000d5c
	after		50000485
OBJ 5000040b (sz=24, trace=300171, class=java.lang.String@50000168)
ARR 5000040c (sz=104, trace=300168, nelems=0, elem type=char[])
OBJ 5000040d (sz=32, trace=300172, class=java.io.File@50000077)
OBJ 5000040e (sz=32, trace=300173, class=java.io.File@50000077)
	path		50000d73
ARR 5000040f (sz=56, trace=300150, nelems=1, elem type=java.lang.Object[]@50000111)
	[0]		500003ff
ARR 50000410 (sz=80, trace=300151, nelems=9, elem type=java.util.HashMap$Node[]@500000b8)
	[8]		50000411
OBJ 50000411 (sz=32, trace=300152, class=java.util.HashMap$Node@500000b9)
	key		500003fb
	value		500003ff
OBJ 50000412 (sz=64, trace=300174, class=java.net.URL@50000013)
OBJ 50000413 (sz=24, trace=300175, class=java.lang.StringBuilder@5000011e)
ARR 50000414 (sz=48, trace=300176, nelems=0, elem type=char[])
ARR 50000415 (sz=128, trace=300050, nelems=0, elem type=char[])
ARR 50000416 (sz=240, trace=300050, nelems=0, elem type=char[])
OBJ 50000417 (sz=24, trace=300177, class=java.lang.String@50000168)
ARR 50000418 (sz=128, trace=300178, nelems=0, elem type=char[])
OBJ 50000419 (sz=24, trace=300179, class=java.lang.String@50000168)
ARR 5000041a (sz=128, trace=300180, nelems=0, elem type=char[])
ARR 5000041b (sz=120, trace=300181, nelems=0, elem type=char[])
ARR 5000041c (sz=56, trace=300182, nelems=0, elem type=char[])
OBJ 5000041d (sz=24, trace=300183, class=java.lang.String@50000168)
ARR 5000041e (sz=56, trace=300184, nelems=0, elem type=char[])
OBJ 5000041f (sz=64, trace=300185, class=java.net.URL@50000013)
OBJ 50000420 (sz=24, trace=300175, class=java.lang.StringBuilder@5000011e)
ARR 50000421 (sz=48, trace=300176, nelems=0, elem type=char[])
ARR 50000422 (sz=128, trace=300050, nelems=0, elem type=char[])
ARR 50000423 (sz=240, trace=300050, nelems=0, elem type=char[])
OBJ 50000424 (sz=24, trace=300177, class=java.lang.String@50000168)
ARR 50000425 (sz=160, trace=300178, nelems=0, elem type=char[])
ARR 50000426 (sz=56, trace=300186, nelems=0, elem type=char[])
OBJ 50000427 (sz=24, trace=300187, class=java.lang.String@50000168)
OBJ 50000428 (sz=32, trace=300188, class=java.io.File@50000077)
ARR 50000429 (sz=160, trace=300189, nelems=0, elem type=char[])
OBJ 5000042a (sz=24, trace=300190, class=java.lang.String@50000168)
ARR 5000042b (sz=160, trace=300191, nelems=0, elem type=char[])
OBJ 5000042c (sz=40, trace=300154, class=java.lang.ClassNotFoundException@50000157)
	detailMessage	500001cb
	stackTrace	500014fd
	suppressedExceptions	500014fc
OBJ 5000042d (sz=40, trace=300156, class=java.security.PrivilegedActionException@500003f1)
ARR 5000042e (sz=24, trace=300192, nelems=1, elem type=java.lang.Object[]@50000111)
	[0]		500001cb
OBJ 50000432 (sz=40, trace=300196, class=java.util.ResourceBundle$1@50000431)
	cacheKey	50001665
OBJ 50000433 (sz=64, trace=300197, class=java.util.concurrent.ConcurrentHashMap@5000002e)
	table		50000884
OBJ 50000434 (sz=32, trace=300198, class=java.lang.ref.ReferenceQueue@500000e5)
	lock		50000435
OBJ 50000435 (sz=16, trace=300199, class=java.lang.ref.ReferenceQueue$Lock@500000e3)
OBJ 50000438 (sz=32, trace=300202, class=java.util.ServiceLoader@50000437)
OBJ 50000439 (sz=56, trace=300203, class=java.util.LinkedHashMap@50000072)
OBJ 5000043b (sz=40, trace=300205, class=java.util.ServiceLoader$LazyIterator@5000043a)
OBJ 5000043d (sz=24, trace=300207, class=java.util.ServiceLoader$1@5000043c)
OBJ 5000043f (sz=16, trace=300209, class=java.util.LinkedHashMap$LinkedEntrySet@5000043e)
OBJ 50000442 (sz=32, trace=300211, class=java.util.LinkedHashMap$LinkedEntryIterator@50000441)
OBJ 50000443 (sz=24, trace=300212, class=java.lang.StringBuilder@5000011e)
ARR 50000444 (sz=48, trace=300213, nelems=0, elem type=char[])
ARR 50000445 (sz=88, trace=300050, nelems=0, elem type=char[])
ARR 50000446 (sz=160, trace=300050, nelems=0, elem type=char[])
OBJ 50000447 (sz=24, trace=300214, class=java.lang.String@50000168)
ARR 50000448 (sz=144, trace=300215, nelems=0, elem type=char[])
ARR 5000044a (sz=24, trace=300216, nelems=0, elem type=java.util.Enumeration[]@50000449)
OBJ 5000044d (sz=16, trace=300219, class=sun.misc.Launcher$BootClassPathHolder$1@5000044c)
ARR 5000044e (sz=48, trace=300220, nelems=0, elem type=java.io.File[]@50000046)
OBJ 5000044f (sz=24, trace=300221, class=java.lang.String@50000168)
	value		50000450
ARR 50000450 (sz=102, trace=300222, nelems=51, elem type=char[])
OBJ 50000451 (sz=32, trace=300223, class=java.io.File@50000077)
OBJ 50000452 (sz=24, trace=300221, class=java.lang.String@50000168)
ARR 50000453 (sz=104, trace=300222, nelems=0, elem type=char[])
OBJ 50000454 (sz=32, trace=300223, class=java.io.File@50000077)
OBJ 50000455 (sz=24, trace=300221, class=java.lang.String@50000168)
ARR 50000456 (sz=120, trace=300222, nelems=0, elem type=char[])
OBJ 50000457 (sz=32, trace=300223, class=java.io.File@50000077)
OBJ 50000458 (sz=24, trace=300221, class=java.lang.String@50000168)
ARR 50000459 (sz=112, trace=300222, nelems=0, elem type=char[])
OBJ 5000045a (sz=32, trace=300223, class=java.io.File@50000077)
OBJ 5000045b (sz=24, trace=300221, class=java.lang.String@50000168)
ARR 5000045c (sz=112, trace=300222, nelems=0, elem type=char[])
OBJ 5000045d (sz=32, trace=300223, class=java.io.File@50000077)
OBJ 5000045e (sz=24, trace=300221, class=java.lang.String@50000168)
ARR 5000045f (sz=120, trace=300222, nelems=0, elem type=char[])
OBJ 50000460 (sz=32, trace=300223, class=java.io.File@50000077)
OBJ 50000461 (sz=24, trace=300221, class=java.lang.String@50000168)
ARR 50000462 (sz=112, trace=300222, nelems=0, elem type=char[])
OBJ 50000463 (sz=32, trace=300223, class=java.io.File@50000077)
OBJ 50000464 (sz=24, trace=300224, class=java.lang.String@50000168)
	value		50000465
ARR 50000465 (sz=82, trace=300225, nelems=41, elem type=char[])
OBJ 50000466 (sz=32, trace=300226, class=java.io.File@50000077)
OBJ 50000467 (sz=16, trace=300227, class=java.util.HashSet@50000006)
OBJ 50000468 (sz=48, trace=300228, class=java.util.HashMap@500000ba)
OBJ 50000469 (sz=24, trace=300229, class=java.lang.String@50000168)
	value		5000046a
ARR 5000046a (sz=74, trace=300230, nelems=37, elem type=char[])
OBJ 5000046b (sz=32, trace=300231, class=java.io.File@50000077)
ARR 5000046c (sz=96, trace=300147, nelems=0, elem type=char[])
OBJ 5000046d (sz=24, trace=300148, class=java.lang.String@50000168)
ARR 5000046e (sz=96, trace=300149, nelems=0, elem type=char[])
ARR 5000046f (sz=80, trace=300232, nelems=0, elem type=java.util.HashMap$Node[]@500000b8)
OBJ 50000470 (sz=32, trace=300152, class=java.util.HashMap$Node@500000b9)
OBJ 50000471 (sz=32, trace=300233, class=java.io.File@50000077)
ARR 50000472 (sz=112, trace=300234, nelems=0, elem type=char[])
OBJ 50000473 (sz=24, trace=300235, class=java.lang.String@50000168)
	value		50000474
ARR 50000474 (sz=96, trace=300191, nelems=48, elem type=char[])
OBJ 50000475 (sz=32, trace=300236, class=java.io.FileInputStream@500000c8)
	fd		50000478
	path		50000473
	closeLock	50000477
OBJ 50000476 (sz=40, trace=300237, class=java.lang.ref.Finalizer@50000149)
	referent	50000475
	queue		500009b9
	next		50001605
OBJ 50000477 (sz=16, trace=300238, class=java.lang.Object@5000016c)
OBJ 50000478 (sz=40, trace=300239, class=java.io.FileDescriptor@500000c7)
	parent		50000475
OBJ 50000479 (sz=24, trace=300240, class=java.io.FileReader@5000003f)
ARR 5000047a (sz=24, trace=300241, nelems=2, elem type=java.lang.Object[]@50000111)
	[0]		50001152
	[1]		500010ad
OBJ 5000047b (sz=48, trace=300069, class=sun.nio.cs.SingleByte$Decoder@5000003a)
OBJ 5000047c (sz=48, trace=300242, class=sun.nio.cs.StreamDecoder@5000003e)
ARR 5000047d (sz=8208, trace=300243, nelems=0, elem type=byte[])
OBJ 5000047e (sz=48, trace=300107, class=java.nio.HeapByteBuffer@5000007e)
OBJ 5000047f (sz=48, trace=300244, class=java.io.BufferedReader@50000041)
ARR 50000480 (sz=16400, trace=300245, nelems=0, elem type=char[])
OBJ 50000481 (sz=24, trace=300246, class=java.util.ArrayList@500000c1)
OBJ 50000482 (sz=24, trace=300167, class=java.lang.String@50000168)
ARR 50000483 (sz=88, trace=300168, nelems=0, elem type=char[])
OBJ 50000484 (sz=24, trace=300169, class=java.io.ExpiringCache$Entry@50000068)
	val		50000d71
OBJ 50000485 (sz=40, trace=300247, class=java.util.LinkedHashMap$Entry@50000067)
	key		50000469
	value		50000484
	before		5000040a
	after		500005ca
OBJ 50000486 (sz=24, trace=300171, class=java.lang.String@50000168)
ARR 50000487 (sz=88, trace=300168, nelems=0, elem type=char[])
OBJ 50000488 (sz=32, trace=300172, class=java.io.File@50000077)
OBJ 50000489 (sz=32, trace=300248, class=java.io.File@50000077)
OBJ 5000048a (sz=48, trace=300249, class=java.nio.HeapCharBuffer@50000038)
OBJ 5000048b (sz=24, trace=300250, class=java.lang.String@50000168)
ARR 5000048c (sz=40, trace=300251, nelems=0, elem type=char[])
OBJ 5000048d (sz=24, trace=300252, class=java.lang.String@50000168)
ARR 5000048e (sz=120, trace=300251, nelems=0, elem type=char[])
OBJ 5000048f (sz=24, trace=300252, class=java.lang.String@50000168)
ARR 50000490 (sz=136, trace=300251, nelems=0, elem type=char[])
OBJ 50000491 (sz=24, trace=300252, class=java.lang.String@50000168)
ARR 50000492 (sz=96, trace=300251, nelems=0, elem type=char[])
OBJ 50000493 (sz=24, trace=300252, class=java.lang.String@50000168)
ARR 50000494 (sz=48, trace=300251, nelems=0, elem type=char[])
OBJ 50000495 (sz=24, trace=300253, class=java.lang.String@50000168)
ARR 50000496 (sz=40, trace=300254, nelems=0, elem type=char[])
OBJ 50000497 (sz=24, trace=300252, class=java.lang.String@50000168)
	value		50000498
ARR 50000498 (sz=14, trace=300251, nelems=7, elem type=char[])
ARR 50000499 (sz=56, trace=300150, nelems=0, elem type=java.lang.Object[]@50000111)
OBJ 5000049a (sz=24, trace=300252, class=java.lang.String@50000168)
	value		5000049b
ARR 5000049b (sz=14, trace=300251, nelems=7, elem type=char[])
OBJ 5000049c (sz=24, trace=300252, class=java.lang.String@50000168)
ARR 5000049d (sz=40, trace=300251, nelems=0, elem type=char[])
OBJ 5000049e (sz=32, trace=300255, class=java.io.File@50000077)
	path		500004a0
ARR 5000049f (sz=120, trace=300256, nelems=0, elem type=char[])
OBJ 500004a0 (sz=24, trace=300257, class=java.lang.String@50000168)
	value		500004a1
ARR 500004a1 (sz=100, trace=300191, nelems=50, elem type=char[])
OBJ 500004a2 (sz=24, trace=300258, class=sun.misc.MetaIndex@50000044)
	contents	5000105c
ARR 500004a3 (sz=16, trace=300259, nelems=0, elem type=java.lang.String[]@500000bc)
ARR 500004a4 (sz=120, trace=300147, nelems=0, elem type=char[])
OBJ 500004a5 (sz=24, trace=300148, class=java.lang.String@50000168)
ARR 500004a6 (sz=120, trace=300149, nelems=0, elem type=char[])
OBJ 500004a7 (sz=32, trace=300152, class=java.util.HashMap$Node@500000b9)
	key		5000049e
	value		500004a2
ARR 500004a8 (sz=144, trace=300260, nelems=31, elem type=java.util.HashMap$Node[]@500000b8)
	[1]		50000595
	[3]		50000fd8
	[7]		50000fd9
	[8]		50000fda
	[9]		50000fdb
	[12]		500004a7
	[13]		5000053b
	[14]		50000fdc
	[18]		50000fdd
	[19]		50000fde
	[21]		50000fdf
	[22]		50000fe0
	[24]		500004be
	[29]		50000fe1
	[30]		50000fe2
OBJ 500004a9 (sz=24, trace=300253, class=java.lang.String@50000168)
ARR 500004aa (sz=32, trace=300254, nelems=0, elem type=char[])
OBJ 500004ab (sz=24, trace=300252, class=java.lang.String@50000168)
	value		500004ac
ARR 500004ac (sz=24, trace=300251, nelems=12, elem type=char[])
OBJ 500004ad (sz=24, trace=300252, class=java.lang.String@50000168)
	value		500004ae
ARR 500004ae (sz=24, trace=300251, nelems=12, elem type=char[])
OBJ 500004af (sz=24, trace=300252, class=java.lang.String@50000168)
	value		500004b0
ARR 500004b0 (sz=42, trace=300251, nelems=21, elem type=char[])
OBJ 500004b1 (sz=24, trace=300252, class=java.lang.String@50000168)
	value		500004b2
ARR 500004b2 (sz=40, trace=300251, nelems=20, elem type=char[])
OBJ 500004b3 (sz=24, trace=300252, class=java.lang.String@50000168)
ARR 500004b4 (sz=40, trace=300251, nelems=0, elem type=char[])
OBJ 500004b5 (sz=32, trace=300255, class=java.io.File@50000077)
	path		500004b7
ARR 500004b6 (sz=112, trace=300256, nelems=0, elem type=char[])
OBJ 500004b7 (sz=24, trace=300257, class=java.lang.String@50000168)
	value		500004b8
ARR 500004b8 (sz=90, trace=300191, nelems=45, elem type=char[])
OBJ 500004b9 (sz=24, trace=300258, class=sun.misc.MetaIndex@50000044)
	contents	50000ff9
ARR 500004ba (sz=16, trace=300259, nelems=0, elem type=java.lang.String[]@500000bc)
ARR 500004bb (sz=112, trace=300147, nelems=0, elem type=char[])
OBJ 500004bc (sz=24, trace=300148, class=java.lang.String@50000168)
ARR 500004bd (sz=112, trace=300149, nelems=0, elem type=char[])
OBJ 500004be (sz=32, trace=300152, class=java.util.HashMap$Node@500000b9)
	key		500004b5
	value		500004b9
	next		500004d2
OBJ 500004bf (sz=24, trace=300253, class=java.lang.String@50000168)
ARR 500004c0 (sz=32, trace=300254, nelems=0, elem type=char[])
OBJ 500004c1 (sz=24, trace=300252, class=java.lang.String@50000168)
	value		500004c2
ARR 500004c2 (sz=30, trace=300251, nelems=15, elem type=char[])
OBJ 500004c3 (sz=24, trace=300252, class=java.lang.String@50000168)
	value		500004c4
ARR 500004c4 (sz=14, trace=300251, nelems=7, elem type=char[])
OBJ 500004c5 (sz=24, trace=300252, class=java.lang.String@50000168)
	value		500004c6
ARR 500004c6 (sz=38, trace=300251, nelems=19, elem type=char[])
OBJ 500004c7 (sz=24, trace=300252, class=java.lang.String@50000168)
ARR 500004c8 (sz=40, trace=300251, nelems=0, elem type=char[])
OBJ 500004c9 (sz=32, trace=300255, class=java.io.File@50000077)
	path		500004cb
ARR 500004ca (sz=112, trace=300256, nelems=0, elem type=char[])
OBJ 500004cb (sz=24, trace=300257, class=java.lang.String@50000168)
	value		500004cc
ARR 500004cc (sz=90, trace=300191, nelems=45, elem type=char[])
OBJ 500004cd (sz=24, trace=300258, class=sun.misc.MetaIndex@50000044)
	contents	50000ffa
ARR 500004ce (sz=16, trace=300259, nelems=0, elem type=java.lang.String[]@500000bc)
ARR 500004cf (sz=112, trace=300147, nelems=0, elem type=char[])
OBJ 500004d0 (sz=24, trace=300148, class=java.lang.String@50000168)
ARR 500004d1 (sz=112, trace=300149, nelems=0, elem type=char[])
OBJ 500004d2 (sz=32, trace=300153, class=java.util.HashMap$Node@500000b9)
	key		500004c9
	value		500004cd
OBJ 500004d3 (sz=24, trace=300253, class=java.lang.String@50000168)
ARR 500004d4 (sz=32, trace=300254, nelems=0, elem type=char[])
OBJ 500004d5 (sz=24, trace=300252, class=java.lang.String@50000168)
	value		500004d6
ARR 500004d6 (sz=24, trace=300251, nelems=12, elem type=char[])
OBJ 500004d7 (sz=24, trace=300252, class=java.lang.String@50000168)
	value		500004d8
ARR 500004d8 (sz=24, trace=300251, nelems=12, elem type=char[])
OBJ 500004d9 (sz=24, trace=300252, class=java.lang.String@50000168)
ARR 500004da (sz=64, trace=300251, nelems=0, elem type=char[])
OBJ 500004db (sz=32, trace=300255, class=java.io.File@50000077)
	path		500004dd
ARR 500004dc (sz=112, trace=300256, nelems=0, elem type=char[])
OBJ 500004dd (sz=24, trace=300257, class=java.lang.String@50000168)
	value		500004de
ARR 500004de (sz=92, trace=300191, nelems=46, elem type=char[])
OBJ 500004df (sz=24, trace=300258, class=sun.misc.MetaIndex@50000044)
	contents	50001044
ARR 500004e0 (sz=16, trace=300259, nelems=0, elem type=java.lang.String[]@500000bc)
ARR 500004e1 (sz=112, trace=300147, nelems=0, elem type=char[])
OBJ 500004e2 (sz=24, trace=300148, class=java.lang.String@50000168)
ARR 500004e3 (sz=112, trace=300149, nelems=0, elem type=char[])
OBJ 500004e4 (sz=32, trace=300153, class=java.util.HashMap$Node@500000b9)
	key		500004db
	value		500004df
OBJ 500004e5 (sz=24, trace=300253, class=java.lang.String@50000168)
ARR 500004e6 (sz=56, trace=300254, nelems=0, elem type=char[])
OBJ 500004e7 (sz=24, trace=300252, class=java.lang.String@50000168)
ARR 500004e8 (sz=48, trace=300251, nelems=0, elem type=char[])
OBJ 500004e9 (sz=24, trace=300253, class=java.lang.String@50000168)
ARR 500004ea (sz=48, trace=300254, nelems=0, elem type=char[])
OBJ 500004eb (sz=24, trace=300252, class=java.lang.String@50000168)
	value		500004ec
ARR 500004ec (sz=54, trace=300251, nelems=27, elem type=char[])
OBJ 500004ed (sz=24, trace=300252, class=java.lang.String@50000168)
	value		500004ee
ARR 500004ee (sz=104, trace=300251, nelems=52, elem type=char[])
OBJ 500004ef (sz=24, trace=300252, class=java.lang.String@50000168)
	value		500004f0
ARR 500004f0 (sz=96, trace=300251, nelems=48, elem type=char[])
OBJ 500004f1 (sz=24, trace=300252, class=java.lang.String@50000168)
	value		500004f2
ARR 500004f2 (sz=28, trace=300251, nelems=14, elem type=char[])
OBJ 500004f3 (sz=24, trace=300252, class=java.lang.String@50000168)
	value		500004f4
ARR 500004f4 (sz=108, trace=300251, nelems=54, elem type=char[])
OBJ 500004f5 (sz=24, trace=300252, class=java.lang.String@50000168)
	value		500004f6
ARR 500004f6 (sz=18, trace=300251, nelems=9, elem type=char[])
OBJ 500004f7 (sz=24, trace=300252, class=java.lang.String@50000168)
	value		500004f8
ARR 500004f8 (sz=106, trace=300251, nelems=53, elem type=char[])
OBJ 500004f9 (sz=24, trace=300252, class=java.lang.String@50000168)
	value		500004fa
ARR 500004fa (sz=102, trace=300251, nelems=51, elem type=char[])
OBJ 500004fb (sz=24, trace=300252, class=java.lang.String@50000168)
	value		500004fc
ARR 500004fc (sz=22, trace=300251, nelems=11, elem type=char[])
OBJ 500004fd (sz=24, trace=300252, class=java.lang.String@50000168)
	value		500004fe
ARR 500004fe (sz=114, trace=300251, nelems=57, elem type=char[])
OBJ 500004ff (sz=24, trace=300252, class=java.lang.String@50000168)
	value		50000500
ARR 50000500 (sz=114, trace=300251, nelems=57, elem type=char[])
ARR 50000501 (sz=80, trace=300150, nelems=0, elem type=java.lang.Object[]@50000111)
OBJ 50000502 (sz=24, trace=300252, class=java.lang.String@50000168)
	value		50000503
ARR 50000503 (sz=14, trace=300251, nelems=7, elem type=char[])
OBJ 50000504 (sz=24, trace=300252, class=java.lang.String@50000168)
	value		50000505
ARR 50000505 (sz=114, trace=300251, nelems=57, elem type=char[])
OBJ 50000506 (sz=24, trace=300252, class=java.lang.String@50000168)
	value		50000507
ARR 50000507 (sz=32, trace=300251, nelems=16, elem type=char[])
OBJ 50000508 (sz=24, trace=300252, class=java.lang.String@50000168)
	value		50000509
ARR 50000509 (sz=98, trace=300251, nelems=49, elem type=char[])
OBJ 5000050a (sz=24, trace=300252, class=java.lang.String@50000168)
	value		5000050b
ARR 5000050b (sz=52, trace=300251, nelems=26, elem type=char[])
ARR 5000050c (sz=104, trace=300150, nelems=0, elem type=java.lang.Object[]@50000111)
OBJ 5000050d (sz=24, trace=300252, class=java.lang.String@50000168)
	value		5000050e
ARR 5000050e (sz=106, trace=300251, nelems=53, elem type=char[])
OBJ 5000050f (sz=24, trace=300252, class=java.lang.String@50000168)
	value		50000510
ARR 50000510 (sz=14, trace=300251, nelems=7, elem type=char[])
OBJ 50000511 (sz=24, trace=300252, class=java.lang.String@50000168)
	value		50000512
ARR 50000512 (sz=18, trace=300251, nelems=9, elem type=char[])
OBJ 50000513 (sz=24, trace=300252, class=java.lang.String@50000168)
	value		50000514
ARR 50000514 (sz=120, trace=300251, nelems=60, elem type=char[])
OBJ 50000515 (sz=24, trace=300252, class=java.lang.String@50000168)
	value		50000516
ARR 50000516 (sz=30, trace=300251, nelems=15, elem type=char[])
OBJ 50000517 (sz=24, trace=300252, class=java.lang.String@50000168)
	value		50000518
ARR 50000518 (sz=110, trace=300251, nelems=55, elem type=char[])
OBJ 50000519 (sz=24, trace=300252, class=java.lang.String@50000168)
	value		5000051a
ARR 5000051a (sz=48, trace=300251, nelems=24, elem type=char[])
ARR 5000051b (sz=152, trace=300150, nelems=0, elem type=java.lang.Object[]@50000111)
OBJ 5000051c (sz=24, trace=300252, class=java.lang.String@50000168)
	value		5000051d
ARR 5000051d (sz=18, trace=300251, nelems=9, elem type=char[])
OBJ 5000051e (sz=24, trace=300252, class=java.lang.String@50000168)
	value		5000051f
ARR 5000051f (sz=16, trace=300251, nelems=8, elem type=char[])
OBJ 50000520 (sz=24, trace=300252, class=java.lang.String@50000168)
	value		50000521
ARR 50000521 (sz=18, trace=300251, nelems=9, elem type=char[])
OBJ 50000522 (sz=24, trace=300252, class=java.lang.String@50000168)
	value		50000523
ARR 50000523 (sz=110, trace=300251, nelems=55, elem type=char[])
OBJ 50000524 (sz=24, trace=300252, class=java.lang.String@50000168)
	value		50000525
ARR 50000525 (sz=24, trace=300251, nelems=12, elem type=char[])
OBJ 50000526 (sz=24, trace=300252, class=java.lang.String@50000168)
	value		50000527
ARR 50000527 (sz=102, trace=300251, nelems=51, elem type=char[])
OBJ 50000528 (sz=24, trace=300252, class=java.lang.String@50000168)
	value		50000529
ARR 50000529 (sz=38, trace=300251, nelems=19, elem type=char[])
OBJ 5000052a (sz=24, trace=300252, class=java.lang.String@50000168)
	value		5000052b
ARR 5000052b (sz=26, trace=300251, nelems=13, elem type=char[])
OBJ 5000052c (sz=24, trace=300252, class=java.lang.String@50000168)
	value		5000052d
ARR 5000052d (sz=24, trace=300251, nelems=12, elem type=char[])
OBJ 5000052e (sz=24, trace=300252, class=java.lang.String@50000168)
	value		5000052f
ARR 5000052f (sz=132, trace=300251, nelems=66, elem type=char[])
OBJ 50000530 (sz=24, trace=300252, class=java.lang.String@50000168)
ARR 50000531 (sz=32, trace=300251, nelems=0, elem type=char[])
OBJ 50000532 (sz=32, trace=300255, class=java.io.File@50000077)
	path		50000534
ARR 50000533 (sz=120, trace=300256, nelems=0, elem type=char[])
OBJ 50000534 (sz=24, trace=300257, class=java.lang.String@50000168)
	value		50000535
ARR 50000535 (sz=102, trace=300191, nelems=51, elem type=char[])
OBJ 50000536 (sz=24, trace=300258, class=sun.misc.MetaIndex@50000044)
	contents	5000105b
ARR 50000537 (sz=16, trace=300259, nelems=0, elem type=java.lang.String[]@500000bc)
ARR 50000538 (sz=120, trace=300147, nelems=0, elem type=char[])
OBJ 50000539 (sz=24, trace=300148, class=java.lang.String@50000168)
ARR 5000053a (sz=120, trace=300149, nelems=0, elem type=char[])
OBJ 5000053b (sz=32, trace=300152, class=java.util.HashMap$Node@500000b9)
	key		50000532
	value		50000536
OBJ 5000053c (sz=24, trace=300253, class=java.lang.String@50000168)
ARR 5000053d (sz=32, trace=300254, nelems=0, elem type=char[])
OBJ 5000053e (sz=24, trace=300252, class=java.lang.String@50000168)
	value		5000053f
ARR 5000053f (sz=54, trace=300251, nelems=27, elem type=char[])
OBJ 50000540 (sz=24, trace=300252, class=java.lang.String@50000168)
	value		50000541
ARR 50000541 (sz=10, trace=300251, nelems=5, elem type=char[])
OBJ 50000542 (sz=24, trace=300252, class=java.lang.String@50000168)
	value		50000543
ARR 50000543 (sz=18, trace=300251, nelems=9, elem type=char[])
OBJ 50000544 (sz=24, trace=300252, class=java.lang.String@50000168)
	value		50000545
ARR 50000545 (sz=28, trace=300251, nelems=14, elem type=char[])
OBJ 50000546 (sz=24, trace=300252, class=java.lang.String@50000168)
	value		50000547
ARR 50000547 (sz=32, trace=300251, nelems=16, elem type=char[])
OBJ 50000548 (sz=24, trace=300252, class=java.lang.String@50000168)
	value		50000549
ARR 50000549 (sz=42, trace=300251, nelems=21, elem type=char[])
OBJ 5000054a (sz=24, trace=300252, class=java.lang.String@50000168)
	value		5000054b
ARR 5000054b (sz=28, trace=300251, nelems=14, elem type=char[])
OBJ 5000054c (sz=24, trace=300252, class=java.lang.String@50000168)
	value		5000054d
ARR 5000054d (sz=28, trace=300251, nelems=14, elem type=char[])
OBJ 5000054e (sz=24, trace=300252, class=java.lang.String@50000168)
	value		5000054f
ARR 5000054f (sz=24, trace=300251, nelems=12, elem type=char[])
OBJ 50000550 (sz=24, trace=300252, class=java.lang.String@50000168)
	value		50000551
ARR 50000551 (sz=38, trace=300251, nelems=19, elem type=char[])
OBJ 50000552 (sz=24, trace=300252, class=java.lang.String@50000168)
	value		50000553
ARR 50000553 (sz=8, trace=300251, nelems=4, elem type=char[])
OBJ 50000554 (sz=24, trace=300252, class=java.lang.String@50000168)
	value		50000555
ARR 50000555 (sz=24, trace=300251, nelems=12, elem type=char[])
OBJ 50000556 (sz=24, trace=300252, class=java.lang.String@50000168)
	value		50000557
ARR 50000557 (sz=26, trace=300251, nelems=13, elem type=char[])
OBJ 50000558 (sz=24, trace=300252, class=java.lang.String@50000168)
	value		50000559
ARR 50000559 (sz=32, trace=300251, nelems=16, elem type=char[])
OBJ 5000055a (sz=24, trace=300252, class=java.lang.String@50000168)
	value		5000055b
ARR 5000055b (sz=24, trace=300251, nelems=12, elem type=char[])
OBJ 5000055c (sz=24, trace=300252, class=java.lang.String@50000168)
	value		5000055d
ARR 5000055d (sz=24, trace=300251, nelems=12, elem type=char[])
OBJ 5000055e (sz=24, trace=300252, class=java.lang.String@50000168)
	value		5000055f
ARR 5000055f (sz=16, trace=300251, nelems=8, elem type=char[])
OBJ 50000560 (sz=24, trace=300252, class=java.lang.String@50000168)
	value		50000561
ARR 50000561 (sz=28, trace=300251, nelems=14, elem type=char[])
OBJ 50000562 (sz=24, trace=300252, class=java.lang.String@50000168)
	value		50000563
ARR 50000563 (sz=38, trace=300251, nelems=19, elem type=char[])
OBJ 50000564 (sz=24, trace=300252, class=java.lang.String@50000168)
	value		50000565
ARR 50000565 (sz=24, trace=300251, nelems=12, elem type=char[])
OBJ 50000566 (sz=24, trace=300252, class=java.lang.String@50000168)
	value		50000567
ARR 50000567 (sz=30, trace=300251, nelems=15, elem type=char[])
OBJ 50000568 (sz=24, trace=300252, class=java.lang.String@50000168)
	value		50000569
ARR 50000569 (sz=16, trace=300251, nelems=8, elem type=char[])
OBJ 5000056a (sz=24, trace=300252, class=java.lang.String@50000168)
	value		5000056b
ARR 5000056b (sz=30, trace=300251, nelems=15, elem type=char[])
OBJ 5000056c (sz=24, trace=300252, class=java.lang.String@50000168)
	value		5000056d
ARR 5000056d (sz=8, trace=300251, nelems=4, elem type=char[])
OBJ 5000056e (sz=24, trace=300252, class=java.lang.String@50000168)
	value		5000056f
ARR 5000056f (sz=30, trace=300251, nelems=15, elem type=char[])
OBJ 50000570 (sz=24, trace=300252, class=java.lang.String@50000168)
	value		50000571
ARR 50000571 (sz=16, trace=300251, nelems=8, elem type=char[])
OBJ 50000572 (sz=24, trace=300252, class=java.lang.String@50000168)
	value		50000573
ARR 50000573 (sz=16, trace=300251, nelems=8, elem type=char[])
OBJ 50000574 (sz=24, trace=300252, class=java.lang.String@50000168)
	value		50000575
ARR 50000575 (sz=34, trace=300251, nelems=17, elem type=char[])
OBJ 50000576 (sz=24, trace=300252, class=java.lang.String@50000168)
	value		50000577
ARR 50000577 (sz=28, trace=300251, nelems=14, elem type=char[])
OBJ 50000578 (sz=24, trace=300252, class=java.lang.String@50000168)
	value		50000579
ARR 50000579 (sz=24, trace=300251, nelems=12, elem type=char[])
OBJ 5000057a (sz=24, trace=300252, class=java.lang.String@50000168)
	value		5000057b
ARR 5000057b (sz=38, trace=300251, nelems=19, elem type=char[])
OBJ 5000057c (sz=24, trace=300252, class=java.lang.String@50000168)
	value		5000057d
ARR 5000057d (sz=22, trace=300251, nelems=11, elem type=char[])
OBJ 5000057e (sz=24, trace=300252, class=java.lang.String@50000168)
	value		5000057f
ARR 5000057f (sz=34, trace=300251, nelems=17, elem type=char[])
OBJ 50000580 (sz=24, trace=300252, class=java.lang.String@50000168)
	value		50000581
ARR 50000581 (sz=26, trace=300251, nelems=13, elem type=char[])
ARR 50000582 (sz=216, trace=300150, nelems=0, elem type=java.lang.Object[]@50000111)
OBJ 50000583 (sz=24, trace=300252, class=java.lang.String@50000168)
	value		50000584
ARR 50000584 (sz=44, trace=300251, nelems=22, elem type=char[])
OBJ 50000585 (sz=24, trace=300252, class=java.lang.String@50000168)
	value		50000586
ARR 50000586 (sz=24, trace=300251, nelems=12, elem type=char[])
OBJ 50000587 (sz=24, trace=300252, class=java.lang.String@50000168)
	value		50000588
ARR 50000588 (sz=12, trace=300251, nelems=6, elem type=char[])
OBJ 50000589 (sz=24, trace=300261, class=java.lang.StringBuffer@5000011f)
ARR 5000058a (sz=176, trace=300262, nelems=0, elem type=char[])
OBJ 5000058b (sz=48, trace=300249, class=java.nio.HeapCharBuffer@50000038)
OBJ 5000058c (sz=32, trace=300263, class=java.io.File@50000077)
	path		5000058e
ARR 5000058d (sz=104, trace=300264, nelems=0, elem type=char[])
OBJ 5000058e (sz=24, trace=300265, class=java.lang.String@50000168)
	value		5000058f
ARR 5000058f (sz=88, trace=300191, nelems=44, elem type=char[])
OBJ 50000590 (sz=24, trace=300266, class=sun.misc.MetaIndex@50000044)
	contents	50001089
ARR 50000591 (sz=16, trace=300267, nelems=0, elem type=java.lang.String[]@500000bc)
ARR 50000592 (sz=104, trace=300147, nelems=0, elem type=char[])
OBJ 50000593 (sz=24, trace=300148, class=java.lang.String@50000168)
ARR 50000594 (sz=104, trace=300149, nelems=0, elem type=char[])
OBJ 50000595 (sz=32, trace=300152, class=java.util.HashMap$Node@500000b9)
	key		5000058c
	value		50000590
OBJ 50000596 (sz=16, trace=300268, class=java.io.FileInputStream$1@50000016)
OBJ 50000597 (sz=24, trace=300229, class=java.lang.String@50000168)
ARR 50000598 (sz=96, trace=300230, nelems=0, elem type=char[])
OBJ 50000599 (sz=32, trace=300231, class=java.io.File@50000077)
ARR 5000059a (sz=96, trace=300147, nelems=0, elem type=char[])
OBJ 5000059b (sz=24, trace=300148, class=java.lang.String@50000168)
ARR 5000059c (sz=96, trace=300149, nelems=0, elem type=char[])
OBJ 5000059d (sz=24, trace=300229, class=java.lang.String@50000168)
ARR 5000059e (sz=96, trace=300230, nelems=0, elem type=char[])
OBJ 5000059f (sz=32, trace=300231, class=java.io.File@50000077)
ARR 500005a0 (sz=96, trace=300147, nelems=0, elem type=char[])
OBJ 500005a1 (sz=24, trace=300148, class=java.lang.String@50000168)
ARR 500005a2 (sz=96, trace=300149, nelems=0, elem type=char[])
OBJ 500005a3 (sz=24, trace=300229, class=java.lang.String@50000168)
ARR 500005a4 (sz=96, trace=300230, nelems=0, elem type=char[])
OBJ 500005a5 (sz=32, trace=300231, class=java.io.File@50000077)
ARR 500005a6 (sz=96, trace=300147, nelems=0, elem type=char[])
OBJ 500005a7 (sz=24, trace=300148, class=java.lang.String@50000168)
ARR 500005a8 (sz=96, trace=300149, nelems=0, elem type=char[])
OBJ 500005a9 (sz=24, trace=300229, class=java.lang.String@50000168)
ARR 500005aa (sz=96, trace=300230, nelems=0, elem type=char[])
OBJ 500005ab (sz=32, trace=300231, class=java.io.File@50000077)
ARR 500005ac (sz=96, trace=300147, nelems=0, elem type=char[])
OBJ 500005ad (sz=24, trace=300148, class=java.lang.String@50000168)
ARR 500005ae (sz=96, trace=300149, nelems=0, elem type=char[])
OBJ 500005af (sz=24, trace=300229, class=java.lang.String@50000168)
ARR 500005b0 (sz=96, trace=300230, nelems=0, elem type=char[])
OBJ 500005b1 (sz=32, trace=300231, class=java.io.File@50000077)
ARR 500005b2 (sz=96, trace=300147, nelems=0, elem type=char[])
OBJ 500005b3 (sz=24, trace=300148, class=java.lang.String@50000168)
ARR 500005b4 (sz=96, trace=300149, nelems=0, elem type=char[])
OBJ 500005b5 (sz=24, trace=300229, class=java.lang.String@50000168)
ARR 500005b6 (sz=96, trace=300230, nelems=0, elem type=char[])
OBJ 500005b7 (sz=32, trace=300231, class=java.io.File@50000077)
ARR 500005b8 (sz=96, trace=300147, nelems=0, elem type=char[])
OBJ 500005b9 (sz=24, trace=300148, class=java.lang.String@50000168)
ARR 500005ba (sz=96, trace=300149, nelems=0, elem type=char[])
OBJ 500005bb (sz=24, trace=300229, class=java.lang.String@50000168)
ARR 500005bc (sz=88, trace=300230, nelems=0, elem type=char[])
OBJ 500005bd (sz=32, trace=300231, class=java.io.File@50000077)
ARR 500005be (sz=88, trace=300147, nelems=0, elem type=char[])
OBJ 500005bf (sz=24, trace=300148, class=java.lang.String@50000168)
ARR 500005c0 (sz=88, trace=300149, nelems=0, elem type=char[])
OBJ 500005c1 (sz=32, trace=300152, class=java.util.HashMap$Node@500000b9)
OBJ 500005c2 (sz=32, trace=300233, class=java.io.File@50000077)
ARR 500005c3 (sz=104, trace=300234, nelems=0, elem type=char[])
OBJ 500005c4 (sz=24, trace=300235, class=java.lang.String@50000168)
ARR 500005c5 (sz=104, trace=300191, nelems=0, elem type=char[])
ARR 500005c6 (sz=48, trace=300269, nelems=0, elem type=java.net.URL[]@5000000f)
OBJ 500005c7 (sz=24, trace=300167, class=java.lang.String@50000168)
	value		500005c8
ARR 500005c8 (sz=74, trace=300168, nelems=37, elem type=char[])
OBJ 500005c9 (sz=24, trace=300169, class=java.io.ExpiringCache$Entry@50000068)
	val		50000d6f
OBJ 500005ca (sz=40, trace=300170, class=java.util.LinkedHashMap$Entry@50000067)
	key		5000044f
	value		500005c9
	before		50000485
	after		500005ed
OBJ 500005cb (sz=24, trace=300171, class=java.lang.String@50000168)
	value		500005cc
ARR 500005cc (sz=74, trace=300168, nelems=37, elem type=char[])
OBJ 500005cd (sz=32, trace=300172, class=java.io.File@50000077)
OBJ 500005ce (sz=24, trace=300270, class=java.io.ExpiringCache$Entry@50000068)
	val		500005cb
OBJ 500005cf (sz=40, trace=300170, class=java.util.LinkedHashMap$Entry@50000067)
	key		500005c7
	value		500005ce
	before		50000dc8
OBJ 500005d0 (sz=32, trace=300271, class=java.io.File@50000077)
ARR 500005d1 (sz=256, trace=300272, nelems=0, elem type=char[])
ARR 500005d2 (sz=120, trace=300273, nelems=0, elem type=char[])
OBJ 500005d3 (sz=24, trace=300274, class=java.lang.String@50000168)
ARR 500005d4 (sz=128, trace=300275, nelems=0, elem type=char[])
OBJ 500005d5 (sz=24, trace=300276, class=java.lang.StringBuilder@5000011e)
ARR 500005d6 (sz=48, trace=300277, nelems=0, elem type=char[])
ARR 500005d7 (sz=128, trace=300050, nelems=0, elem type=char[])
OBJ 500005d8 (sz=24, trace=300278, class=java.lang.String@50000168)
	value		500005d9
ARR 500005d9 (sz=108, trace=300279, nelems=54, elem type=char[])
OBJ 500005da (sz=64, trace=300280, class=java.net.URL@50000013)
	protocol	50000f90
	host		50000aae
	file		500005d8
	authority	50000aae
	path		500005d8
	handler		50000f8e
OBJ 500005db (sz=24, trace=300281, class=java.net.Parts@50000012)
OBJ 500005dc (sz=24, trace=300167, class=java.lang.String@50000168)
ARR 500005dd (sz=96, trace=300168, nelems=0, elem type=char[])
OBJ 500005de (sz=24, trace=300282, class=java.lang.String@50000168)
ARR 500005df (sz=32, trace=300283, nelems=0, elem type=char[])
OBJ 500005e0 (sz=24, trace=300284, class=java.lang.StringBuilder@5000011e)
ARR 500005e1 (sz=48, trace=300285, nelems=0, elem type=char[])
ARR 500005e2 (sz=96, trace=300050, nelems=0, elem type=char[])
ARR 500005e3 (sz=168, trace=300286, nelems=0, elem type=char[])
OBJ 500005e4 (sz=24, trace=300287, class=java.lang.String@50000168)
ARR 500005e5 (sz=104, trace=300288, nelems=0, elem type=char[])
OBJ 500005e6 (sz=24, trace=300289, class=java.lang.StringBuilder@5000011e)
ARR 500005e7 (sz=48, trace=300290, nelems=0, elem type=char[])
ARR 500005e8 (sz=96, trace=300050, nelems=0, elem type=char[])
ARR 500005e9 (sz=168, trace=300286, nelems=0, elem type=char[])
OBJ 500005ea (sz=24, trace=300291, class=java.lang.String@50000168)
	value		500005eb
ARR 500005eb (sz=88, trace=300292, nelems=44, elem type=char[])
OBJ 500005ec (sz=24, trace=300293, class=java.io.ExpiringCache$Entry@50000068)
	val		50000d6d
OBJ 500005ed (sz=40, trace=300247, class=java.util.LinkedHashMap$Entry@50000067)
	key		500005ea
	value		500005ec
	before		500005ca
	after		5000060b
OBJ 500005ee (sz=32, trace=300271, class=java.io.File@50000077)
ARR 500005ef (sz=224, trace=300272, nelems=0, elem type=char[])
ARR 500005f0 (sz=104, trace=300273, nelems=0, elem type=char[])
OBJ 500005f1 (sz=24, trace=300274, class=java.lang.String@50000168)
ARR 500005f2 (sz=112, trace=300275, nelems=0, elem type=char[])
OBJ 500005f3 (sz=24, trace=300276, class=java.lang.StringBuilder@5000011e)
ARR 500005f4 (sz=48, trace=300277, nelems=0, elem type=char[])
ARR 500005f5 (sz=112, trace=300050, nelems=0, elem type=char[])
OBJ 500005f6 (sz=24, trace=300278, class=java.lang.String@50000168)
	value		500005f7
ARR 500005f7 (sz=94, trace=300279, nelems=47, elem type=char[])
OBJ 500005f8 (sz=64, trace=300280, class=java.net.URL@50000013)
	protocol	50000f90
	host		50000aae
	file		500005f6
	authority	50000aae
	path		500005f6
	handler		50000f8e
OBJ 500005f9 (sz=24, trace=300281, class=java.net.Parts@50000012)
OBJ 500005fa (sz=24, trace=300167, class=java.lang.String@50000168)
ARR 500005fb (sz=96, trace=300168, nelems=0, elem type=char[])
OBJ 500005fc (sz=24, trace=300282, class=java.lang.String@50000168)
ARR 500005fd (sz=48, trace=300283, nelems=0, elem type=char[])
OBJ 500005fe (sz=24, trace=300284, class=java.lang.StringBuilder@5000011e)
ARR 500005ff (sz=48, trace=300285, nelems=0, elem type=char[])
ARR 50000600 (sz=96, trace=300050, nelems=0, elem type=char[])
ARR 50000601 (sz=168, trace=300286, nelems=0, elem type=char[])
OBJ 50000602 (sz=24, trace=300287, class=java.lang.String@50000168)
ARR 50000603 (sz=120, trace=300288, nelems=0, elem type=char[])
OBJ 50000604 (sz=24, trace=300289, class=java.lang.StringBuilder@5000011e)
ARR 50000605 (sz=48, trace=300290, nelems=0, elem type=char[])
ARR 50000606 (sz=96, trace=300050, nelems=0, elem type=char[])
ARR 50000607 (sz=168, trace=300286, nelems=0, elem type=char[])
OBJ 50000608 (sz=24, trace=300291, class=java.lang.String@50000168)
	value		50000609
ARR 50000609 (sz=104, trace=300292, nelems=52, elem type=char[])
OBJ 5000060a (sz=24, trace=300293, class=java.io.ExpiringCache$Entry@50000068)
	val		50000d6b
OBJ 5000060b (sz=40, trace=300247, class=java.util.LinkedHashMap$Entry@50000067)
	key		50000608
	value		5000060a
	before		500005ed
	after		50000629
OBJ 5000060c (sz=32, trace=300271, class=java.io.File@50000077)
ARR 5000060d (sz=256, trace=300272, nelems=0, elem type=char[])
ARR 5000060e (sz=120, trace=300273, nelems=0, elem type=char[])
OBJ 5000060f (sz=24, trace=300274, class=java.lang.String@50000168)
ARR 50000610 (sz=128, trace=300275, nelems=0, elem type=char[])
OBJ 50000611 (sz=24, trace=300276, class=java.lang.StringBuilder@5000011e)
ARR 50000612 (sz=48, trace=300277, nelems=0, elem type=char[])
ARR 50000613 (sz=128, trace=300050, nelems=0, elem type=char[])
OBJ 50000614 (sz=24, trace=300278, class=java.lang.String@50000168)
	value		50000615
ARR 50000615 (sz=110, trace=300279, nelems=55, elem type=char[])
OBJ 50000616 (sz=64, trace=300280, class=java.net.URL@50000013)
	protocol	50000f90
	host		50000aae
	file		50000614
	authority	50000aae
	path		50000614
	handler		50000f8e
OBJ 50000617 (sz=24, trace=300281, class=java.net.Parts@50000012)
OBJ 50000618 (sz=24, trace=300167, class=java.lang.String@50000168)
ARR 50000619 (sz=96, trace=300168, nelems=0, elem type=char[])
OBJ 5000061a (sz=24, trace=300282, class=java.lang.String@50000168)
ARR 5000061b (sz=32, trace=300283, nelems=0, elem type=char[])
OBJ 5000061c (sz=24, trace=300284, class=java.lang.StringBuilder@5000011e)
ARR 5000061d (sz=48, trace=300285, nelems=0, elem type=char[])
ARR 5000061e (sz=96, trace=300050, nelems=0, elem type=char[])
ARR 5000061f (sz=168, trace=300286, nelems=0, elem type=char[])
OBJ 50000620 (sz=24, trace=300287, class=java.lang.String@50000168)
ARR 50000621 (sz=112, trace=300288, nelems=0, elem type=char[])
OBJ 50000622 (sz=24, trace=300289, class=java.lang.StringBuilder@5000011e)
ARR 50000623 (sz=48, trace=300290, nelems=0, elem type=char[])
ARR 50000624 (sz=96, trace=300050, nelems=0, elem type=char[])
ARR 50000625 (sz=168, trace=300286, nelems=0, elem type=char[])
OBJ 50000626 (sz=24, trace=300291, class=java.lang.String@50000168)
	value		50000627
ARR 50000627 (sz=92, trace=300292, nelems=46, elem type=char[])
OBJ 50000628 (sz=24, trace=300293, class=java.io.ExpiringCache$Entry@50000068)
	val		50000d69
OBJ 50000629 (sz=40, trace=300247, class=java.util.LinkedHashMap$Entry@50000067)
	key		50000626
	value		50000628
	before		5000060b
	after		50000647
OBJ 5000062a (sz=32, trace=300271, class=java.io.File@50000077)
ARR 5000062b (sz=232, trace=300272, nelems=0, elem type=char[])
ARR 5000062c (sz=112, trace=300273, nelems=0, elem type=char[])
OBJ 5000062d (sz=24, trace=300274, class=java.lang.String@50000168)
ARR 5000062e (sz=112, trace=300275, nelems=0, elem type=char[])
OBJ 5000062f (sz=24, trace=300276, class=java.lang.StringBuilder@5000011e)
ARR 50000630 (sz=48, trace=300277, nelems=0, elem type=char[])
ARR 50000631 (sz=120, trace=300050, nelems=0, elem type=char[])
OBJ 50000632 (sz=24, trace=300278, class=java.lang.String@50000168)
	value		50000633
ARR 50000633 (sz=98, trace=300279, nelems=49, elem type=char[])
OBJ 50000634 (sz=64, trace=300280, class=java.net.URL@50000013)
	protocol	50000f90
	host		50000aae
	file		50000632
	authority	50000aae
	path		50000632
	handler		50000f8e
OBJ 50000635 (sz=24, trace=300281, class=java.net.Parts@50000012)
OBJ 50000636 (sz=24, trace=300167, class=java.lang.String@50000168)
ARR 50000637 (sz=96, trace=300168, nelems=0, elem type=char[])
OBJ 50000638 (sz=24, trace=300282, class=java.lang.String@50000168)
ARR 50000639 (sz=32, trace=300283, nelems=0, elem type=char[])
OBJ 5000063a (sz=24, trace=300284, class=java.lang.StringBuilder@5000011e)
ARR 5000063b (sz=48, trace=300285, nelems=0, elem type=char[])
ARR 5000063c (sz=96, trace=300050, nelems=0, elem type=char[])
ARR 5000063d (sz=168, trace=300286, nelems=0, elem type=char[])
OBJ 5000063e (sz=24, trace=300287, class=java.lang.String@50000168)
ARR 5000063f (sz=112, trace=300288, nelems=0, elem type=char[])
OBJ 50000640 (sz=24, trace=300289, class=java.lang.StringBuilder@5000011e)
ARR 50000641 (sz=48, trace=300290, nelems=0, elem type=char[])
ARR 50000642 (sz=96, trace=300050, nelems=0, elem type=char[])
ARR 50000643 (sz=168, trace=300286, nelems=0, elem type=char[])
OBJ 50000644 (sz=24, trace=300291, class=java.lang.String@50000168)
	value		50000645
ARR 50000645 (sz=90, trace=300292, nelems=45, elem type=char[])
OBJ 50000646 (sz=24, trace=300293, class=java.io.ExpiringCache$Entry@50000068)
	val		50000d67
OBJ 50000647 (sz=40, trace=300170, class=java.util.LinkedHashMap$Entry@50000067)
	key		50000644
	value		50000646
	before		50000629
	after		50000665
OBJ 50000648 (sz=32, trace=300271, class=java.io.File@50000077)
ARR 50000649 (sz=232, trace=300272, nelems=0, elem type=char[])
ARR 5000064a (sz=112, trace=300273, nelems=0, elem type=char[])
OBJ 5000064b (sz=24, trace=300274, class=java.lang.String@50000168)
ARR 5000064c (sz=112, trace=300275, nelems=0, elem type=char[])
OBJ 5000064d (sz=24, trace=300276, class=java.lang.StringBuilder@5000011e)
ARR 5000064e (sz=48, trace=300277, nelems=0, elem type=char[])
ARR 5000064f (sz=112, trace=300050, nelems=0, elem type=char[])
OBJ 50000650 (sz=24, trace=300278, class=java.lang.String@50000168)
	value		50000651
ARR 50000651 (sz=96, trace=300279, nelems=48, elem type=char[])
OBJ 50000652 (sz=64, trace=300280, class=java.net.URL@50000013)
	protocol	50000f90
	host		50000aae
	file		50000650
	authority	50000aae
	path		50000650
	handler		50000f8e
OBJ 50000653 (sz=24, trace=300281, class=java.net.Parts@50000012)
OBJ 50000654 (sz=24, trace=300167, class=java.lang.String@50000168)
ARR 50000655 (sz=96, trace=300168, nelems=0, elem type=char[])
OBJ 50000656 (sz=24, trace=300282, class=java.lang.String@50000168)
ARR 50000657 (sz=40, trace=300283, nelems=0, elem type=char[])
OBJ 50000658 (sz=24, trace=300284, class=java.lang.StringBuilder@5000011e)
ARR 50000659 (sz=48, trace=300285, nelems=0, elem type=char[])
ARR 5000065a (sz=96, trace=300050, nelems=0, elem type=char[])
ARR 5000065b (sz=168, trace=300286, nelems=0, elem type=char[])
OBJ 5000065c (sz=24, trace=300287, class=java.lang.String@50000168)
ARR 5000065d (sz=120, trace=300288, nelems=0, elem type=char[])
OBJ 5000065e (sz=24, trace=300289, class=java.lang.StringBuilder@5000011e)
ARR 5000065f (sz=48, trace=300290, nelems=0, elem type=char[])
ARR 50000660 (sz=96, trace=300050, nelems=0, elem type=char[])
ARR 50000661 (sz=168, trace=300286, nelems=0, elem type=char[])
OBJ 50000662 (sz=24, trace=300291, class=java.lang.String@50000168)
	value		50000663
ARR 50000663 (sz=100, trace=300292, nelems=50, elem type=char[])
OBJ 50000664 (sz=24, trace=300293, class=java.io.ExpiringCache$Entry@50000068)
	val		50000d65
OBJ 50000665 (sz=40, trace=300247, class=java.util.LinkedHashMap$Entry@50000067)
	key		50000662
	value		50000664
	before		50000647
	after		50000683
OBJ 50000666 (sz=32, trace=300271, class=java.io.File@50000077)
ARR 50000667 (sz=248, trace=300272, nelems=0, elem type=char[])
ARR 50000668 (sz=120, trace=300273, nelems=0, elem type=char[])
OBJ 50000669 (sz=24, trace=300274, class=java.lang.String@50000168)
ARR 5000066a (sz=120, trace=300275, nelems=0, elem type=char[])
OBJ 5000066b (sz=24, trace=300276, class=java.lang.StringBuilder@5000011e)
ARR 5000066c (sz=48, trace=300277, nelems=0, elem type=char[])
ARR 5000066d (sz=128, trace=300050, nelems=0, elem type=char[])
OBJ 5000066e (sz=24, trace=300278, class=java.lang.String@50000168)
	value		5000066f
ARR 5000066f (sz=106, trace=300279, nelems=53, elem type=char[])
OBJ 50000670 (sz=64, trace=300280, class=java.net.URL@50000013)
	protocol	50000f90
	host		50000aae
	file		5000066e
	authority	50000aae
	path		5000066e
	handler		50000f8e
OBJ 50000671 (sz=24, trace=300281, class=java.net.Parts@50000012)
OBJ 50000672 (sz=24, trace=300167, class=java.lang.String@50000168)
ARR 50000673 (sz=96, trace=300168, nelems=0, elem type=char[])
OBJ 50000674 (sz=24, trace=300282, class=java.lang.String@50000168)
ARR 50000675 (sz=32, trace=300283, nelems=0, elem type=char[])
OBJ 50000676 (sz=24, trace=300284, class=java.lang.StringBuilder@5000011e)
ARR 50000677 (sz=48, trace=300285, nelems=0, elem type=char[])
ARR 50000678 (sz=96, trace=300050, nelems=0, elem type=char[])
ARR 50000679 (sz=168, trace=300286, nelems=0, elem type=char[])
OBJ 5000067a (sz=24, trace=300287, class=java.lang.String@50000168)
ARR 5000067b (sz=112, trace=300288, nelems=0, elem type=char[])
OBJ 5000067c (sz=24, trace=300289, class=java.lang.StringBuilder@5000011e)
ARR 5000067d (sz=48, trace=300290, nelems=0, elem type=char[])
ARR 5000067e (sz=96, trace=300050, nelems=0, elem type=char[])
ARR 5000067f (sz=168, trace=300286, nelems=0, elem type=char[])
OBJ 50000680 (sz=24, trace=300291, class=java.lang.String@50000168)
	value		50000681
ARR 50000681 (sz=90, trace=300292, nelems=45, elem type=char[])
OBJ 50000682 (sz=24, trace=300293, class=java.io.ExpiringCache$Entry@50000068)
	val		50000da0
OBJ 50000683 (sz=40, trace=300170, class=java.util.LinkedHashMap$Entry@50000067)
	key		50000680
	value		50000682
	before		50000665
	after		50000693
OBJ 50000684 (sz=32, trace=300271, class=java.io.File@50000077)
ARR 50000685 (sz=232, trace=300272, nelems=0, elem type=char[])
ARR 50000686 (sz=112, trace=300273, nelems=0, elem type=char[])
OBJ 50000687 (sz=24, trace=300274, class=java.lang.String@50000168)
ARR 50000688 (sz=112, trace=300275, nelems=0, elem type=char[])
OBJ 50000689 (sz=24, trace=300276, class=java.lang.StringBuilder@5000011e)
ARR 5000068a (sz=48, trace=300277, nelems=0, elem type=char[])
ARR 5000068b (sz=112, trace=300050, nelems=0, elem type=char[])
OBJ 5000068c (sz=24, trace=300278, class=java.lang.String@50000168)
	value		5000068d
ARR 5000068d (sz=96, trace=300279, nelems=48, elem type=char[])
OBJ 5000068e (sz=64, trace=300280, class=java.net.URL@50000013)
	protocol	50000f90
	host		50000aae
	file		5000068c
	authority	50000aae
	path		5000068c
	handler		50000f8e
OBJ 5000068f (sz=24, trace=300281, class=java.net.Parts@50000012)
OBJ 50000690 (sz=24, trace=300167, class=java.lang.String@50000168)
ARR 50000691 (sz=88, trace=300168, nelems=0, elem type=char[])
OBJ 50000692 (sz=24, trace=300169, class=java.io.ExpiringCache$Entry@50000068)
	val		50000d9e
OBJ 50000693 (sz=40, trace=300247, class=java.util.LinkedHashMap$Entry@50000067)
	key		50000464
	value		50000692
	before		50000683
ARR 50000694 (sz=272, trace=300294, nelems=64, elem type=java.util.HashMap$Node[]@500000b8)
	[2]		50000d58
	[3]		50000647
	[4]		50000d59
	[7]		50000d5a
	[8]		50000d5b
	[11]		50000d5c
	[15]		50000485
	[19]		50000683
	[20]		5000040a
	[25]		500005ca
	[30]		500005ed
	[31]		50000d5d
	[38]		50000d5e
	[43]		50000d5f
	[45]		50000d57
	[47]		50000d60
	[49]		50000d61
	[58]		50000d62
	[60]		50000d63
	[62]		50000d64
	[63]		50000665
OBJ 50000695 (sz=24, trace=300171, class=java.lang.String@50000168)
ARR 50000696 (sz=88, trace=300168, nelems=0, elem type=char[])
OBJ 50000697 (sz=32, trace=300172, class=java.io.File@50000077)
OBJ 50000698 (sz=32, trace=300271, class=java.io.File@50000077)
ARR 50000699 (sz=216, trace=300272, nelems=0, elem type=char[])
ARR 5000069a (sz=104, trace=300273, nelems=0, elem type=char[])
OBJ 5000069b (sz=24, trace=300274, class=java.lang.String@50000168)
ARR 5000069c (sz=104, trace=300275, nelems=0, elem type=char[])
OBJ 5000069d (sz=24, trace=300276, class=java.lang.StringBuilder@5000011e)
ARR 5000069e (sz=48, trace=300277, nelems=0, elem type=char[])
ARR 5000069f (sz=104, trace=300050, nelems=0, elem type=char[])
OBJ 500006a0 (sz=24, trace=300278, class=java.lang.String@50000168)
	value		500006a1
ARR 500006a1 (sz=88, trace=300279, nelems=44, elem type=char[])
OBJ 500006a2 (sz=64, trace=300280, class=java.net.URL@50000013)
	protocol	50000f90
	host		50000aae
	file		500006a0
	authority	50000aae
	path		500006a0
	handler		50000f8e
OBJ 500006a3 (sz=24, trace=300281, class=java.net.Parts@50000012)
OBJ 500006a4 (sz=40, trace=300295, class=sun.misc.URLClassPath@50000005)
	path		500006a5
	urls		500006a6
	loaders		500006a8
	lmap		500006a9
	jarHandler	500006b0
OBJ 500006a5 (sz=24, trace=300296, class=java.util.ArrayList@500000c1)
	elementData	500006aa
OBJ 500006a6 (sz=32, trace=300297, class=java.util.Stack@500000eb)
	elementData	500006a7
ARR 500006a7 (sz=56, trace=300298, nelems=0, elem type=java.lang.Object[]@50000111)
OBJ 500006a8 (sz=24, trace=300299, class=java.util.ArrayList@500000c1)
	elementData	500006e2
OBJ 500006a9 (sz=48, trace=300300, class=java.util.HashMap@500000ba)
	table		500006e3
ARR 500006aa (sz=56, trace=300150, nelems=8, elem type=java.lang.Object[]@50000111)
	[0]		500005da
	[1]		500005f8
	[2]		50000616
	[3]		50000634
	[4]		50000652
	[5]		50000670
	[6]		5000068e
	[7]		500006a2
OBJ 500006ab (sz=24, trace=300301, class=java.lang.StringBuilder@5000011e)
ARR 500006ac (sz=48, trace=300302, nelems=0, elem type=char[])
ARR 500006ad (sz=88, trace=300050, nelems=0, elem type=char[])
OBJ 500006ae (sz=24, trace=300303, class=java.lang.String@50000168)
ARR 500006af (sz=80, trace=300304, nelems=0, elem type=char[])
OBJ 500006b0 (sz=16, trace=300305, class=sun.net.www.protocol.jar.Handler@50000004)
OBJ 500006b2 (sz=32, trace=300307, class=sun.misc.URLClassPath$2@500006b1)
OBJ 500006b4 (sz=16, trace=300309, class=java.lang.ClassLoader$2@500006b3)
OBJ 500006b6 (sz=32, trace=300311, class=sun.misc.URLClassPath$1@500006b5)
OBJ 500006b8 (sz=24, trace=300313, class=java.net.URLClassLoader$3@500006b7)
OBJ 500006ba (sz=24, trace=300315, class=sun.misc.CompoundEnumeration@500006b9)
OBJ 500006bb (sz=24, trace=300083, class=java.lang.StringBuilder@5000011e)
ARR 500006bc (sz=48, trace=300084, nelems=0, elem type=char[])
ARR 500006bd (sz=144, trace=300050, nelems=0, elem type=char[])
OBJ 500006be (sz=24, trace=300085, class=java.lang.String@50000168)
	value		500006bf
ARR 500006bf (sz=122, trace=300086, nelems=61, elem type=char[])
OBJ 500006c0 (sz=24, trace=300316, class=sun.misc.URLClassPath$3@500001ec)
OBJ 500006c1 (sz=24, trace=300093, class=java.lang.StringBuilder@5000011e)
ARR 500006c2 (sz=48, trace=300094, nelems=0, elem type=char[])
OBJ 500006c3 (sz=24, trace=300095, class=java.lang.StringBuffer@5000011f)
ARR 500006c4 (sz=136, trace=300096, nelems=0, elem type=char[])
ARR 500006c5 (sz=136, trace=300097, nelems=0, elem type=char[])
OBJ 500006c6 (sz=24, trace=300098, class=java.lang.String@50000168)
ARR 500006c7 (sz=136, trace=300050, nelems=0, elem type=char[])
ARR 500006c8 (sz=256, trace=300050, nelems=0, elem type=char[])
OBJ 500006c9 (sz=24, trace=300099, class=java.lang.String@50000168)
	value		500006ca
ARR 500006ca (sz=122, trace=300100, nelems=61, elem type=char[])
OBJ 500006cb (sz=64, trace=300101, class=java.net.URL@50000013)
	protocol	50000fcb
	host		50000aae
	file		500006c9
	authority	50000aae
	path		500006c9
	handler		500006b0
OBJ 500006cc (sz=24, trace=300102, class=java.net.Parts@50000012)
OBJ 500006cd (sz=48, trace=300103, class=sun.misc.URLClassPath$JarLoader@500001ef)
	base		500006cb
	csu		500005da
	metaIndex	50000536
	handler		500006b0
	lmap		500006a9
OBJ 500006ce (sz=24, trace=300104, class=java.lang.StringBuilder@5000011e)
ARR 500006cf (sz=128, trace=300105, nelems=0, elem type=char[])
ARR 500006d0 (sz=72, trace=300106, nelems=0, elem type=byte[])
OBJ 500006d1 (sz=48, trace=300107, class=java.nio.HeapByteBuffer@5000007e)
ARR 500006d2 (sz=128, trace=300108, nelems=0, elem type=char[])
OBJ 500006d3 (sz=48, trace=300109, class=java.nio.HeapCharBuffer@50000038)
OBJ 500006d4 (sz=24, trace=300136, class=java.lang.String@50000168)
ARR 500006d5 (sz=24, trace=300137, nelems=0, elem type=char[])
OBJ 500006d6 (sz=24, trace=300138, class=java.lang.String@50000168)
ARR 500006d7 (sz=24, trace=300139, nelems=0, elem type=char[])
OBJ 500006d8 (sz=24, trace=300140, class=java.lang.String@50000168)
ARR 500006d9 (sz=120, trace=300141, nelems=0, elem type=char[])
OBJ 500006da (sz=32, trace=300142, class=java.io.File@50000077)
OBJ 500006db (sz=24, trace=300143, class=java.lang.StringBuffer@5000011f)
ARR 500006dc (sz=120, trace=300144, nelems=0, elem type=char[])
ARR 500006dd (sz=120, trace=300145, nelems=0, elem type=char[])
OBJ 500006de (sz=24, trace=300146, class=java.lang.String@50000168)
ARR 500006df (sz=120, trace=300147, nelems=0, elem type=char[])
OBJ 500006e0 (sz=24, trace=300148, class=java.lang.String@50000168)
ARR 500006e1 (sz=120, trace=300149, nelems=0, elem type=char[])
ARR 500006e2 (sz=56, trace=300150, nelems=6, elem type=java.lang.Object[]@50000111)
	[0]		500006cd
	[1]		500006f7
	[2]		50000762
	[3]		5000078a
	[4]		500007b2
	[5]		500007da
ARR 500006e3 (sz=80, trace=300151, nelems=16, elem type=java.util.HashMap$Node[]@500000b8)
	[0]		5000070c
	[7]		50000777
	[8]		5000079f
	[12]		500007c7
	[15]		500006e4
OBJ 500006e4 (sz=32, trace=300152, class=java.util.HashMap$Node@500000b9)
	key		500006be
	value		500006cd
OBJ 500006e5 (sz=24, trace=300083, class=java.lang.StringBuilder@5000011e)
ARR 500006e6 (sz=48, trace=300084, nelems=0, elem type=char[])
ARR 500006e7 (sz=128, trace=300050, nelems=0, elem type=char[])
OBJ 500006e8 (sz=24, trace=300085, class=java.lang.String@50000168)
	value		500006e9
ARR 500006e9 (sz=108, trace=300086, nelems=54, elem type=char[])
OBJ 500006ea (sz=24, trace=300316, class=sun.misc.URLClassPath$3@500001ec)
OBJ 500006eb (sz=24, trace=300093, class=java.lang.StringBuilder@5000011e)
ARR 500006ec (sz=48, trace=300094, nelems=0, elem type=char[])
OBJ 500006ed (sz=24, trace=300095, class=java.lang.StringBuffer@5000011f)
ARR 500006ee (sz=120, trace=300096, nelems=0, elem type=char[])
ARR 500006ef (sz=120, trace=300097, nelems=0, elem type=char[])
OBJ 500006f0 (sz=24, trace=300098, class=java.lang.String@50000168)
ARR 500006f1 (sz=120, trace=300050, nelems=0, elem type=char[])
ARR 500006f2 (sz=232, trace=300050, nelems=0, elem type=char[])
OBJ 500006f3 (sz=24, trace=300099, class=java.lang.String@50000168)
	value		500006f4
ARR 500006f4 (sz=108, trace=300100, nelems=54, elem type=char[])
OBJ 500006f5 (sz=64, trace=300101, class=java.net.URL@50000013)
	protocol	50000fcb
	host		50000aae
	file		500006f3
	authority	50000aae
	path		500006f3
	handler		500006b0
OBJ 500006f6 (sz=24, trace=300102, class=java.net.Parts@50000012)
OBJ 500006f7 (sz=48, trace=300103, class=sun.misc.URLClassPath$JarLoader@500001ef)
	base		500006f5
	csu		500005f8
	metaIndex	50000590
	handler		500006b0
	lmap		500006a9
OBJ 500006f8 (sz=24, trace=300104, class=java.lang.StringBuilder@5000011e)
ARR 500006f9 (sz=112, trace=300105, nelems=0, elem type=char[])
ARR 500006fa (sz=64, trace=300106, nelems=0, elem type=byte[])
OBJ 500006fb (sz=48, trace=300107, class=java.nio.HeapByteBuffer@5000007e)
ARR 500006fc (sz=112, trace=300108, nelems=0, elem type=char[])
OBJ 500006fd (sz=48, trace=300109, class=java.nio.HeapCharBuffer@50000038)
OBJ 500006fe (sz=24, trace=300136, class=java.lang.String@50000168)
ARR 500006ff (sz=24, trace=300137, nelems=0, elem type=char[])
OBJ 50000700 (sz=24, trace=300138, class=java.lang.String@50000168)
ARR 50000701 (sz=24, trace=300139, nelems=0, elem type=char[])
OBJ 50000702 (sz=24, trace=300140, class=java.lang.String@50000168)
ARR 50000703 (sz=112, trace=300141, nelems=0, elem type=char[])
OBJ 50000704 (sz=32, trace=300142, class=java.io.File@50000077)
OBJ 50000705 (sz=24, trace=300143, class=java.lang.StringBuffer@5000011f)
ARR 50000706 (sz=112, trace=300144, nelems=0, elem type=char[])
ARR 50000707 (sz=104, trace=300145, nelems=0, elem type=char[])
OBJ 50000708 (sz=24, trace=300146, class=java.lang.String@50000168)
ARR 50000709 (sz=104, trace=300147, nelems=0, elem type=char[])
OBJ 5000070a (sz=24, trace=300148, class=java.lang.String@50000168)
ARR 5000070b (sz=104, trace=300149, nelems=0, elem type=char[])
OBJ 5000070c (sz=32, trace=300152, class=java.util.HashMap$Node@500000b9)
	key		500006e8
	value		500006f7
OBJ 5000070d (sz=24, trace=300083, class=java.lang.StringBuilder@5000011e)
ARR 5000070e (sz=48, trace=300084, nelems=0, elem type=char[])
ARR 5000070f (sz=144, trace=300050, nelems=0, elem type=char[])
OBJ 50000710 (sz=24, trace=300085, class=java.lang.String@50000168)
ARR 50000711 (sz=144, trace=300086, nelems=0, elem type=char[])
OBJ 50000712 (sz=24, trace=300316, class=sun.misc.URLClassPath$3@500001ec)
OBJ 50000713 (sz=24, trace=300093, class=java.lang.StringBuilder@5000011e)
ARR 50000714 (sz=48, trace=300094, nelems=0, elem type=char[])
OBJ 50000715 (sz=24, trace=300095, class=java.lang.StringBuffer@5000011f)
ARR 50000716 (sz=136, trace=300096, nelems=0, elem type=char[])
ARR 50000717 (sz=136, trace=300097, nelems=0, elem type=char[])
OBJ 50000718 (sz=24, trace=300098, class=java.lang.String@50000168)
ARR 50000719 (sz=136, trace=300050, nelems=0, elem type=char[])
ARR 5000071a (sz=264, trace=300050, nelems=0, elem type=char[])
OBJ 5000071b (sz=24, trace=300099, class=java.lang.String@50000168)
ARR 5000071c (sz=144, trace=300100, nelems=0, elem type=char[])
OBJ 5000071d (sz=64, trace=300101, class=java.net.URL@50000013)
OBJ 5000071e (sz=24, trace=300102, class=java.net.Parts@50000012)
OBJ 5000071f (sz=48, trace=300103, class=sun.misc.URLClassPath$JarLoader@500001ef)
OBJ 50000720 (sz=24, trace=300104, class=java.lang.StringBuilder@5000011e)
ARR 50000721 (sz=128, trace=300105, nelems=0, elem type=char[])
ARR 50000722 (sz=72, trace=300106, nelems=0, elem type=byte[])
OBJ 50000723 (sz=48, trace=300107, class=java.nio.HeapByteBuffer@5000007e)
ARR 50000724 (sz=128, trace=300108, nelems=0, elem type=char[])
OBJ 50000725 (sz=48, trace=300109, class=java.nio.HeapCharBuffer@50000038)
OBJ 50000726 (sz=24, trace=300136, class=java.lang.String@50000168)
ARR 50000727 (sz=24, trace=300137, nelems=0, elem type=char[])
OBJ 50000728 (sz=24, trace=300138, class=java.lang.String@50000168)
ARR 50000729 (sz=24, trace=300139, nelems=0, elem type=char[])
OBJ 5000072a (sz=24, trace=300140, class=java.lang.String@50000168)
ARR 5000072b (sz=128, trace=300141, nelems=0, elem type=char[])
OBJ 5000072c (sz=32, trace=300142, class=java.io.File@50000077)
OBJ 5000072d (sz=24, trace=300143, class=java.lang.StringBuffer@5000011f)
ARR 5000072e (sz=128, trace=300144, nelems=0, elem type=char[])
ARR 5000072f (sz=120, trace=300145, nelems=0, elem type=char[])
OBJ 50000730 (sz=24, trace=300146, class=java.lang.String@50000168)
ARR 50000731 (sz=120, trace=300147, nelems=0, elem type=char[])
OBJ 50000732 (sz=24, trace=300148, class=java.lang.String@50000168)
ARR 50000733 (sz=120, trace=300149, nelems=0, elem type=char[])
OBJ 50000735 (sz=16, trace=300318, class=sun.misc.URLClassPath$JarLoader$1@50000734)
OBJ 50000737 (sz=24, trace=300320, class=sun.misc.FileURLMapper@50000736)
ARR 50000738 (sz=128, trace=300321, nelems=0, elem type=char[])
OBJ 50000739 (sz=24, trace=300322, class=java.lang.String@50000168)
OBJ 5000073a (sz=24, trace=300323, class=java.lang.StringBuilder@5000011e)
ARR 5000073b (sz=128, trace=300324, nelems=0, elem type=char[])
ARR 5000073c (sz=72, trace=300325, nelems=0, elem type=byte[])
OBJ 5000073d (sz=48, trace=300107, class=java.nio.HeapByteBuffer@5000007e)
ARR 5000073e (sz=128, trace=300326, nelems=0, elem type=char[])
OBJ 5000073f (sz=48, trace=300109, class=java.nio.HeapCharBuffer@50000038)
OBJ 50000740 (sz=24, trace=300136, class=java.lang.String@50000168)
ARR 50000741 (sz=24, trace=300137, nelems=0, elem type=char[])
OBJ 50000742 (sz=24, trace=300138, class=java.lang.String@50000168)
ARR 50000743 (sz=24, trace=300139, nelems=0, elem type=char[])
OBJ 50000744 (sz=24, trace=300327, class=java.lang.String@50000168)
ARR 50000745 (sz=128, trace=300141, nelems=0, elem type=char[])
OBJ 50000746 (sz=32, trace=300328, class=java.io.File@50000077)
OBJ 50000747 (sz=24, trace=300163, class=java.lang.StringBuffer@5000011f)
ARR 50000748 (sz=128, trace=300164, nelems=0, elem type=char[])
ARR 50000749 (sz=120, trace=300165, nelems=0, elem type=char[])
OBJ 5000074a (sz=24, trace=300166, class=java.lang.String@50000168)
OBJ 5000074d (sz=32, trace=300330, class=java.io.FileNotFoundException@5000074c)
OBJ 5000074e (sz=40, trace=300331, class=java.security.PrivilegedActionException@500003f1)
OBJ 5000074f (sz=40, trace=300331, class=java.security.PrivilegedActionException@500003f1)
OBJ 50000750 (sz=24, trace=300083, class=java.lang.StringBuilder@5000011e)
ARR 50000751 (sz=48, trace=300084, nelems=0, elem type=char[])
ARR 50000752 (sz=128, trace=300050, nelems=0, elem type=char[])
OBJ 50000753 (sz=24, trace=300085, class=java.lang.String@50000168)
	value		50000754
ARR 50000754 (sz=112, trace=300086, nelems=56, elem type=char[])
OBJ 50000755 (sz=24, trace=300316, class=sun.misc.URLClassPath$3@500001ec)
OBJ 50000756 (sz=24, trace=300093, class=java.lang.StringBuilder@5000011e)
ARR 50000757 (sz=48, trace=300094, nelems=0, elem type=char[])
OBJ 50000758 (sz=24, trace=300095, class=java.lang.StringBuffer@5000011f)
ARR 50000759 (sz=128, trace=300096, nelems=0, elem type=char[])
ARR 5000075a (sz=128, trace=300097, nelems=0, elem type=char[])
OBJ 5000075b (sz=24, trace=300098, class=java.lang.String@50000168)
ARR 5000075c (sz=128, trace=300050, nelems=0, elem type=char[])
ARR 5000075d (sz=240, trace=300050, nelems=0, elem type=char[])
OBJ 5000075e (sz=24, trace=300099, class=java.lang.String@50000168)
	value		5000075f
ARR 5000075f (sz=112, trace=300100, nelems=56, elem type=char[])
OBJ 50000760 (sz=64, trace=300101, class=java.net.URL@50000013)
	protocol	50000fcb
	host		50000aae
	file		5000075e
	authority	50000aae
	path		5000075e
	handler		500006b0
OBJ 50000761 (sz=24, trace=300102, class=java.net.Parts@50000012)
OBJ 50000762 (sz=48, trace=300103, class=sun.misc.URLClassPath$JarLoader@500001ef)
	base		50000760
	csu		50000634
	metaIndex	500004df
	handler		500006b0
	lmap		500006a9
OBJ 50000763 (sz=24, trace=300104, class=java.lang.StringBuilder@5000011e)
ARR 50000764 (sz=120, trace=300105, nelems=0, elem type=char[])
ARR 50000765 (sz=72, trace=300106, nelems=0, elem type=byte[])
OBJ 50000766 (sz=48, trace=300107, class=java.nio.HeapByteBuffer@5000007e)
ARR 50000767 (sz=120, trace=300108, nelems=0, elem type=char[])
OBJ 50000768 (sz=48, trace=300109, class=java.nio.HeapCharBuffer@50000038)
OBJ 50000769 (sz=24, trace=300136, class=java.lang.String@50000168)
ARR 5000076a (sz=24, trace=300137, nelems=0, elem type=char[])
OBJ 5000076b (sz=24, trace=300138, class=java.lang.String@50000168)
ARR 5000076c (sz=24, trace=300139, nelems=0, elem type=char[])
OBJ 5000076d (sz=24, trace=300140, class=java.lang.String@50000168)
ARR 5000076e (sz=112, trace=300141, nelems=0, elem type=char[])
OBJ 5000076f (sz=32, trace=300142, class=java.io.File@50000077)
OBJ 50000770 (sz=24, trace=300143, class=java.lang.StringBuffer@5000011f)
ARR 50000771 (sz=112, trace=300144, nelems=0, elem type=char[])
ARR 50000772 (sz=112, trace=300145, nelems=0, elem type=char[])
OBJ 50000773 (sz=24, trace=300146, class=java.lang.String@50000168)
ARR 50000774 (sz=112, trace=300147, nelems=0, elem type=char[])
OBJ 50000775 (sz=24, trace=300148, class=java.lang.String@50000168)
ARR 50000776 (sz=112, trace=300149, nelems=0, elem type=char[])
OBJ 50000777 (sz=32, trace=300152, class=java.util.HashMap$Node@500000b9)
	key		50000753
	value		50000762
OBJ 50000778 (sz=24, trace=300083, class=java.lang.StringBuilder@5000011e)
ARR 50000779 (sz=48, trace=300084, nelems=0, elem type=char[])
ARR 5000077a (sz=128, trace=300050, nelems=0, elem type=char[])
OBJ 5000077b (sz=24, trace=300085, class=java.lang.String@50000168)
	value		5000077c
ARR 5000077c (sz=110, trace=300086, nelems=55, elem type=char[])
OBJ 5000077d (sz=24, trace=300316, class=sun.misc.URLClassPath$3@500001ec)
OBJ 5000077e (sz=24, trace=300093, class=java.lang.StringBuilder@5000011e)
ARR 5000077f (sz=48, trace=300094, nelems=0, elem type=char[])
OBJ 50000780 (sz=24, trace=300095, class=java.lang.StringBuffer@5000011f)
ARR 50000781 (sz=128, trace=300096, nelems=0, elem type=char[])
ARR 50000782 (sz=128, trace=300097, nelems=0, elem type=char[])
OBJ 50000783 (sz=24, trace=300098, class=java.lang.String@50000168)
ARR 50000784 (sz=128, trace=300050, nelems=0, elem type=char[])
ARR 50000785 (sz=232, trace=300050, nelems=0, elem type=char[])
OBJ 50000786 (sz=24, trace=300099, class=java.lang.String@50000168)
	value		50000787
ARR 50000787 (sz=110, trace=300100, nelems=55, elem type=char[])
OBJ 50000788 (sz=64, trace=300101, class=java.net.URL@50000013)
	protocol	50000fcb
	host		50000aae
	file		50000786
	authority	50000aae
	path		50000786
	handler		500006b0
OBJ 50000789 (sz=24, trace=300102, class=java.net.Parts@50000012)
OBJ 5000078a (sz=48, trace=300103, class=sun.misc.URLClassPath$JarLoader@500001ef)
	base		50000788
	csu		50000652
	metaIndex	500004b9
	handler		500006b0
	lmap		500006a9
OBJ 5000078b (sz=24, trace=300104, class=java.lang.StringBuilder@5000011e)
ARR 5000078c (sz=112, trace=300105, nelems=0, elem type=char[])
ARR 5000078d (sz=64, trace=300106, nelems=0, elem type=byte[])
OBJ 5000078e (sz=48, trace=300107, class=java.nio.HeapByteBuffer@5000007e)
ARR 5000078f (sz=112, trace=300108, nelems=0, elem type=char[])
OBJ 50000790 (sz=48, trace=300109, class=java.nio.HeapCharBuffer@50000038)
OBJ 50000791 (sz=24, trace=300136, class=java.lang.String@50000168)
ARR 50000792 (sz=24, trace=300137, nelems=0, elem type=char[])
OBJ 50000793 (sz=24, trace=300138, class=java.lang.String@50000168)
ARR 50000794 (sz=24, trace=300139, nelems=0, elem type=char[])
OBJ 50000795 (sz=24, trace=300140, class=java.lang.String@50000168)
ARR 50000796 (sz=112, trace=300141, nelems=0, elem type=char[])
OBJ 50000797 (sz=32, trace=300142, class=java.io.File@50000077)
OBJ 50000798 (sz=24, trace=300143, class=java.lang.StringBuffer@5000011f)
ARR 50000799 (sz=112, trace=300144, nelems=0, elem type=char[])
ARR 5000079a (sz=112, trace=300145, nelems=0, elem type=char[])
OBJ 5000079b (sz=24, trace=300146, class=java.lang.String@50000168)
ARR 5000079c (sz=112, trace=300147, nelems=0, elem type=char[])
OBJ 5000079d (sz=24, trace=300148, class=java.lang.String@50000168)
ARR 5000079e (sz=112, trace=300149, nelems=0, elem type=char[])
OBJ 5000079f (sz=32, trace=300152, class=java.util.HashMap$Node@500000b9)
	key		5000077b
	value		5000078a
OBJ 500007a0 (sz=24, trace=300083, class=java.lang.StringBuilder@5000011e)
ARR 500007a1 (sz=48, trace=300084, nelems=0, elem type=char[])
ARR 500007a2 (sz=136, trace=300050, nelems=0, elem type=char[])
OBJ 500007a3 (sz=24, trace=300085, class=java.lang.String@50000168)
	value		500007a4
ARR 500007a4 (sz=120, trace=300086, nelems=60, elem type=char[])
OBJ 500007a5 (sz=24, trace=300316, class=sun.misc.URLClassPath$3@500001ec)
OBJ 500007a6 (sz=24, trace=300093, class=java.lang.StringBuilder@5000011e)
ARR 500007a7 (sz=48, trace=300094, nelems=0, elem type=char[])
OBJ 500007a8 (sz=24, trace=300095, class=java.lang.StringBuffer@5000011f)
ARR 500007a9 (sz=136, trace=300096, nelems=0, elem type=char[])
ARR 500007aa (sz=136, trace=300097, nelems=0, elem type=char[])
OBJ 500007ab (sz=24, trace=300098, class=java.lang.String@50000168)
ARR 500007ac (sz=136, trace=300050, nelems=0, elem type=char[])
ARR 500007ad (sz=256, trace=300050, nelems=0, elem type=char[])
OBJ 500007ae (sz=24, trace=300099, class=java.lang.String@50000168)
	value		500007af
ARR 500007af (sz=120, trace=300100, nelems=60, elem type=char[])
OBJ 500007b0 (sz=64, trace=300101, class=java.net.URL@50000013)
	protocol	50000fcb
	host		50000aae
	file		500007ae
	authority	50000aae
	path		500007ae
	handler		500006b0
OBJ 500007b1 (sz=24, trace=300102, class=java.net.Parts@50000012)
OBJ 500007b2 (sz=48, trace=300103, class=sun.misc.URLClassPath$JarLoader@500001ef)
	base		500007b0
	csu		50000670
	metaIndex	500004a2
	handler		500006b0
	lmap		500006a9
OBJ 500007b3 (sz=24, trace=300104, class=java.lang.StringBuilder@5000011e)
ARR 500007b4 (sz=128, trace=300105, nelems=0, elem type=char[])
ARR 500007b5 (sz=72, trace=300106, nelems=0, elem type=byte[])
OBJ 500007b6 (sz=48, trace=300107, class=java.nio.HeapByteBuffer@5000007e)
ARR 500007b7 (sz=128, trace=300108, nelems=0, elem type=char[])
OBJ 500007b8 (sz=48, trace=300109, class=java.nio.HeapCharBuffer@50000038)
OBJ 500007b9 (sz=24, trace=300136, class=java.lang.String@50000168)
ARR 500007ba (sz=24, trace=300137, nelems=0, elem type=char[])
OBJ 500007bb (sz=24, trace=300138, class=java.lang.String@50000168)
ARR 500007bc (sz=24, trace=300139, nelems=0, elem type=char[])
OBJ 500007bd (sz=24, trace=300140, class=java.lang.String@50000168)
ARR 500007be (sz=120, trace=300141, nelems=0, elem type=char[])
OBJ 500007bf (sz=32, trace=300142, class=java.io.File@50000077)
OBJ 500007c0 (sz=24, trace=300143, class=java.lang.StringBuffer@5000011f)
ARR 500007c1 (sz=120, trace=300144, nelems=0, elem type=char[])
ARR 500007c2 (sz=120, trace=300145, nelems=0, elem type=char[])
OBJ 500007c3 (sz=24, trace=300146, class=java.lang.String@50000168)
ARR 500007c4 (sz=120, trace=300147, nelems=0, elem type=char[])
OBJ 500007c5 (sz=24, trace=300148, class=java.lang.String@50000168)
ARR 500007c6 (sz=120, trace=300149, nelems=0, elem type=char[])
OBJ 500007c7 (sz=32, trace=300152, class=java.util.HashMap$Node@500000b9)
	key		500007a3
	value		500007b2
	next		500007ef
OBJ 500007c8 (sz=24, trace=300083, class=java.lang.StringBuilder@5000011e)
ARR 500007c9 (sz=48, trace=300084, nelems=0, elem type=char[])
ARR 500007ca (sz=128, trace=300050, nelems=0, elem type=char[])
OBJ 500007cb (sz=24, trace=300085, class=java.lang.String@50000168)
	value		500007cc
ARR 500007cc (sz=110, trace=300086, nelems=55, elem type=char[])
OBJ 500007cd (sz=24, trace=300316, class=sun.misc.URLClassPath$3@500001ec)
OBJ 500007ce (sz=24, trace=300093, class=java.lang.StringBuilder@5000011e)
ARR 500007cf (sz=48, trace=300094, nelems=0, elem type=char[])
OBJ 500007d0 (sz=24, trace=300095, class=java.lang.StringBuffer@5000011f)
ARR 500007d1 (sz=128, trace=300096, nelems=0, elem type=char[])
ARR 500007d2 (sz=128, trace=300097, nelems=0, elem type=char[])
OBJ 500007d3 (sz=24, trace=300098, class=java.lang.String@50000168)
ARR 500007d4 (sz=128, trace=300050, nelems=0, elem type=char[])
ARR 500007d5 (sz=232, trace=300050, nelems=0, elem type=char[])
OBJ 500007d6 (sz=24, trace=300099, class=java.lang.String@50000168)
	value		500007d7
ARR 500007d7 (sz=110, trace=300100, nelems=55, elem type=char[])
OBJ 500007d8 (sz=64, trace=300101, class=java.net.URL@50000013)
	protocol	50000fcb
	host		50000aae
	file		500007d6
	authority	50000aae
	path		500007d6
	handler		500006b0
OBJ 500007d9 (sz=24, trace=300102, class=java.net.Parts@50000012)
OBJ 500007da (sz=48, trace=300103, class=sun.misc.URLClassPath$JarLoader@500001ef)
	base		500007d8
	csu		5000068e
	metaIndex	500004cd
	handler		500006b0
	lmap		500006a9
OBJ 500007db (sz=24, trace=300104, class=java.lang.StringBuilder@5000011e)
ARR 500007dc (sz=112, trace=300105, nelems=0, elem type=char[])
ARR 500007dd (sz=64, trace=300106, nelems=0, elem type=byte[])
OBJ 500007de (sz=48, trace=300107, class=java.nio.HeapByteBuffer@5000007e)
ARR 500007df (sz=112, trace=300108, nelems=0, elem type=char[])
OBJ 500007e0 (sz=48, trace=300109, class=java.nio.HeapCharBuffer@50000038)
OBJ 500007e1 (sz=24, trace=300136, class=java.lang.String@50000168)
ARR 500007e2 (sz=24, trace=300137, nelems=0, elem type=char[])
OBJ 500007e3 (sz=24, trace=300138, class=java.lang.String@50000168)
ARR 500007e4 (sz=24, trace=300139, nelems=0, elem type=char[])
OBJ 500007e5 (sz=24, trace=300140, class=java.lang.String@50000168)
ARR 500007e6 (sz=112, trace=300141, nelems=0, elem type=char[])
OBJ 500007e7 (sz=32, trace=300142, class=java.io.File@50000077)
OBJ 500007e8 (sz=24, trace=300143, class=java.lang.StringBuffer@5000011f)
ARR 500007e9 (sz=112, trace=300144, nelems=0, elem type=char[])
ARR 500007ea (sz=112, trace=300145, nelems=0, elem type=char[])
OBJ 500007eb (sz=24, trace=300146, class=java.lang.String@50000168)
ARR 500007ec (sz=112, trace=300147, nelems=0, elem type=char[])
OBJ 500007ed (sz=24, trace=300148, class=java.lang.String@50000168)
ARR 500007ee (sz=112, trace=300149, nelems=0, elem type=char[])
OBJ 500007ef (sz=32, trace=300153, class=java.util.HashMap$Node@500000b9)
	key		500007cb
	value		500007da
OBJ 500007f0 (sz=24, trace=300083, class=java.lang.StringBuilder@5000011e)
ARR 500007f1 (sz=48, trace=300084, nelems=0, elem type=char[])
ARR 500007f2 (sz=120, trace=300050, nelems=0, elem type=char[])
OBJ 500007f3 (sz=24, trace=300085, class=java.lang.String@50000168)
ARR 500007f4 (sz=120, trace=300086, nelems=0, elem type=char[])
OBJ 500007f5 (sz=24, trace=300316, class=sun.misc.URLClassPath$3@500001ec)
OBJ 500007f6 (sz=24, trace=300093, class=java.lang.StringBuilder@5000011e)
ARR 500007f7 (sz=48, trace=300094, nelems=0, elem type=char[])
OBJ 500007f8 (sz=24, trace=300095, class=java.lang.StringBuffer@5000011f)
ARR 500007f9 (sz=120, trace=300096, nelems=0, elem type=char[])
ARR 500007fa (sz=120, trace=300097, nelems=0, elem type=char[])
OBJ 500007fb (sz=24, trace=300098, class=java.lang.String@50000168)
ARR 500007fc (sz=120, trace=300050, nelems=0, elem type=char[])
ARR 500007fd (sz=216, trace=300050, nelems=0, elem type=char[])
OBJ 500007fe (sz=24, trace=300099, class=java.lang.String@50000168)
ARR 500007ff (sz=120, trace=300100, nelems=0, elem type=char[])
OBJ 50000800 (sz=64, trace=300101, class=java.net.URL@50000013)
OBJ 50000801 (sz=24, trace=300102, class=java.net.Parts@50000012)
OBJ 50000802 (sz=48, trace=300103, class=sun.misc.URLClassPath$JarLoader@500001ef)
OBJ 50000803 (sz=24, trace=300104, class=java.lang.StringBuilder@5000011e)
ARR 50000804 (sz=104, trace=300105, nelems=0, elem type=char[])
ARR 50000805 (sz=64, trace=300106, nelems=0, elem type=byte[])
OBJ 50000806 (sz=48, trace=300107, class=java.nio.HeapByteBuffer@5000007e)
ARR 50000807 (sz=104, trace=300108, nelems=0, elem type=char[])
OBJ 50000808 (sz=48, trace=300109, class=java.nio.HeapCharBuffer@50000038)
OBJ 50000809 (sz=24, trace=300136, class=java.lang.String@50000168)
ARR 5000080a (sz=24, trace=300137, nelems=0, elem type=char[])
OBJ 5000080b (sz=24, trace=300138, class=java.lang.String@50000168)
ARR 5000080c (sz=24, trace=300139, nelems=0, elem type=char[])
OBJ 5000080d (sz=24, trace=300140, class=java.lang.String@50000168)
ARR 5000080e (sz=104, trace=300141, nelems=0, elem type=char[])
OBJ 5000080f (sz=32, trace=300142, class=java.io.File@50000077)
OBJ 50000810 (sz=24, trace=300143, class=java.lang.StringBuffer@5000011f)
ARR 50000811 (sz=104, trace=300144, nelems=0, elem type=char[])
ARR 50000812 (sz=104, trace=300145, nelems=0, elem type=char[])
OBJ 50000813 (sz=24, trace=300146, class=java.lang.String@50000168)
ARR 50000814 (sz=104, trace=300147, nelems=0, elem type=char[])
OBJ 50000815 (sz=24, trace=300148, class=java.lang.String@50000168)
ARR 50000816 (sz=104, trace=300149, nelems=0, elem type=char[])
OBJ 50000817 (sz=16, trace=300318, class=sun.misc.URLClassPath$JarLoader$1@50000734)
OBJ 50000818 (sz=24, trace=300320, class=sun.misc.FileURLMapper@50000736)
ARR 50000819 (sz=104, trace=300321, nelems=0, elem type=char[])
OBJ 5000081a (sz=24, trace=300322, class=java.lang.String@50000168)
OBJ 5000081b (sz=24, trace=300323, class=java.lang.StringBuilder@5000011e)
ARR 5000081c (sz=104, trace=300324, nelems=0, elem type=char[])
ARR 5000081d (sz=64, trace=300325, nelems=0, elem type=byte[])
OBJ 5000081e (sz=48, trace=300107, class=java.nio.HeapByteBuffer@5000007e)
ARR 5000081f (sz=104, trace=300326, nelems=0, elem type=char[])
OBJ 50000820 (sz=48, trace=300109, class=java.nio.HeapCharBuffer@50000038)
OBJ 50000821 (sz=24, trace=300136, class=java.lang.String@50000168)
ARR 50000822 (sz=24, trace=300137, nelems=0, elem type=char[])
OBJ 50000823 (sz=24, trace=300138, class=java.lang.String@50000168)
ARR 50000824 (sz=24, trace=300139, nelems=0, elem type=char[])
OBJ 50000825 (sz=24, trace=300327, class=java.lang.String@50000168)
ARR 50000826 (sz=104, trace=300141, nelems=0, elem type=char[])
OBJ 50000827 (sz=32, trace=300328, class=java.io.File@50000077)
OBJ 50000828 (sz=24, trace=300163, class=java.lang.StringBuffer@5000011f)
ARR 50000829 (sz=104, trace=300164, nelems=0, elem type=char[])
ARR 5000082a (sz=104, trace=300165, nelems=0, elem type=char[])
OBJ 5000082b (sz=24, trace=300166, class=java.lang.String@50000168)
OBJ 5000082c (sz=32, trace=300330, class=java.io.FileNotFoundException@5000074c)
OBJ 5000082d (sz=40, trace=300331, class=java.security.PrivilegedActionException@500003f1)
OBJ 5000082e (sz=40, trace=300331, class=java.security.PrivilegedActionException@500003f1)
OBJ 50000830 (sz=16, trace=300333, class=java.net.URLClassLoader$3$1@5000082f)
OBJ 50000833 (sz=16, trace=300336, class=java.util.ResourceBundle$RBClassLoader$1@50000832)
OBJ 50000834 (sz=72, trace=300337, class=java.util.ResourceBundle$RBClassLoader@50000831)
	parent		500009c1
	package2certs	5000083e
	classes		50000835
	defaultDomain	50000838
	domains		50000840
	packages	5000083b
	nativeLibraries	5000083c
	assertionLock	50000834
OBJ 50000835 (sz=32, trace=300297, class=java.util.Vector@500000ec)
	elementData	50000836
ARR 50000836 (sz=56, trace=300338, nelems=0, elem type=java.lang.Object[]@50000111)
OBJ 50000837 (sz=32, trace=300339, class=java.security.CodeSource@5000000a)
OBJ 50000838 (sz=40, trace=300340, class=java.security.ProtectionDomain@5000015a)
	codesource	50000837
	classloader	50000834
	principals	5000083a
	key		50000839
OBJ 50000839 (sz=16, trace=300341, class=java.security.ProtectionDomain$Key@50000009)
	this$0		50000838
ARR 5000083a (sz=16, trace=300342, nelems=0, elem type=java.security.Principal[]@50000007)
OBJ 5000083b (sz=48, trace=300343, class=java.util.HashMap@500000ba)
OBJ 5000083c (sz=32, trace=300297, class=java.util.Vector@500000ec)
	elementData	5000083d
ARR 5000083d (sz=56, trace=300344, nelems=0, elem type=java.lang.Object[]@50000111)
OBJ 5000083e (sz=48, trace=300345, class=java.util.Hashtable@50000142)
	table		5000083f
ARR 5000083f (sz=64, trace=300346, nelems=0, elem type=java.util.Hashtable$Entry[]@500000dd)
OBJ 50000840 (sz=16, trace=300347, class=java.util.HashSet@50000006)
	map		50000841
OBJ 50000841 (sz=48, trace=300348, class=java.util.HashMap@500000ba)
ARR 50000843 (sz=24, trace=300350, nelems=2, elem type=java.lang.String[]@500000bc)
	[0]		50001663
	[1]		5000166b
OBJ 50000845 (sz=24, trace=300352, class=java.util.Arrays$ArrayList@50000844)
	a		50000843
OBJ 50000846 (sz=24, trace=300353, class=java.util.Collections$UnmodifiableRandomAccessList@500000be)
	c		50000845
	list		50000845
ARR 50000847 (sz=24, trace=300354, nelems=1, elem type=java.lang.String[]@500000bc)
	[0]		50001663
OBJ 50000848 (sz=24, trace=300352, class=java.util.Arrays$ArrayList@50000844)
	a		50000847
OBJ 50000849 (sz=24, trace=300353, class=java.util.Collections$UnmodifiableRandomAccessList@500000be)
	c		50000848
	list		50000848
ARR 5000084a (sz=24, trace=300355, nelems=1, elem type=java.lang.String[]@500000bc)
	[0]		5000166b
OBJ 5000084b (sz=24, trace=300352, class=java.util.Arrays$ArrayList@50000844)
	a		5000084a
OBJ 5000084c (sz=24, trace=300353, class=java.util.Collections$UnmodifiableRandomAccessList@500000be)
	c		5000084b
	list		5000084b
OBJ 5000084d (sz=16, trace=300356, class=java.util.ResourceBundle$Control@50000842)
OBJ 5000084f (sz=24, trace=300358, class=java.util.ResourceBundle$Control$CandidateListCache@5000084e)
	map		50000852
	queue		50000850
OBJ 50000850 (sz=32, trace=300359, class=java.lang.ref.ReferenceQueue@500000e5)
	lock		50000851
OBJ 50000851 (sz=16, trace=300360, class=java.lang.ref.ReferenceQueue$Lock@500000e3)
OBJ 50000852 (sz=64, trace=300361, class=java.util.concurrent.ConcurrentHashMap@5000002e)
	table		5000086e
OBJ 50000854 (sz=56, trace=300363, class=java.util.ResourceBundle$CacheKey@50000853)
OBJ 50000857 (sz=32, trace=300365, class=java.util.ResourceBundle$LoaderReference@50000856)
OBJ 5000085c (sz=32, trace=300367, class=java.util.LinkedList@5000085b)
	first		50000864
	last		5000086c
OBJ 5000085d (sz=40, trace=300368, class=sun.util.locale.BaseLocale$Key@5000001d)
OBJ 5000085e (sz=40, trace=300369, class=java.lang.ref.SoftReference@5000014d)
OBJ 5000085f (sz=40, trace=300370, class=java.lang.ref.SoftReference@5000014d)
OBJ 50000860 (sz=40, trace=300371, class=java.lang.ref.SoftReference@5000014d)
OBJ 50000861 (sz=40, trace=300372, class=java.lang.ref.SoftReference@5000014d)
OBJ 50000862 (sz=24, trace=300373, class=java.util.Locale$LocaleKey@5000001b)
OBJ 50000864 (sz=24, trace=300375, class=java.util.LinkedList$Node@50000863)
	item		50000df5
	next		5000086b
OBJ 50000865 (sz=40, trace=300368, class=sun.util.locale.BaseLocale$Key@5000001d)
OBJ 50000866 (sz=40, trace=300369, class=java.lang.ref.SoftReference@5000014d)
OBJ 50000867 (sz=40, trace=300370, class=java.lang.ref.SoftReference@5000014d)
OBJ 50000868 (sz=40, trace=300371, class=java.lang.ref.SoftReference@5000014d)
OBJ 50000869 (sz=40, trace=300372, class=java.lang.ref.SoftReference@5000014d)
OBJ 5000086a (sz=24, trace=300373, class=java.util.Locale$LocaleKey@5000001b)
OBJ 5000086b (sz=24, trace=300376, class=java.util.LinkedList$Node@50000863)
	item		50000e08
	next		5000086c
	prev		50000864
OBJ 5000086c (sz=24, trace=300377, class=java.util.LinkedList$Node@50000863)
	item		50000df6
	prev		5000086b
OBJ 5000086d (sz=48, trace=300378, class=sun.util.locale.LocaleObjectCache$CacheEntry@5000001c)
	referent	5000085c
	queue		50000850
	key		50000e5a
ARR 5000086e (sz=144, trace=300379, nelems=2, elem type=java.util.concurrent.ConcurrentHashMap$Node[]@50000026)
	[1]		5000086f
OBJ 5000086f (sz=32, trace=300380, class=java.util.concurrent.ConcurrentHashMap$Node@50000027)
	key		50000e5a
	val		5000086d
OBJ 50000870 (sz=24, trace=300381, class=java.util.ArrayList@500000c1)
ARR 50000871 (sz=32, trace=300382, nelems=0, elem type=java.lang.Object[]@50000111)
OBJ 50000872 (sz=32, trace=300383, class=java.util.ResourceBundle$LoaderReference@50000856)
OBJ 50000873 (sz=16, trace=300072, class=java.lang.Object@5000016c)
OBJ 50000874 (sz=32, trace=300074, class=java.util.concurrent.ConcurrentHashMap$Node@50000027)
	key		50000b0b
	val		50000873
OBJ 50000875 (sz=16, trace=300075, class=java.lang.Object@5000016c)
OBJ 50000876 (sz=32, trace=300074, class=java.util.concurrent.ConcurrentHashMap$Node@50000027)
	key		50000b0b
	val		50000875
ARR 50000879 (sz=16, trace=300385, nelems=0, elem type=java.lang.Class[]@5000010c)
OBJ 5000087a (sz=56, trace=300127, class=java.lang.Class$ReflectionData@500000ad)
OBJ 5000087b (sz=40, trace=300023, class=java.lang.ref.SoftReference@5000014d)
OBJ 5000087c (sz=80, trace=300128, class=java.lang.reflect.Constructor@5000013a)
OBJ 5000087d (sz=24, trace=300386, class=java.lang.Class$1@5000008a)
OBJ 5000087e (sz=24, trace=300130, class=sun.reflect.NativeConstructorAccessorImpl@50000088)
OBJ 5000087f (sz=16, trace=300131, class=sun.reflect.DelegatingConstructorAccessorImpl@50000087)
OBJ 50000880 (sz=40, trace=300387, class=sun.launcher.resources.launcher@50000878)
	locale		50000df6
	name		50000b0b
	cacheKey	50001662
	lookup		50000953
OBJ 50000881 (sz=32, trace=300383, class=java.util.ResourceBundle$LoaderReference@50000856)
	referent	50000834
	queue		50000434
	cacheKey	50001662
OBJ 50000883 (sz=48, trace=300389, class=java.util.ResourceBundle$BundleReference@50000882)
	referent	50000880
	queue		50000434
	cacheKey	50001662
ARR 50000884 (sz=272, trace=300390, nelems=40, elem type=java.util.concurrent.ConcurrentHashMap$Node[]@50000026)
	[17]		500008e2
	[38]		5000093d
	[39]		50000885
OBJ 50000885 (sz=32, trace=300391, class=java.util.concurrent.ConcurrentHashMap$Node@50000027)
	key		50001662
	val		50000883
OBJ 50000886 (sz=32, trace=300383, class=java.util.ResourceBundle$LoaderReference@50000856)
OBJ 50000887 (sz=24, trace=300392, class=java.lang.StringBuilder@5000011e)
ARR 50000888 (sz=112, trace=300393, nelems=0, elem type=char[])
OBJ 50000889 (sz=24, trace=300394, class=java.lang.String@50000168)
	value		5000088a
ARR 5000088a (sz=68, trace=300395, nelems=34, elem type=char[])
OBJ 5000088b (sz=16, trace=300072, class=java.lang.Object@5000016c)
OBJ 5000088c (sz=32, trace=300074, class=java.util.concurrent.ConcurrentHashMap$Node@50000027)
	key		50000889
	val		5000088b
OBJ 5000088d (sz=16, trace=300075, class=java.lang.Object@5000016c)
OBJ 5000088e (sz=32, trace=300074, class=java.util.concurrent.ConcurrentHashMap$Node@50000027)
	key		50000889
	val		5000088d
OBJ 5000088f (sz=24, trace=300077, class=java.net.URLClassLoader$1@500001e0)
ARR 50000890 (sz=88, trace=300078, nelems=0, elem type=char[])
OBJ 50000891 (sz=24, trace=300079, class=java.lang.String@50000168)
ARR 50000892 (sz=96, trace=300080, nelems=0, elem type=char[])
OBJ 50000893 (sz=24, trace=300081, class=java.lang.String@50000168)
OBJ 50000894 (sz=40, trace=300154, class=java.lang.ClassNotFoundException@50000157)
OBJ 50000895 (sz=40, trace=300156, class=java.security.PrivilegedActionException@500003f1)
OBJ 50000896 (sz=24, trace=300157, class=java.net.URLClassLoader$1@500001e0)
ARR 50000897 (sz=88, trace=300078, nelems=0, elem type=char[])
OBJ 50000898 (sz=24, trace=300079, class=java.lang.String@50000168)
ARR 50000899 (sz=96, trace=300080, nelems=0, elem type=char[])
OBJ 5000089a (sz=24, trace=300081, class=java.lang.String@50000168)
OBJ 5000089b (sz=64, trace=300174, class=java.net.URL@50000013)
OBJ 5000089c (sz=24, trace=300175, class=java.lang.StringBuilder@5000011e)
ARR 5000089d (sz=48, trace=300176, nelems=0, elem type=char[])
ARR 5000089e (sz=128, trace=300050, nelems=0, elem type=char[])
ARR 5000089f (sz=240, trace=300050, nelems=0, elem type=char[])
OBJ 500008a0 (sz=24, trace=300177, class=java.lang.String@50000168)
ARR 500008a1 (sz=128, trace=300178, nelems=0, elem type=char[])
OBJ 500008a2 (sz=24, trace=300179, class=java.lang.String@50000168)
ARR 500008a3 (sz=128, trace=300180, nelems=0, elem type=char[])
ARR 500008a4 (sz=208, trace=300181, nelems=0, elem type=char[])
ARR 500008a5 (sz=96, trace=300182, nelems=0, elem type=char[])
OBJ 500008a6 (sz=24, trace=300183, class=java.lang.String@50000168)
ARR 500008a7 (sz=96, trace=300184, nelems=0, elem type=char[])
OBJ 500008a8 (sz=64, trace=300185, class=java.net.URL@50000013)
OBJ 500008a9 (sz=24, trace=300175, class=java.lang.StringBuilder@5000011e)
ARR 500008aa (sz=48, trace=300176, nelems=0, elem type=char[])
ARR 500008ab (sz=128, trace=300050, nelems=0, elem type=char[])
ARR 500008ac (sz=240, trace=300050, nelems=0, elem type=char[])
OBJ 500008ad (sz=24, trace=300177, class=java.lang.String@50000168)
ARR 500008ae (sz=208, trace=300178, nelems=0, elem type=char[])
ARR 500008af (sz=96, trace=300186, nelems=0, elem type=char[])
OBJ 500008b0 (sz=24, trace=300187, class=java.lang.String@50000168)
OBJ 500008b1 (sz=32, trace=300188, class=java.io.File@50000077)
ARR 500008b2 (sz=208, trace=300189, nelems=0, elem type=char[])
OBJ 500008b3 (sz=24, trace=300190, class=java.lang.String@50000168)
ARR 500008b4 (sz=208, trace=300191, nelems=0, elem type=char[])
OBJ 500008b5 (sz=40, trace=300154, class=java.lang.ClassNotFoundException@50000157)
OBJ 500008b6 (sz=40, trace=300156, class=java.security.PrivilegedActionException@500003f1)
OBJ 500008b7 (sz=24, trace=300392, class=java.lang.StringBuilder@5000011e)
ARR 500008b8 (sz=112, trace=300393, nelems=0, elem type=char[])
OBJ 500008b9 (sz=24, trace=300394, class=java.lang.String@50000168)
ARR 500008ba (sz=88, trace=300395, nelems=0, elem type=char[])
OBJ 500008bb (sz=24, trace=300396, class=java.lang.StringBuilder@5000011e)
ARR 500008bc (sz=112, trace=300397, nelems=0, elem type=char[])
ARR 500008bd (sz=88, trace=300398, nelems=0, elem type=char[])
OBJ 500008be (sz=24, trace=300399, class=java.lang.String@50000168)
OBJ 500008bf (sz=24, trace=300400, class=java.lang.String@50000168)
ARR 500008c0 (sz=112, trace=300401, nelems=0, elem type=char[])
OBJ 500008c2 (sz=32, trace=300403, class=java.util.ResourceBundle$Control$1@500008c1)
OBJ 500008c4 (sz=24, trace=300405, class=java.net.URLClassLoader$2@500008c3)
OBJ 500008c5 (sz=24, trace=300406, class=java.net.URLClassLoader$2@500008c3)
OBJ 500008c6 (sz=64, trace=300407, class=java.net.URL@50000013)
OBJ 500008c7 (sz=24, trace=300175, class=java.lang.StringBuilder@5000011e)
ARR 500008c8 (sz=48, trace=300176, nelems=0, elem type=char[])
ARR 500008c9 (sz=128, trace=300050, nelems=0, elem type=char[])
ARR 500008ca (sz=240, trace=300050, nelems=0, elem type=char[])
OBJ 500008cb (sz=24, trace=300177, class=java.lang.String@50000168)
ARR 500008cc (sz=128, trace=300178, nelems=0, elem type=char[])
OBJ 500008cd (sz=24, trace=300179, class=java.lang.String@50000168)
ARR 500008ce (sz=128, trace=300180, nelems=0, elem type=char[])
ARR 500008cf (sz=232, trace=300408, nelems=0, elem type=char[])
ARR 500008d0 (sz=112, trace=300409, nelems=0, elem type=char[])
OBJ 500008d1 (sz=24, trace=300410, class=java.lang.String@50000168)
ARR 500008d2 (sz=112, trace=300184, nelems=0, elem type=char[])
OBJ 500008d3 (sz=64, trace=300411, class=java.net.URL@50000013)
OBJ 500008d4 (sz=24, trace=300175, class=java.lang.StringBuilder@5000011e)
ARR 500008d5 (sz=48, trace=300176, nelems=0, elem type=char[])
ARR 500008d6 (sz=128, trace=300050, nelems=0, elem type=char[])
ARR 500008d7 (sz=240, trace=300050, nelems=0, elem type=char[])
OBJ 500008d8 (sz=24, trace=300177, class=java.lang.String@50000168)
ARR 500008d9 (sz=216, trace=300178, nelems=0, elem type=char[])
ARR 500008da (sz=112, trace=300412, nelems=0, elem type=char[])
OBJ 500008db (sz=24, trace=300413, class=java.lang.String@50000168)
OBJ 500008dc (sz=32, trace=300414, class=java.io.File@50000077)
ARR 500008dd (sz=216, trace=300415, nelems=0, elem type=char[])
OBJ 500008de (sz=24, trace=300190, class=java.lang.String@50000168)
ARR 500008df (sz=216, trace=300191, nelems=0, elem type=char[])
OBJ 500008e0 (sz=32, trace=300383, class=java.util.ResourceBundle$LoaderReference@50000856)
	referent	50000834
	queue		50000434
	cacheKey	50001666
OBJ 500008e1 (sz=48, trace=300389, class=java.util.ResourceBundle$BundleReference@50000882)
	referent	50000432
	queue		50000434
	cacheKey	50001666
OBJ 500008e2 (sz=32, trace=300391, class=java.util.concurrent.ConcurrentHashMap$Node@50000027)
	key		50001666
	val		500008e1
OBJ 500008e3 (sz=32, trace=300383, class=java.util.ResourceBundle$LoaderReference@50000856)
OBJ 500008e4 (sz=24, trace=300392, class=java.lang.StringBuilder@5000011e)
ARR 500008e5 (sz=112, trace=300393, nelems=0, elem type=char[])
OBJ 500008e6 (sz=24, trace=300394, class=java.lang.String@50000168)
	value		500008e7
ARR 500008e7 (sz=74, trace=300395, nelems=37, elem type=char[])
OBJ 500008e8 (sz=16, trace=300072, class=java.lang.Object@5000016c)
OBJ 500008e9 (sz=32, trace=300074, class=java.util.concurrent.ConcurrentHashMap$Node@50000027)
	key		500008e6
	val		500008e8
OBJ 500008ea (sz=16, trace=300075, class=java.lang.Object@5000016c)
OBJ 500008eb (sz=32, trace=300074, class=java.util.concurrent.ConcurrentHashMap$Node@50000027)
	key		500008e6
	val		500008ea
OBJ 500008ec (sz=24, trace=300077, class=java.net.URLClassLoader$1@500001e0)
ARR 500008ed (sz=96, trace=300078, nelems=0, elem type=char[])
OBJ 500008ee (sz=24, trace=300079, class=java.lang.String@50000168)
ARR 500008ef (sz=104, trace=300080, nelems=0, elem type=char[])
OBJ 500008f0 (sz=24, trace=300081, class=java.lang.String@50000168)
OBJ 500008f1 (sz=40, trace=300154, class=java.lang.ClassNotFoundException@50000157)
OBJ 500008f2 (sz=40, trace=300156, class=java.security.PrivilegedActionException@500003f1)
OBJ 500008f3 (sz=24, trace=300157, class=java.net.URLClassLoader$1@500001e0)
ARR 500008f4 (sz=96, trace=300078, nelems=0, elem type=char[])
OBJ 500008f5 (sz=24, trace=300079, class=java.lang.String@50000168)
ARR 500008f6 (sz=104, trace=300080, nelems=0, elem type=char[])
OBJ 500008f7 (sz=24, trace=300081, class=java.lang.String@50000168)
OBJ 500008f8 (sz=64, trace=300174, class=java.net.URL@50000013)
OBJ 500008f9 (sz=24, trace=300175, class=java.lang.StringBuilder@5000011e)
ARR 500008fa (sz=48, trace=300176, nelems=0, elem type=char[])
ARR 500008fb (sz=128, trace=300050, nelems=0, elem type=char[])
ARR 500008fc (sz=240, trace=300050, nelems=0, elem type=char[])
OBJ 500008fd (sz=24, trace=300177, class=java.lang.String@50000168)
ARR 500008fe (sz=128, trace=300178, nelems=0, elem type=char[])
OBJ 500008ff (sz=24, trace=300179, class=java.lang.String@50000168)
ARR 50000900 (sz=128, trace=300180, nelems=0, elem type=char[])
ARR 50000901 (sz=224, trace=300181, nelems=0, elem type=char[])
ARR 50000902 (sz=104, trace=300182, nelems=0, elem type=char[])
OBJ 50000903 (sz=24, trace=300183, class=java.lang.String@50000168)
ARR 50000904 (sz=104, trace=300184, nelems=0, elem type=char[])
OBJ 50000905 (sz=64, trace=300185, class=java.net.URL@50000013)
OBJ 50000906 (sz=24, trace=300175, class=java.lang.StringBuilder@5000011e)
ARR 50000907 (sz=48, trace=300176, nelems=0, elem type=char[])
ARR 50000908 (sz=128, trace=300050, nelems=0, elem type=char[])
ARR 50000909 (sz=240, trace=300050, nelems=0, elem type=char[])
OBJ 5000090a (sz=24, trace=300177, class=java.lang.String@50000168)
ARR 5000090b (sz=216, trace=300178, nelems=0, elem type=char[])
ARR 5000090c (sz=104, trace=300186, nelems=0, elem type=char[])
OBJ 5000090d (sz=24, trace=300187, class=java.lang.String@50000168)
OBJ 5000090e (sz=32, trace=300188, class=java.io.File@50000077)
ARR 5000090f (sz=208, trace=300189, nelems=0, elem type=char[])
OBJ 50000910 (sz=24, trace=300190, class=java.lang.String@50000168)
ARR 50000911 (sz=208, trace=300191, nelems=0, elem type=char[])
OBJ 50000912 (sz=40, trace=300154, class=java.lang.ClassNotFoundException@50000157)
OBJ 50000913 (sz=40, trace=300156, class=java.security.PrivilegedActionException@500003f1)
OBJ 50000914 (sz=24, trace=300392, class=java.lang.StringBuilder@5000011e)
ARR 50000915 (sz=112, trace=300393, nelems=0, elem type=char[])
OBJ 50000916 (sz=24, trace=300394, class=java.lang.String@50000168)
ARR 50000917 (sz=96, trace=300395, nelems=0, elem type=char[])
OBJ 50000918 (sz=24, trace=300396, class=java.lang.StringBuilder@5000011e)
ARR 50000919 (sz=112, trace=300397, nelems=0, elem type=char[])
ARR 5000091a (sz=96, trace=300398, nelems=0, elem type=char[])
OBJ 5000091b (sz=24, trace=300399, class=java.lang.String@50000168)
OBJ 5000091c (sz=24, trace=300400, class=java.lang.String@50000168)
ARR 5000091d (sz=112, trace=300401, nelems=0, elem type=char[])
OBJ 5000091e (sz=32, trace=300403, class=java.util.ResourceBundle$Control$1@500008c1)
OBJ 5000091f (sz=24, trace=300405, class=java.net.URLClassLoader$2@500008c3)
OBJ 50000920 (sz=24, trace=300406, class=java.net.URLClassLoader$2@500008c3)
OBJ 50000921 (sz=64, trace=300407, class=java.net.URL@50000013)
OBJ 50000922 (sz=24, trace=300175, class=java.lang.StringBuilder@5000011e)
ARR 50000923 (sz=48, trace=300176, nelems=0, elem type=char[])
ARR 50000924 (sz=128, trace=300050, nelems=0, elem type=char[])
ARR 50000925 (sz=240, trace=300050, nelems=0, elem type=char[])
OBJ 50000926 (sz=24, trace=300177, class=java.lang.String@50000168)
ARR 50000927 (sz=128, trace=300178, nelems=0, elem type=char[])
OBJ 50000928 (sz=24, trace=300179, class=java.lang.String@50000168)
ARR 50000929 (sz=128, trace=300180, nelems=0, elem type=char[])
ARR 5000092a (sz=240, trace=300408, nelems=0, elem type=char[])
ARR 5000092b (sz=112, trace=300409, nelems=0, elem type=char[])
OBJ 5000092c (sz=24, trace=300410, class=java.lang.String@50000168)
ARR 5000092d (sz=112, trace=300184, nelems=0, elem type=char[])
OBJ 5000092e (sz=64, trace=300411, class=java.net.URL@50000013)
OBJ 5000092f (sz=24, trace=300175, class=java.lang.StringBuilder@5000011e)
ARR 50000930 (sz=48, trace=300176, nelems=0, elem type=char[])
ARR 50000931 (sz=128, trace=300050, nelems=0, elem type=char[])
ARR 50000932 (sz=240, trace=300050, nelems=0, elem type=char[])
OBJ 50000933 (sz=24, trace=300177, class=java.lang.String@50000168)
ARR 50000934 (sz=224, trace=300178, nelems=0, elem type=char[])
ARR 50000935 (sz=112, trace=300412, nelems=0, elem type=char[])
OBJ 50000936 (sz=24, trace=300413, class=java.lang.String@50000168)
OBJ 50000937 (sz=32, trace=300414, class=java.io.File@50000077)
ARR 50000938 (sz=224, trace=300415, nelems=0, elem type=char[])
OBJ 50000939 (sz=24, trace=300190, class=java.lang.String@50000168)
ARR 5000093a (sz=224, trace=300191, nelems=0, elem type=char[])
OBJ 5000093b (sz=32, trace=300383, class=java.util.ResourceBundle$LoaderReference@50000856)
	referent	50000834
	queue		50000434
	cacheKey	50001665
OBJ 5000093c (sz=48, trace=300389, class=java.util.ResourceBundle$BundleReference@50000882)
	referent	50000432
	queue		50000434
	cacheKey	50001665
OBJ 5000093d (sz=32, trace=300391, class=java.util.concurrent.ConcurrentHashMap$Node@50000027)
	key		50001665
	val		5000093c
ARR 5000093f (sz=96, trace=300416, nelems=0, elem type=java.lang.Object[][]@5000093e)
ARR 50000940 (sz=24, trace=300417, nelems=0, elem type=java.lang.Object[]@50000111)
ARR 50000941 (sz=24, trace=300418, nelems=0, elem type=java.lang.Object[]@50000111)
ARR 50000942 (sz=24, trace=300419, nelems=0, elem type=java.lang.Object[]@50000111)
ARR 50000943 (sz=24, trace=300420, nelems=0, elem type=java.lang.Object[]@50000111)
ARR 50000944 (sz=24, trace=300421, nelems=0, elem type=java.lang.Object[]@50000111)
ARR 50000945 (sz=24, trace=300422, nelems=0, elem type=java.lang.Object[]@50000111)
ARR 50000946 (sz=24, trace=300423, nelems=0, elem type=java.lang.Object[]@50000111)
ARR 50000947 (sz=24, trace=300424, nelems=0, elem type=java.lang.Object[]@50000111)
ARR 50000948 (sz=24, trace=300425, nelems=0, elem type=java.lang.Object[]@50000111)
ARR 50000949 (sz=24, trace=300426, nelems=0, elem type=java.lang.Object[]@50000111)
ARR 5000094a (sz=24, trace=300427, nelems=0, elem type=java.lang.Object[]@50000111)
ARR 5000094b (sz=24, trace=300428, nelems=0, elem type=java.lang.Object[]@50000111)
ARR 5000094c (sz=24, trace=300429, nelems=0, elem type=java.lang.Object[]@50000111)
ARR 5000094d (sz=24, trace=300430, nelems=0, elem type=java.lang.Object[]@50000111)
ARR 5000094e (sz=24, trace=300431, nelems=0, elem type=java.lang.Object[]@50000111)
ARR 5000094f (sz=24, trace=300432, nelems=0, elem type=java.lang.Object[]@50000111)
ARR 50000950 (sz=24, trace=300433, nelems=0, elem type=java.lang.Object[]@50000111)
ARR 50000951 (sz=24, trace=300434, nelems=0, elem type=java.lang.Object[]@50000111)
ARR 50000952 (sz=24, trace=300435, nelems=0, elem type=java.lang.Object[]@50000111)
OBJ 50000953 (sz=48, trace=300436, class=java.util.HashMap@500000ba)
	table		50000954
ARR 50000954 (sz=144, trace=300437, nelems=32, elem type=java.util.HashMap$Node[]@500000b8)
	[0]		50000957
	[1]		5000095f
	[5]		50000964
	[11]		50000956
	[12]		5000095c
	[13]		50000955
	[15]		5000095d
	[23]		50000962
	[25]		50000965
	[26]		50000963
	[28]		5000095b
	[29]		5000095a
	[30]		50000959
	[31]		50000958
OBJ 50000955 (sz=32, trace=300152, class=java.util.HashMap$Node@500000b9)
	key		5000169e
	value		5000169d
OBJ 50000956 (sz=32, trace=300152, class=java.util.HashMap$Node@500000b9)
	key		500016a6
	value		500016a5
	next		5000095e
OBJ 50000957 (sz=32, trace=300152, class=java.util.HashMap$Node@500000b9)
	key		500009c0
	value		500016b9
	next		50000960
OBJ 50000958 (sz=32, trace=300152, class=java.util.HashMap$Node@500000b9)
	key		50001676
	value		50001675
	next		50000961
OBJ 50000959 (sz=32, trace=300152, class=java.util.HashMap$Node@500000b9)
	key		5000167e
	value		5000167d
OBJ 5000095a (sz=32, trace=300152, class=java.util.HashMap$Node@500000b9)
	key		50001682
	value		50001681
OBJ 5000095b (sz=32, trace=300152, class=java.util.HashMap$Node@500000b9)
	key		50001686
	value		50001685
OBJ 5000095c (sz=32, trace=300152, class=java.util.HashMap$Node@500000b9)
	key		500016a2
	value		500016a1
OBJ 5000095d (sz=32, trace=300152, class=java.util.HashMap$Node@500000b9)
	key		5000169a
	value		50001699
OBJ 5000095e (sz=32, trace=300153, class=java.util.HashMap$Node@500000b9)
	key		500016aa
	value		500016a9
	next		50000966
OBJ 5000095f (sz=32, trace=300152, class=java.util.HashMap$Node@500000b9)
	key		500016b6
	value		500016b5
OBJ 50000960 (sz=32, trace=300153, class=java.util.HashMap$Node@500000b9)
	key		500016bd
	value		500016bc
OBJ 50000961 (sz=32, trace=300153, class=java.util.HashMap$Node@500000b9)
	key		5000167a
	value		50001679
OBJ 50000962 (sz=32, trace=300152, class=java.util.HashMap$Node@500000b9)
	key		50001692
	value		50001691
	next		50000967
OBJ 50000963 (sz=32, trace=300152, class=java.util.HashMap$Node@500000b9)
	key		5000168a
	value		50001689
OBJ 50000964 (sz=32, trace=300152, class=java.util.HashMap$Node@500000b9)
	key		500016b2
	value		500016b1
OBJ 50000965 (sz=32, trace=300152, class=java.util.HashMap$Node@500000b9)
	key		5000168e
	value		5000168d
OBJ 50000966 (sz=32, trace=300153, class=java.util.HashMap$Node@500000b9)
	key		500016ae
	value		500016ad
OBJ 50000967 (sz=32, trace=300153, class=java.util.HashMap$Node@500000b9)
	key		50001696
	value		50001695
ARR 5000096a (sz=40, trace=300439, nelems=5, elem type=java.lang.String[]@500000bc)
	[0]		50000aae
	[1]		500016c6
	[2]		500016c2
	[3]		500016c8
	[4]		500016c0
ARR 5000096b (sz=32, trace=300440, nelems=4, elem type=java.lang.String[]@500000bc)
	[0]		50000aae
	[1]		500016c1
	[2]		500016c7
	[3]		500016c4
ARR 5000096c (sz=40, trace=300441, nelems=5, elem type=java.lang.String[]@500000bc)
	[0]		50000aae
	[1]		50000b1f
	[2]		500016c5
	[3]		50000b21
	[4]		500016c3
ARR 5000096d (sz=20, trace=300442, nelems=5, elem type=int[])
OBJ 5000096e (sz=40, trace=300443, class=java.text.MessageFormat@50000969)
ARR 50000970 (sz=56, trace=300444, nelems=0, elem type=java.text.Format[]@5000096f)
ARR 50000971 (sz=56, trace=300445, nelems=0, elem type=int[])
ARR 50000972 (sz=56, trace=300446, nelems=0, elem type=int[])
OBJ 50000974 (sz=40, trace=300448, class=java.util.Locale$Category@50000973)
	name		50000f17
	languageKey	50000f1b
	scriptKey	50000f1d
	countryKey	50000f19
	variantKey	50000f1f
OBJ 50000975 (sz=40, trace=300449, class=java.util.Locale$Category@50000973)
	name		50000f18
	languageKey	50000f1c
	scriptKey	50000f1e
	countryKey	50000f1a
	variantKey	50000f20
ARR 50000977 (sz=24, trace=300450, nelems=2, elem type=java.util.Locale$Category[]@50000976)
	[0]		50000974
	[1]		50000975
ARR 50000979 (sz=8, trace=300452, nelems=2, elem type=int[])
OBJ 5000097a (sz=24, trace=300453, class=sun.security.action.GetPropertyAction@50000078)
OBJ 5000097b (sz=24, trace=300454, class=sun.security.action.GetPropertyAction@50000078)
OBJ 5000097c (sz=24, trace=300455, class=sun.security.action.GetPropertyAction@50000078)
OBJ 5000097d (sz=24, trace=300456, class=sun.security.action.GetPropertyAction@50000078)
OBJ 5000097e (sz=40, trace=300368, class=sun.util.locale.BaseLocale$Key@5000001d)
OBJ 5000097f (sz=40, trace=300369, class=java.lang.ref.SoftReference@5000014d)
OBJ 50000980 (sz=40, trace=300370, class=java.lang.ref.SoftReference@5000014d)
OBJ 50000981 (sz=40, trace=300371, class=java.lang.ref.SoftReference@5000014d)
OBJ 50000982 (sz=40, trace=300372, class=java.lang.ref.SoftReference@5000014d)
OBJ 50000983 (sz=24, trace=300373, class=java.util.Locale$LocaleKey@5000001b)
ARR 50000985 (sz=32, trace=300457, nelems=0, elem type=java.lang.StringBuilder[]@50000984)
OBJ 50000986 (sz=24, trace=300458, class=java.lang.StringBuilder@5000011e)
ARR 50000987 (sz=48, trace=300459, nelems=0, elem type=char[])
ARR 50000988 (sz=88, trace=300286, nelems=0, elem type=char[])
ARR 50000989 (sz=160, trace=300286, nelems=0, elem type=char[])
OBJ 5000098a (sz=24, trace=300460, class=java.lang.StringBuilder@5000011e)
ARR 5000098b (sz=48, trace=300461, nelems=0, elem type=char[])
ARR 5000098c (sz=32, trace=300462, nelems=0, elem type=java.lang.String[]@500000bc)
OBJ 5000098d (sz=24, trace=300463, class=java.lang.String@50000168)
ARR 5000098e (sz=104, trace=300464, nelems=0, elem type=char[])
OBJ 5000098f (sz=24, trace=300463, class=java.lang.String@50000168)
ARR 50000990 (sz=24, trace=300464, nelems=0, elem type=char[])
OBJ 50000991 (sz=24, trace=300465, class=java.lang.String@50000168)
ARR 50000992 (sz=104, trace=300466, nelems=0, elem type=char[])
OBJ 50000993 (sz=24, trace=300467, class=java.lang.StringBuffer@5000011f)
ARR 50000994 (sz=48, trace=300468, nelems=0, elem type=char[])
OBJ 50000996 (sz=32, trace=300470, class=java.text.FieldPosition@50000995)
ARR 50000997 (sz=104, trace=300050, nelems=0, elem type=char[])
ARR 50000999 (sz=184, trace=300050, nelems=0, elem type=char[])
OBJ 5000099d (sz=48, trace=300473, class=java.util.HashMap@500000ba)
	table		5000099f
OBJ 5000099e (sz=16, trace=300474, class=java.text.AttributedCharacterIterator$Attribute@5000099a)
	name		50000de6
ARR 5000099f (sz=48, trace=300475, nelems=3, elem type=java.util.HashMap$Node[]@500000b8)
	[1]		500009a2
	[2]		500009a0
OBJ 500009a0 (sz=32, trace=300152, class=java.util.HashMap$Node@500000b9)
	key		50000de6
	value		5000099e
	next		500009a4
OBJ 500009a1 (sz=16, trace=300476, class=java.text.AttributedCharacterIterator$Attribute@5000099a)
	name		500016d5
OBJ 500009a2 (sz=32, trace=300152, class=java.util.HashMap$Node@500000b9)
	key		500016d5
	value		500009a1
OBJ 500009a3 (sz=16, trace=300477, class=java.text.AttributedCharacterIterator$Attribute@5000099a)
	name		500016d4
OBJ 500009a4 (sz=32, trace=300153, class=java.util.HashMap$Node@500000b9)
	key		500016d4
	value		500009a3
OBJ 500009a5 (sz=16, trace=300478, class=java.text.MessageFormat$Field@5000099c)
	name		500016d2
OBJ 500009a6 (sz=24, trace=300479, class=java.lang.String@50000168)
ARR 500009a7 (sz=16, trace=300480, nelems=0, elem type=char[])
ARR 500009a8 (sz=120, trace=300481, nelems=0, elem type=char[])
OBJ 500009a9 (sz=24, trace=300482, class=java.lang.String@50000168)
OBJ 500009aa (sz=48, trace=300249, class=java.nio.HeapCharBuffer@50000038)
OBJ 500009ab (sz=48, trace=300249, class=java.nio.HeapCharBuffer@50000038)
ARR 500009ad (sz=56, trace=300484, nelems=0, elem type=java.lang.Runnable[]@500000e7)
OBJ 500009af (sz=16, trace=300486, class=java.lang.Shutdown$Lock@500009ae)
OBJ 500009b0 (sz=16, trace=300487, class=java.lang.Shutdown$Lock@500009ae)
OBJ 500009b5 (sz=376, trace=300000, class=java.lang.Thread@50000147)
	name		500016db
	contextClassLoader	500009c1
	blockerLock	500016da
OBJ 500009b6 (sz=376, trace=300000, class=java.lang.Thread@50000147)
	name		500015fc
	group		50000a95
	contextClassLoader	500009c1
	inheritedAccessControlContext	500015fb
	blockerLock	500015fa
OBJ 500009b7 (sz=376, trace=300000, class=java.lang.Thread@50000147)
	name		500015ff
	group		50000a95
	contextClassLoader	500009c1
	inheritedAccessControlContext	500015fe
	blockerLock	500015fd
OBJ 500009b8 (sz=384, trace=300000, class=java.lang.ref.Finalizer$FinalizerThread@500000e2)
	name		50001602
	group		50000a95
	inheritedAccessControlContext	50001601
	blockerLock	50001600
OBJ 500009b9 (sz=32, trace=300000, class=java.lang.ref.ReferenceQueue@500000e5)
	lock		500009ba
OBJ 500009ba (sz=16, trace=300000, class=java.lang.ref.ReferenceQueue$Lock@500000e3)
OBJ 500009bb (sz=16, trace=300000, class=java.lang.System$2@5000005b)
OBJ 500009bc (sz=376, trace=300000, class=java.lang.ref.Reference$ReferenceHandler@500000e8)
	name		50001612
	group		50000a95
	inheritedAccessControlContext	50001611
	blockerLock	50001610
OBJ 500009bd (sz=16, trace=300000, class=java.lang.ref.Reference$Lock@500000e9)
OBJ 500009be (sz=376, trace=300000, class=java.lang.Thread@50000147)
	name		50001618
	group		50000a94
	contextClassLoader	500009c1
	inheritedAccessControlContext	50001617
	threadLocals	500001d0
	blockerLock	50001616
OBJ 500009bf (sz=16, trace=300000, class=java.lang.Runtime@500000cd)
OBJ 500009c0 (sz=24, trace=300000, class=java.lang.String@50000168)
	value		500016ba
OBJ 500009c1 (sz=88, trace=300000, class=sun.misc.Launcher$AppClassLoader@50000003)
	parent		50000afe
	parallelLockMap	50000afd
	package2certs	50000afc
	classes		50000afb
	defaultDomain	50000afa
	domains		50000af9
	packages	50000af8
	nativeLibraries	50000af7
	assertionLock	50000af6
	pdcache		50000af5
	ucp		50000af4
	acc		50000af3
	closeables	50000af2
ARR 500009c2 (sz=0, trace=300000, nelems=0, elem type=int[])
ARR 500009c3 (sz=24, trace=300000, nelems=0, elem type=java.lang.Object[]@50000111)
ARR 500009c4 (sz=32, trace=300000, nelems=0, elem type=java.lang.Object[]@50000111)
ARR 500009c5 (sz=88, trace=300000, nelems=0, elem type=java.lang.Object[]@50000111)
ARR 500009c6 (sz=24, trace=300000, nelems=1, elem type=java.lang.Object[]@50000111)
	[0]		50000ae4
ARR 500009c7 (sz=24, trace=300000, nelems=2, elem type=java.lang.Object[]@50000111)
	[1]		50000ac8
ARR 500009c8 (sz=88, trace=300000, nelems=18, elem type=java.lang.Object[]@50000111)
	[0]		50000aae
	[14]		50000aea
	[17]		50000aeb
ARR 500009c9 (sz=56, trace=300000, nelems=10, elem type=java.lang.Object[]@50000111)
	[9]		50000f6f
ARR 500009ca (sz=56, trace=300000, nelems=0, elem type=java.lang.Object[]@50000111)
ARR 500009cb (sz=56, trace=300000, nelems=9, elem type=java.lang.Object[]@50000111)
	[0]		50000aa0
	[1]		50000a98
	[2]		50000aa1
	[3]		50000aa2
	[4]		50000aa3
	[5]		50000a99
	[6]		50000a89
	[7]		50000a97
	[8]		50000aa4
ARR 500009cc (sz=208, trace=300000, nelems=0, elem type=java.lang.Object[]@50000111)
ARR 500009cd (sz=32, trace=300000, nelems=3, elem type=java.lang.Object[]@50000111)
	[2]		50000a9b
ARR 500009ce (sz=72, trace=300000, nelems=13, elem type=java.lang.Object[]@50000111)
	[0]		50000aae
	[6]		50000aaf
	[9]		50000ab0
	[10]		50000ab1
	[12]		50000ab2
ARR 500009cf (sz=48, trace=300000, nelems=7, elem type=java.lang.Object[]@50000111)
	[6]		50000aad
ARR 500009d0 (sz=64, trace=300000, nelems=7, elem type=java.lang.Object[]@50000111)
	[6]		50000aa7
ARR 500009d1 (sz=32, trace=300000, nelems=0, elem type=java.lang.Object[]@50000111)
ARR 500009d2 (sz=40, trace=300000, nelems=2, elem type=java.lang.Object[]@50000111)
	[1]		50000aab
ARR 500009d3 (sz=48, trace=300000, nelems=0, elem type=java.lang.Object[]@50000111)
ARR 500009d4 (sz=72, trace=300000, nelems=0, elem type=java.lang.Object[]@50000111)
ARR 500009d5 (sz=80, trace=300000, nelems=0, elem type=java.lang.Object[]@50000111)
ARR 500009d6 (sz=32, trace=300000, nelems=0, elem type=java.lang.Object[]@50000111)
ARR 500009d7 (sz=112, trace=300000, nelems=0, elem type=java.lang.Object[]@50000111)
ARR 500009d8 (sz=32, trace=300000, nelems=3, elem type=java.lang.Object[]@50000111)
	[2]		50000add
ARR 500009d9 (sz=72, trace=300000, nelems=0, elem type=java.lang.Object[]@50000111)
ARR 500009da (sz=24, trace=300000, nelems=0, elem type=java.lang.Object[]@50000111)
ARR 500009db (sz=32, trace=300000, nelems=0, elem type=java.lang.Object[]@50000111)
ARR 500009dc (sz=24, trace=300000, nelems=0, elem type=java.lang.Object[]@50000111)
ARR 500009dd (sz=48, trace=300000, nelems=0, elem type=java.lang.Object[]@50000111)
ARR 500009de (sz=24, trace=300000, nelems=2, elem type=java.lang.Object[]@50000111)
	[1]		50000ad9
ARR 500009df (sz=24, trace=300000, nelems=0, elem type=java.lang.Object[]@50000111)
ARR 500009e0 (sz=24, trace=300000, nelems=1, elem type=java.lang.Object[]@50000111)
	[0]		50001603
ARR 500009e1 (sz=40, trace=300000, nelems=0, elem type=java.lang.Object[]@50000111)
ARR 500009e2 (sz=48, trace=300000, nelems=0, elem type=java.lang.Object[]@50000111)
ARR 500009e3 (sz=32, trace=300000, nelems=1, elem type=java.lang.Object[]@50000111)
	[0]		50000ad6
ARR 500009e4 (sz=56, trace=300000, nelems=10, elem type=java.lang.Object[]@50000111)
	[0]		50000c2a
	[3]		50000b28
	[4]		50000c2b
	[5]		50000c2c
	[6]		50000c2d
	[7]		50000c2e
	[8]		50000c2f
	[9]		50000aa4
ARR 500009e5 (sz=24, trace=300000, nelems=0, elem type=java.lang.Object[]@50000111)
ARR 500009e6 (sz=56, trace=300000, nelems=10, elem type=java.lang.Object[]@50000111)
	[9]		50000b1c
ARR 500009e7 (sz=152, trace=300000, nelems=0, elem type=java.lang.Object[]@50000111)
ARR 500009e8 (sz=24, trace=300000, nelems=0, elem type=java.lang.Object[]@50000111)
ARR 500009e9 (sz=24, trace=300000, nelems=0, elem type=java.lang.Object[]@50000111)
ARR 500009ea (sz=24, trace=300000, nelems=0, elem type=java.lang.Object[]@50000111)
ARR 500009eb (sz=24, trace=300000, nelems=0, elem type=java.lang.Object[]@50000111)
ARR 500009ec (sz=24, trace=300000, nelems=0, elem type=java.lang.Object[]@50000111)
ARR 500009ed (sz=24, trace=300000, nelems=0, elem type=java.lang.Object[]@50000111)
ARR 500009ee (sz=24, trace=300000, nelems=0, elem type=java.lang.Object[]@50000111)
ARR 500009ef (sz=40, trace=300000, nelems=0, elem type=java.lang.Object[]@50000111)
ARR 500009f0 (sz=104, trace=300000, nelems=17, elem type=java.lang.Object[]@50000111)
	[7]		500014ef
	[8]		500015c9
	[10]		500015be
	[14]		500015bf
	[15]		500015ca
	[16]		500014ec
ARR 500009f1 (sz=24, trace=300000, nelems=0, elem type=java.lang.Object[]@50000111)
ARR 500009f2 (sz=24, trace=300000, nelems=0, elem type=java.lang.Object[]@50000111)
ARR 500009f3 (sz=48, trace=300000, nelems=0, elem type=java.lang.Object[]@50000111)
ARR 500009f4 (sz=56, trace=300000, nelems=9, elem type=java.lang.Object[]@50000111)
	[6]		50000ac9
	[7]		50000aca
	[8]		50000acb
ARR 500009f5 (sz=32, trace=300000, nelems=0, elem type=java.lang.Object[]@50000111)
ARR 500009f6 (sz=24, trace=300000, nelems=0, elem type=java.lang.Object[]@50000111)
ARR 500009f7 (sz=24, trace=300000, nelems=0, elem type=java.lang.Object[]@50000111)
ARR 500009f8 (sz=40, trace=300000, nelems=5, elem type=java.lang.Object[]@50000111)
	[4]		50001578
ARR 500009f9 (sz=40, trace=300000, nelems=0, elem type=java.lang.Object[]@50000111)
ARR 500009fa (sz=24, trace=300000, nelems=1, elem type=java.lang.Object[]@50000111)
	[0]		50001571
ARR 500009fb (sz=40, trace=300000, nelems=5, elem type=java.lang.Object[]@50000111)
	[2]		5000156b
	[3]		5000156c
	[4]		5000156d
ARR 500009fc (sz=32, trace=300000, nelems=0, elem type=java.lang.Object[]@50000111)
ARR 500009fd (sz=72, trace=300000, nelems=0, elem type=java.lang.Object[]@50000111)
ARR 500009fe (sz=56, trace=300000, nelems=0, elem type=java.lang.Object[]@50000111)
ARR 500009ff (sz=40, trace=300000, nelems=3, elem type=java.lang.Object[]@50000111)
	[0]		50001588
	[2]		50000aa2
ARR 50000a00 (sz=24, trace=300000, nelems=0, elem type=java.lang.Object[]@50000111)
ARR 50000a01 (sz=48, trace=300000, nelems=7, elem type=java.lang.Object[]@50000111)
	[0]		50000aae
	[1]		500010a0
	[5]		500010ab
	[6]		500010ac
ARR 50000a02 (sz=24, trace=300000, nelems=0, elem type=java.lang.Object[]@50000111)
ARR 50000a03 (sz=24, trace=300000, nelems=2, elem type=java.lang.Object[]@50000111)
	[0]		50000f99
	[1]		50001105
ARR 50000a04 (sz=864, trace=300000, nelems=212, elem type=java.lang.Object[]@50000111)
	[0]		50001305
	[1]		50001351
	[2]		5000137e
	[3]		50001321
	[4]		500013b6
	[5]		500013ae
	[6]		5000138a
	[7]		50001388
	[8]		50001386
	[9]		50001381
	[10]		5000137c
	[11]		50001378
	[12]		50001376
	[13]		500013c1
	[14]		5000129c
	[15]		50001298
	[16]		500013bd
	[17]		500013bb
	[18]		500013b8
	[19]		500013b4
	[20]		500013b2
	[21]		500013cc
	[22]		500013ca
	[23]		500013c8
	[24]		500013c6
	[25]		500013c4
	[26]		50001404
	[27]		50001405
	[28]		50001406
	[29]		50001407
	[30]		50001408
	[31]		50001409
	[32]		5000140a
	[33]		5000140b
	[34]		5000140c
	[35]		5000140d
	[36]		5000140e
	[37]		5000140f
	[38]		50001410
	[39]		50001411
	[40]		50001412
	[41]		50001413
	[42]		50001414
	[43]		50001415
	[44]		50001416
	[45]		50001417
	[46]		50001418
	[47]		50001419
	[48]		5000141a
	[49]		5000141b
	[50]		5000141c
	[51]		5000141d
	[52]		5000141e
	[53]		5000141f
	[54]		50001420
	[55]		50001421
	[56]		50001422
	[57]		50001423
	[58]		50001424
	[59]		50001425
	[60]		50001426
	[61]		50001427
	[62]		50001428
	[63]		50001139
	[64]		50001429
	[65]		5000142a
	[66]		5000142b
	[67]		5000142c
	[68]		5000142d
	[69]		5000142e
	[70]		5000142f
	[71]		50001430
	[72]		5000114a
	[73]		5000113f
	[74]		5000116d
	[75]		5000116a
	[76]		50001156
	[77]		500010da
	[78]		500010ce
	[79]		500010ec
	[80]		50001431
	[81]		50001432
	[82]		50001433
	[83]		50001434
	[84]		50001435
	[85]		50001436
	[86]		50001437
	[87]		50001438
	[88]		50001393
	[89]		50001286
	[90]		50001276
	[91]		5000129e
	[92]		500012bd
	[93]		500012bb
	[94]		500012b9
	[95]		500012b7
	[96]		500012b5
	[97]		500012b2
	[98]		50001296
	[99]		500012dd
	[100]		50001250
	[101]		5000124e
	[102]		5000124c
	[103]		5000124a
	[104]		50001246
	[105]		50001244
	[106]		50001329
	[107]		500012f1
	[108]		5000138f
	[109]		5000138c
	[110]		5000133c
	[111]		50001335
	[112]		50001331
	[113]		5000132c
	[114]		50001327
	[115]		50001317
	[116]		50001315
	[117]		5000130b
	[118]		500013a2
	[119]		500013a0
	[120]		5000139e
	[121]		5000139c
	[122]		5000139a
	[123]		50001439
	[124]		5000143a
	[125]		5000143b
	[126]		5000143c
	[127]		5000143d
	[128]		5000143e
	[129]		5000143f
	[130]		50001440
	[131]		50001441
	[132]		50001442
	[133]		50001443
	[134]		50001444
	[135]		50001445
	[136]		50001446
	[137]		50001280
	[138]		5000123e
	[139]		50001274
	[140]		50001391
	[141]		5000125c
	[142]		5000133a
	[143]		500012c9
	[144]		50001288
	[145]		5000134f
	[146]		50001292
	[147]		500012e1
	[148]		500012a0
	[149]		5000130f
	[150]		500012e9
	[151]		500012e7
	[152]		500012e5
	[153]		500012e3
	[154]		500012d5
	[155]		500012d3
	[156]		5000134d
	[157]		5000134a
	[158]		50001346
	[159]		5000131d
	[160]		500010f6
	[161]		500012ed
	[162]		5000110d
	[163]		50001319
	[164]		50001113
	[165]		5000110a
	[166]		500010f3
	[167]		500010e8
	[168]		50001174
	[169]		50001166
	[170]		5000135c
	[171]		5000135a
	[172]		50001358
	[173]		50001348
	[174]		50001309
	[175]		50001307
	[176]		500012f9
	[177]		500012ef
	[178]		500012d9
	[179]		500012d7
	[180]		50001383
	[181]		5000127e
	[182]		5000127a
	[183]		500012a9
	[184]		50001366
	[185]		50001364
	[186]		50001362
	[187]		50001360
	[188]		5000135e
	[189]		50001252
	[190]		50001356
	[191]		50001323
	[192]		500013a6
	[193]		500013a4
	[194]		50001344
	[195]		50001340
	[196]		50001337
	[197]		50001333
	[198]		50001301
	[199]		500012ff
	[200]		500012fd
	[201]		500012fb
	[202]		500010b0
	[203]		50001269
	[204]		5000128a
	[205]		500013ac
	[206]		5000129a
	[207]		500012db
	[208]		5000125a
	[209]		5000136c
	[210]		500012cd
	[211]		500012d1
ARR 50000a05 (sz=984, trace=300000, nelems=241, elem type=java.lang.Object[]@50000111)
	[0]		50001305
	[1]		50001351
	[2]		5000137e
	[3]		50001321
	[4]		500013b6
	[5]		500013ae
	[6]		5000138a
	[7]		50001388
	[8]		50001386
	[9]		50001381
	[10]		5000137c
	[11]		50001378
	[12]		50001376
	[13]		5000136c
	[14]		500013c1
	[15]		5000129c
	[16]		50001298
	[17]		500013bd
	[18]		500013bb
	[19]		500013b8
	[20]		500013b4
	[21]		500013b2
	[22]		500013cc
	[23]		500013ca
	[24]		500013c8
	[25]		500013c6
	[26]		500013c4
	[27]		50001393
	[28]		50001311
	[29]		500012f5
	[30]		50001258
	[31]		50001286
	[32]		50001276
	[33]		500010dd
	[34]		500012ad
	[35]		5000129e
	[36]		500012bd
	[37]		500012bb
	[38]		500012b9
	[39]		500012b7
	[40]		500012b5
	[41]		500012b2
	[42]		50001296
	[43]		500012dd
	[44]		50001250
	[45]		5000124e
	[46]		5000124c
	[47]		5000124a
	[48]		50001246
	[49]		50001244
	[50]		50001329
	[51]		500012f1
	[52]		5000138f
	[53]		5000138c
	[54]		5000133c
	[55]		50001335
	[56]		50001331
	[57]		5000132c
	[58]		50001327
	[59]		50001317
	[60]		50001315
	[61]		5000130b
	[62]		500013a2
	[63]		500013a0
	[64]		5000139e
	[65]		5000139c
	[66]		5000139a
	[67]		5000137a
	[68]		50001256
	[69]		500012bf
	[70]		500012b0
	[71]		500012ab
	[72]		500013de
	[73]		500013dc
	[74]		500013da
	[75]		500013d8
	[76]		500013d6
	[77]		500013d4
	[78]		500013bf
	[79]		500012c1
	[80]		50001280
	[81]		5000123e
	[82]		50001274
	[83]		50001391
	[84]		50001260
	[85]		5000125c
	[86]		5000133a
	[87]		500012c9
	[88]		500013a8
	[89]		500012c3
	[90]		50001288
	[91]		5000134f
	[92]		50001292
	[93]		500012e1
	[94]		500012a0
	[95]		5000130f
	[96]		5000130d
	[97]		500012e9
	[98]		500012e7
	[99]		500012e5
	[100]		500012e3
	[101]		500012d5
	[102]		500012d3
	[103]		500012cd
	[104]		5000134d
	[105]		5000134a
	[106]		50001346
	[107]		5000131d
	[108]		5000131b
	[109]		500010e5
	[110]		50001272
	[111]		500010f6
	[112]		500012ed
	[113]		5000110d
	[114]		50001319
	[115]		50001313
	[116]		50001113
	[117]		5000110a
	[118]		500010f3
	[119]		500010e8
	[120]		50001174
	[121]		50001166
	[122]		500012d1
	[123]		5000135c
	[124]		5000135a
	[125]		50001358
	[126]		50001348
	[127]		5000133e
	[128]		50001294
	[129]		50001138
	[130]		50001101
	[131]		500010f9
	[132]		50001135
	[133]		5000112c
	[134]		50001128
	[135]		50001122
	[136]		5000111b
	[137]		50001309
	[138]		50001307
	[139]		500012f9
	[140]		500012ef
	[141]		500012d9
	[142]		500012d7
	[143]		50001383
	[144]		500013d0
	[145]		50001284
	[146]		50001290
	[147]		5000128e
	[148]		50001282
	[149]		5000127e
	[150]		5000127c
	[151]		5000127a
	[152]		50001278
	[153]		50001368
	[154]		500012a9
	[155]		500012a4
	[156]		5000136e
	[157]		50001366
	[158]		50001364
	[159]		50001362
	[160]		50001360
	[161]		5000135e
	[162]		50001252
	[163]		50001248
	[164]		50001270
	[165]		50001356
	[166]		50001354
	[167]		500013b0
	[168]		5000126b
	[169]		50001372
	[170]		50001267
	[171]		500012cb
	[172]		50001265
	[173]		5000128c
	[174]		50001262
	[175]		500013ce
	[176]		5000125e
	[177]		5000131f
	[178]		50001325
	[179]		50001323
	[180]		500010d5
	[181]		500010d1
	[182]		500013a6
	[183]		500013a4
	[184]		50001344
	[185]		50001340
	[186]		50001337
	[187]		50001333
	[188]		5000132e
	[189]		50001303
	[190]		50001301
	[191]		500012ff
	[192]		500012fd
	[193]		500012fb
	[194]		500012f7
	[195]		500012c5
	[196]		50001269
	[197]		5000128a
	[198]		500013ac
	[199]		50001370
	[200]		500012df
	[201]		500013d2
	[202]		5000136a
	[203]		5000129a
	[204]		50001104
	[205]		50001149
	[206]		5000113e
	[207]		5000116c
	[208]		50001169
	[209]		50001155
	[210]		500012f3
	[211]		500010cd
	[212]		5000123c
	[213]		5000112f
	[214]		500012db
	[215]		500012c7
	[216]		50001254
	[217]		50001240
	[218]		50001396
	[219]		500012eb
	[220]		5000123a
	[221]		500012a6
	[222]		500012a2
	[223]		50001242
	[224]		50001398
	[225]		50001160
	[226]		5000115d
	[227]		50001152
	[228]		5000114f
	[229]		50001146
	[230]		50001142
	[231]		5000125a
	[232]		50001117
	[233]		5000111f
	[234]		5000126d
	[235]		500013aa
	[236]		500010e1
	[237]		50001374
	[238]		500010d9
	[239]		500012cf
	[240]		500010eb
ARR 50000a06 (sz=328, trace=300000, nelems=78, elem type=java.lang.Object[]@50000111)
	[0]		500010de
	[1]		500010f7
	[2]		50001118
	[3]		5000110e
	[4]		50001114
	[5]		5000110b
	[6]		500010f4
	[7]		500010e9
	[8]		500010e6
	[9]		50001175
	[10]		50001167
	[11]		50001120
	[12]		50001139
	[13]		50001102
	[14]		500010fa
	[15]		50001136
	[16]		5000112d
	[17]		50001129
	[18]		50001123
	[19]		5000111c
	[20]		500010d6
	[21]		500010d2
	[22]		50001161
	[23]		5000115e
	[24]		50001153
	[25]		50001150
	[26]		50001147
	[27]		50001143
	[28]		50001105
	[29]		5000114a
	[30]		5000113f
	[31]		5000116d
	[32]		500010e2
	[33]		5000116a
	[34]		50001156
	[35]		500010da
	[36]		500010ce
	[37]		500010ec
	[38]		50001130
	[39]		500010dd
	[40]		500010e5
	[41]		500010f6
	[42]		5000110d
	[43]		50001113
	[44]		5000110a
	[45]		500010f3
	[46]		500010e8
	[47]		50001174
	[48]		50001166
	[49]		50001138
	[50]		50001101
	[51]		500010f9
	[52]		50001135
	[53]		5000112c
	[54]		50001128
	[55]		50001122
	[56]		5000111b
	[57]		500010d5
	[58]		500010d1
	[59]		50001104
	[60]		50001149
	[61]		5000113e
	[62]		5000116c
	[63]		50001169
	[64]		50001155
	[65]		500010cd
	[66]		5000112f
	[67]		50001160
	[68]		5000115d
	[69]		50001152
	[70]		5000114f
	[71]		50001146
	[72]		50001142
	[73]		50001117
	[74]		5000111f
	[75]		500010e1
	[76]		500010d9
	[77]		500010eb
ARR 50000a07 (sz=176, trace=300000, nelems=39, elem type=java.lang.Object[]@50000111)
	[0]		500010dd
	[1]		500010e5
	[2]		500010f6
	[3]		5000110d
	[4]		50001113
	[5]		5000110a
	[6]		500010f3
	[7]		500010e8
	[8]		50001174
	[9]		50001166
	[10]		50001138
	[11]		50001101
	[12]		500010f9
	[13]		50001135
	[14]		5000112c
	[15]		50001128
	[16]		50001122
	[17]		5000111b
	[18]		500010d5
	[19]		500010d1
	[20]		50001104
	[21]		50001149
	[22]		5000113e
	[23]		5000116c
	[24]		50001169
	[25]		50001155
	[26]		500010cd
	[27]		5000112f
	[28]		50001160
	[29]		5000115d
	[30]		50001152
	[31]		5000114f
	[32]		50001146
	[33]		50001142
	[34]		50001117
	[35]		5000111f
	[36]		500010e1
	[37]		500010d9
	[38]		500010eb
ARR 50000a08 (sz=24, trace=300000, nelems=1, elem type=java.lang.Object[]@50000111)
	[0]		50000b14
ARR 50000a09 (sz=72, trace=300000, nelems=0, elem type=java.lang.Object[]@50000111)
ARR 50000a0a (sz=104, trace=300000, nelems=1, elem type=java.lang.Object[]@50000111)
	[0]		50000a9c
ARR 50000a0b (sz=32, trace=300000, nelems=3, elem type=java.lang.Object[]@50000111)
	[1]		500010f7
	[2]		500013ff
ARR 50000a0c (sz=24, trace=300000, nelems=0, elem type=java.lang.Object[]@50000111)
ARR 50000a0d (sz=32, trace=300000, nelems=3, elem type=java.lang.Object[]@50000111)
	[1]		50000ae0
	[2]		50000ae1
ARR 50000a0e (sz=24, trace=300000, nelems=0, elem type=java.lang.Object[]@50000111)
ARR 50000a0f (sz=32, trace=300000, nelems=0, elem type=java.lang.Object[]@50000111)
ARR 50000a10 (sz=24, trace=300000, nelems=0, elem type=java.lang.Object[]@50000111)
ARR 50000a11 (sz=80, trace=300000, nelems=13, elem type=java.lang.Object[]@50000111)
	[1]		500010a0
	[2]		500010a1
	[3]		500010a2
	[6]		500010a3
	[12]		500010a4
ARR 50000a12 (sz=32, trace=300000, nelems=3, elem type=java.lang.Object[]@50000111)
	[0]		5000108a
	[1]		5000108b
	[2]		5000108c
ARR 50000a13 (sz=32, trace=300000, nelems=0, elem type=java.lang.Object[]@50000111)
ARR 50000a14 (sz=32, trace=300000, nelems=0, elem type=java.lang.Object[]@50000111)
ARR 50000a15 (sz=48, trace=300000, nelems=0, elem type=java.lang.Object[]@50000111)
ARR 50000a16 (sz=24, trace=300000, nelems=2, elem type=java.lang.Object[]@50000111)
	[0]		500014b3
	[1]		500014b4
ARR 50000a17 (sz=32, trace=300000, nelems=3, elem type=java.lang.Object[]@50000111)
	[2]		50000aaf
ARR 50000a18 (sz=96, trace=300000, nelems=19, elem type=java.lang.Object[]@50000111)
	[0]		50000aae
	[17]		50000d4f
	[18]		50000d50
ARR 50000a19 (sz=32, trace=300000, nelems=2, elem type=java.lang.Object[]@50000111)
	[0]		50000f3e
	[1]		50000f3f
ARR 50000a1a (sz=48, trace=300000, nelems=8, elem type=java.lang.Object[]@50000111)
	[5]		50000dd3
	[6]		50000dd4
	[7]		50000dd5
ARR 50000a1b (sz=32, trace=300000, nelems=0, elem type=java.lang.Object[]@50000111)
ARR 50000a1c (sz=24, trace=300000, nelems=2, elem type=java.lang.Object[]@50000111)
	[0]		50000f47
	[1]		50000f48
ARR 50000a1d (sz=32, trace=300000, nelems=1, elem type=java.lang.Object[]@50000111)
	[0]		50000d49
ARR 50000a1e (sz=24, trace=300000, nelems=2, elem type=java.lang.Object[]@50000111)
	[0]		500015dc
	[1]		500015dd
ARR 50000a1f (sz=40, trace=300000, nelems=0, elem type=java.lang.Object[]@50000111)
ARR 50000a20 (sz=80, trace=300000, nelems=14, elem type=java.lang.Object[]@50000111)
	[13]		50000b23
ARR 50000a21 (sz=24, trace=300000, nelems=1, elem type=java.lang.Object[]@50000111)
	[0]		50000b28
ARR 50000a22 (sz=24, trace=300000, nelems=1, elem type=java.lang.Object[]@50000111)
	[0]		50000d4d
ARR 50000a23 (sz=48, trace=300000, nelems=8, elem type=java.lang.Object[]@50000111)
	[3]		50001642
	[6]		50001643
	[7]		50001644
ARR 50000a24 (sz=48, trace=300000, nelems=8, elem type=java.lang.Object[]@50000111)
	[6]		5000150b
	[7]		5000150c
ARR 50000a25 (sz=40, trace=300000, nelems=4, elem type=java.lang.Object[]@50000111)
	[0]		50000f99
	[1]		50000f9a
	[3]		50000f9d
ARR 50000a26 (sz=32, trace=300000, nelems=4, elem type=java.lang.Object[]@50000111)
	[3]		50001510
ARR 50000a27 (sz=64, trace=300000, nelems=0, elem type=java.lang.Object[]@50000111)
ARR 50000a28 (sz=32, trace=300000, nelems=2, elem type=java.lang.Object[]@50000111)
	[0]		5000150a
	[1]		50000fd6
ARR 50000a29 (sz=240, trace=300000, nelems=43, elem type=java.lang.Object[]@50000111)
	[17]		50000f70
	[41]		50000f71
	[42]		50000f72
ARR 50000a2a (sz=24, trace=300000, nelems=0, elem type=java.lang.Object[]@50000111)
ARR 50000a2b (sz=24, trace=300000, nelems=0, elem type=java.lang.Object[]@50000111)
ARR 50000a2c (sz=24, trace=300000, nelems=0, elem type=java.lang.Object[]@50000111)
ARR 50000a2d (sz=24, trace=300000, nelems=0, elem type=java.lang.Object[]@50000111)
ARR 50000a2e (sz=24, trace=300000, nelems=2, elem type=java.lang.Object[]@50000111)
	[1]		50000f58
ARR 50000a2f (sz=32, trace=300000, nelems=3, elem type=java.lang.Object[]@50000111)
	[0]		50000fd4
	[1]		50000fd5
	[2]		50000fd6
ARR 50000a30 (sz=32, trace=300000, nelems=0, elem type=java.lang.Object[]@50000111)
ARR 50000a31 (sz=40, trace=300000, nelems=4, elem type=java.lang.Object[]@50000111)
	[3]		50000a9a
ARR 50000a32 (sz=32, trace=300000, nelems=0, elem type=java.lang.Object[]@50000111)
ARR 50000a33 (sz=32, trace=300000, nelems=0, elem type=java.lang.Object[]@50000111)
ARR 50000a34 (sz=32, trace=300000, nelems=4, elem type=java.lang.Object[]@50000111)
	[2]		50001152
	[3]		500014c3
ARR 50000a35 (sz=80, trace=300000, nelems=15, elem type=java.lang.Object[]@50000111)
	[1]		500010a0
	[2]		500010a1
	[3]		500010a2
	[6]		500010a3
	[11]		500010a4
	[14]		500010a5
ARR 50000a36 (sz=48, trace=300000, nelems=0, elem type=java.lang.Object[]@50000111)
ARR 50000a37 (sz=40, trace=300000, nelems=4, elem type=java.lang.Object[]@50000111)
	[0]		50001093
	[1]		50001094
	[2]		50001095
	[3]		50001096
ARR 50000a38 (sz=24, trace=300000, nelems=0, elem type=java.lang.Object[]@50000111)
ARR 50000a39 (sz=256, trace=300000, nelems=60, elem type=java.lang.Object[]@50000111)
	[0]		50000aae
	[5]		50000dd7
	[10]		50000dd8
	[12]		50000dd9
	[14]		50000dda
	[17]		50000ddb
	[23]		50000ddc
	[28]		50000ddd
	[29]		50000dde
	[30]		50000ddf
	[31]		50000de0
	[32]		50000de1
	[33]		50000de2
	[37]		50000de3
	[39]		50000de4
	[42]		50000de5
	[43]		50000de6
	[44]		50000de7
	[45]		50000de8
	[46]		50000de9
	[47]		50000dea
	[48]		50000deb
	[49]		50000dec
	[50]		50000ded
	[51]		50000dee
	[55]		50000def
	[56]		50000df0
	[57]		50000df1
	[58]		50000df2
	[59]		50000df3
ARR 50000a3a (sz=88, trace=300000, nelems=0, elem type=java.lang.Object[]@50000111)
ARR 50000a3b (sz=56, trace=300000, nelems=10, elem type=java.lang.Object[]@50000111)
	[1]		50000b0d
	[2]		50000b0e
	[3]		50000b0f
	[4]		50000b10
	[5]		50000b11
	[7]		50000b12
	[8]		50000b13
	[9]		50000b14
ARR 50000a3c (sz=24, trace=300000, nelems=0, elem type=java.lang.Object[]@50000111)
ARR 50000a3d (sz=72, trace=300000, nelems=12, elem type=java.lang.Object[]@50000111)
	[0]		50000aae
	[2]		50000e23
	[3]		50000e24
	[11]		50000e25
ARR 50000a3e (sz=24, trace=300000, nelems=1, elem type=java.lang.Object[]@50000111)
	[0]		50000aae
ARR 50000a3f (sz=24, trace=300000, nelems=0, elem type=java.lang.Object[]@50000111)
ARR 50000a40 (sz=24, trace=300000, nelems=2, elem type=java.lang.Object[]@50000111)
	[0]		50000f59
	[1]		50000f5a
ARR 50000a41 (sz=32, trace=300000, nelems=3, elem type=java.lang.Object[]@50000111)
	[0]		50000f31
	[1]		50000f32
	[2]		50000b14
ARR 50000a42 (sz=40, trace=300000, nelems=5, elem type=java.lang.Object[]@50000111)
	[4]		50000f61
ARR 50000a43 (sz=88, trace=300000, nelems=15, elem type=java.lang.Object[]@50000111)
	[14]		50000b21
ARR 50000a44 (sz=40, trace=300000, nelems=5, elem type=java.lang.Object[]@50000111)
	[4]		50000b1f
ARR 50000a45 (sz=112, trace=300000, nelems=24, elem type=java.lang.Object[]@50000111)
	[0]		50000aae
	[1]		500014d3
	[2]		500014d4
	[3]		500014d5
	[4]		500014d6
	[5]		50000f9b
	[14]		500014d7
	[15]		500014d8
	[16]		500014d9
	[17]		500014da
	[20]		500014bd
	[23]		50000f90
ARR 50000a46 (sz=80, trace=300000, nelems=4, elem type=java.lang.Object[]@50000111)
	[3]		500014de
ARR 50000a47 (sz=88, trace=300000, nelems=17, elem type=java.lang.Object[]@50000111)
	[0]		50000aae
	[1]		50000f99
	[2]		50000f9a
	[3]		50000f9b
	[10]		50000f9c
	[13]		50000f9d
	[15]		50000f9e
	[16]		50000f9f
ARR 50000a48 (sz=80, trace=300000, nelems=10, elem type=java.lang.Object[]@50000111)
	[0]		50000aae
	[2]		50000f93
	[4]		50000f94
	[5]		50000f95
	[6]		50000f96
	[7]		50000f97
	[9]		50000f98
ARR 50000a49 (sz=48, trace=300000, nelems=0, elem type=java.lang.Object[]@50000111)
ARR 50000a4a (sz=72, trace=300000, nelems=0, elem type=java.lang.Object[]@50000111)
ARR 50000a4b (sz=32, trace=300000, nelems=0, elem type=java.lang.Object[]@50000111)
ARR 50000a4c (sz=64, trace=300000, nelems=9, elem type=java.lang.Object[]@50000111)
	[4]		50000fcb
	[5]		500014ec
	[7]		500014ed
	[8]		500014ee
ARR 50000a4d (sz=64, trace=300000, nelems=0, elem type=java.lang.Object[]@50000111)
ARR 50000a4e (sz=24, trace=300000, nelems=2, elem type=java.lang.Object[]@50000111)
	[1]		5000150f
ARR 50000a4f (sz=24, trace=300000, nelems=1, elem type=java.lang.Object[]@50000111)
	[0]		5000155c
ARR 50000a50 (sz=96, trace=300000, nelems=18, elem type=java.lang.Object[]@50000111)
	[13]		5000162a
	[17]		5000162b
ARR 50000a51 (sz=80, trace=300000, nelems=0, elem type=java.lang.Object[]@50000111)
ARR 50000a52 (sz=24, trace=300000, nelems=0, elem type=java.lang.Object[]@50000111)
ARR 50000a53 (sz=152, trace=300000, nelems=0, elem type=java.lang.Object[]@50000111)
ARR 50000a54 (sz=64, trace=300000, nelems=10, elem type=java.lang.Object[]@50000111)
	[8]		50001631
	[9]		50001632
ARR 50000a55 (sz=40, trace=300000, nelems=0, elem type=java.lang.Object[]@50000111)
ARR 50000a56 (sz=40, trace=300000, nelems=5, elem type=java.lang.Object[]@50000111)
	[0]		50001635
	[1]		50001636
	[2]		50001637
	[3]		50001638
	[4]		50001639
ARR 50000a57 (sz=24, trace=300000, nelems=1, elem type=java.lang.Object[]@50000111)
	[0]		50001633
ARR 50000a58 (sz=40, trace=300000, nelems=0, elem type=java.lang.Object[]@50000111)
ARR 50000a59 (sz=144, trace=300000, nelems=0, elem type=java.lang.Object[]@50000111)
ARR 50000a5a (sz=112, trace=300000, nelems=0, elem type=java.lang.Object[]@50000111)
ARR 50000a5b (sz=48, trace=300000, nelems=7, elem type=java.lang.Object[]@50000111)
	[1]		50001648
	[2]		50001649
	[3]		5000164a
	[4]		5000164b
	[6]		5000164c
ARR 50000a5c (sz=296, trace=300000, nelems=67, elem type=java.lang.Object[]@50000111)
	[0]		50000aae
	[25]		50001652
	[30]		50001653
	[41]		500009c0
	[60]		50001654
	[65]		50000c2b
	[66]		50001655
ARR 50000a5d (sz=32, trace=300000, nelems=0, elem type=java.lang.Object[]@50000111)
ARR 50000a5e (sz=24, trace=300000, nelems=1, elem type=java.lang.Object[]@50000111)
	[0]		50000fd5
ARR 50000a5f (sz=48, trace=300000, nelems=3, elem type=java.lang.Object[]@50000111)
	[2]		500014f3
ARR 50000a60 (sz=24, trace=300000, nelems=2, elem type=java.lang.Object[]@50000111)
	[0]		50000f9b
	[1]		50000f90
ARR 50000a61 (sz=24, trace=300000, nelems=0, elem type=java.lang.Object[]@50000111)
ARR 50000a62 (sz=48, trace=300000, nelems=8, elem type=java.lang.Object[]@50000111)
	[0]		50000aae
	[1]		50000fcd
	[6]		50000f90
	[7]		50000fcb
ARR 50000a63 (sz=56, trace=300000, nelems=8, elem type=java.lang.Object[]@50000111)
	[7]		50000c2f
ARR 50000a64 (sz=192, trace=300000, nelems=0, elem type=java.lang.Object[]@50000111)
ARR 50000a65 (sz=24, trace=300000, nelems=1, elem type=java.lang.Object[]@50000111)
	[0]		500014bd
ARR 50000a66 (sz=24, trace=300000, nelems=0, elem type=java.lang.Object[]@50000111)
ARR 50000a67 (sz=32, trace=300000, nelems=3, elem type=java.lang.Object[]@50000111)
	[0]		50000f99
	[1]		500014f5
	[2]		50000f90
ARR 50000a68 (sz=24, trace=300000, nelems=1, elem type=java.lang.Object[]@50000111)
	[0]		50000b0b
ARR 50000a69 (sz=56, trace=300000, nelems=0, elem type=java.lang.Object[]@50000111)
ARR 50000a6a (sz=24, trace=300000, nelems=0, elem type=java.lang.Object[]@50000111)
ARR 50000a6b (sz=64, trace=300000, nelems=7, elem type=java.lang.Object[]@50000111)
	[6]		50001667
ARR 50000a6c (sz=40, trace=300000, nelems=5, elem type=java.lang.Object[]@50000111)
	[4]		50001668
ARR 50000a6d (sz=24, trace=300000, nelems=0, elem type=java.lang.Object[]@50000111)
ARR 50000a6e (sz=32, trace=300000, nelems=1, elem type=java.lang.Object[]@50000111)
	[0]		50000aae
ARR 50000a6f (sz=32, trace=300000, nelems=0, elem type=java.lang.Object[]@50000111)
ARR 50000a70 (sz=48, trace=300000, nelems=6, elem type=java.lang.Object[]@50000111)
	[0]		50000aae
	[2]		500014f3
	[3]		50001663
	[4]		5000166b
	[5]		5000166c
ARR 50000a71 (sz=72, trace=300000, nelems=14, elem type=java.lang.Object[]@50000111)
	[0]		50000aae
	[10]		5000166e
	[11]		5000166f
	[12]		50001670
	[13]		50000def
ARR 50000a72 (sz=48, trace=300000, nelems=0, elem type=java.lang.Object[]@50000111)
ARR 50000a73 (sz=24, trace=300000, nelems=0, elem type=java.lang.Object[]@50000111)
ARR 50000a74 (sz=64, trace=300000, nelems=0, elem type=java.lang.Object[]@50000111)
ARR 50000a75 (sz=48, trace=300000, nelems=0, elem type=java.lang.Object[]@50000111)
ARR 50000a76 (sz=24, trace=300000, nelems=0, elem type=java.lang.Object[]@50000111)
ARR 50000a77 (sz=168, trace=300000, nelems=38, elem type=java.lang.Object[]@50000111)
	[0]		5000169d
	[1]		500016a1
	[2]		50001699
	[3]		500016a5
	[4]		500016b1
	[5]		50001689
	[6]		500016ad
	[7]		50001695
	[8]		500016b5
	[9]		500016b9
	[10]		50001685
	[11]		50001675
	[12]		5000167d
	[13]		50001681
	[14]		50001691
	[15]		5000168d
	[16]		500016a9
	[17]		5000169e
	[18]		500016a6
	[19]		500009c0
	[20]		50001676
	[21]		5000167e
	[22]		50001682
	[23]		50001686
	[24]		500016a2
	[25]		5000169a
	[26]		500016aa
	[27]		500016b6
	[28]		500016bd
	[29]		5000167a
	[30]		50001692
	[31]		5000168a
	[32]		500016b2
	[33]		5000168e
	[34]		500016ae
	[35]		50001696
	[36]		500016bc
	[37]		50001679
ARR 50000a78 (sz=24, trace=300000, nelems=0, elem type=java.lang.Object[]@50000111)
ARR 50000a79 (sz=152, trace=300000, nelems=30, elem type=java.lang.Object[]@50000111)
	[0]		50000aae
	[16]		500016c0
	[17]		500016c1
	[18]		500016c2
	[20]		500016c3
	[21]		500016c4
	[22]		50000b21
	[23]		500016c5
	[26]		500016c6
	[27]		500016c7
	[28]		50000b1f
	[29]		500016c8
ARR 50000a7a (sz=56, trace=300000, nelems=10, elem type=java.lang.Object[]@50000111)
	[0]		50000f17
	[1]		50000f18
	[2]		50000f19
	[3]		50000f1a
	[4]		50000f1b
	[5]		50000f1c
	[6]		50000f1d
	[7]		50000f1e
	[8]		50000f1f
	[9]		50000f20
ARR 50000a7b (sz=32, trace=300000, nelems=0, elem type=java.lang.Object[]@50000111)
ARR 50000a7c (sz=48, trace=300000, nelems=5, elem type=java.lang.Object[]@50000111)
	[2]		500016d4
	[3]		50000de6
	[4]		500016d5
ARR 50000a7d (sz=24, trace=300000, nelems=1, elem type=java.lang.Object[]@50000111)
	[0]		500016d2
ARR 50000a7e (sz=32, trace=300000, nelems=0, elem type=java.lang.Object[]@50000111)
OBJ 50000a7f (sz=96, trace=300000, class=java.lang.Class@50000164)
OBJ 50000a80 (sz=96, trace=300000, class=java.lang.Class@50000164)
OBJ 50000a81 (sz=96, trace=300000, class=java.lang.Class@50000164)
OBJ 50000a82 (sz=96, trace=300000, class=java.lang.Class@50000164)
OBJ 50000a83 (sz=96, trace=300000, class=java.lang.Class@50000164)
OBJ 50000a84 (sz=96, trace=300000, class=java.lang.Class@50000164)
OBJ 50000a85 (sz=96, trace=300000, class=java.lang.Class@50000164)
OBJ 50000a86 (sz=96, trace=300000, class=java.lang.Class@50000164)
OBJ 50000a87 (sz=96, trace=300000, class=java.lang.Class@50000164)
ARR 50000a88 (sz=16, trace=300000, nelems=0, elem type=java.lang.Class[]@5000010c)
OBJ 50000a89 (sz=24, trace=300000, class=java.lang.String@50000168)
	value		500015f2
OBJ 50000a8a (sz=24, trace=300000, class=java.lang.String@50000168)
	value		50001629
OBJ 50000a8b (sz=32, trace=300000, class=java.lang.OutOfMemoryError@50000151)
	detailMessage	50001627
OBJ 50000a8c (sz=32, trace=300000, class=java.lang.OutOfMemoryError@50000151)
	detailMessage	50001625
OBJ 50000a8d (sz=32, trace=300000, class=java.lang.OutOfMemoryError@50000151)
	detailMessage	50001623
OBJ 50000a8e (sz=32, trace=300000, class=java.lang.OutOfMemoryError@50000151)
	detailMessage	50001621
OBJ 50000a8f (sz=32, trace=300000, class=java.lang.OutOfMemoryError@50000151)
	detailMessage	5000161f
ARR 50000a90 (sz=32, trace=300000, nelems=4, elem type=java.lang.OutOfMemoryError[]@50000106)
	[0]		5000161b
	[1]		5000161c
	[2]		5000161d
	[3]		5000161e
OBJ 50000a91 (sz=32, trace=300000, class=java.lang.NullPointerException@5000010b)
OBJ 50000a92 (sz=32, trace=300000, class=java.lang.ArithmeticException@5000010a)
	detailMessage	50001619
OBJ 50000a93 (sz=32, trace=300000, class=java.lang.VirtualMachineError@50000152)
OBJ 50000a94 (sz=48, trace=300000, class=java.lang.ThreadGroup@50000145)
	parent		50000a95
	name		50001614
	threads		50001613
OBJ 50000a95 (sz=48, trace=300000, class=java.lang.ThreadGroup@50000145)
	name		50000aad
	threads		500015f9
	groups		500015f8
OBJ 50000a96 (sz=32, trace=300000, class=java.lang.VirtualMachineError@50000152)
OBJ 50000a97 (sz=24, trace=300000, class=java.lang.String@50000168)
	value		500015f1
OBJ 50000a98 (sz=24, trace=300000, class=java.lang.String@50000168)
	value		500015f6
OBJ 50000a99 (sz=24, trace=300000, class=java.lang.String@50000168)
	value		500015f3
OBJ 50000a9a (sz=24, trace=300000, class=java.lang.String@50000168)
	value		500014cf
OBJ 50000a9b (sz=24, trace=300000, class=java.lang.String@50000168)
	value		50000a9f
OBJ 50000a9c (sz=24, trace=300000, class=java.lang.String@50000168)
	value		50000b1e
ARR 50000a9d (sz=1024, trace=300000, nelems=256, elem type=int[])
OBJ 50000a9e (sz=16, trace=300000, class=java.lang.CharacterDataLatin1@50000018)
ARR 50000a9f (sz=24, trace=300000, nelems=12, elem type=char[])
OBJ 50000aa0 (sz=24, trace=300000, class=java.lang.String@50000168)
	value		500015f7
OBJ 50000aa1 (sz=24, trace=300000, class=java.lang.String@50000168)
	value		500015f5
OBJ 50000aa2 (sz=24, trace=300000, class=java.lang.String@50000168)
	value		50001589
OBJ 50000aa3 (sz=24, trace=300000, class=java.lang.String@50000168)
	value		500015f4
OBJ 50000aa4 (sz=24, trace=300000, class=java.lang.String@50000168)
	value		50000f50
OBJ 50000aa5 (sz=16, trace=300000, class=java.lang.String$CaseInsensitiveComparator@50000101)
ARR 50000aa6 (sz=16, trace=300000, nelems=0, elem type=java.io.ObjectStreamField[]@50000103)
OBJ 50000aa7 (sz=24, trace=300000, class=java.lang.String@50000168)
	value		50000aaa
OBJ 50000aa8 (sz=24, trace=300000, class=java.lang.RuntimePermission@500000f9)
	name		50000aa7
	path		50000aa7
ARR 50000aa9 (sz=16, trace=300000, nelems=0, elem type=java.lang.StackTraceElement[]@500000fd)
ARR 50000aaa (sz=64, trace=300000, nelems=32, elem type=char[])
OBJ 50000aab (sz=24, trace=300000, class=java.lang.String@50000168)
	value		50000aac
ARR 50000aac (sz=12, trace=300000, nelems=6, elem type=char[])
OBJ 50000aad (sz=24, trace=300000, class=java.lang.String@50000168)
	value		500015f0
OBJ 50000aae (sz=24, trace=300000, class=java.lang.String@50000168)
	value		50000e21
OBJ 50000aaf (sz=24, trace=300000, class=java.lang.String@50000168)
	value		50001587
OBJ 50000ab0 (sz=24, trace=300000, class=java.lang.String@50000168)
	value		500015ef
OBJ 50000ab1 (sz=24, trace=300000, class=java.lang.String@50000168)
	value		500015ee
OBJ 50000ab2 (sz=24, trace=300000, class=java.lang.String@50000168)
	value		500015ed
OBJ 50000ab3 (sz=24, trace=300000, class=java.lang.String@50000168)
	value		50000ca7
OBJ 50000ab4 (sz=48, trace=300000, class=java.util.Properties@50000141)
	table		50001596
	entrySet	50001595
OBJ 50000ab5 (sz=32, trace=300000, class=java.io.PrintStream@5000009c)
	out		5000158d
	textOut		5000158c
	charOut		5000158b
OBJ 50000ab6 (sz=32, trace=300000, class=java.io.PrintStream@5000009c)
	out		5000157f
	textOut		5000157e
	charOut		5000157d
OBJ 50000ab7 (sz=40, trace=300000, class=java.io.BufferedInputStream@500000b3)
	in		50000ab9
	buf		50000ab8
ARR 50000ab8 (sz=8192, trace=300000, nelems=8192, elem type=byte[])
OBJ 50000ab9 (sz=32, trace=300000, class=java.io.FileInputStream@500000c8)
	fd		50000abb
	closeLock	50000aba
OBJ 50000aba (sz=16, trace=300000, class=java.lang.Object@5000016c)
OBJ 50000abb (sz=40, trace=300000, class=java.io.FileDescriptor@500000c7)
	parent		50000ab9
OBJ 50000abc (sz=40, trace=300000, class=java.io.FileDescriptor@500000c7)
	parent		50000ac0
OBJ 50000abd (sz=40, trace=300000, class=java.io.FileDescriptor@500000c7)
	parent		50000abe
OBJ 50000abe (sz=32, trace=300000, class=java.io.FileOutputStream@500000b5)
	fd		50000abd
	closeLock	50000abf
OBJ 50000abf (sz=16, trace=300000, class=java.lang.Object@5000016c)
OBJ 50000ac0 (sz=32, trace=300000, class=java.io.FileOutputStream@500000b5)
	fd		50000abc
	closeLock	50000ac1
OBJ 50000ac1 (sz=16, trace=300000, class=java.lang.Object@5000016c)
OBJ 50000ac2 (sz=16, trace=300000, class=java.security.ProtectionDomain$1@5000000d)
OBJ 50000ac3 (sz=16, trace=300000, class=java.security.ProtectionDomain$3@5000000b)
OBJ 50000ac4 (sz=16, trace=300000, class=java.io.FileDescriptor$1@500000c5)
OBJ 50000ac5 (sz=16, trace=300000, class=java.nio.Bits$1@5000007a)
OBJ 50000ac6 (sz=16, trace=300000, class=java.net.URLClassLoader$7@50000048)
OBJ 50000ac7 (sz=16, trace=300000, class=sun.misc.Unsafe@5000011d)
OBJ 50000ac8 (sz=24, trace=300000, class=java.lang.String@50000168)
	value		50001577
OBJ 50000ac9 (sz=24, trace=300000, class=java.lang.String@50000168)
	value		50000ad5
OBJ 50000aca (sz=24, trace=300000, class=java.lang.String@50000168)
	value		50000ad4
OBJ 50000acb (sz=24, trace=300000, class=java.lang.String@50000168)
	value		50000ad2
OBJ 50000acc (sz=48, trace=300000, class=java.util.HashMap@500000ba)
	table		50001574
OBJ 50000acd (sz=48, trace=300000, class=java.util.HashMap@500000ba)
	table		50000ace
ARR 50000ace (sz=80, trace=300000, nelems=6, elem type=java.util.HashMap$Node[]@500000b8)
	[2]		50000acf
	[5]		50000ad0
OBJ 50000acf (sz=32, trace=300000, class=java.util.HashMap$Node@500000b9)
	key		500000bb
	value		50000ad3
OBJ 50000ad0 (sz=32, trace=300000, class=java.util.HashMap$Node@500000b9)
	key		50000161
	value		50000ad1
ARR 50000ad1 (sz=24, trace=300000, nelems=1, elem type=java.lang.String[]@500000bc)
	[0]		50000acb
ARR 50000ad2 (sz=16, trace=300000, nelems=8, elem type=char[])
ARR 50000ad3 (sz=24, trace=300000, nelems=2, elem type=java.lang.String[]@500000bc)
	[0]		50000ac9
	[1]		50000aca
ARR 50000ad4 (sz=30, trace=300000, nelems=15, elem type=char[])
ARR 50000ad5 (sz=28, trace=300000, nelems=14, elem type=char[])
OBJ 50000ad6 (sz=24, trace=300000, class=java.lang.String@50000168)
	value		50001573
OBJ 50000ad7 (sz=16, trace=300000, class=sun.reflect.ReflectionFactory@500000ea)
ARR 50000ad8 (sz=16, trace=300000, nelems=0, elem type=java.io.ObjectStreamField[]@50000103)
OBJ 50000ad9 (sz=24, trace=300000, class=java.lang.String@50000168)
	value		50000adc
OBJ 50000ada (sz=16, trace=300000, class=java.lang.reflect.ReflectAccess@5000009f)
OBJ 50000adb (sz=24, trace=300000, class=java.lang.RuntimePermission@500000f9)
	name		50000ad9
	path		50000ad9
ARR 50000adc (sz=46, trace=300000, nelems=23, elem type=char[])
OBJ 50000add (sz=24, trace=300000, class=java.lang.String@50000168)
	value		50000adf
OBJ 50000ade (sz=24, trace=300000, class=java.lang.reflect.ReflectPermission@500000f7)
	name		50000add
	path		50000add
ARR 50000adf (sz=40, trace=300000, nelems=20, elem type=char[])
OBJ 50000ae0 (sz=24, trace=300000, class=java.lang.String@50000168)
	value		50000ae3
OBJ 50000ae1 (sz=24, trace=300000, class=java.lang.String@50000168)
	value		50000ae2
ARR 50000ae2 (sz=46, trace=300000, nelems=23, elem type=char[])
ARR 50000ae3 (sz=60, trace=300000, nelems=30, elem type=char[])
OBJ 50000ae4 (sz=24, trace=300000, class=java.lang.String@50000168)
	value		50000ae9
OBJ 50000ae5 (sz=32, trace=300000, class=java.lang.ref.ReferenceQueue$Null@500000e4)
	lock		50000ae8
OBJ 50000ae6 (sz=32, trace=300000, class=java.lang.ref.ReferenceQueue$Null@500000e4)
	lock		50000ae7
OBJ 50000ae7 (sz=16, trace=300000, class=java.lang.ref.ReferenceQueue$Lock@500000e3)
OBJ 50000ae8 (sz=16, trace=300000, class=java.lang.ref.ReferenceQueue$Lock@500000e3)
ARR 50000ae9 (sz=34, trace=300000, nelems=17, elem type=char[])
OBJ 50000aea (sz=24, trace=300000, class=java.lang.String@50000168)
	value		5000156a
OBJ 50000aeb (sz=24, trace=300000, class=java.lang.String@50000168)
	value		50001569
ARR 50000aec (sz=24, trace=300000, nelems=1, elem type=java.lang.String[]@500000bc)
	[0]		50000c59
ARR 50000aed (sz=112, trace=300000, nelems=23, elem type=java.lang.String[]@500000bc)
	[0]		5000152e
	[1]		5000152f
	[2]		50001530
	[3]		50001531
	[4]		50001532
	[5]		50001533
	[6]		50001534
	[7]		50001535
	[8]		50001536
	[9]		50001537
	[10]		50001538
	[11]		50001539
	[12]		5000153a
	[13]		5000153b
	[14]		5000153c
	[15]		5000153d
	[16]		5000153e
	[17]		5000153f
	[18]		50001540
	[19]		50001541
	[20]		50001542
	[21]		50001543
	[22]		50001544
OBJ 50000aee (sz=32, trace=300000, class=java.util.Stack@500000eb)
	elementData	5000152d
OBJ 50000aef (sz=32, trace=300000, class=java.util.Vector@500000ec)
	elementData	5000152b
OBJ 50000af0 (sz=32, trace=300000, class=java.util.Vector@500000ec)
	elementData	5000152a
ARR 50000af1 (sz=16, trace=300000, nelems=0, elem type=java.security.cert.Certificate[]@500000f3)
OBJ 50000af2 (sz=48, trace=300000, class=java.util.WeakHashMap@500000a3)
	table		50001528
	queue		50001527
OBJ 50000af3 (sz=40, trace=300000, class=java.security.AccessControlContext@50000159)
OBJ 50000af4 (sz=40, trace=300000, class=sun.misc.URLClassPath@50000005)
	path		50001521
	urls		50001520
	loaders		5000151f
	lmap		5000151e
	jarHandler	5000151d
OBJ 50000af5 (sz=48, trace=300000, class=java.util.HashMap@500000ba)
OBJ 50000af6 (sz=16, trace=300000, class=java.lang.Object@5000016c)
OBJ 50000af7 (sz=32, trace=300000, class=java.util.Vector@500000ec)
	elementData	5000151c
OBJ 50000af8 (sz=48, trace=300000, class=java.util.HashMap@500000ba)
OBJ 50000af9 (sz=24, trace=300000, class=java.util.Collections$SynchronizedSet@500000d2)
	c		5000151a
	mutex		50000af9
OBJ 50000afa (sz=40, trace=300000, class=java.security.ProtectionDomain@5000015a)
	codesource	50001519
	classloader	500009c1
	principals	50001518
	key		50001517
OBJ 50000afb (sz=32, trace=300000, class=java.util.Vector@500000ec)
	elementData	50001516
OBJ 50000afc (sz=64, trace=300000, class=java.util.concurrent.ConcurrentHashMap@5000002e)
OBJ 50000afd (sz=64, trace=300000, class=java.util.concurrent.ConcurrentHashMap@5000002e)
	table		500001db
OBJ 50000afe (sz=88, trace=300000, class=sun.misc.Launcher$ExtClassLoader@50000052)
	parallelLockMap	50000b0a
	package2certs	50000b09
	classes		50000b08
	defaultDomain	50000b07
	domains		50000b06
	packages	50000b05
	nativeLibraries	50000b04
	assertionLock	50000b03
	pdcache		50000b02
	ucp		50000b01
	acc		50000b00
	closeables	50000aff
OBJ 50000aff (sz=48, trace=300000, class=java.util.WeakHashMap@500000a3)
	table		50001507
	queue		50001506
OBJ 50000b00 (sz=40, trace=300000, class=java.security.AccessControlContext@50000159)
OBJ 50000b01 (sz=40, trace=300000, class=sun.misc.URLClassPath@50000005)
	path		50000f80
	urls		50000f7f
	loaders		50000f7e
	lmap		50000f7d
	jarHandler	50000f7c
OBJ 50000b02 (sz=48, trace=300000, class=java.util.HashMap@500000ba)
OBJ 50000b03 (sz=16, trace=300000, class=java.lang.Object@5000016c)
OBJ 50000b04 (sz=32, trace=300000, class=java.util.Vector@500000ec)
	elementData	50000f7b
OBJ 50000b05 (sz=48, trace=300000, class=java.util.HashMap@500000ba)
OBJ 50000b06 (sz=24, trace=300000, class=java.util.Collections$SynchronizedSet@500000d2)
	c		50000f78
	mutex		50000b06
OBJ 50000b07 (sz=40, trace=300000, class=java.security.ProtectionDomain@5000015a)
	codesource	50000f6e
	classloader	50000afe
	principals	50000f6d
	key		50000f6c
OBJ 50000b08 (sz=32, trace=300000, class=java.util.Vector@500000ec)
	elementData	50000f6b
OBJ 50000b09 (sz=64, trace=300000, class=java.util.concurrent.ConcurrentHashMap@5000002e)
OBJ 50000b0a (sz=64, trace=300000, class=java.util.concurrent.ConcurrentHashMap@5000002e)
	table		500001de
OBJ 50000b0b (sz=24, trace=300000, class=java.lang.String@50000168)
	value		50000b0c
ARR 50000b0c (sz=62, trace=300000, nelems=31, elem type=char[])
OBJ 50000b0d (sz=24, trace=300000, class=java.lang.String@50000168)
	value		50000f63
OBJ 50000b0e (sz=24, trace=300000, class=java.lang.String@50000168)
	value		50000b1a
OBJ 50000b0f (sz=24, trace=300000, class=java.lang.String@50000168)
	value		50000f65
OBJ 50000b10 (sz=24, trace=300000, class=java.lang.String@50000168)
	value		50000f6a
OBJ 50000b11 (sz=24, trace=300000, class=java.lang.String@50000168)
	value		50000f69
OBJ 50000b12 (sz=24, trace=300000, class=java.lang.String@50000168)
	value		50000f68
OBJ 50000b13 (sz=24, trace=300000, class=java.lang.String@50000168)
	value		50000f67
OBJ 50000b14 (sz=24, trace=300000, class=java.lang.String@50000168)
	value		50000f3c
ARR 50000b15 (sz=32, trace=300000, nelems=3, elem type=java.io.ObjectStreamField[]@50000103)
	[0]		50000b16
	[1]		50000b17
	[2]		50000b18
OBJ 50000b16 (sz=40, trace=300000, class=java.io.ObjectStreamField@50000105)
	name		50000b0f
	signature	50000f64
	type		50000028
OBJ 50000b17 (sz=40, trace=300000, class=java.io.ObjectStreamField@50000105)
	name		50000b0d
	signature	50000b19
	type		50000a80
OBJ 50000b18 (sz=40, trace=300000, class=java.io.ObjectStreamField@50000105)
	name		50000b0e
	signature	50000b19
	type		50000a80
OBJ 50000b19 (sz=24, trace=300000, class=java.lang.String@50000168)
	value		50000b1b
ARR 50000b1a (sz=24, trace=300000, nelems=12, elem type=char[])
ARR 50000b1b (sz=2, trace=300000, nelems=1, elem type=char[])
OBJ 50000b1c (sz=24, trace=300000, class=java.lang.String@50000168)
	value		50000b1d
ARR 50000b1d (sz=12, trace=300000, nelems=6, elem type=char[])
ARR 50000b1e (sz=6, trace=300000, nelems=3, elem type=char[])
OBJ 50000b1f (sz=24, trace=300000, class=java.lang.String@50000168)
	value		50000b20
ARR 50000b20 (sz=10, trace=300000, nelems=5, elem type=char[])
OBJ 50000b21 (sz=24, trace=300000, class=java.lang.String@50000168)
	value		50000b22
ARR 50000b22 (sz=8, trace=300000, nelems=4, elem type=char[])
OBJ 50000b23 (sz=24, trace=300000, class=java.lang.String@50000168)
	value		50000f60
ARR 50000b24 (sz=40, trace=300000, nelems=10, elem type=int[])
ARR 50000b25 (sz=200, trace=300000, nelems=100, elem type=char[])
ARR 50000b26 (sz=200, trace=300000, nelems=100, elem type=char[])
ARR 50000b27 (sz=72, trace=300000, nelems=36, elem type=char[])
OBJ 50000b28 (sz=24, trace=300000, class=java.lang.String@50000168)
	value		50000f56
ARR 50000b29 (sz=1040, trace=300000, nelems=256, elem type=java.lang.Integer[]@5000005f)
	[0]		50000b2a
	[1]		50000b2b
	[2]		50000b2c
	[3]		50000b2d
	[4]		50000b2e
	[5]		50000b2f
	[6]		50000b30
	[7]		50000b31
	[8]		50000b32
	[9]		50000b33
	[10]		50000b34
	[11]		50000b35
	[12]		50000b36
	[13]		50000b37
	[14]		50000b38
	[15]		50000b39
	[16]		50000b3a
	[17]		50000b3b
	[18]		50000b3c
	[19]		50000b3d
	[20]		50000b3e
	[21]		50000b3f
	[22]		50000b40
	[23]		50000b41
	[24]		50000b42
	[25]		50000b43
	[26]		50000b44
	[27]		50000b45
	[28]		50000b46
	[29]		50000b47
	[30]		50000b48
	[31]		50000b49
	[32]		50000b4a
	[33]		50000b4b
	[34]		50000b4c
	[35]		50000b4d
	[36]		50000b4e
	[37]		50000b4f
	[38]		50000b50
	[39]		50000b51
	[40]		50000b52
	[41]		50000b53
	[42]		50000b54
	[43]		50000b55
	[44]		50000b56
	[45]		50000b57
	[46]		50000b58
	[47]		50000b59
	[48]		50000b5a
	[49]		50000b5b
	[50]		50000b5c
	[51]		50000b5d
	[52]		50000b5e
	[53]		50000b5f
	[54]		50000b60
	[55]		50000b61
	[56]		50000b62
	[57]		50000b63
	[58]		50000b64
	[59]		50000b65
	[60]		50000b66
	[61]		50000b67
	[62]		50000b68
	[63]		50000b69
	[64]		50000b6a
	[65]		50000b6b
	[66]		50000b6c
	[67]		50000b6d
	[68]		50000b6e
	[69]		50000b6f
	[70]		50000b70
	[71]		50000b71
	[72]		50000b72
	[73]		50000b73
	[74]		50000b74
	[75]		50000b75
	[76]		50000b76
	[77]		50000b77
	[78]		50000b78
	[79]		50000b79
	[80]		50000b7a
	[81]		50000b7b
	[82]		50000b7c
	[83]		50000b7d
	[84]		50000b7e
	[85]		50000b7f
	[86]		50000b80
	[87]		50000b81
	[88]		50000b82
	[89]		50000b83
	[90]		50000b84
	[91]		50000b85
	[92]		50000b86
	[93]		50000b87
	[94]		50000b88
	[95]		50000b89
	[96]		50000b8a
	[97]		50000b8b
	[98]		50000b8c
	[99]		50000b8d
	[100]		50000b8e
	[101]		50000b8f
	[102]		50000b90
	[103]		50000b91
	[104]		50000b92
	[105]		50000b93
	[106]		50000b94
	[107]		50000b95
	[108]		50000b96
	[109]		50000b97
	[110]		50000b98
	[111]		50000b99
	[112]		50000b9a
	[113]		50000b9b
	[114]		50000b9c
	[115]		50000b9d
	[116]		50000b9e
	[117]		50000b9f
	[118]		50000ba0
	[119]		50000ba1
	[120]		50000ba2
	[121]		50000ba3
	[122]		50000ba4
	[123]		50000ba5
	[124]		50000ba6
	[125]		50000ba7
	[126]		50000ba8
	[127]		50000ba9
	[128]		50000baa
	[129]		50000bab
	[130]		50000bac
	[131]		50000bad
	[132]		50000bae
	[133]		50000baf
	[134]		50000bb0
	[135]		50000bb1
	[136]		50000bb2
	[137]		50000bb3
	[138]		50000bb4
	[139]		50000bb5
	[140]		50000bb6
	[141]		50000bb7
	[142]		50000bb8
	[143]		50000bb9
	[144]		50000bba
	[145]		50000bbb
	[146]		50000bbc
	[147]		50000bbd
	[148]		50000bbe
	[149]		50000bbf
	[150]		50000bc0
	[151]		50000bc1
	[152]		50000bc2
	[153]		50000bc3
	[154]		50000bc4
	[155]		50000bc5
	[156]		50000bc6
	[157]		50000bc7
	[158]		50000bc8
	[159]		50000bc9
	[160]		50000bca
	[161]		50000bcb
	[162]		50000bcc
	[163]		50000bcd
	[164]		50000bce
	[165]		50000bcf
	[166]		50000bd0
	[167]		50000bd1
	[168]		50000bd2
	[169]		50000bd3
	[170]		50000bd4
	[171]		50000bd5
	[172]		50000bd6
	[173]		50000bd7
	[174]		50000bd8
	[175]		50000bd9
	[176]		50000bda
	[177]		50000bdb
	[178]		50000bdc
	[179]		50000bdd
	[180]		50000bde
	[181]		50000bdf
	[182]		50000be0
	[183]		50000be1
	[184]		50000be2
	[185]		50000be3
	[186]		50000be4
	[187]		50000be5
	[188]		50000be6
	[189]		50000be7
	[190]		50000be8
	[191]		50000be9
	[192]		50000bea
	[193]		50000beb
	[194]		50000bec
	[195]		50000bed
	[196]		50000bee
	[197]		50000bef
	[198]		50000bf0
	[199]		50000bf1
	[200]		50000bf2
	[201]		50000bf3
	[202]		50000bf4
	[203]		50000bf5
	[204]		50000bf6
	[205]		50000bf7
	[206]		50000bf8
	[207]		50000bf9
	[208]		50000bfa
	[209]		50000bfb
	[210]		50000bfc
	[211]		50000bfd
	[212]		50000bfe
	[213]		50000bff
	[214]		50000c00
	[215]		50000c01
	[216]		50000c02
	[217]		50000c03
	[218]		50000c04
	[219]		50000c05
	[220]		50000c06
	[221]		50000c07
	[222]		50000c08
	[223]		50000c09
	[224]		50000c0a
	[225]		50000c0b
	[226]		50000c0c
	[227]		50000c0d
	[228]		50000c0e
	[229]		50000c0f
	[230]		50000c10
	[231]		50000c11
	[232]		50000c12
	[233]		50000c13
	[234]		50000c14
	[235]		50000c15
	[236]		50000c16
	[237]		50000c17
	[238]		50000c18
	[239]		50000c19
	[240]		50000c1a
	[241]		50000c1b
	[242]		50000c1c
	[243]		50000c1d
	[244]		50000c1e
	[245]		50000c1f
	[246]		50000c20
	[247]		50000c21
	[248]		50000c22
	[249]		50000c23
	[250]		50000c24
	[251]		50000c25
	[252]		50000c26
	[253]		50000c27
	[254]		50000c28
	[255]		50000c29
OBJ 50000b2a (sz=16, trace=300000, class=java.lang.Integer@50000113)
OBJ 50000b2b (sz=16, trace=300000, class=java.lang.Integer@50000113)
OBJ 50000b2c (sz=16, trace=300000, class=java.lang.Integer@50000113)
OBJ 50000b2d (sz=16, trace=300000, class=java.lang.Integer@50000113)
OBJ 50000b2e (sz=16, trace=300000, class=java.lang.Integer@50000113)
OBJ 50000b2f (sz=16, trace=300000, class=java.lang.Integer@50000113)
OBJ 50000b30 (sz=16, trace=300000, class=java.lang.Integer@50000113)
OBJ 50000b31 (sz=16, trace=300000, class=java.lang.Integer@50000113)
OBJ 50000b32 (sz=16, trace=300000, class=java.lang.Integer@50000113)
OBJ 50000b33 (sz=16, trace=300000, class=java.lang.Integer@50000113)
OBJ 50000b34 (sz=16, trace=300000, class=java.lang.Integer@50000113)
OBJ 50000b35 (sz=16, trace=300000, class=java.lang.Integer@50000113)
OBJ 50000b36 (sz=16, trace=300000, class=java.lang.Integer@50000113)
OBJ 50000b37 (sz=16, trace=300000, class=java.lang.Integer@50000113)
OBJ 50000b38 (sz=16, trace=300000, class=java.lang.Integer@50000113)
OBJ 50000b39 (sz=16, trace=300000, class=java.lang.Integer@50000113)
OBJ 50000b3a (sz=16, trace=300000, class=java.lang.Integer@50000113)
OBJ 50000b3b (sz=16, trace=300000, class=java.lang.Integer@50000113)
OBJ 50000b3c (sz=16, trace=300000, class=java.lang.Integer@50000113)
OBJ 50000b3d (sz=16, trace=300000, class=java.lang.Integer@50000113)
OBJ 50000b3e (sz=16, trace=300000, class=java.lang.Integer@50000113)
OBJ 50000b3f (sz=16, trace=300000, class=java.lang.Integer@50000113)
OBJ 50000b40 (sz=16, trace=300000, class=java.lang.Integer@50000113)
OBJ 50000b41 (sz=16, trace=300000, class=java.lang.Integer@50000113)
OBJ 50000b42 (sz=16, trace=300000, class=java.lang.Integer@50000113)
OBJ 50000b43 (sz=16, trace=300000, class=java.lang.Integer@50000113)
OBJ 50000b44 (sz=16, trace=300000, class=java.lang.Integer@50000113)
OBJ 50000b45 (sz=16, trace=300000, class=java.lang.Integer@50000113)
OBJ 50000b46 (sz=16, trace=300000, class=java.lang.Integer@50000113)
OBJ 50000b47 (sz=16, trace=300000, class=java.lang.Integer@50000113)
OBJ 50000b48 (sz=16, trace=300000, class=java.lang.Integer@50000113)
OBJ 50000b49 (sz=16, trace=300000, class=java.lang.Integer@50000113)
OBJ 50000b4a (sz=16, trace=300000, class=java.lang.Integer@50000113)
OBJ 50000b4b (sz=16, trace=300000, class=java.lang.Integer@50000113)
OBJ 50000b4c (sz=16, trace=300000, class=java.lang.Integer@50000113)
OBJ 50000b4d (sz=16, trace=300000, class=java.lang.Integer@50000113)
OBJ 50000b4e (sz=16, trace=300000, class=java.lang.Integer@50000113)
OBJ 50000b4f (sz=16, trace=300000, class=java.lang.Integer@50000113)
OBJ 50000b50 (sz=16, trace=300000, class=java.lang.Integer@50000113)
OBJ 50000b51 (sz=16, trace=300000, class=java.lang.Integer@50000113)
OBJ 50000b52 (sz=16, trace=300000, class=java.lang.Integer@50000113)
OBJ 50000b53 (sz=16, trace=300000, class=java.lang.Integer@50000113)
OBJ 50000b54 (sz=16, trace=300000, class=java.lang.Integer@50000113)
OBJ 50000b55 (sz=16, trace=300000, class=java.lang.Integer@50000113)
OBJ 50000b56 (sz=16, trace=300000, class=java.lang.Integer@50000113)
OBJ 50000b57 (sz=16, trace=300000, class=java.lang.Integer@50000113)
OBJ 50000b58 (sz=16, trace=300000, class=java.lang.Integer@50000113)
OBJ 50000b59 (sz=16, trace=300000, class=java.lang.Integer@50000113)
OBJ 50000b5a (sz=16, trace=300000, class=java.lang.Integer@50000113)
OBJ 50000b5b (sz=16, trace=300000, class=java.lang.Integer@50000113)
OBJ 50000b5c (sz=16, trace=300000, class=java.lang.Integer@50000113)
OBJ 50000b5d (sz=16, trace=300000, class=java.lang.Integer@50000113)
OBJ 50000b5e (sz=16, trace=300000, class=java.lang.Integer@50000113)
OBJ 50000b5f (sz=16, trace=300000, class=java.lang.Integer@50000113)
OBJ 50000b60 (sz=16, trace=300000, class=java.lang.Integer@50000113)
OBJ 50000b61 (sz=16, trace=300000, class=java.lang.Integer@50000113)
OBJ 50000b62 (sz=16, trace=300000, class=java.lang.Integer@50000113)
OBJ 50000b63 (sz=16, trace=300000, class=java.lang.Integer@50000113)
OBJ 50000b64 (sz=16, trace=300000, class=java.lang.Integer@50000113)
OBJ 50000b65 (sz=16, trace=300000, class=java.lang.Integer@50000113)
OBJ 50000b66 (sz=16, trace=300000, class=java.lang.Integer@50000113)
OBJ 50000b67 (sz=16, trace=300000, class=java.lang.Integer@50000113)
OBJ 50000b68 (sz=16, trace=300000, class=java.lang.Integer@50000113)
OBJ 50000b69 (sz=16, trace=300000, class=java.lang.Integer@50000113)
OBJ 50000b6a (sz=16, trace=300000, class=java.lang.Integer@50000113)
OBJ 50000b6b (sz=16, trace=300000, class=java.lang.Integer@50000113)
OBJ 50000b6c (sz=16, trace=300000, class=java.lang.Integer@50000113)
OBJ 50000b6d (sz=16, trace=300000, class=java.lang.Integer@50000113)
OBJ 50000b6e (sz=16, trace=300000, class=java.lang.Integer@50000113)
OBJ 50000b6f (sz=16, trace=300000, class=java.lang.Integer@50000113)
OBJ 50000b70 (sz=16, trace=300000, class=java.lang.Integer@50000113)
OBJ 50000b71 (sz=16, trace=300000, class=java.lang.Integer@50000113)
OBJ 50000b72 (sz=16, trace=300000, class=java.lang.Integer@50000113)
OBJ 50000b73 (sz=16, trace=300000, class=java.lang.Integer@50000113)
OBJ 50000b74 (sz=16, trace=300000, class=java.lang.Integer@50000113)
OBJ 50000b75 (sz=16, trace=300000, class=java.lang.Integer@50000113)
OBJ 50000b76 (sz=16, trace=300000, class=java.lang.Integer@50000113)
OBJ 50000b77 (sz=16, trace=300000, class=java.lang.Integer@50000113)
OBJ 50000b78 (sz=16, trace=300000, class=java.lang.Integer@50000113)
OBJ 50000b79 (sz=16, trace=300000, class=java.lang.Integer@50000113)
OBJ 50000b7a (sz=16, trace=300000, class=java.lang.Integer@50000113)
OBJ 50000b7b (sz=16, trace=300000, class=java.lang.Integer@50000113)
OBJ 50000b7c (sz=16, trace=300000, class=java.lang.Integer@50000113)
OBJ 50000b7d (sz=16, trace=300000, class=java.lang.Integer@50000113)
OBJ 50000b7e (sz=16, trace=300000, class=java.lang.Integer@50000113)
OBJ 50000b7f (sz=16, trace=300000, class=java.lang.Integer@50000113)
OBJ 50000b80 (sz=16, trace=300000, class=java.lang.Integer@50000113)
OBJ 50000b81 (sz=16, trace=300000, class=java.lang.Integer@50000113)
OBJ 50000b82 (sz=16, trace=300000, class=java.lang.Integer@50000113)
OBJ 50000b83 (sz=16, trace=300000, class=java.lang.Integer@50000113)
OBJ 50000b84 (sz=16, trace=300000, class=java.lang.Integer@50000113)
OBJ 50000b85 (sz=16, trace=300000, class=java.lang.Integer@50000113)
OBJ 50000b86 (sz=16, trace=300000, class=java.lang.Integer@50000113)
OBJ 50000b87 (sz=16, trace=300000, class=java.lang.Integer@50000113)
OBJ 50000b88 (sz=16, trace=300000, class=java.lang.Integer@50000113)
OBJ 50000b89 (sz=16, trace=300000, class=java.lang.Integer@50000113)
OBJ 50000b8a (sz=16, trace=300000, class=java.lang.Integer@50000113)
OBJ 50000b8b (sz=16, trace=300000, class=java.lang.Integer@50000113)
OBJ 50000b8c (sz=16, trace=300000, class=java.lang.Integer@50000113)
OBJ 50000b8d (sz=16, trace=300000, class=java.lang.Integer@50000113)
OBJ 50000b8e (sz=16, trace=300000, class=java.lang.Integer@50000113)
OBJ 50000b8f (sz=16, trace=300000, class=java.lang.Integer@50000113)
OBJ 50000b90 (sz=16, trace=300000, class=java.lang.Integer@50000113)
OBJ 50000b91 (sz=16, trace=300000, class=java.lang.Integer@50000113)
OBJ 50000b92 (sz=16, trace=300000, class=java.lang.Integer@50000113)
OBJ 50000b93 (sz=16, trace=300000, class=java.lang.Integer@50000113)
OBJ 50000b94 (sz=16, trace=300000, class=java.lang.Integer@50000113)
OBJ 50000b95 (sz=16, trace=300000, class=java.lang.Integer@50000113)
OBJ 50000b96 (sz=16, trace=300000, class=java.lang.Integer@50000113)
OBJ 50000b97 (sz=16, trace=300000, class=java.lang.Integer@50000113)
OBJ 50000b98 (sz=16, trace=300000, class=java.lang.Integer@50000113)
OBJ 50000b99 (sz=16, trace=300000, class=java.lang.Integer@50000113)
OBJ 50000b9a (sz=16, trace=300000, class=java.lang.Integer@50000113)
OBJ 50000b9b (sz=16, trace=300000, class=java.lang.Integer@50000113)
OBJ 50000b9c (sz=16, trace=300000, class=java.lang.Integer@50000113)
OBJ 50000b9d (sz=16, trace=300000, class=java.lang.Integer@50000113)
OBJ 50000b9e (sz=16, trace=300000, class=java.lang.Integer@50000113)
OBJ 50000b9f (sz=16, trace=300000, class=java.lang.Integer@50000113)
OBJ 50000ba0 (sz=16, trace=300000, class=java.lang.Integer@50000113)
OBJ 50000ba1 (sz=16, trace=300000, class=java.lang.Integer@50000113)
OBJ 50000ba2 (sz=16, trace=300000, class=java.lang.Integer@50000113)
OBJ 50000ba3 (sz=16, trace=300000, class=java.lang.Integer@50000113)
OBJ 50000ba4 (sz=16, trace=300000, class=java.lang.Integer@50000113)
OBJ 50000ba5 (sz=16, trace=300000, class=java.lang.Integer@50000113)
OBJ 50000ba6 (sz=16, trace=300000, class=java.lang.Integer@50000113)
OBJ 50000ba7 (sz=16, trace=300000, class=java.lang.Integer@50000113)
OBJ 50000ba8 (sz=16, trace=300000, class=java.lang.Integer@50000113)
OBJ 50000ba9 (sz=16, trace=300000, class=java.lang.Integer@50000113)
OBJ 50000baa (sz=16, trace=300000, class=java.lang.Integer@50000113)
OBJ 50000bab (sz=16, trace=300000, class=java.lang.Integer@50000113)
OBJ 50000bac (sz=16, trace=300000, class=java.lang.Integer@50000113)
OBJ 50000bad (sz=16, trace=300000, class=java.lang.Integer@50000113)
OBJ 50000bae (sz=16, trace=300000, class=java.lang.Integer@50000113)
OBJ 50000baf (sz=16, trace=300000, class=java.lang.Integer@50000113)
OBJ 50000bb0 (sz=16, trace=300000, class=java.lang.Integer@50000113)
OBJ 50000bb1 (sz=16, trace=300000, class=java.lang.Integer@50000113)
OBJ 50000bb2 (sz=16, trace=300000, class=java.lang.Integer@50000113)
OBJ 50000bb3 (sz=16, trace=300000, class=java.lang.Integer@50000113)
OBJ 50000bb4 (sz=16, trace=300000, class=java.lang.Integer@50000113)
OBJ 50000bb5 (sz=16, trace=300000, class=java.lang.Integer@50000113)
OBJ 50000bb6 (sz=16, trace=300000, class=java.lang.Integer@50000113)
OBJ 50000bb7 (sz=16, trace=300000, class=java.lang.Integer@50000113)
OBJ 50000bb8 (sz=16, trace=300000, class=java.lang.Integer@50000113)
OBJ 50000bb9 (sz=16, trace=300000, class=java.lang.Integer@50000113)
OBJ 50000bba (sz=16, trace=300000, class=java.lang.Integer@50000113)
OBJ 50000bbb (sz=16, trace=300000, class=java.lang.Integer@50000113)
OBJ 50000bbc (sz=16, trace=300000, class=java.lang.Integer@50000113)
OBJ 50000bbd (sz=16, trace=300000, class=java.lang.Integer@50000113)
OBJ 50000bbe (sz=16, trace=300000, class=java.lang.Integer@50000113)
OBJ 50000bbf (sz=16, trace=300000, class=java.lang.Integer@50000113)
OBJ 50000bc0 (sz=16, trace=300000, class=java.lang.Integer@50000113)
OBJ 50000bc1 (sz=16, trace=300000, class=java.lang.Integer@50000113)
OBJ 50000bc2 (sz=16, trace=300000, class=java.lang.Integer@50000113)
OBJ 50000bc3 (sz=16, trace=300000, class=java.lang.Integer@50000113)
OBJ 50000bc4 (sz=16, trace=300000, class=java.lang.Integer@50000113)
OBJ 50000bc5 (sz=16, trace=300000, class=java.lang.Integer@50000113)
OBJ 50000bc6 (sz=16, trace=300000, class=java.lang.Integer@50000113)
OBJ 50000bc7 (sz=16, trace=300000, class=java.lang.Integer@50000113)
OBJ 50000bc8 (sz=16, trace=300000, class=java.lang.Integer@50000113)
OBJ 50000bc9 (sz=16, trace=300000, class=java.lang.Integer@50000113)
OBJ 50000bca (sz=16, trace=300000, class=java.lang.Integer@50000113)
OBJ 50000bcb (sz=16, trace=300000, class=java.lang.Integer@50000113)
OBJ 50000bcc (sz=16, trace=300000, class=java.lang.Integer@50000113)
OBJ 50000bcd (sz=16, trace=300000, class=java.lang.Integer@50000113)
OBJ 50000bce (sz=16, trace=300000, class=java.lang.Integer@50000113)
OBJ 50000bcf (sz=16, trace=300000, class=java.lang.Integer@50000113)
OBJ 50000bd0 (sz=16, trace=300000, class=java.lang.Integer@50000113)
OBJ 50000bd1 (sz=16, trace=300000, class=java.lang.Integer@50000113)
OBJ 50000bd2 (sz=16, trace=300000, class=java.lang.Integer@50000113)
OBJ 50000bd3 (sz=16, trace=300000, class=java.lang.Integer@50000113)
OBJ 50000bd4 (sz=16, trace=300000, class=java.lang.Integer@50000113)
OBJ 50000bd5 (sz=16, trace=300000, class=java.lang.Integer@50000113)
OBJ 50000bd6 (sz=16, trace=300000, class=java.lang.Integer@50000113)
OBJ 50000bd7 (sz=16, trace=300000, class=java.lang.Integer@50000113)
OBJ 50000bd8 (sz=16, trace=300000, class=java.lang.Integer@50000113)
OBJ 50000bd9 (sz=16, trace=300000, class=java.lang.Integer@50000113)
OBJ 50000bda (sz=16, trace=300000, class=java.lang.Integer@50000113)
OBJ 50000bdb (sz=16, trace=300000, class=java.lang.Integer@50000113)
OBJ 50000bdc (sz=16, trace=300000, class=java.lang.Integer@50000113)
OBJ 50000bdd (sz=16, trace=300000, class=java.lang.Integer@50000113)
OBJ 50000bde (sz=16, trace=300000, class=java.lang.Integer@50000113)
OBJ 50000bdf (sz=16, trace=300000, class=java.lang.Integer@50000113)
OBJ 50000be0 (sz=16, trace=300000, class=java.lang.Integer@50000113)
OBJ 50000be1 (sz=16, trace=300000, class=java.lang.Integer@50000113)
OBJ 50000be2 (sz=16, trace=300000, class=java.lang.Integer@50000113)
OBJ 50000be3 (sz=16, trace=300000, class=java.lang.Integer@50000113)
OBJ 50000be4 (sz=16, trace=300000, class=java.lang.Integer@50000113)
OBJ 50000be5 (sz=16, trace=300000, class=java.lang.Integer@50000113)
OBJ 50000be6 (sz=16, trace=300000, class=java.lang.Integer@50000113)
OBJ 50000be7 (sz=16, trace=300000, class=java.lang.Integer@50000113)
OBJ 50000be8 (sz=16, trace=300000, class=java.lang.Integer@50000113)
OBJ 50000be9 (sz=16, trace=300000, class=java.lang.Integer@50000113)
OBJ 50000bea (sz=16, trace=300000, class=java.lang.Integer@50000113)
OBJ 50000beb (sz=16, trace=300000, class=java.lang.Integer@50000113)
OBJ 50000bec (sz=16, trace=300000, class=java.lang.Integer@50000113)
OBJ 50000bed (sz=16, trace=300000, class=java.lang.Integer@50000113)
OBJ 50000bee (sz=16, trace=300000, class=java.lang.Integer@50000113)
OBJ 50000bef (sz=16, trace=300000, class=java.lang.Integer@50000113)
OBJ 50000bf0 (sz=16, trace=300000, class=java.lang.Integer@50000113)
OBJ 50000bf1 (sz=16, trace=300000, class=java.lang.Integer@50000113)
OBJ 50000bf2 (sz=16, trace=300000, class=java.lang.Integer@50000113)
OBJ 50000bf3 (sz=16, trace=300000, class=java.lang.Integer@50000113)
OBJ 50000bf4 (sz=16, trace=300000, class=java.lang.Integer@50000113)
OBJ 50000bf5 (sz=16, trace=300000, class=java.lang.Integer@50000113)
OBJ 50000bf6 (sz=16, trace=300000, class=java.lang.Integer@50000113)
OBJ 50000bf7 (sz=16, trace=300000, class=java.lang.Integer@50000113)
OBJ 50000bf8 (sz=16, trace=300000, class=java.lang.Integer@50000113)
OBJ 50000bf9 (sz=16, trace=300000, class=java.lang.Integer@50000113)
OBJ 50000bfa (sz=16, trace=300000, class=java.lang.Integer@50000113)
OBJ 50000bfb (sz=16, trace=300000, class=java.lang.Integer@50000113)
OBJ 50000bfc (sz=16, trace=300000, class=java.lang.Integer@50000113)
OBJ 50000bfd (sz=16, trace=300000, class=java.lang.Integer@50000113)
OBJ 50000bfe (sz=16, trace=300000, class=java.lang.Integer@50000113)
OBJ 50000bff (sz=16, trace=300000, class=java.lang.Integer@50000113)
OBJ 50000c00 (sz=16, trace=300000, class=java.lang.Integer@50000113)
OBJ 50000c01 (sz=16, trace=300000, class=java.lang.Integer@50000113)
OBJ 50000c02 (sz=16, trace=300000, class=java.lang.Integer@50000113)
OBJ 50000c03 (sz=16, trace=300000, class=java.lang.Integer@50000113)
OBJ 50000c04 (sz=16, trace=300000, class=java.lang.Integer@50000113)
OBJ 50000c05 (sz=16, trace=300000, class=java.lang.Integer@50000113)
OBJ 50000c06 (sz=16, trace=300000, class=java.lang.Integer@50000113)
OBJ 50000c07 (sz=16, trace=300000, class=java.lang.Integer@50000113)
OBJ 50000c08 (sz=16, trace=300000, class=java.lang.Integer@50000113)
OBJ 50000c09 (sz=16, trace=300000, class=java.lang.Integer@50000113)
OBJ 50000c0a (sz=16, trace=300000, class=java.lang.Integer@50000113)
OBJ 50000c0b (sz=16, trace=300000, class=java.lang.Integer@50000113)
OBJ 50000c0c (sz=16, trace=300000, class=java.lang.Integer@50000113)
OBJ 50000c0d (sz=16, trace=300000, class=java.lang.Integer@50000113)
OBJ 50000c0e (sz=16, trace=300000, class=java.lang.Integer@50000113)
OBJ 50000c0f (sz=16, trace=300000, class=java.lang.Integer@50000113)
OBJ 50000c10 (sz=16, trace=300000, class=java.lang.Integer@50000113)
OBJ 50000c11 (sz=16, trace=300000, class=java.lang.Integer@50000113)
OBJ 50000c12 (sz=16, trace=300000, class=java.lang.Integer@50000113)
OBJ 50000c13 (sz=16, trace=300000, class=java.lang.Integer@50000113)
OBJ 50000c14 (sz=16, trace=300000, class=java.lang.Integer@50000113)
OBJ 50000c15 (sz=16, trace=300000, class=java.lang.Integer@50000113)
OBJ 50000c16 (sz=16, trace=300000, class=java.lang.Integer@50000113)
OBJ 50000c17 (sz=16, trace=300000, class=java.lang.Integer@50000113)
OBJ 50000c18 (sz=16, trace=300000, class=java.lang.Integer@50000113)
OBJ 50000c19 (sz=16, trace=300000, class=java.lang.Integer@50000113)
OBJ 50000c1a (sz=16, trace=300000, class=java.lang.Integer@50000113)
OBJ 50000c1b (sz=16, trace=300000, class=java.lang.Integer@50000113)
OBJ 50000c1c (sz=16, trace=300000, class=java.lang.Integer@50000113)
OBJ 50000c1d (sz=16, trace=300000, class=java.lang.Integer@50000113)
OBJ 50000c1e (sz=16, trace=300000, class=java.lang.Integer@50000113)
OBJ 50000c1f (sz=16, trace=300000, class=java.lang.Integer@50000113)
OBJ 50000c20 (sz=16, trace=300000, class=java.lang.Integer@50000113)
OBJ 50000c21 (sz=16, trace=300000, class=java.lang.Integer@50000113)
OBJ 50000c22 (sz=16, trace=300000, class=java.lang.Integer@50000113)
OBJ 50000c23 (sz=16, trace=300000, class=java.lang.Integer@50000113)
OBJ 50000c24 (sz=16, trace=300000, class=java.lang.Integer@50000113)
OBJ 50000c25 (sz=16, trace=300000, class=java.lang.Integer@50000113)
OBJ 50000c26 (sz=16, trace=300000, class=java.lang.Integer@50000113)
OBJ 50000c27 (sz=16, trace=300000, class=java.lang.Integer@50000113)
OBJ 50000c28 (sz=16, trace=300000, class=java.lang.Integer@50000113)
OBJ 50000c29 (sz=16, trace=300000, class=java.lang.Integer@50000113)
OBJ 50000c2a (sz=24, trace=300000, class=java.lang.String@50000168)
	value		50000f57
OBJ 50000c2b (sz=24, trace=300000, class=java.lang.String@50000168)
	value		50000f55
OBJ 50000c2c (sz=24, trace=300000, class=java.lang.String@50000168)
	value		50000f54
OBJ 50000c2d (sz=24, trace=300000, class=java.lang.String@50000168)
	value		50000f53
OBJ 50000c2e (sz=24, trace=300000, class=java.lang.String@50000168)
	value		50000f52
OBJ 50000c2f (sz=24, trace=300000, class=java.lang.String@50000168)
	value		50000f51
OBJ 50000c30 (sz=48, trace=300000, class=java.util.Properties@50000141)
	table		50000c32
OBJ 50000c31 (sz=16, trace=300000, class=java.lang.Object@5000016c)
ARR 50000c32 (sz=400, trace=300000, nelems=89, elem type=java.util.Hashtable$Entry[]@500000dd)
	[0]		50000c33
	[2]		50000c34
	[5]		50000c35
	[9]		50000c36
	[11]		50000c37
	[13]		50000c38
	[16]		50000c39
	[17]		50000c3a
	[18]		50000c3b
	[19]		50000c3c
	[21]		50000c3d
	[22]		50000c3e
	[24]		50000c3f
	[26]		50000c40
	[27]		50000c41
	[33]		50000c42
	[38]		50000c43
	[39]		50000c44
	[40]		50000c45
	[41]		50000c46
	[44]		50000c47
	[47]		50000c48
	[49]		50000c49
	[54]		50000c4a
	[57]		50000c4b
	[63]		50000c4c
	[64]		50000c4d
	[65]		50000c4e
	[67]		50000c4f
	[70]		50000c50
	[72]		50000c51
	[76]		50000c52
	[79]		50000c53
	[80]		50000c54
	[81]		50000c55
	[82]		50000c56
	[88]		50000c57
OBJ 50000c33 (sz=32, trace=300000, class=java.util.Hashtable$Entry@500000df)
	key		50000d42
	value		50000d41
OBJ 50000c34 (sz=32, trace=300000, class=java.util.Hashtable$Entry@500000df)
	key		50000d3e
	value		50000d3d
OBJ 50000c35 (sz=32, trace=300000, class=java.util.Hashtable$Entry@500000df)
	key		50000d3a
	value		50000d39
OBJ 50000c36 (sz=32, trace=300000, class=java.util.Hashtable$Entry@500000df)
	key		50000d32
	value		50000d31
	next		50000d30
OBJ 50000c37 (sz=32, trace=300000, class=java.util.Hashtable$Entry@500000df)
	key		50000d2d
	value		50000d2c
OBJ 50000c38 (sz=32, trace=300000, class=java.util.Hashtable$Entry@500000df)
	key		50000d29
	value		50000d28
OBJ 50000c39 (sz=32, trace=300000, class=java.util.Hashtable$Entry@500000df)
	key		50000d21
	value		50000d20
	next		50000d1f
OBJ 50000c3a (sz=32, trace=300000, class=java.util.Hashtable$Entry@500000df)
	key		50000d1c
	value		50000d1b
OBJ 50000c3b (sz=32, trace=300000, class=java.util.Hashtable$Entry@500000df)
	key		50000d18
	value		50000d17
OBJ 50000c3c (sz=32, trace=300000, class=java.util.Hashtable$Entry@500000df)
	key		50000d14
	value		50000d13
OBJ 50000c3d (sz=32, trace=300000, class=java.util.Hashtable$Entry@500000df)
	key		50000d0c
	value		50000d0b
	next		50000d0a
OBJ 50000c3e (sz=32, trace=300000, class=java.util.Hashtable$Entry@500000df)
	key		50000d07
	value		50000d06
OBJ 50000c3f (sz=32, trace=300000, class=java.util.Hashtable$Entry@500000df)
	key		50000cff
	value		50000cfe
	next		50000cfd
OBJ 50000c40 (sz=32, trace=300000, class=java.util.Hashtable$Entry@500000df)
	key		50000cf1
	value		50000cf0
	next		50000cef
OBJ 50000c41 (sz=32, trace=300000, class=java.util.Hashtable$Entry@500000df)
	key		50000cec
	value		50000ceb
OBJ 50000c42 (sz=32, trace=300000, class=java.util.Hashtable$Entry@500000df)
	key		50000ce4
	value		50000ce3
	next		50000ce2
OBJ 50000c43 (sz=32, trace=300000, class=java.util.Hashtable$Entry@500000df)
	key		50000cdb
	value		50000cda
	next		50000cd9
OBJ 50000c44 (sz=32, trace=300000, class=java.util.Hashtable$Entry@500000df)
	key		50000cd6
	value		50000cd5
OBJ 50000c45 (sz=32, trace=300000, class=java.util.Hashtable$Entry@500000df)
	key		50000cd2
	value		50000cd1
OBJ 50000c46 (sz=32, trace=300000, class=java.util.Hashtable$Entry@500000df)
	key		50000cce
	value		50000ccd
OBJ 50000c47 (sz=32, trace=300000, class=java.util.Hashtable$Entry@500000df)
	key		50000cca
	value		50000cc9
OBJ 50000c48 (sz=32, trace=300000, class=java.util.Hashtable$Entry@500000df)
	key		50000cc6
	value		50000cc5
OBJ 50000c49 (sz=32, trace=300000, class=java.util.Hashtable$Entry@500000df)
	key		50000cbe
	value		50000cbd
	next		50000cbc
OBJ 50000c4a (sz=32, trace=300000, class=java.util.Hashtable$Entry@500000df)
	key		50000cb9
	value		50000cb8
OBJ 50000c4b (sz=32, trace=300000, class=java.util.Hashtable$Entry@500000df)
	key		50000cb5
	value		50000cb4
OBJ 50000c4c (sz=32, trace=300000, class=java.util.Hashtable$Entry@500000df)
	key		50000cb1
	value		50000cb0
OBJ 50000c4d (sz=32, trace=300000, class=java.util.Hashtable$Entry@500000df)
	key		50000cad
	value		50000cac
OBJ 50000c4e (sz=32, trace=300000, class=java.util.Hashtable$Entry@500000df)
	key		50000ca9
	value		50000ca8
OBJ 50000c4f (sz=32, trace=300000, class=java.util.Hashtable$Entry@500000df)
	key		50000ca2
	value		50000ca1
	next		50000ca0
OBJ 50000c50 (sz=32, trace=300000, class=java.util.Hashtable$Entry@500000df)
	key		50000c99
	value		50000c98
	next		50000c97
OBJ 50000c51 (sz=32, trace=300000, class=java.util.Hashtable$Entry@500000df)
	key		50000c94
	value		50000c93
OBJ 50000c52 (sz=32, trace=300000, class=java.util.Hashtable$Entry@500000df)
	key		50000c8c
	value		50000c8b
	next		50000c8a
OBJ 50000c53 (sz=32, trace=300000, class=java.util.Hashtable$Entry@500000df)
	key		50000c79
	value		50000c78
	next		50000c77
OBJ 50000c54 (sz=32, trace=300000, class=java.util.Hashtable$Entry@500000df)
	key		50000c70
	value		50000c6f
	next		50000c6e
OBJ 50000c55 (sz=32, trace=300000, class=java.util.Hashtable$Entry@500000df)
	key		50000c6b
	value		50000c6a
OBJ 50000c56 (sz=32, trace=300000, class=java.util.Hashtable$Entry@500000df)
	key		50000c63
	value		50000c62
	next		50000c61
OBJ 50000c57 (sz=32, trace=300000, class=java.util.Hashtable$Entry@500000df)
	key		50000c5a
	value		50000c59
	next		50000c58
OBJ 50000c58 (sz=32, trace=300000, class=java.util.Hashtable$Entry@500000df)
	key		50000c5e
	value		50000c5d
OBJ 50000c59 (sz=24, trace=300000, class=java.lang.String@50000168)
	value		50000c5c
OBJ 50000c5a (sz=24, trace=300000, class=java.lang.String@50000168)
	value		50000c5b
ARR 50000c5b (sz=42, trace=300000, nelems=21, elem type=char[])
ARR 50000c5c (sz=74, trace=300000, nelems=37, elem type=char[])
OBJ 50000c5d (sz=24, trace=300000, class=java.lang.String@50000168)
	value		50000c60
OBJ 50000c5e (sz=24, trace=300000, class=java.lang.String@50000168)
	value		50000c5f
ARR 50000c5f (sz=30, trace=300000, nelems=15, elem type=char[])
ARR 50000c60 (sz=18, trace=300000, nelems=9, elem type=char[])
OBJ 50000c61 (sz=32, trace=300000, class=java.util.Hashtable$Entry@500000df)
	key		50000c67
	value		50000c66
OBJ 50000c62 (sz=24, trace=300000, class=java.lang.String@50000168)
	value		50000c65
OBJ 50000c63 (sz=24, trace=300000, class=java.lang.String@50000168)
	value		50000c64
ARR 50000c64 (sz=28, trace=300000, nelems=14, elem type=char[])
ARR 50000c65 (sz=36, trace=300000, nelems=18, elem type=char[])
OBJ 50000c66 (sz=24, trace=300000, class=java.lang.String@50000168)
	value		50000c69
OBJ 50000c67 (sz=24, trace=300000, class=java.lang.String@50000168)
	value		50000c68
ARR 50000c68 (sz=30, trace=300000, nelems=15, elem type=char[])
ARR 50000c69 (sz=46, trace=300000, nelems=23, elem type=char[])
OBJ 50000c6a (sz=24, trace=300000, class=java.lang.String@50000168)
	value		50000c6d
OBJ 50000c6b (sz=24, trace=300000, class=java.lang.String@50000168)
	value		50000c6c
ARR 50000c6c (sz=28, trace=300000, nelems=14, elem type=char[])
ARR 50000c6d (sz=2, trace=300000, nelems=1, elem type=char[])
OBJ 50000c6e (sz=32, trace=300000, class=java.util.Hashtable$Entry@500000df)
	key		50000c74
	value		50000c73
OBJ 50000c6f (sz=24, trace=300000, class=java.lang.String@50000168)
	value		50000c72
OBJ 50000c70 (sz=24, trace=300000, class=java.lang.String@50000168)
	value		50000c71
ARR 50000c71 (sz=24, trace=300000, nelems=12, elem type=char[])
ARR 50000c72 (sz=66, trace=300000, nelems=33, elem type=char[])
OBJ 50000c73 (sz=24, trace=300000, class=java.lang.String@50000168)
	value		50000c76
OBJ 50000c74 (sz=24, trace=300000, class=java.lang.String@50000168)
	value		50000c75
ARR 50000c75 (sz=34, trace=300000, nelems=17, elem type=char[])
ARR 50000c76 (sz=12, trace=300000, nelems=6, elem type=char[])
OBJ 50000c77 (sz=32, trace=300000, class=java.util.Hashtable$Entry@500000df)
	key		50000c7e
	value		50000c7d
	next		50000c7c
OBJ 50000c78 (sz=24, trace=300000, class=java.lang.String@50000168)
	value		50000c7b
OBJ 50000c79 (sz=24, trace=300000, class=java.lang.String@50000168)
	value		50000c7a
ARR 50000c7a (sz=22, trace=300000, nelems=11, elem type=char[])
ARR 50000c7b (sz=0, trace=300000, nelems=0, elem type=char[])
OBJ 50000c7c (sz=32, trace=300000, class=java.util.Hashtable$Entry@500000df)
	key		50000c83
	value		50000c82
	next		50000c81
OBJ 50000c7d (sz=24, trace=300000, class=java.lang.String@50000168)
	value		50000c80
OBJ 50000c7e (sz=24, trace=300000, class=java.lang.String@50000168)
	value		50000c7f
ARR 50000c7f (sz=24, trace=300000, nelems=12, elem type=char[])
ARR 50000c80 (sz=4, trace=300000, nelems=2, elem type=char[])
OBJ 50000c81 (sz=32, trace=300000, class=java.util.Hashtable$Entry@500000df)
	key		50000c87
	value		50000c86
OBJ 50000c82 (sz=24, trace=300000, class=java.lang.String@50000168)
	value		50000c85
OBJ 50000c83 (sz=24, trace=300000, class=java.lang.String@50000168)
	value		50000c84
ARR 50000c84 (sz=34, trace=300000, nelems=17, elem type=char[])
ARR 50000c85 (sz=24, trace=300000, nelems=12, elem type=char[])
OBJ 50000c86 (sz=24, trace=300000, class=java.lang.String@50000168)
	value		50000c89
OBJ 50000c87 (sz=24, trace=300000, class=java.lang.String@50000168)
	value		50000c88
ARR 50000c88 (sz=36, trace=300000, nelems=18, elem type=char[])
ARR 50000c89 (sz=28, trace=300000, nelems=14, elem type=char[])
OBJ 50000c8a (sz=32, trace=300000, class=java.util.Hashtable$Entry@500000df)
	key		50000c90
	value		50000c8f
OBJ 50000c8b (sz=24, trace=300000, class=java.lang.String@50000168)
	value		50000c8e
OBJ 50000c8c (sz=24, trace=300000, class=java.lang.String@50000168)
	value		50000c8d
ARR 50000c8d (sz=52, trace=300000, nelems=26, elem type=char[])
ARR 50000c8e (sz=68, trace=300000, nelems=34, elem type=char[])
OBJ 50000c8f (sz=24, trace=300000, class=java.lang.String@50000168)
	value		50000c92
OBJ 50000c90 (sz=24, trace=300000, class=java.lang.String@50000168)
	value		50000c91
ARR 50000c91 (sz=16, trace=300000, nelems=8, elem type=char[])
ARR 50000c92 (sz=104, trace=300000, nelems=52, elem type=char[])
OBJ 50000c93 (sz=24, trace=300000, class=java.lang.String@50000168)
	value		50000c96
OBJ 50000c94 (sz=24, trace=300000, class=java.lang.String@50000168)
	value		50000c95
ARR 50000c95 (sz=40, trace=300000, nelems=20, elem type=char[])
ARR 50000c96 (sz=64, trace=300000, nelems=32, elem type=char[])
OBJ 50000c97 (sz=32, trace=300000, class=java.util.Hashtable$Entry@500000df)
	key		50000c9d
	value		50000c9c
OBJ 50000c98 (sz=24, trace=300000, class=java.lang.String@50000168)
	value		50000c9b
OBJ 50000c99 (sz=24, trace=300000, class=java.lang.String@50000168)
	value		50000c9a
ARR 50000c9a (sz=36, trace=300000, nelems=18, elem type=char[])
ARR 50000c9b (sz=92, trace=300000, nelems=46, elem type=char[])
OBJ 50000c9c (sz=24, trace=300000, class=java.lang.String@50000168)
	value		50000c9f
OBJ 50000c9d (sz=24, trace=300000, class=java.lang.String@50000168)
	value		50000c9e
ARR 50000c9e (sz=14, trace=300000, nelems=7, elem type=char[])
ARR 50000c9f (sz=10, trace=300000, nelems=5, elem type=char[])
OBJ 50000ca0 (sz=32, trace=300000, class=java.util.Hashtable$Entry@500000df)
	key		50000ca5
	value		50000ab3
OBJ 50000ca1 (sz=24, trace=300000, class=java.lang.String@50000168)
	value		50000ca4
OBJ 50000ca2 (sz=24, trace=300000, class=java.lang.String@50000168)
	value		50000ca3
ARR 50000ca3 (sz=28, trace=300000, nelems=14, elem type=char[])
ARR 50000ca4 (sz=68, trace=300000, nelems=34, elem type=char[])
OBJ 50000ca5 (sz=24, trace=300000, class=java.lang.String@50000168)
	value		50000ca6
ARR 50000ca6 (sz=28, trace=300000, nelems=14, elem type=char[])
ARR 50000ca7 (sz=4, trace=300000, nelems=2, elem type=char[])
OBJ 50000ca8 (sz=24, trace=300000, class=java.lang.String@50000168)
	value		50000cab
OBJ 50000ca9 (sz=24, trace=300000, class=java.lang.String@50000168)
	value		50000caa
ARR 50000caa (sz=56, trace=300000, nelems=28, elem type=char[])
ARR 50000cab (sz=36, trace=300000, nelems=18, elem type=char[])
OBJ 50000cac (sz=24, trace=300000, class=java.lang.String@50000168)
	value		50000caf
OBJ 50000cad (sz=24, trace=300000, class=java.lang.String@50000168)
	value		50000cae
ARR 50000cae (sz=24, trace=300000, nelems=12, elem type=char[])
ARR 50000caf (sz=0, trace=300000, nelems=0, elem type=char[])
OBJ 50000cb0 (sz=24, trace=300000, class=java.lang.String@50000168)
	value		50000cb3
OBJ 50000cb1 (sz=24, trace=300000, class=java.lang.String@50000168)
	value		50000cb2
ARR 50000cb2 (sz=14, trace=300000, nelems=7, elem type=char[])
ARR 50000cb3 (sz=18, trace=300000, nelems=9, elem type=char[])
OBJ 50000cb4 (sz=24, trace=300000, class=java.lang.String@50000168)
	value		50000cb7
OBJ 50000cb5 (sz=24, trace=300000, class=java.lang.String@50000168)
	value		50000cb6
ARR 50000cb6 (sz=32, trace=300000, nelems=16, elem type=char[])
ARR 50000cb7 (sz=12, trace=300000, nelems=6, elem type=char[])
OBJ 50000cb8 (sz=24, trace=300000, class=java.lang.String@50000168)
	value		50000cbb
OBJ 50000cb9 (sz=24, trace=300000, class=java.lang.String@50000168)
	value		50000cba
ARR 50000cba (sz=34, trace=300000, nelems=17, elem type=char[])
ARR 50000cbb (sz=1708, trace=300000, nelems=854, elem type=char[])
OBJ 50000cbc (sz=32, trace=300000, class=java.util.Hashtable$Entry@500000df)
	key		50000cc2
	value		50000cc1
OBJ 50000cbd (sz=24, trace=300000, class=java.lang.String@50000168)
	value		50000cc0
OBJ 50000cbe (sz=24, trace=300000, class=java.lang.String@50000168)
	value		50000cbf
ARR 50000cbf (sz=46, trace=300000, nelems=23, elem type=char[])
ARR 50000cc0 (sz=62, trace=300000, nelems=31, elem type=char[])
OBJ 50000cc1 (sz=24, trace=300000, class=java.lang.String@50000168)
	value		50000cc4
OBJ 50000cc2 (sz=24, trace=300000, class=java.lang.String@50000168)
	value		50000cc3
ARR 50000cc3 (sz=36, trace=300000, nelems=18, elem type=char[])
ARR 50000cc4 (sz=8, trace=300000, nelems=4, elem type=char[])
OBJ 50000cc5 (sz=24, trace=300000, class=java.lang.String@50000168)
	value		50000cc8
OBJ 50000cc6 (sz=24, trace=300000, class=java.lang.String@50000168)
	value		50000cc7
ARR 50000cc7 (sz=46, trace=300000, nelems=23, elem type=char[])
ARR 50000cc8 (sz=62, trace=300000, nelems=31, elem type=char[])
OBJ 50000cc9 (sz=24, trace=300000, class=java.lang.String@50000168)
	value		50000ccc
OBJ 50000cca (sz=24, trace=300000, class=java.lang.String@50000168)
	value		50000ccb
ARR 50000ccb (sz=20, trace=300000, nelems=10, elem type=char[])
ARR 50000ccc (sz=6, trace=300000, nelems=3, elem type=char[])
OBJ 50000ccd (sz=24, trace=300000, class=java.lang.String@50000168)
	value		50000cd0
OBJ 50000cce (sz=24, trace=300000, class=java.lang.String@50000168)
	value		50000ccf
ARR 50000ccf (sz=18, trace=300000, nelems=9, elem type=char[])
ARR 50000cd0 (sz=28, trace=300000, nelems=14, elem type=char[])
OBJ 50000cd1 (sz=24, trace=300000, class=java.lang.String@50000168)
	value		50000cd4
OBJ 50000cd2 (sz=24, trace=300000, class=java.lang.String@50000168)
	value		50000cd3
ARR 50000cd3 (sz=26, trace=300000, nelems=13, elem type=char[])
ARR 50000cd4 (sz=0, trace=300000, nelems=0, elem type=char[])
OBJ 50000cd5 (sz=24, trace=300000, class=java.lang.String@50000168)
	value		50000cd8
OBJ 50000cd6 (sz=24, trace=300000, class=java.lang.String@50000168)
	value		50000cd7
ARR 50000cd7 (sz=38, trace=300000, nelems=19, elem type=char[])
ARR 50000cd8 (sz=54, trace=300000, nelems=27, elem type=char[])
OBJ 50000cd9 (sz=32, trace=300000, class=java.util.Hashtable$Entry@500000df)
	key		50000cdf
	value		50000cde
OBJ 50000cda (sz=24, trace=300000, class=java.lang.String@50000168)
	value		50000cdd
OBJ 50000cdb (sz=24, trace=300000, class=java.lang.String@50000168)
	value		50000cdc
ARR 50000cdc (sz=26, trace=300000, nelems=13, elem type=char[])
ARR 50000cdd (sz=12, trace=300000, nelems=6, elem type=char[])
OBJ 50000cde (sz=24, trace=300000, class=java.lang.String@50000168)
	value		50000ce1
OBJ 50000cdf (sz=24, trace=300000, class=java.lang.String@50000168)
	value		50000ce0
ARR 50000ce0 (sz=52, trace=300000, nelems=26, elem type=char[])
ARR 50000ce1 (sz=6, trace=300000, nelems=3, elem type=char[])
OBJ 50000ce2 (sz=32, trace=300000, class=java.util.Hashtable$Entry@500000df)
	key		50000ce8
	value		50000ce7
OBJ 50000ce3 (sz=24, trace=300000, class=java.lang.String@50000168)
	value		50000ce6
OBJ 50000ce4 (sz=24, trace=300000, class=java.lang.String@50000168)
	value		50000ce5
ARR 50000ce5 (sz=18, trace=300000, nelems=9, elem type=char[])
ARR 50000ce6 (sz=10, trace=300000, nelems=5, elem type=char[])
OBJ 50000ce7 (sz=24, trace=300000, class=java.lang.String@50000168)
	value		50000cea
OBJ 50000ce8 (sz=24, trace=300000, class=java.lang.String@50000168)
	value		50000ce9
ARR 50000ce9 (sz=30, trace=300000, nelems=15, elem type=char[])
ARR 50000cea (sz=2, trace=300000, nelems=1, elem type=char[])
OBJ 50000ceb (sz=24, trace=300000, class=java.lang.String@50000168)
	value		50000cee
OBJ 50000cec (sz=24, trace=300000, class=java.lang.String@50000168)
	value		50000ced
ARR 50000ced (sz=58, trace=300000, nelems=29, elem type=char[])
ARR 50000cee (sz=6, trace=300000, nelems=3, elem type=char[])
OBJ 50000cef (sz=32, trace=300000, class=java.util.Hashtable$Entry@500000df)
	key		50000cf6
	value		50000cf5
	next		50000cf4
OBJ 50000cf0 (sz=24, trace=300000, class=java.lang.String@50000168)
	value		50000cf3
OBJ 50000cf1 (sz=24, trace=300000, class=java.lang.String@50000168)
	value		50000cf2
ARR 50000cf2 (sz=38, trace=300000, nelems=19, elem type=char[])
ARR 50000cf3 (sz=4, trace=300000, nelems=2, elem type=char[])
OBJ 50000cf4 (sz=32, trace=300000, class=java.util.Hashtable$Entry@500000df)
	key		50000cfa
	value		50000cf9
OBJ 50000cf5 (sz=24, trace=300000, class=java.lang.String@50000168)
	value		50000cf8
OBJ 50000cf6 (sz=24, trace=300000, class=java.lang.String@50000168)
	value		50000cf7
ARR 50000cf7 (sz=18, trace=300000, nelems=9, elem type=char[])
ARR 50000cf8 (sz=66, trace=300000, nelems=33, elem type=char[])
OBJ 50000cf9 (sz=24, trace=300000, class=java.lang.String@50000168)
	value		50000cfc
OBJ 50000cfa (sz=24, trace=300000, class=java.lang.String@50000168)
	value		50000cfb
ARR 50000cfb (sz=32, trace=300000, nelems=16, elem type=char[])
ARR 50000cfc (sz=22, trace=300000, nelems=11, elem type=char[])
OBJ 50000cfd (sz=32, trace=300000, class=java.util.Hashtable$Entry@500000df)
	key		50000d03
	value		50000d02
OBJ 50000cfe (sz=24, trace=300000, class=java.lang.String@50000168)
	value		50000d01
OBJ 50000cff (sz=24, trace=300000, class=java.lang.String@50000168)
	value		50000d00
ARR 50000d00 (sz=50, trace=300000, nelems=25, elem type=char[])
ARR 50000d01 (sz=36, trace=300000, nelems=18, elem type=char[])
OBJ 50000d02 (sz=24, trace=300000, class=java.lang.String@50000168)
	value		50000d05
OBJ 50000d03 (sz=24, trace=300000, class=java.lang.String@50000168)
	value		50000d04
ARR 50000d04 (sz=26, trace=300000, nelems=13, elem type=char[])
ARR 50000d05 (sz=4, trace=300000, nelems=2, elem type=char[])
OBJ 50000d06 (sz=24, trace=300000, class=java.lang.String@50000168)
	value		50000d09
OBJ 50000d07 (sz=24, trace=300000, class=java.lang.String@50000168)
	value		50000d08
ARR 50000d08 (sz=22, trace=300000, nelems=11, elem type=char[])
ARR 50000d09 (sz=48, trace=300000, nelems=24, elem type=char[])
OBJ 50000d0a (sz=32, trace=300000, class=java.util.Hashtable$Entry@500000df)
	key		50000d10
	value		50000d0f
OBJ 50000d0b (sz=24, trace=300000, class=java.lang.String@50000168)
	value		50000d0e
OBJ 50000d0c (sz=24, trace=300000, class=java.lang.String@50000168)
	value		50000d0d
ARR 50000d0d (sz=24, trace=300000, nelems=12, elem type=char[])
ARR 50000d0e (sz=38, trace=300000, nelems=19, elem type=char[])
OBJ 50000d0f (sz=24, trace=300000, class=java.lang.String@50000168)
	value		50000d12
OBJ 50000d10 (sz=24, trace=300000, class=java.lang.String@50000168)
	value		50000d11
ARR 50000d11 (sz=54, trace=300000, nelems=27, elem type=char[])
ARR 50000d12 (sz=4, trace=300000, nelems=2, elem type=char[])
OBJ 50000d13 (sz=24, trace=300000, class=java.lang.String@50000168)
	value		50000d16
OBJ 50000d14 (sz=24, trace=300000, class=java.lang.String@50000168)
	value		50000d15
ARR 50000d15 (sz=24, trace=300000, nelems=12, elem type=char[])
ARR 50000d16 (sz=16, trace=300000, nelems=8, elem type=char[])
OBJ 50000d17 (sz=24, trace=300000, class=java.lang.String@50000168)
	value		50000d1a
OBJ 50000d18 (sz=24, trace=300000, class=java.lang.String@50000168)
	value		50000d19
ARR 50000d19 (sz=26, trace=300000, nelems=13, elem type=char[])
ARR 50000d1a (sz=138, trace=300000, nelems=69, elem type=char[])
OBJ 50000d1b (sz=24, trace=300000, class=java.lang.String@50000168)
	value		50000d1e
OBJ 50000d1c (sz=24, trace=300000, class=java.lang.String@50000168)
	value		50000d1d
ARR 50000d1d (sz=38, trace=300000, nelems=19, elem type=char[])
ARR 50000d1e (sz=762, trace=300000, nelems=381, elem type=char[])
OBJ 50000d1f (sz=32, trace=300000, class=java.util.Hashtable$Entry@500000df)
	key		50000d25
	value		50000d24
OBJ 50000d20 (sz=24, trace=300000, class=java.lang.String@50000168)
	value		50000d23
OBJ 50000d21 (sz=24, trace=300000, class=java.lang.String@50000168)
	value		50000d22
ARR 50000d22 (sz=38, trace=300000, nelems=19, elem type=char[])
ARR 50000d23 (sz=10, trace=300000, nelems=5, elem type=char[])
OBJ 50000d24 (sz=24, trace=300000, class=java.lang.String@50000168)
	value		50000d27
OBJ 50000d25 (sz=24, trace=300000, class=java.lang.String@50000168)
	value		50000d26
ARR 50000d26 (sz=22, trace=300000, nelems=11, elem type=char[])
ARR 50000d27 (sz=36, trace=300000, nelems=18, elem type=char[])
OBJ 50000d28 (sz=24, trace=300000, class=java.lang.String@50000168)
	value		50000d2b
OBJ 50000d29 (sz=24, trace=300000, class=java.lang.String@50000168)
	value		50000d2a
ARR 50000d2a (sz=28, trace=300000, nelems=14, elem type=char[])
ARR 50000d2b (sz=2, trace=300000, nelems=1, elem type=char[])
OBJ 50000d2c (sz=24, trace=300000, class=java.lang.String@50000168)
	value		50000d2f
OBJ 50000d2d (sz=24, trace=300000, class=java.lang.String@50000168)
	value		50000d2e
ARR 50000d2e (sz=38, trace=300000, nelems=19, elem type=char[])
ARR 50000d2f (sz=70, trace=300000, nelems=35, elem type=char[])
OBJ 50000d30 (sz=32, trace=300000, class=java.util.Hashtable$Entry@500000df)
	key		50000d36
	value		50000d35
OBJ 50000d31 (sz=24, trace=300000, class=java.lang.String@50000168)
	value		50000d34
OBJ 50000d32 (sz=24, trace=300000, class=java.lang.String@50000168)
	value		50000d33
ARR 50000d33 (sz=28, trace=300000, nelems=14, elem type=char[])
ARR 50000d34 (sz=12, trace=300000, nelems=6, elem type=char[])
OBJ 50000d35 (sz=24, trace=300000, class=java.lang.String@50000168)
	value		50000d38
OBJ 50000d36 (sz=24, trace=300000, class=java.lang.String@50000168)
	value		50000d37
ARR 50000d37 (sz=46, trace=300000, nelems=23, elem type=char[])
ARR 50000d38 (sz=26, trace=300000, nelems=13, elem type=char[])
OBJ 50000d39 (sz=24, trace=300000, class=java.lang.String@50000168)
	value		50000d3c
OBJ 50000d3a (sz=24, trace=300000, class=java.lang.String@50000168)
	value		50000d3b
ARR 50000d3b (sz=38, trace=300000, nelems=19, elem type=char[])
ARR 50000d3c (sz=10, trace=300000, nelems=5, elem type=char[])
OBJ 50000d3d (sz=24, trace=300000, class=java.lang.String@50000168)
	value		50000d40
OBJ 50000d3e (sz=24, trace=300000, class=java.lang.String@50000168)
	value		50000d3f
ARR 50000d3f (sz=22, trace=300000, nelems=11, elem type=char[])
ARR 50000d40 (sz=14, trace=300000, nelems=7, elem type=char[])
OBJ 50000d41 (sz=24, trace=300000, class=java.lang.String@50000168)
	value		50000d44
OBJ 50000d42 (sz=24, trace=300000, class=java.lang.String@50000168)
	value		50000d43
ARR 50000d43 (sz=30, trace=300000, nelems=15, elem type=char[])
ARR 50000d44 (sz=10, trace=300000, nelems=5, elem type=char[])
ARR 50000d45 (sz=32, trace=300000, nelems=16, elem type=char[])
OBJ 50000d46 (sz=24, trace=300000, class=java.util.Collections$EmptyMap@500000d4)
OBJ 50000d47 (sz=16, trace=300000, class=java.util.Collections$EmptyList@500000d6)
OBJ 50000d48 (sz=16, trace=300000, class=java.util.Collections$EmptySet@500000d7)
OBJ 50000d49 (sz=24, trace=300000, class=java.lang.String@50000168)
	value		50000d4c
OBJ 50000d4a (sz=16, trace=300000, class=java.lang.Boolean@5000011a)
OBJ 50000d4b (sz=16, trace=300000, class=java.lang.Boolean@5000011a)
ARR 50000d4c (sz=14, trace=300000, nelems=7, elem type=char[])
OBJ 50000d4d (sz=24, trace=300000, class=java.lang.String@50000168)
	value		50000d4e
ARR 50000d4e (sz=70, trace=300000, nelems=35, elem type=char[])
OBJ 50000d4f (sz=24, trace=300000, class=java.lang.String@50000168)
	value		50000f4f
OBJ 50000d50 (sz=24, trace=300000, class=java.lang.String@50000168)
	value		50000f4e
OBJ 50000d51 (sz=24, trace=300000, class=java.lang.String@50000168)
	value		50000f46
OBJ 50000d52 (sz=24, trace=300000, class=java.lang.String@50000168)
	value		50000f45
OBJ 50000d53 (sz=32, trace=300000, class=java.io.WinNTFileSystem@50000074)
	cache		50000d55
	prefixCache	50000d54
OBJ 50000d54 (sz=40, trace=300000, class=java.io.ExpiringCache@50000073)
	map		50000dc5
OBJ 50000d55 (sz=40, trace=300000, class=java.io.ExpiringCache@50000073)
	map		50000d56
OBJ 50000d56 (sz=64, trace=300000, class=java.io.ExpiringCache$1@50000071)
	table		50000694
	head		50000d57
	tail		50000693
	this$0		50000d55
OBJ 50000d57 (sz=40, trace=300000, class=java.util.LinkedHashMap$Entry@50000067)
	key		50000dc1
	value		50000dc0
	after		50000d61
OBJ 50000d58 (sz=40, trace=300000, class=java.util.LinkedHashMap$Entry@50000067)
	key		50000da8
	value		50000da7
	before		50000d5e
	after		50000d59
OBJ 50000d59 (sz=40, trace=300000, class=java.util.LinkedHashMap$Entry@50000067)
	key		50000da3
	value		50000da2
	next		50000d75
	before		50000d58
	after		50000d5b
OBJ 50000d5a (sz=40, trace=300000, class=java.util.LinkedHashMap$Entry@50000067)
	key		50000db2
	value		50000db1
	before		50000d60
	after		50000d5e
OBJ 50000d5b (sz=40, trace=300000, class=java.util.LinkedHashMap$Entry@50000067)
	key		50000d9a
	value		50000d99
	next		50000693
	before		50000d59
	after		50000d5f
OBJ 50000d5c (sz=40, trace=300000, class=java.util.LinkedHashMap$Entry@50000067)
	key		50000d77
	value		50000d76
	next		5000060b
	before		50000d75
	after		5000040a
OBJ 50000d5d (sz=40, trace=300000, class=java.util.LinkedHashMap$Entry@50000067)
	key		50000d81
	value		50000d80
	before		50000d64
	after		50000d75
OBJ 50000d5e (sz=40, trace=300000, class=java.util.LinkedHashMap$Entry@50000067)
	key		50000dad
	value		50000dac
	before		50000d5a
	after		50000d58
OBJ 50000d5f (sz=40, trace=300000, class=java.util.LinkedHashMap$Entry@50000067)
	key		50000d95
	value		50000d94
	before		50000d5b
	after		50000d63
OBJ 50000d60 (sz=40, trace=300000, class=java.util.LinkedHashMap$Entry@50000067)
	key		50000db7
	value		50000db6
	before		50000d61
	after		50000d5a
OBJ 50000d61 (sz=40, trace=300000, class=java.util.LinkedHashMap$Entry@50000067)
	key		50000dbc
	value		50000dbb
	before		50000d57
	after		50000d60
OBJ 50000d62 (sz=40, trace=300000, class=java.util.LinkedHashMap$Entry@50000067)
	key		50000d8b
	value		50000d8a
	before		50000d63
	after		50000d64
OBJ 50000d63 (sz=40, trace=300000, class=java.util.LinkedHashMap$Entry@50000067)
	key		50000d90
	value		50000d8f
	before		50000d5f
	after		50000d62
OBJ 50000d64 (sz=40, trace=300000, class=java.util.LinkedHashMap$Entry@50000067)
	key		50000d86
	value		50000d85
	before		50000d62
	after		50000d5d
OBJ 50000d65 (sz=24, trace=300000, class=java.lang.String@50000168)
	value		50000d66
ARR 50000d66 (sz=100, trace=300000, nelems=50, elem type=char[])
OBJ 50000d67 (sz=24, trace=300000, class=java.lang.String@50000168)
	value		50000d68
ARR 50000d68 (sz=90, trace=300000, nelems=45, elem type=char[])
OBJ 50000d69 (sz=24, trace=300000, class=java.lang.String@50000168)
	value		50000d6a
ARR 50000d6a (sz=92, trace=300000, nelems=46, elem type=char[])
OBJ 50000d6b (sz=24, trace=300000, class=java.lang.String@50000168)
	value		50000d6c
ARR 50000d6c (sz=104, trace=300000, nelems=52, elem type=char[])
OBJ 50000d6d (sz=24, trace=300000, class=java.lang.String@50000168)
	value		50000d6e
ARR 50000d6e (sz=88, trace=300000, nelems=44, elem type=char[])
OBJ 50000d6f (sz=24, trace=300000, class=java.lang.String@50000168)
	value		50000d70
ARR 50000d70 (sz=102, trace=300000, nelems=51, elem type=char[])
OBJ 50000d71 (sz=24, trace=300000, class=java.lang.String@50000168)
	value		50000d72
ARR 50000d72 (sz=74, trace=300000, nelems=37, elem type=char[])
OBJ 50000d73 (sz=24, trace=300000, class=java.lang.String@50000168)
	value		50000d74
ARR 50000d74 (sz=104, trace=300000, nelems=52, elem type=char[])
OBJ 50000d75 (sz=40, trace=300000, class=java.util.LinkedHashMap$Entry@50000067)
	key		50000d7c
	value		50000d7b
	next		50000629
	before		50000d5d
	after		50000d5c
OBJ 50000d76 (sz=24, trace=300000, class=java.io.ExpiringCache$Entry@50000068)
	val		50000d79
OBJ 50000d77 (sz=24, trace=300000, class=java.lang.String@50000168)
	value		50000d78
ARR 50000d78 (sz=108, trace=300000, nelems=54, elem type=char[])
OBJ 50000d79 (sz=24, trace=300000, class=java.lang.String@50000168)
	value		50000d7a
ARR 50000d7a (sz=104, trace=300000, nelems=52, elem type=char[])
OBJ 50000d7b (sz=24, trace=300000, class=java.io.ExpiringCache$Entry@50000068)
	val		50000d7e
OBJ 50000d7c (sz=24, trace=300000, class=java.lang.String@50000168)
	value		50000d7d
ARR 50000d7d (sz=102, trace=300000, nelems=51, elem type=char[])
OBJ 50000d7e (sz=24, trace=300000, class=java.lang.String@50000168)
	value		50000d7f
ARR 50000d7f (sz=102, trace=300000, nelems=51, elem type=char[])
OBJ 50000d80 (sz=24, trace=300000, class=java.io.ExpiringCache$Entry@50000068)
	val		50000d83
OBJ 50000d81 (sz=24, trace=300000, class=java.lang.String@50000168)
	value		50000d82
ARR 50000d82 (sz=110, trace=300000, nelems=55, elem type=char[])
OBJ 50000d83 (sz=24, trace=300000, class=java.lang.String@50000168)
	value		50000d84
ARR 50000d84 (sz=110, trace=300000, nelems=55, elem type=char[])
OBJ 50000d85 (sz=24, trace=300000, class=java.io.ExpiringCache$Entry@50000068)
	val		50000d88
OBJ 50000d86 (sz=24, trace=300000, class=java.lang.String@50000168)
	value		50000d87
ARR 50000d87 (sz=110, trace=300000, nelems=55, elem type=char[])
OBJ 50000d88 (sz=24, trace=300000, class=java.lang.String@50000168)
	value		50000d89
ARR 50000d89 (sz=110, trace=300000, nelems=55, elem type=char[])
OBJ 50000d8a (sz=24, trace=300000, class=java.io.ExpiringCache$Entry@50000068)
	val		50000d8d
OBJ 50000d8b (sz=24, trace=300000, class=java.lang.String@50000168)
	value		50000d8c
ARR 50000d8c (sz=122, trace=300000, nelems=61, elem type=char[])
OBJ 50000d8d (sz=24, trace=300000, class=java.lang.String@50000168)
	value		50000d8e
ARR 50000d8e (sz=122, trace=300000, nelems=61, elem type=char[])
OBJ 50000d8f (sz=24, trace=300000, class=java.io.ExpiringCache$Entry@50000068)
	val		50000d92
OBJ 50000d90 (sz=24, trace=300000, class=java.lang.String@50000168)
	value		50000d91
ARR 50000d91 (sz=102, trace=300000, nelems=51, elem type=char[])
OBJ 50000d92 (sz=24, trace=300000, class=java.lang.String@50000168)
	value		50000d93
ARR 50000d93 (sz=102, trace=300000, nelems=51, elem type=char[])
OBJ 50000d94 (sz=24, trace=300000, class=java.io.ExpiringCache$Entry@50000068)
	val		50000d97
OBJ 50000d95 (sz=24, trace=300000, class=java.lang.String@50000168)
	value		50000d96
ARR 50000d96 (sz=106, trace=300000, nelems=53, elem type=char[])
OBJ 50000d97 (sz=24, trace=300000, class=java.lang.String@50000168)
	value		50000d98
ARR 50000d98 (sz=106, trace=300000, nelems=53, elem type=char[])
OBJ 50000d99 (sz=24, trace=300000, class=java.io.ExpiringCache$Entry@50000068)
	val		50000d9c
OBJ 50000d9a (sz=24, trace=300000, class=java.lang.String@50000168)
	value		50000d9b
ARR 50000d9b (sz=112, trace=300000, nelems=56, elem type=char[])
OBJ 50000d9c (sz=24, trace=300000, class=java.lang.String@50000168)
	value		50000d9d
ARR 50000d9d (sz=112, trace=300000, nelems=56, elem type=char[])
OBJ 50000d9e (sz=24, trace=300000, class=java.lang.String@50000168)
	value		50000d9f
ARR 50000d9f (sz=82, trace=300000, nelems=41, elem type=char[])
OBJ 50000da0 (sz=24, trace=300000, class=java.lang.String@50000168)
	value		50000da1
ARR 50000da1 (sz=90, trace=300000, nelems=45, elem type=char[])
OBJ 50000da2 (sz=24, trace=300000, class=java.io.ExpiringCache$Entry@50000068)
	val		50000da5
OBJ 50000da3 (sz=24, trace=300000, class=java.lang.String@50000168)
	value		50000da4
ARR 50000da4 (sz=102, trace=300000, nelems=51, elem type=char[])
OBJ 50000da5 (sz=24, trace=300000, class=java.lang.String@50000168)
	value		50000da6
ARR 50000da6 (sz=102, trace=300000, nelems=51, elem type=char[])
OBJ 50000da7 (sz=24, trace=300000, class=java.io.ExpiringCache$Entry@50000068)
	val		50000daa
OBJ 50000da8 (sz=24, trace=300000, class=java.lang.String@50000168)
	value		50000da9
ARR 50000da9 (sz=106, trace=300000, nelems=53, elem type=char[])
OBJ 50000daa (sz=24, trace=300000, class=java.lang.String@50000168)
	value		50000dab
ARR 50000dab (sz=106, trace=300000, nelems=53, elem type=char[])
OBJ 50000dac (sz=24, trace=300000, class=java.io.ExpiringCache$Entry@50000068)
	val		50000daf
OBJ 50000dad (sz=24, trace=300000, class=java.lang.String@50000168)
	value		50000dae
ARR 50000dae (sz=102, trace=300000, nelems=51, elem type=char[])
OBJ 50000daf (sz=24, trace=300000, class=java.lang.String@50000168)
	value		50000db0
ARR 50000db0 (sz=102, trace=300000, nelems=51, elem type=char[])
OBJ 50000db1 (sz=24, trace=300000, class=java.io.ExpiringCache$Entry@50000068)
	val		50000db4
OBJ 50000db2 (sz=24, trace=300000, class=java.lang.String@50000168)
	value		50000db3
ARR 50000db3 (sz=108, trace=300000, nelems=54, elem type=char[])
OBJ 50000db4 (sz=24, trace=300000, class=java.lang.String@50000168)
	value		50000db5
ARR 50000db5 (sz=108, trace=300000, nelems=54, elem type=char[])
OBJ 50000db6 (sz=24, trace=300000, class=java.io.ExpiringCache$Entry@50000068)
	val		50000db9
OBJ 50000db7 (sz=24, trace=300000, class=java.lang.String@50000168)
	value		50000db8
ARR 50000db8 (sz=124, trace=300000, nelems=62, elem type=char[])
OBJ 50000db9 (sz=24, trace=300000, class=java.lang.String@50000168)
	value		50000dba
ARR 50000dba (sz=124, trace=300000, nelems=62, elem type=char[])
OBJ 50000dbb (sz=24, trace=300000, class=java.io.ExpiringCache$Entry@50000068)
	val		50000dbe
OBJ 50000dbc (sz=24, trace=300000, class=java.lang.String@50000168)
	value		50000dbd
ARR 50000dbd (sz=82, trace=300000, nelems=41, elem type=char[])
OBJ 50000dbe (sz=24, trace=300000, class=java.lang.String@50000168)
	value		50000dbf
ARR 50000dbf (sz=82, trace=300000, nelems=41, elem type=char[])
OBJ 50000dc0 (sz=24, trace=300000, class=java.io.ExpiringCache$Entry@50000068)
	val		50000dc3
OBJ 50000dc1 (sz=24, trace=300000, class=java.lang.String@50000168)
	value		50000dc2
ARR 50000dc2 (sz=90, trace=300000, nelems=45, elem type=char[])
OBJ 50000dc3 (sz=24, trace=300000, class=java.lang.String@50000168)
	value		50000dc4
ARR 50000dc4 (sz=90, trace=300000, nelems=45, elem type=char[])
OBJ 50000dc5 (sz=64, trace=300000, class=java.io.ExpiringCache$1@50000071)
	table		50000dc7
	head		50000dc6
	tail		500005cf
	this$0		50000d54
OBJ 50000dc6 (sz=40, trace=300000, class=java.util.LinkedHashMap$Entry@50000067)
	key		50000dcf
	value		50000dce
	next		50000dc8
	after		50000dc8
ARR 50000dc7 (sz=80, trace=300000, nelems=16, elem type=java.util.HashMap$Node[]@500000b8)
	[1]		50000dc6
	[15]		500005cf
OBJ 50000dc8 (sz=40, trace=300000, class=java.util.LinkedHashMap$Entry@50000067)
	key		50000dca
	value		50000dc9
	before		50000dc6
	after		500005cf
OBJ 50000dc9 (sz=24, trace=300000, class=java.io.ExpiringCache$Entry@50000068)
	val		50000dcc
OBJ 50000dca (sz=24, trace=300000, class=java.lang.String@50000168)
	value		50000dcb
ARR 50000dcb (sz=82, trace=300000, nelems=41, elem type=char[])
OBJ 50000dcc (sz=24, trace=300000, class=java.lang.String@50000168)
	value		50000dcd
ARR 50000dcd (sz=82, trace=300000, nelems=41, elem type=char[])
OBJ 50000dce (sz=24, trace=300000, class=java.io.ExpiringCache$Entry@50000068)
	val		50000dd1
OBJ 50000dcf (sz=24, trace=300000, class=java.lang.String@50000168)
	value		50000dd0
ARR 50000dd0 (sz=74, trace=300000, nelems=37, elem type=char[])
OBJ 50000dd1 (sz=24, trace=300000, class=java.lang.String@50000168)
	value		50000dd2
ARR 50000dd2 (sz=74, trace=300000, nelems=37, elem type=char[])
OBJ 50000dd3 (sz=24, trace=300000, class=java.lang.String@50000168)
	value		50000f44
OBJ 50000dd4 (sz=24, trace=300000, class=java.lang.String@50000168)
	value		50000f43
OBJ 50000dd5 (sz=24, trace=300000, class=java.lang.String@50000168)
	value		50000f42
ARR 50000dd6 (sz=120, trace=300000, nelems=0, elem type=java.lang.String[]@500000bc)
OBJ 50000dd7 (sz=24, trace=300000, class=java.lang.String@50000168)
	value		50000ed2
OBJ 50000dd8 (sz=24, trace=300000, class=java.lang.String@50000168)
	value		50000e73
OBJ 50000dd9 (sz=24, trace=300000, class=java.lang.String@50000168)
	value		50000ea3
OBJ 50000dda (sz=24, trace=300000, class=java.lang.String@50000168)
	value		50000ebb
OBJ 50000ddb (sz=24, trace=300000, class=java.lang.String@50000168)
	value		50000e7b
OBJ 50000ddc (sz=24, trace=300000, class=java.lang.String@50000168)
	value		50000e9a
OBJ 50000ddd (sz=24, trace=300000, class=java.lang.String@50000168)
	value		50000f15
OBJ 50000dde (sz=24, trace=300000, class=java.lang.String@50000168)
	value		50000e72
OBJ 50000ddf (sz=24, trace=300000, class=java.lang.String@50000168)
	value		50000e20
OBJ 50000de0 (sz=24, trace=300000, class=java.lang.String@50000168)
	value		50000f10
OBJ 50000de1 (sz=24, trace=300000, class=java.lang.String@50000168)
	value		50000e3f
OBJ 50000de2 (sz=24, trace=300000, class=java.lang.String@50000168)
	value		50000f13
OBJ 50000de3 (sz=24, trace=300000, class=java.lang.String@50000168)
	value		50000e84
OBJ 50000de4 (sz=24, trace=300000, class=java.lang.String@50000168)
	value		50000e52
OBJ 50000de5 (sz=24, trace=300000, class=java.lang.String@50000168)
	value		50000e49
OBJ 50000de6 (sz=24, trace=300000, class=java.lang.String@50000168)
	value		50000f16
OBJ 50000de7 (sz=24, trace=300000, class=java.lang.String@50000168)
	value		50000f12
OBJ 50000de8 (sz=24, trace=300000, class=java.lang.String@50000168)
	value		50000f30
OBJ 50000de9 (sz=24, trace=300000, class=java.lang.String@50000168)
	value		50000f2f
OBJ 50000dea (sz=24, trace=300000, class=java.lang.String@50000168)
	value		50000f2e
OBJ 50000deb (sz=24, trace=300000, class=java.lang.String@50000168)
	value		50000f2d
OBJ 50000dec (sz=24, trace=300000, class=java.lang.String@50000168)
	value		50000f2c
OBJ 50000ded (sz=24, trace=300000, class=java.lang.String@50000168)
	value		50000f2b
OBJ 50000dee (sz=24, trace=300000, class=java.lang.String@50000168)
	value		50000f14
OBJ 50000def (sz=24, trace=300000, class=java.lang.String@50000168)
	value		50000e61
OBJ 50000df0 (sz=24, trace=300000, class=java.lang.String@50000168)
	value		50000e40
OBJ 50000df1 (sz=24, trace=300000, class=java.lang.String@50000168)
	value		50000e22
OBJ 50000df2 (sz=24, trace=300000, class=java.lang.String@50000168)
	value		50000e4a
OBJ 50000df3 (sz=24, trace=300000, class=java.lang.String@50000168)
	value		50000eac
ARR 50000df4 (sz=40, trace=300000, nelems=6, elem type=java.io.ObjectStreamField[]@50000103)
	[0]		50000f09
	[1]		50000f0a
	[2]		50000f0b
	[3]		50000f0c
	[4]		50000f0d
	[5]		50000f0e
OBJ 50000df5 (sz=32, trace=300000, class=java.util.Locale@50000032)
	baseLocale	50000e5a
OBJ 50000df6 (sz=32, trace=300000, class=java.util.Locale@50000032)
	baseLocale	50000eda
OBJ 50000df7 (sz=32, trace=300000, class=java.util.Locale@50000032)
	baseLocale	50000e41
OBJ 50000df8 (sz=32, trace=300000, class=java.util.Locale@50000032)
	baseLocale	50000eb4
OBJ 50000df9 (sz=32, trace=300000, class=java.util.Locale@50000032)
	baseLocale	50000ead
OBJ 50000dfa (sz=32, trace=300000, class=java.util.Locale@50000032)
	baseLocale	50000e1f
OBJ 50000dfb (sz=32, trace=300000, class=java.util.Locale@50000032)
	baseLocale	50000e9b
OBJ 50000dfc (sz=32, trace=300000, class=java.util.Locale@50000032)
	baseLocale	50000ed3
OBJ 50000dfd (sz=32, trace=300000, class=java.util.Locale@50000032)
	baseLocale	50000e4b
OBJ 50000dfe (sz=32, trace=300000, class=java.util.Locale@50000032)
	baseLocale	50000e7c
OBJ 50000dff (sz=32, trace=300000, class=java.util.Locale@50000032)
	baseLocale	50000ebc
OBJ 50000e00 (sz=32, trace=300000, class=java.util.Locale@50000032)
	baseLocale	50000e74
OBJ 50000e01 (sz=32, trace=300000, class=java.util.Locale@50000032)
	baseLocale	50000ea4
OBJ 50000e02 (sz=32, trace=300000, class=java.util.Locale@50000032)
	baseLocale	50000e62
OBJ 50000e03 (sz=32, trace=300000, class=java.util.Locale@50000032)
	baseLocale	50000ec3
OBJ 50000e04 (sz=32, trace=300000, class=java.util.Locale@50000032)
	baseLocale	50000e53
OBJ 50000e05 (sz=32, trace=300000, class=java.util.Locale@50000032)
	baseLocale	50000e85
OBJ 50000e06 (sz=32, trace=300000, class=java.util.Locale@50000032)
	baseLocale	50000eca
OBJ 50000e07 (sz=32, trace=300000, class=java.util.Locale@50000032)
	baseLocale	50000e6a
OBJ 50000e08 (sz=32, trace=300000, class=java.util.Locale@50000032)
	baseLocale	50000e92
OBJ 50000e09 (sz=24, trace=300000, class=java.util.Locale$Cache@50000030)
	map		50000e0b
	queue		50000e0a
OBJ 50000e0a (sz=32, trace=300000, class=java.lang.ref.ReferenceQueue@500000e5)
	lock		50000ede
OBJ 50000e0b (sz=64, trace=300000, class=java.util.concurrent.ConcurrentHashMap@5000002e)
	table		50000e0c
ARR 50000e0c (sz=144, trace=300000, nelems=31, elem type=java.util.concurrent.ConcurrentHashMap$Node[]@50000026)
	[0]		50000e0d
	[1]		50000e0e
	[2]		50000e0f
	[4]		50000e10
	[5]		50000e11
	[8]		50000e12
	[9]		50000e13
	[10]		50000e14
	[14]		50000e15
	[16]		50000e16
	[20]		50000e17
	[22]		50000e18
	[23]		50000e19
	[26]		50000e1a
	[27]		50000e1b
	[30]		50000e1c
OBJ 50000e0d (sz=32, trace=300000, class=java.util.concurrent.ConcurrentHashMap$Node@50000027)
	key		50000f06
	val		50000f05
	next		50000f04
OBJ 50000e0e (sz=32, trace=300000, class=java.util.concurrent.ConcurrentHashMap$Node@50000027)
	key		50000f01
	val		50000f00
	next		50000eff
OBJ 50000e0f (sz=32, trace=300000, class=java.util.concurrent.ConcurrentHashMap$Node@50000027)
	key		50000efe
	val		50000efd
OBJ 50000e10 (sz=32, trace=300000, class=java.util.concurrent.ConcurrentHashMap$Node@50000027)
	key		50000efc
	val		50000efb
OBJ 50000e11 (sz=32, trace=300000, class=java.util.concurrent.ConcurrentHashMap$Node@50000027)
	key		50000efa
	val		50000ef9
OBJ 50000e12 (sz=32, trace=300000, class=java.util.concurrent.ConcurrentHashMap$Node@50000027)
	key		50000ef6
	val		50000ef5
	next		50000ef4
OBJ 50000e13 (sz=32, trace=300000, class=java.util.concurrent.ConcurrentHashMap$Node@50000027)
	key		50000ef3
	val		50000ef2
OBJ 50000e14 (sz=32, trace=300000, class=java.util.concurrent.ConcurrentHashMap$Node@50000027)
	key		50000ef1
	val		50000ef0
OBJ 50000e15 (sz=32, trace=300000, class=java.util.concurrent.ConcurrentHashMap$Node@50000027)
	key		50000eef
	val		50000eee
OBJ 50000e16 (sz=32, trace=300000, class=java.util.concurrent.ConcurrentHashMap$Node@50000027)
	key		50000eed
	val		50000eec
OBJ 50000e17 (sz=32, trace=300000, class=java.util.concurrent.ConcurrentHashMap$Node@50000027)
	key		50000eeb
	val		50000eea
OBJ 50000e18 (sz=32, trace=300000, class=java.util.concurrent.ConcurrentHashMap$Node@50000027)
	key		50000ee9
	val		50000ee8
OBJ 50000e19 (sz=32, trace=300000, class=java.util.concurrent.ConcurrentHashMap$Node@50000027)
	key		50000ee7
	val		50000ee6
OBJ 50000e1a (sz=32, trace=300000, class=java.util.concurrent.ConcurrentHashMap$Node@50000027)
	key		50000ee5
	val		50000ee4
OBJ 50000e1b (sz=32, trace=300000, class=java.util.concurrent.ConcurrentHashMap$Node@50000027)
	key		50000ee1
	val		50000ee0
	next		50000edf
OBJ 50000e1c (sz=32, trace=300000, class=java.util.concurrent.ConcurrentHashMap$Node@50000027)
	key		50000e1e
	val		50000e1d
OBJ 50000e1d (sz=48, trace=300000, class=sun.util.locale.LocaleObjectCache$CacheEntry@5000001c)
	referent	50000dfa
	queue		50000e0a
	key		50000e1e
OBJ 50000e1e (sz=24, trace=300000, class=java.util.Locale$LocaleKey@5000001b)
	base		50000e1f
OBJ 50000e1f (sz=32, trace=300000, class=sun.util.locale.BaseLocale@5000001f)
	language	50000ddf
	script		50000aae
	region		50000df1
	variant		50000aae
ARR 50000e20 (sz=4, trace=300000, nelems=2, elem type=char[])
ARR 50000e21 (sz=0, trace=300000, nelems=0, elem type=char[])
ARR 50000e22 (sz=4, trace=300000, nelems=2, elem type=char[])
OBJ 50000e23 (sz=24, trace=300000, class=java.lang.String@50000168)
	value		50000edd
OBJ 50000e24 (sz=24, trace=300000, class=java.lang.String@50000168)
	value		50000edc
OBJ 50000e25 (sz=24, trace=300000, class=java.lang.String@50000168)
	value		50000edb
OBJ 50000e26 (sz=24, trace=300000, class=sun.util.locale.BaseLocale$Cache@5000001e)
	map		50000e2a
	queue		50000e29
OBJ 50000e27 (sz=24, trace=300000, class=java.lang.String@50000168)
	value		50000e28
ARR 50000e28 (sz=2, trace=300000, nelems=1, elem type=char[])
OBJ 50000e29 (sz=32, trace=300000, class=java.lang.ref.ReferenceQueue@500000e5)
	lock		50000e42
OBJ 50000e2a (sz=64, trace=300000, class=java.util.concurrent.ConcurrentHashMap@5000002e)
	table		50000e2b
ARR 50000e2b (sz=144, trace=300000, nelems=27, elem type=java.util.concurrent.ConcurrentHashMap$Node[]@50000026)
	[0]		50000e2c
	[1]		50000e2d
	[4]		50000e2e
	[7]		50000e2f
	[8]		50000e30
	[9]		50000e31
	[11]		50000e32
	[12]		50000e33
	[14]		50000e34
	[18]		50000e35
	[23]		50000e36
	[25]		50000e37
	[26]		50000e38
OBJ 50000e2c (sz=32, trace=300000, class=java.util.concurrent.ConcurrentHashMap$Node@50000027)
	key		50000ecd
	val		50000ecc
	next		50000ecb
OBJ 50000e2d (sz=32, trace=300000, class=java.util.concurrent.ConcurrentHashMap$Node@50000027)
	key		50000ec5
	val		50000ec4
OBJ 50000e2e (sz=32, trace=300000, class=java.util.concurrent.ConcurrentHashMap$Node@50000027)
	key		50000ebe
	val		50000ebd
OBJ 50000e2f (sz=32, trace=300000, class=java.util.concurrent.ConcurrentHashMap$Node@50000027)
	key		50000eb6
	val		50000eb5
OBJ 50000e30 (sz=32, trace=300000, class=java.util.concurrent.ConcurrentHashMap$Node@50000027)
	key		50000e95
	val		50000e94
	next		50000e93
OBJ 50000e31 (sz=32, trace=300000, class=java.util.concurrent.ConcurrentHashMap$Node@50000027)
	key		50000e8d
	val		50000e8c
OBJ 50000e32 (sz=32, trace=300000, class=java.util.concurrent.ConcurrentHashMap$Node@50000027)
	key		50000e7f
	val		50000e7e
	next		50000e7d
OBJ 50000e33 (sz=32, trace=300000, class=java.util.concurrent.ConcurrentHashMap$Node@50000027)
	key		50000e65
	val		50000e64
	next		50000e63
OBJ 50000e34 (sz=32, trace=300000, class=java.util.concurrent.ConcurrentHashMap$Node@50000027)
	key		50000e5c
	val		50000e5b
OBJ 50000e35 (sz=32, trace=300000, class=java.util.concurrent.ConcurrentHashMap$Node@50000027)
	key		50000e55
	val		50000e54
OBJ 50000e36 (sz=32, trace=300000, class=java.util.concurrent.ConcurrentHashMap$Node@50000027)
	key		50000e4d
	val		50000e4c
OBJ 50000e37 (sz=32, trace=300000, class=java.util.concurrent.ConcurrentHashMap$Node@50000027)
	key		50000e44
	val		50000e43
OBJ 50000e38 (sz=32, trace=300000, class=java.util.concurrent.ConcurrentHashMap$Node@50000027)
	key		50000e3a
	val		50000e39
OBJ 50000e39 (sz=48, trace=300000, class=sun.util.locale.LocaleObjectCache$CacheEntry@5000001c)
	referent	50000e41
	queue		50000e29
	key		50000e3a
OBJ 50000e3a (sz=40, trace=300000, class=sun.util.locale.BaseLocale$Key@5000001d)
	lang		50000e3e
	scrt		50000e3d
	regn		50000e3c
	vart		50000e3b
OBJ 50000e3b (sz=40, trace=300000, class=java.lang.ref.SoftReference@5000014d)
	referent	50000aae
	queue		50000ae6
OBJ 50000e3c (sz=40, trace=300000, class=java.lang.ref.SoftReference@5000014d)
	referent	50000df0
	queue		50000ae6
OBJ 50000e3d (sz=40, trace=300000, class=java.lang.ref.SoftReference@5000014d)
	referent	50000aae
	queue		50000ae6
OBJ 50000e3e (sz=40, trace=300000, class=java.lang.ref.SoftReference@5000014d)
	referent	50000de1
	queue		50000ae6
ARR 50000e3f (sz=4, trace=300000, nelems=2, elem type=char[])
ARR 50000e40 (sz=4, trace=300000, nelems=2, elem type=char[])
OBJ 50000e41 (sz=32, trace=300000, class=sun.util.locale.BaseLocale@5000001f)
	language	50000de1
	script		50000aae
	region		50000df0
	variant		50000aae
OBJ 50000e42 (sz=16, trace=300000, class=java.lang.ref.ReferenceQueue$Lock@500000e3)
OBJ 50000e43 (sz=48, trace=300000, class=sun.util.locale.LocaleObjectCache$CacheEntry@5000001c)
	referent	50000e4b
	queue		50000e29
	key		50000e44
OBJ 50000e44 (sz=40, trace=300000, class=sun.util.locale.BaseLocale$Key@5000001d)
	lang		50000e48
	scrt		50000e47
	regn		50000e46
	vart		50000e45
OBJ 50000e45 (sz=40, trace=300000, class=java.lang.ref.SoftReference@5000014d)
	referent	50000aae
	queue		50000ae6
OBJ 50000e46 (sz=40, trace=300000, class=java.lang.ref.SoftReference@5000014d)
	referent	50000df2
	queue		50000ae6
OBJ 50000e47 (sz=40, trace=300000, class=java.lang.ref.SoftReference@5000014d)
	referent	50000aae
	queue		50000ae6
OBJ 50000e48 (sz=40, trace=300000, class=java.lang.ref.SoftReference@5000014d)
	referent	50000de5
	queue		50000ae6
ARR 50000e49 (sz=4, trace=300000, nelems=2, elem type=char[])
ARR 50000e4a (sz=4, trace=300000, nelems=2, elem type=char[])
OBJ 50000e4b (sz=32, trace=300000, class=sun.util.locale.BaseLocale@5000001f)
	language	50000de5
	script		50000aae
	region		50000df2
	variant		50000aae
OBJ 50000e4c (sz=48, trace=300000, class=sun.util.locale.LocaleObjectCache$CacheEntry@5000001c)
	referent	50000e53
	queue		50000e29
	key		50000e4d
OBJ 50000e4d (sz=40, trace=300000, class=sun.util.locale.BaseLocale$Key@5000001d)
	lang		50000e51
	scrt		50000e50
	regn		50000e4f
	vart		50000e4e
OBJ 50000e4e (sz=40, trace=300000, class=java.lang.ref.SoftReference@5000014d)
	referent	50000aae
	queue		50000ae6
OBJ 50000e4f (sz=40, trace=300000, class=java.lang.ref.SoftReference@5000014d)
	referent	50000aae
	queue		50000ae6
OBJ 50000e50 (sz=40, trace=300000, class=java.lang.ref.SoftReference@5000014d)
	referent	50000aae
	queue		50000ae6
OBJ 50000e51 (sz=40, trace=300000, class=java.lang.ref.SoftReference@5000014d)
	referent	50000de4
	queue		50000ae6
ARR 50000e52 (sz=4, trace=300000, nelems=2, elem type=char[])
OBJ 50000e53 (sz=32, trace=300000, class=sun.util.locale.BaseLocale@5000001f)
	language	50000de4
	script		50000aae
	region		50000aae
	variant		50000aae
OBJ 50000e54 (sz=48, trace=300000, class=sun.util.locale.LocaleObjectCache$CacheEntry@5000001c)
	referent	50000e5a
	queue		50000e29
	key		50000e55
OBJ 50000e55 (sz=40, trace=300000, class=sun.util.locale.BaseLocale$Key@5000001d)
	lang		50000e59
	scrt		50000e58
	regn		50000e57
	vart		50000e56
OBJ 50000e56 (sz=40, trace=300000, class=java.lang.ref.SoftReference@5000014d)
	referent	50000aae
	queue		50000ae6
OBJ 50000e57 (sz=40, trace=300000, class=java.lang.ref.SoftReference@5000014d)
	referent	50000c7d
	queue		50000ae6
OBJ 50000e58 (sz=40, trace=300000, class=java.lang.ref.SoftReference@5000014d)
	referent	50000aae
	queue		50000ae6
OBJ 50000e59 (sz=40, trace=300000, class=java.lang.ref.SoftReference@5000014d)
	referent	50000ddf
	queue		50000ae6
OBJ 50000e5a (sz=32, trace=300000, class=sun.util.locale.BaseLocale@5000001f)
	language	50000ddf
	script		50000aae
	region		50000c7d
	variant		50000aae
OBJ 50000e5b (sz=48, trace=300000, class=sun.util.locale.LocaleObjectCache$CacheEntry@5000001c)
	referent	50000e62
	queue		50000e29
	key		50000e5c
OBJ 50000e5c (sz=40, trace=300000, class=sun.util.locale.BaseLocale$Key@5000001d)
	lang		50000e60
	scrt		50000e5f
	regn		50000e5e
	vart		50000e5d
OBJ 50000e5d (sz=40, trace=300000, class=java.lang.ref.SoftReference@5000014d)
	referent	50000aae
	queue		50000ae6
OBJ 50000e5e (sz=40, trace=300000, class=java.lang.ref.SoftReference@5000014d)
	referent	50000aae
	queue		50000ae6
OBJ 50000e5f (sz=40, trace=300000, class=java.lang.ref.SoftReference@5000014d)
	referent	50000aae
	queue		50000ae6
OBJ 50000e60 (sz=40, trace=300000, class=java.lang.ref.SoftReference@5000014d)
	referent	50000def
	queue		50000ae6
ARR 50000e61 (sz=4, trace=300000, nelems=2, elem type=char[])
OBJ 50000e62 (sz=32, trace=300000, class=sun.util.locale.BaseLocale@5000001f)
	language	50000def
	script		50000aae
	region		50000aae
	variant		50000aae
OBJ 50000e63 (sz=32, trace=300000, class=java.util.concurrent.ConcurrentHashMap$Node@50000027)
	key		50000e6d
	val		50000e6c
	next		50000e6b
OBJ 50000e64 (sz=48, trace=300000, class=sun.util.locale.LocaleObjectCache$CacheEntry@5000001c)
	referent	50000e6a
	queue		50000e29
	key		50000e65
OBJ 50000e65 (sz=40, trace=300000, class=sun.util.locale.BaseLocale$Key@5000001d)
	lang		50000e69
	scrt		50000e68
	regn		50000e67
	vart		50000e66
OBJ 50000e66 (sz=40, trace=300000, class=java.lang.ref.SoftReference@5000014d)
	referent	50000aae
	queue		50000ae6
OBJ 50000e67 (sz=40, trace=300000, class=java.lang.ref.SoftReference@5000014d)
	referent	50000aae
	queue		50000ae6
OBJ 50000e68 (sz=40, trace=300000, class=java.lang.ref.SoftReference@5000014d)
	referent	50000aae
	queue		50000ae6
OBJ 50000e69 (sz=40, trace=300000, class=java.lang.ref.SoftReference@5000014d)
	referent	50000de1
	queue		50000ae6
OBJ 50000e6a (sz=32, trace=300000, class=sun.util.locale.BaseLocale@5000001f)
	language	50000de1
	script		50000aae
	region		50000aae
	variant		50000aae
OBJ 50000e6b (sz=32, trace=300000, class=java.util.concurrent.ConcurrentHashMap$Node@50000027)
	key		50000e76
	val		50000e75
OBJ 50000e6c (sz=48, trace=300000, class=sun.util.locale.LocaleObjectCache$CacheEntry@5000001c)
	referent	50000e74
	queue		50000e29
	key		50000e6d
OBJ 50000e6d (sz=40, trace=300000, class=sun.util.locale.BaseLocale$Key@5000001d)
	lang		50000e71
	scrt		50000e70
	regn		50000e6f
	vart		50000e6e
OBJ 50000e6e (sz=40, trace=300000, class=java.lang.ref.SoftReference@5000014d)
	referent	50000aae
	queue		50000ae6
OBJ 50000e6f (sz=40, trace=300000, class=java.lang.ref.SoftReference@5000014d)
	referent	50000dd8
	queue		50000ae6
OBJ 50000e70 (sz=40, trace=300000, class=java.lang.ref.SoftReference@5000014d)
	referent	50000aae
	queue		50000ae6
OBJ 50000e71 (sz=40, trace=300000, class=java.lang.ref.SoftReference@5000014d)
	referent	50000dde
	queue		50000ae6
ARR 50000e72 (sz=4, trace=300000, nelems=2, elem type=char[])
ARR 50000e73 (sz=4, trace=300000, nelems=2, elem type=char[])
OBJ 50000e74 (sz=32, trace=300000, class=sun.util.locale.BaseLocale@5000001f)
	language	50000dde
	script		50000aae
	region		50000dd8
	variant		50000aae
OBJ 50000e75 (sz=48, trace=300000, class=sun.util.locale.LocaleObjectCache$CacheEntry@5000001c)
	referent	50000e7c
	queue		50000e29
	key		50000e76
OBJ 50000e76 (sz=40, trace=300000, class=sun.util.locale.BaseLocale$Key@5000001d)
	lang		50000e7a
	scrt		50000e79
	regn		50000e78
	vart		50000e77
OBJ 50000e77 (sz=40, trace=300000, class=java.lang.ref.SoftReference@5000014d)
	referent	50000aae
	queue		50000ae6
OBJ 50000e78 (sz=40, trace=300000, class=java.lang.ref.SoftReference@5000014d)
	referent	50000ddb
	queue		50000ae6
OBJ 50000e79 (sz=40, trace=300000, class=java.lang.ref.SoftReference@5000014d)
	referent	50000aae
	queue		50000ae6
OBJ 50000e7a (sz=40, trace=300000, class=java.lang.ref.SoftReference@5000014d)
	referent	50000de4
	queue		50000ae6
ARR 50000e7b (sz=4, trace=300000, nelems=2, elem type=char[])
OBJ 50000e7c (sz=32, trace=300000, class=sun.util.locale.BaseLocale@5000001f)
	language	50000de4
	script		50000aae
	region		50000ddb
	variant		50000aae
OBJ 50000e7d (sz=32, trace=300000, class=java.util.concurrent.ConcurrentHashMap$Node@50000027)
	key		50000e87
	val		50000e86
OBJ 50000e7e (sz=48, trace=300000, class=sun.util.locale.LocaleObjectCache$CacheEntry@5000001c)
	referent	50000e85
	queue		50000e29
	key		50000e7f
OBJ 50000e7f (sz=40, trace=300000, class=sun.util.locale.BaseLocale$Key@5000001d)
	lang		50000e83
	scrt		50000e82
	regn		50000e81
	vart		50000e80
OBJ 50000e80 (sz=40, trace=300000, class=java.lang.ref.SoftReference@5000014d)
	referent	50000aae
	queue		50000ae6
OBJ 50000e81 (sz=40, trace=300000, class=java.lang.ref.SoftReference@5000014d)
	referent	50000aae
	queue		50000ae6
OBJ 50000e82 (sz=40, trace=300000, class=java.lang.ref.SoftReference@5000014d)
	referent	50000aae
	queue		50000ae6
OBJ 50000e83 (sz=40, trace=300000, class=java.lang.ref.SoftReference@5000014d)
	referent	50000de3
	queue		50000ae6
ARR 50000e84 (sz=4, trace=300000, nelems=2, elem type=char[])
OBJ 50000e85 (sz=32, trace=300000, class=sun.util.locale.BaseLocale@5000001f)
	language	50000de3
	script		50000aae
	region		50000aae
	variant		50000aae
OBJ 50000e86 (sz=48, trace=300000, class=sun.util.locale.LocaleObjectCache$CacheEntry@5000001c)
	referent	50000e1f
	queue		50000e29
	key		50000e87
OBJ 50000e87 (sz=40, trace=300000, class=sun.util.locale.BaseLocale$Key@5000001d)
	lang		50000e8b
	scrt		50000e8a
	regn		50000e89
	vart		50000e88
OBJ 50000e88 (sz=40, trace=300000, class=java.lang.ref.SoftReference@5000014d)
	referent	50000aae
	queue		50000ae6
OBJ 50000e89 (sz=40, trace=300000, class=java.lang.ref.SoftReference@5000014d)
	referent	50000df1
	queue		50000ae6
OBJ 50000e8a (sz=40, trace=300000, class=java.lang.ref.SoftReference@5000014d)
	referent	50000aae
	queue		50000ae6
OBJ 50000e8b (sz=40, trace=300000, class=java.lang.ref.SoftReference@5000014d)
	referent	50000ddf
	queue		50000ae6
OBJ 50000e8c (sz=48, trace=300000, class=sun.util.locale.LocaleObjectCache$CacheEntry@5000001c)
	referent	50000e92
	queue		50000e29
	key		50000e8d
OBJ 50000e8d (sz=40, trace=300000, class=sun.util.locale.BaseLocale$Key@5000001d)
	lang		50000e91
	scrt		50000e90
	regn		50000e8f
	vart		50000e8e
OBJ 50000e8e (sz=40, trace=300000, class=java.lang.ref.SoftReference@5000014d)
	referent	50000aae
	queue		50000ae6
OBJ 50000e8f (sz=40, trace=300000, class=java.lang.ref.SoftReference@5000014d)
	referent	50000aae
	queue		50000ae6
OBJ 50000e90 (sz=40, trace=300000, class=java.lang.ref.SoftReference@5000014d)
	referent	50000aae
	queue		50000ae6
OBJ 50000e91 (sz=40, trace=300000, class=java.lang.ref.SoftReference@5000014d)
	referent	50000ddf
	queue		50000ae6
OBJ 50000e92 (sz=32, trace=300000, class=sun.util.locale.BaseLocale@5000001f)
	language	50000ddf
	script		50000aae
	region		50000aae
	variant		50000aae
OBJ 50000e93 (sz=32, trace=300000, class=java.util.concurrent.ConcurrentHashMap$Node@50000027)
	key		50000e9e
	val		50000e9d
	next		50000e9c
OBJ 50000e94 (sz=48, trace=300000, class=sun.util.locale.LocaleObjectCache$CacheEntry@5000001c)
	referent	50000e9b
	queue		50000e29
	key		50000e95
OBJ 50000e95 (sz=40, trace=300000, class=sun.util.locale.BaseLocale$Key@5000001d)
	lang		50000e99
	scrt		50000e98
	regn		50000e97
	vart		50000e96
OBJ 50000e96 (sz=40, trace=300000, class=java.lang.ref.SoftReference@5000014d)
	referent	50000aae
	queue		50000ae6
OBJ 50000e97 (sz=40, trace=300000, class=java.lang.ref.SoftReference@5000014d)
	referent	50000ddc
	queue		50000ae6
OBJ 50000e98 (sz=40, trace=300000, class=java.lang.ref.SoftReference@5000014d)
	referent	50000aae
	queue		50000ae6
OBJ 50000e99 (sz=40, trace=300000, class=java.lang.ref.SoftReference@5000014d)
	referent	50000def
	queue		50000ae6
ARR 50000e9a (sz=4, trace=300000, nelems=2, elem type=char[])
OBJ 50000e9b (sz=32, trace=300000, class=sun.util.locale.BaseLocale@5000001f)
	language	50000def
	script		50000aae
	region		50000ddc
	variant		50000aae
OBJ 50000e9c (sz=32, trace=300000, class=java.util.concurrent.ConcurrentHashMap$Node@50000027)
	key		50000ea7
	val		50000ea6
	next		50000ea5
OBJ 50000e9d (sz=48, trace=300000, class=sun.util.locale.LocaleObjectCache$CacheEntry@5000001c)
	referent	50000ea4
	queue		50000e29
	key		50000e9e
OBJ 50000e9e (sz=40, trace=300000, class=sun.util.locale.BaseLocale$Key@5000001d)
	lang		50000ea2
	scrt		50000ea1
	regn		50000ea0
	vart		50000e9f
OBJ 50000e9f (sz=40, trace=300000, class=java.lang.ref.SoftReference@5000014d)
	referent	50000aae
	queue		50000ae6
OBJ 50000ea0 (sz=40, trace=300000, class=java.lang.ref.SoftReference@5000014d)
	referent	50000dd9
	queue		50000ae6
OBJ 50000ea1 (sz=40, trace=300000, class=java.lang.ref.SoftReference@5000014d)
	referent	50000aae
	queue		50000ae6
OBJ 50000ea2 (sz=40, trace=300000, class=java.lang.ref.SoftReference@5000014d)
	referent	50000de1
	queue		50000ae6
ARR 50000ea3 (sz=4, trace=300000, nelems=2, elem type=char[])
OBJ 50000ea4 (sz=32, trace=300000, class=sun.util.locale.BaseLocale@5000001f)
	language	50000de1
	script		50000aae
	region		50000dd9
	variant		50000aae
OBJ 50000ea5 (sz=32, trace=300000, class=java.util.concurrent.ConcurrentHashMap$Node@50000027)
	key		50000eaf
	val		50000eae
OBJ 50000ea6 (sz=48, trace=300000, class=sun.util.locale.LocaleObjectCache$CacheEntry@5000001c)
	referent	50000ead
	queue		50000e29
	key		50000ea7
OBJ 50000ea7 (sz=40, trace=300000, class=sun.util.locale.BaseLocale$Key@5000001d)
	lang		50000eab
	scrt		50000eaa
	regn		50000ea9
	vart		50000ea8
OBJ 50000ea8 (sz=40, trace=300000, class=java.lang.ref.SoftReference@5000014d)
	referent	50000aae
	queue		50000ae6
OBJ 50000ea9 (sz=40, trace=300000, class=java.lang.ref.SoftReference@5000014d)
	referent	50000df3
	queue		50000ae6
OBJ 50000eaa (sz=40, trace=300000, class=java.lang.ref.SoftReference@5000014d)
	referent	50000aae
	queue		50000ae6
OBJ 50000eab (sz=40, trace=300000, class=java.lang.ref.SoftReference@5000014d)
	referent	50000ddf
	queue		50000ae6
ARR 50000eac (sz=4, trace=300000, nelems=2, elem type=char[])
OBJ 50000ead (sz=32, trace=300000, class=sun.util.locale.BaseLocale@5000001f)
	language	50000ddf
	script		50000aae
	region		50000df3
	variant		50000aae
OBJ 50000eae (sz=48, trace=300000, class=sun.util.locale.LocaleObjectCache$CacheEntry@5000001c)
	referent	50000eb4
	queue		50000e29
	key		50000eaf
OBJ 50000eaf (sz=40, trace=300000, class=sun.util.locale.BaseLocale$Key@5000001d)
	lang		50000eb3
	scrt		50000eb2
	regn		50000eb1
	vart		50000eb0
OBJ 50000eb0 (sz=40, trace=300000, class=java.lang.ref.SoftReference@5000014d)
	referent	50000aae
	queue		50000ae6
OBJ 50000eb1 (sz=40, trace=300000, class=java.lang.ref.SoftReference@5000014d)
	referent	50000df0
	queue		50000ae6
OBJ 50000eb2 (sz=40, trace=300000, class=java.lang.ref.SoftReference@5000014d)
	referent	50000aae
	queue		50000ae6
OBJ 50000eb3 (sz=40, trace=300000, class=java.lang.ref.SoftReference@5000014d)
	referent	50000ddf
	queue		50000ae6
OBJ 50000eb4 (sz=32, trace=300000, class=sun.util.locale.BaseLocale@5000001f)
	language	50000ddf
	script		50000aae
	region		50000df0
	variant		50000aae
OBJ 50000eb5 (sz=48, trace=300000, class=sun.util.locale.LocaleObjectCache$CacheEntry@5000001c)
	referent	50000ebc
	queue		50000e29
	key		50000eb6
OBJ 50000eb6 (sz=40, trace=300000, class=sun.util.locale.BaseLocale$Key@5000001d)
	lang		50000eba
	scrt		50000eb9
	regn		50000eb8
	vart		50000eb7
OBJ 50000eb7 (sz=40, trace=300000, class=java.lang.ref.SoftReference@5000014d)
	referent	50000aae
	queue		50000ae6
OBJ 50000eb8 (sz=40, trace=300000, class=java.lang.ref.SoftReference@5000014d)
	referent	50000dda
	queue		50000ae6
OBJ 50000eb9 (sz=40, trace=300000, class=java.lang.ref.SoftReference@5000014d)
	referent	50000aae
	queue		50000ae6
OBJ 50000eba (sz=40, trace=300000, class=java.lang.ref.SoftReference@5000014d)
	referent	50000de3
	queue		50000ae6
ARR 50000ebb (sz=4, trace=300000, nelems=2, elem type=char[])
OBJ 50000ebc (sz=32, trace=300000, class=sun.util.locale.BaseLocale@5000001f)
	language	50000de3
	script		50000aae
	region		50000dda
	variant		50000aae
OBJ 50000ebd (sz=48, trace=300000, class=sun.util.locale.LocaleObjectCache$CacheEntry@5000001c)
	referent	50000ec3
	queue		50000e29
	key		50000ebe
OBJ 50000ebe (sz=40, trace=300000, class=sun.util.locale.BaseLocale$Key@5000001d)
	lang		50000ec2
	scrt		50000ec1
	regn		50000ec0
	vart		50000ebf
OBJ 50000ebf (sz=40, trace=300000, class=java.lang.ref.SoftReference@5000014d)
	referent	50000aae
	queue		50000ae6
OBJ 50000ec0 (sz=40, trace=300000, class=java.lang.ref.SoftReference@5000014d)
	referent	50000aae
	queue		50000ae6
OBJ 50000ec1 (sz=40, trace=300000, class=java.lang.ref.SoftReference@5000014d)
	referent	50000aae
	queue		50000ae6
OBJ 50000ec2 (sz=40, trace=300000, class=java.lang.ref.SoftReference@5000014d)
	referent	50000de5
	queue		50000ae6
OBJ 50000ec3 (sz=32, trace=300000, class=sun.util.locale.BaseLocale@5000001f)
	language	50000de5
	script		50000aae
	region		50000aae
	variant		50000aae
OBJ 50000ec4 (sz=48, trace=300000, class=sun.util.locale.LocaleObjectCache$CacheEntry@5000001c)
	referent	50000eca
	queue		50000e29
	key		50000ec5
OBJ 50000ec5 (sz=40, trace=300000, class=sun.util.locale.BaseLocale$Key@5000001d)
	lang		50000ec9
	scrt		50000ec8
	regn		50000ec7
	vart		50000ec6
OBJ 50000ec6 (sz=40, trace=300000, class=java.lang.ref.SoftReference@5000014d)
	referent	50000aae
	queue		50000ae6
OBJ 50000ec7 (sz=40, trace=300000, class=java.lang.ref.SoftReference@5000014d)
	referent	50000aae
	queue		50000ae6
OBJ 50000ec8 (sz=40, trace=300000, class=java.lang.ref.SoftReference@5000014d)
	referent	50000aae
	queue		50000ae6
OBJ 50000ec9 (sz=40, trace=300000, class=java.lang.ref.SoftReference@5000014d)
	referent	50000dde
	queue		50000ae6
OBJ 50000eca (sz=32, trace=300000, class=sun.util.locale.BaseLocale@5000001f)
	language	50000dde
	script		50000aae
	region		50000aae
	variant		50000aae
OBJ 50000ecb (sz=32, trace=300000, class=java.util.concurrent.ConcurrentHashMap$Node@50000027)
	key		50000ed5
	val		50000ed4
OBJ 50000ecc (sz=48, trace=300000, class=sun.util.locale.LocaleObjectCache$CacheEntry@5000001c)
	referent	50000ed3
	queue		50000e29
	key		50000ecd
OBJ 50000ecd (sz=40, trace=300000, class=sun.util.locale.BaseLocale$Key@5000001d)
	lang		50000ed1
	scrt		50000ed0
	regn		50000ecf
	vart		50000ece
OBJ 50000ece (sz=40, trace=300000, class=java.lang.ref.SoftReference@5000014d)
	referent	50000aae
	queue		50000ae6
OBJ 50000ecf (sz=40, trace=300000, class=java.lang.ref.SoftReference@5000014d)
	referent	50000dd7
	queue		50000ae6
OBJ 50000ed0 (sz=40, trace=300000, class=java.lang.ref.SoftReference@5000014d)
	referent	50000aae
	queue		50000ae6
OBJ 50000ed1 (sz=40, trace=300000, class=java.lang.ref.SoftReference@5000014d)
	referent	50000def
	queue		50000ae6
ARR 50000ed2 (sz=4, trace=300000, nelems=2, elem type=char[])
OBJ 50000ed3 (sz=32, trace=300000, class=sun.util.locale.BaseLocale@5000001f)
	language	50000def
	script		50000aae
	region		50000dd7
	variant		50000aae
OBJ 50000ed4 (sz=48, trace=300000, class=sun.util.locale.LocaleObjectCache$CacheEntry@5000001c)
	referent	50000eda
	queue		50000e29
	key		50000ed5
OBJ 50000ed5 (sz=40, trace=300000, class=sun.util.locale.BaseLocale$Key@5000001d)
	lang		50000ed9
	scrt		50000ed8
	regn		50000ed7
	vart		50000ed6
OBJ 50000ed6 (sz=40, trace=300000, class=java.lang.ref.SoftReference@5000014d)
	referent	50000aae
	queue		50000ae6
OBJ 50000ed7 (sz=40, trace=300000, class=java.lang.ref.SoftReference@5000014d)
	referent	50000aae
	queue		50000ae6
OBJ 50000ed8 (sz=40, trace=300000, class=java.lang.ref.SoftReference@5000014d)
	referent	50000aae
	queue		50000ae6
OBJ 50000ed9 (sz=40, trace=300000, class=java.lang.ref.SoftReference@5000014d)
	referent	50000aae
	queue		50000ae6
OBJ 50000eda (sz=32, trace=300000, class=sun.util.locale.BaseLocale@5000001f)
	language	50000aae
	script		50000aae
	region		50000aae
	variant		50000aae
ARR 50000edb (sz=4, trace=300000, nelems=2, elem type=char[])
ARR 50000edc (sz=4, trace=300000, nelems=2, elem type=char[])
ARR 50000edd (sz=4, trace=300000, nelems=2, elem type=char[])
OBJ 50000ede (sz=16, trace=300000, class=java.lang.ref.ReferenceQueue$Lock@500000e3)
OBJ 50000edf (sz=32, trace=300000, class=java.util.concurrent.ConcurrentHashMap$Node@50000027)
	key		50000ee3
	val		50000ee2
OBJ 50000ee0 (sz=48, trace=300000, class=sun.util.locale.LocaleObjectCache$CacheEntry@5000001c)
	referent	50000df9
	queue		50000e0a
	key		50000ee1
OBJ 50000ee1 (sz=24, trace=300000, class=java.util.Locale$LocaleKey@5000001b)
	base		50000ead
OBJ 50000ee2 (sz=48, trace=300000, class=sun.util.locale.LocaleObjectCache$CacheEntry@5000001c)
	referent	50000df8
	queue		50000e0a
	key		50000ee3
OBJ 50000ee3 (sz=24, trace=300000, class=java.util.Locale$LocaleKey@5000001b)
	base		50000eb4
OBJ 50000ee4 (sz=48, trace=300000, class=sun.util.locale.LocaleObjectCache$CacheEntry@5000001c)
	referent	50000e01
	queue		50000e0a
	key		50000ee5
OBJ 50000ee5 (sz=24, trace=300000, class=java.util.Locale$LocaleKey@5000001b)
	base		50000ea4
OBJ 50000ee6 (sz=48, trace=300000, class=sun.util.locale.LocaleObjectCache$CacheEntry@5000001c)
	referent	50000dff
	queue		50000e0a
	key		50000ee7
OBJ 50000ee7 (sz=24, trace=300000, class=java.util.Locale$LocaleKey@5000001b)
	base		50000ebc
OBJ 50000ee8 (sz=48, trace=300000, class=sun.util.locale.LocaleObjectCache$CacheEntry@5000001c)
	referent	50000e08
	queue		50000e0a
	key		50000ee9
OBJ 50000ee9 (sz=24, trace=300000, class=java.util.Locale$LocaleKey@5000001b)
	base		50000e92
OBJ 50000eea (sz=48, trace=300000, class=sun.util.locale.LocaleObjectCache$CacheEntry@5000001c)
	referent	50000e02
	queue		50000e0a
	key		50000eeb
OBJ 50000eeb (sz=24, trace=300000, class=java.util.Locale$LocaleKey@5000001b)
	base		50000e62
OBJ 50000eec (sz=48, trace=300000, class=sun.util.locale.LocaleObjectCache$CacheEntry@5000001c)
	referent	50000e06
	queue		50000e0a
	key		50000eed
OBJ 50000eed (sz=24, trace=300000, class=java.util.Locale$LocaleKey@5000001b)
	base		50000eca
OBJ 50000eee (sz=48, trace=300000, class=sun.util.locale.LocaleObjectCache$CacheEntry@5000001c)
	referent	50000e00
	queue		50000e0a
	key		50000eef
OBJ 50000eef (sz=24, trace=300000, class=java.util.Locale$LocaleKey@5000001b)
	base		50000e74
OBJ 50000ef0 (sz=48, trace=300000, class=sun.util.locale.LocaleObjectCache$CacheEntry@5000001c)
	referent	50000e03
	queue		50000e0a
	key		50000ef1
OBJ 50000ef1 (sz=24, trace=300000, class=java.util.Locale$LocaleKey@5000001b)
	base		50000ec3
OBJ 50000ef2 (sz=48, trace=300000, class=sun.util.locale.LocaleObjectCache$CacheEntry@5000001c)
	referent	50000e05
	queue		50000e0a
	key		50000ef3
OBJ 50000ef3 (sz=24, trace=300000, class=java.util.Locale$LocaleKey@5000001b)
	base		50000e85
OBJ 50000ef4 (sz=32, trace=300000, class=java.util.concurrent.ConcurrentHashMap$Node@50000027)
	key		50000ef8
	val		50000ef7
OBJ 50000ef5 (sz=48, trace=300000, class=sun.util.locale.LocaleObjectCache$CacheEntry@5000001c)
	referent	50000e04
	queue		50000e0a
	key		50000ef6
OBJ 50000ef6 (sz=24, trace=300000, class=java.util.Locale$LocaleKey@5000001b)
	base		50000e53
OBJ 50000ef7 (sz=48, trace=300000, class=sun.util.locale.LocaleObjectCache$CacheEntry@5000001c)
	referent	50000dfb
	queue		50000e0a
	key		50000ef8
OBJ 50000ef8 (sz=24, trace=300000, class=java.util.Locale$LocaleKey@5000001b)
	base		50000e9b
OBJ 50000ef9 (sz=48, trace=300000, class=sun.util.locale.LocaleObjectCache$CacheEntry@5000001c)
	referent	50000e07
	queue		50000e0a
	key		50000efa
OBJ 50000efa (sz=24, trace=300000, class=java.util.Locale$LocaleKey@5000001b)
	base		50000e6a
OBJ 50000efb (sz=48, trace=300000, class=sun.util.locale.LocaleObjectCache$CacheEntry@5000001c)
	referent	50000df7
	queue		50000e0a
	key		50000efc
OBJ 50000efc (sz=24, trace=300000, class=java.util.Locale$LocaleKey@5000001b)
	base		50000e41
OBJ 50000efd (sz=48, trace=300000, class=sun.util.locale.LocaleObjectCache$CacheEntry@5000001c)
	referent	50000dfd
	queue		50000e0a
	key		50000efe
OBJ 50000efe (sz=24, trace=300000, class=java.util.Locale$LocaleKey@5000001b)
	base		50000e4b
OBJ 50000eff (sz=32, trace=300000, class=java.util.concurrent.ConcurrentHashMap$Node@50000027)
	key		50000f03
	val		50000f02
OBJ 50000f00 (sz=48, trace=300000, class=sun.util.locale.LocaleObjectCache$CacheEntry@5000001c)
	referent	50000dfe
	queue		50000e0a
	key		50000f01
OBJ 50000f01 (sz=24, trace=300000, class=java.util.Locale$LocaleKey@5000001b)
	base		50000e7c
OBJ 50000f02 (sz=48, trace=300000, class=sun.util.locale.LocaleObjectCache$CacheEntry@5000001c)
	referent	50000df5
	queue		50000e0a
	key		50000f03
OBJ 50000f03 (sz=24, trace=300000, class=java.util.Locale$LocaleKey@5000001b)
	base		50000e5a
OBJ 50000f04 (sz=32, trace=300000, class=java.util.concurrent.ConcurrentHashMap$Node@50000027)
	key		50000f08
	val		50000f07
OBJ 50000f05 (sz=48, trace=300000, class=sun.util.locale.LocaleObjectCache$CacheEntry@5000001c)
	referent	50000dfc
	queue		50000e0a
	key		50000f06
OBJ 50000f06 (sz=24, trace=300000, class=java.util.Locale$LocaleKey@5000001b)
	base		50000ed3
OBJ 50000f07 (sz=48, trace=300000, class=sun.util.locale.LocaleObjectCache$CacheEntry@5000001c)
	referent	50000df6
	queue		50000e0a
	key		50000f08
OBJ 50000f08 (sz=24, trace=300000, class=java.util.Locale$LocaleKey@5000001b)
	base		50000eda
OBJ 50000f09 (sz=40, trace=300000, class=java.io.ObjectStreamField@50000105)
	name		50000de6
	signature	50000f0f
	type		50000168
OBJ 50000f0a (sz=40, trace=300000, class=java.io.ObjectStreamField@50000105)
	name		50000ddd
	signature	50000f0f
	type		50000168
OBJ 50000f0b (sz=40, trace=300000, class=java.io.ObjectStreamField@50000105)
	name		50000dee
	signature	50000f0f
	type		50000168
OBJ 50000f0c (sz=40, trace=300000, class=java.io.ObjectStreamField@50000105)
	name		50000de2
	signature	50000b19
	type		50000a80
OBJ 50000f0d (sz=40, trace=300000, class=java.io.ObjectStreamField@50000105)
	name		50000de7
	signature	50000f0f
	type		50000168
OBJ 50000f0e (sz=40, trace=300000, class=java.io.ObjectStreamField@50000105)
	name		50000de0
	signature	50000f0f
	type		50000168
OBJ 50000f0f (sz=24, trace=300000, class=java.lang.String@50000168)
	value		50000f11
ARR 50000f10 (sz=20, trace=300000, nelems=10, elem type=char[])
ARR 50000f11 (sz=36, trace=300000, nelems=18, elem type=char[])
ARR 50000f12 (sz=12, trace=300000, nelems=6, elem type=char[])
ARR 50000f13 (sz=16, trace=300000, nelems=8, elem type=char[])
ARR 50000f14 (sz=14, trace=300000, nelems=7, elem type=char[])
ARR 50000f15 (sz=14, trace=300000, nelems=7, elem type=char[])
ARR 50000f16 (sz=16, trace=300000, nelems=8, elem type=char[])
OBJ 50000f17 (sz=24, trace=300000, class=java.lang.String@50000168)
	value		50000f21
OBJ 50000f18 (sz=24, trace=300000, class=java.lang.String@50000168)
	value		50000f26
OBJ 50000f19 (sz=24, trace=300000, class=java.lang.String@50000168)
	value		50000f24
OBJ 50000f1a (sz=24, trace=300000, class=java.lang.String@50000168)
	value		50000f29
OBJ 50000f1b (sz=24, trace=300000, class=java.lang.String@50000168)
	value		50000f22
OBJ 50000f1c (sz=24, trace=300000, class=java.lang.String@50000168)
	value		50000f27
OBJ 50000f1d (sz=24, trace=300000, class=java.lang.String@50000168)
	value		50000f23
OBJ 50000f1e (sz=24, trace=300000, class=java.lang.String@50000168)
	value		50000f28
OBJ 50000f1f (sz=24, trace=300000, class=java.lang.String@50000168)
	value		50000f25
OBJ 50000f20 (sz=24, trace=300000, class=java.lang.String@50000168)
	value		50000f2a
ARR 50000f21 (sz=14, trace=300000, nelems=7, elem type=char[])
ARR 50000f22 (sz=42, trace=300000, nelems=21, elem type=char[])
ARR 50000f23 (sz=38, trace=300000, nelems=19, elem type=char[])
ARR 50000f24 (sz=40, trace=300000, nelems=20, elem type=char[])
ARR 50000f25 (sz=40, trace=300000, nelems=20, elem type=char[])
ARR 50000f26 (sz=12, trace=300000, nelems=6, elem type=char[])
ARR 50000f27 (sz=40, trace=300000, nelems=20, elem type=char[])
ARR 50000f28 (sz=36, trace=300000, nelems=18, elem type=char[])
ARR 50000f29 (sz=38, trace=300000, nelems=19, elem type=char[])
ARR 50000f2a (sz=38, trace=300000, nelems=19, elem type=char[])
ARR 50000f2b (sz=24, trace=300000, nelems=12, elem type=char[])
ARR 50000f2c (sz=22, trace=300000, nelems=11, elem type=char[])
ARR 50000f2d (sz=22, trace=300000, nelems=11, elem type=char[])
ARR 50000f2e (sz=26, trace=300000, nelems=13, elem type=char[])
ARR 50000f2f (sz=24, trace=300000, nelems=12, elem type=char[])
ARR 50000f30 (sz=4, trace=300000, nelems=2, elem type=char[])
OBJ 50000f31 (sz=24, trace=300000, class=java.lang.String@50000168)
	value		50000f3a
OBJ 50000f32 (sz=24, trace=300000, class=java.lang.String@50000168)
	value		50000f38
ARR 50000f33 (sz=32, trace=300000, nelems=3, elem type=java.io.ObjectStreamField[]@50000103)
	[0]		50000f34
	[1]		50000f35
	[2]		50000f36
OBJ 50000f34 (sz=40, trace=300000, class=java.io.ObjectStreamField@50000105)
	name		50000b14
	signature	50000f3b
	type		50000173
OBJ 50000f35 (sz=40, trace=300000, class=java.io.ObjectStreamField@50000105)
	name		50000f31
	signature	50000b19
	type		50000a80
OBJ 50000f36 (sz=40, trace=300000, class=java.io.ObjectStreamField@50000105)
	name		50000f32
	signature	50000f37
	type		50000a86
OBJ 50000f37 (sz=24, trace=300000, class=java.lang.String@50000168)
	value		50000f39
ARR 50000f38 (sz=12, trace=300000, nelems=6, elem type=char[])
ARR 50000f39 (sz=2, trace=300000, nelems=1, elem type=char[])
ARR 50000f3a (sz=10, trace=300000, nelems=5, elem type=char[])
OBJ 50000f3b (sz=24, trace=300000, class=java.lang.String@50000168)
	value		50000f3d
ARR 50000f3c (sz=10, trace=300000, nelems=5, elem type=char[])
ARR 50000f3d (sz=4, trace=300000, nelems=2, elem type=char[])
OBJ 50000f3e (sz=24, trace=300000, class=java.lang.String@50000168)
	value		50000f41
OBJ 50000f3f (sz=24, trace=300000, class=java.lang.String@50000168)
	value		50000f40
ARR 50000f40 (sz=52, trace=300000, nelems=26, elem type=char[])
ARR 50000f41 (sz=42, trace=300000, nelems=21, elem type=char[])
ARR 50000f42 (sz=16, trace=300000, nelems=8, elem type=char[])
ARR 50000f43 (sz=28, trace=300000, nelems=14, elem type=char[])
ARR 50000f44 (sz=28, trace=300000, nelems=14, elem type=char[])
ARR 50000f45 (sz=2, trace=300000, nelems=1, elem type=char[])
ARR 50000f46 (sz=2, trace=300000, nelems=1, elem type=char[])
OBJ 50000f47 (sz=24, trace=300000, class=java.lang.String@50000168)
	value		50000f4d
OBJ 50000f48 (sz=24, trace=300000, class=java.lang.String@50000168)
	value		50000f4c
ARR 50000f49 (sz=24, trace=300000, nelems=2, elem type=java.io.File$PathStatus[]@50000069)
	[0]		50000f4b
	[1]		50000f4a
OBJ 50000f4a (sz=24, trace=300000, class=java.io.File$PathStatus@5000006f)
	name		50000f47
OBJ 50000f4b (sz=24, trace=300000, class=java.io.File$PathStatus@5000006f)
	name		50000f48
ARR 50000f4c (sz=14, trace=300000, nelems=7, elem type=char[])
ARR 50000f4d (sz=14, trace=300000, nelems=7, elem type=char[])
ARR 50000f4e (sz=24, trace=300000, nelems=12, elem type=char[])
ARR 50000f4f (sz=8, trace=300000, nelems=4, elem type=char[])
ARR 50000f50 (sz=8, trace=300000, nelems=4, elem type=char[])
ARR 50000f51 (sz=56, trace=300000, nelems=28, elem type=char[])
ARR 50000f52 (sz=58, trace=300000, nelems=29, elem type=char[])
ARR 50000f53 (sz=54, trace=300000, nelems=27, elem type=char[])
ARR 50000f54 (sz=74, trace=300000, nelems=37, elem type=char[])
ARR 50000f55 (sz=44, trace=300000, nelems=22, elem type=char[])
ARR 50000f56 (sz=70, trace=300000, nelems=35, elem type=char[])
ARR 50000f57 (sz=4, trace=300000, nelems=2, elem type=char[])
OBJ 50000f58 (sz=24, trace=300000, class=java.lang.String@50000168)
	value		50000f5f
OBJ 50000f59 (sz=24, trace=300000, class=java.lang.String@50000168)
	value		50000f5e
OBJ 50000f5a (sz=24, trace=300000, class=java.lang.String@50000168)
	value		50000f5d
ARR 50000f5b (sz=512, trace=300000, nelems=256, elem type=char[])
ARR 50000f5c (sz=4, trace=300000, nelems=2, elem type=char[])
ARR 50000f5d (sz=1024, trace=300000, nelems=512, elem type=char[])
ARR 50000f5e (sz=512, trace=300000, nelems=256, elem type=char[])
ARR 50000f5f (sz=8, trace=300000, nelems=4, elem type=char[])
ARR 50000f60 (sz=6, trace=300000, nelems=3, elem type=char[])
OBJ 50000f61 (sz=24, trace=300000, class=java.lang.String@50000168)
	value		50000f62
ARR 50000f62 (sz=8, trace=300000, nelems=4, elem type=char[])
ARR 50000f63 (sz=22, trace=300000, nelems=11, elem type=char[])
OBJ 50000f64 (sz=24, trace=300000, class=java.lang.String@50000168)
	value		50000f66
ARR 50000f65 (sz=16, trace=300000, nelems=8, elem type=char[])
ARR 50000f66 (sz=98, trace=300000, nelems=49, elem type=char[])
ARR 50000f67 (sz=26, trace=300000, nelems=13, elem type=char[])
ARR 50000f68 (sz=14, trace=300000, nelems=7, elem type=char[])
ARR 50000f69 (sz=18, trace=300000, nelems=9, elem type=char[])
ARR 50000f6a (sz=18, trace=300000, nelems=9, elem type=char[])
ARR 50000f6b (sz=56, trace=300000, nelems=0, elem type=java.lang.Object[]@50000111)
OBJ 50000f6c (sz=16, trace=300000, class=java.security.ProtectionDomain$Key@50000009)
	this$0		50000b07
ARR 50000f6d (sz=16, trace=300000, nelems=0, elem type=java.security.Principal[]@50000007)
OBJ 50000f6e (sz=32, trace=300000, class=java.security.CodeSource@5000000a)
OBJ 50000f6f (sz=24, trace=300000, class=java.lang.String@50000168)
	value		50000f77
OBJ 50000f70 (sz=24, trace=300000, class=java.lang.String@50000168)
	value		50000f76
OBJ 50000f71 (sz=24, trace=300000, class=java.lang.String@50000168)
	value		50000f75
OBJ 50000f72 (sz=24, trace=300000, class=java.lang.String@50000168)
	value		50000f74
ARR 50000f73 (sz=32, trace=300000, nelems=16, elem type=char[])
ARR 50000f74 (sz=38, trace=300000, nelems=19, elem type=char[])
ARR 50000f75 (sz=48, trace=300000, nelems=24, elem type=char[])
ARR 50000f76 (sz=32, trace=300000, nelems=16, elem type=char[])
ARR 50000f77 (sz=12, trace=300000, nelems=6, elem type=char[])
OBJ 50000f78 (sz=16, trace=300000, class=java.util.HashSet@50000006)
	map		50000f79
OBJ 50000f79 (sz=48, trace=300000, class=java.util.HashMap@500000ba)
OBJ 50000f7a (sz=16, trace=300000, class=java.lang.Object@5000016c)
ARR 50000f7b (sz=56, trace=300000, nelems=0, elem type=java.lang.Object[]@50000111)
OBJ 50000f7c (sz=16, trace=300000, class=sun.net.www.protocol.jar.Handler@50000004)
OBJ 50000f7d (sz=48, trace=300000, class=java.util.HashMap@500000ba)
	table		50000235
OBJ 50000f7e (sz=24, trace=300000, class=java.util.ArrayList@500000c1)
	elementData	500003c6
OBJ 50000f7f (sz=32, trace=300000, class=java.util.Stack@500000eb)
	elementData	50000fc9
OBJ 50000f80 (sz=24, trace=300000, class=java.util.ArrayList@500000c1)
	elementData	50000f81
ARR 50000f81 (sz=80, trace=300000, nelems=12, elem type=java.lang.Object[]@50000111)
	[0]		50000f82
	[1]		50000f83
	[2]		50000f84
	[3]		50000f85
	[4]		50000f86
	[5]		50000f87
	[6]		50000f88
	[7]		50000f89
	[8]		50000f8a
	[9]		50000f8b
	[10]		50000f8c
	[11]		50000f8d
OBJ 50000f82 (sz=64, trace=300000, class=java.net.URL@50000013)
	protocol	50000f90
	host		50000aae
	file		50000fc5
	authority	50000aae
	path		50000fc5
	handler		50000f8e
OBJ 50000f83 (sz=64, trace=300000, class=java.net.URL@50000013)
	protocol	50000f90
	host		50000aae
	file		50000fc3
	authority	50000aae
	path		50000fc3
	handler		50000f8e
OBJ 50000f84 (sz=64, trace=300000, class=java.net.URL@50000013)
	protocol	50000f90
	host		50000aae
	file		50000fc1
	authority	50000aae
	path		50000fc1
	handler		50000f8e
OBJ 50000f85 (sz=64, trace=300000, class=java.net.URL@50000013)
	protocol	50000f90
	host		50000aae
	file		50000fbf
	authority	50000aae
	path		50000fbf
	handler		50000f8e
OBJ 50000f86 (sz=64, trace=300000, class=java.net.URL@50000013)
	protocol	50000f90
	host		50000aae
	file		50000fbd
	authority	50000aae
	path		50000fbd
	handler		50000f8e
OBJ 50000f87 (sz=64, trace=300000, class=java.net.URL@50000013)
	protocol	50000f90
	host		50000aae
	file		50000fbb
	authority	50000aae
	path		50000fbb
	handler		50000f8e
OBJ 50000f88 (sz=64, trace=300000, class=java.net.URL@50000013)
	protocol	50000f90
	host		50000aae
	file		50000fb9
	authority	50000aae
	path		50000fb9
	handler		50000f8e
OBJ 50000f89 (sz=64, trace=300000, class=java.net.URL@50000013)
	protocol	50000f90
	host		50000aae
	file		50000fb7
	authority	50000aae
	path		50000fb7
	handler		50000f8e
OBJ 50000f8a (sz=64, trace=300000, class=java.net.URL@50000013)
	protocol	50000f90
	host		50000aae
	file		50000fb5
	authority	50000aae
	path		50000fb5
	handler		50000f8e
OBJ 50000f8b (sz=64, trace=300000, class=java.net.URL@50000013)
	protocol	50000f90
	host		50000aae
	file		50000fb3
	authority	50000aae
	path		50000fb3
	handler		50000f8e
OBJ 50000f8c (sz=64, trace=300000, class=java.net.URL@50000013)
	protocol	50000f90
	host		50000aae
	file		50000fb1
	authority	50000aae
	path		50000fb1
	handler		50000f8e
OBJ 50000f8d (sz=64, trace=300000, class=java.net.URL@50000013)
	protocol	50000f90
	host		50000aae
	file		50000f8f
	authority	50000aae
	path		50000f8f
	handler		50000f8e
OBJ 50000f8e (sz=16, trace=300000, class=sun.net.www.protocol.file.Handler@50000010)
OBJ 50000f8f (sz=24, trace=300000, class=java.lang.String@50000168)
	value		50000f92
OBJ 50000f90 (sz=24, trace=300000, class=java.lang.String@50000168)
	value		50000f91
ARR 50000f91 (sz=8, trace=300000, nelems=4, elem type=char[])
ARR 50000f92 (sz=108, trace=300000, nelems=54, elem type=char[])
OBJ 50000f93 (sz=24, trace=300000, class=java.lang.String@50000168)
	value		50000fb0
OBJ 50000f94 (sz=24, trace=300000, class=java.lang.String@50000168)
	value		50000faf
OBJ 50000f95 (sz=24, trace=300000, class=java.lang.String@50000168)
	value		50000fae
OBJ 50000f96 (sz=24, trace=300000, class=java.lang.String@50000168)
	value		50000fad
OBJ 50000f97 (sz=24, trace=300000, class=java.lang.String@50000168)
	value		50000fac
OBJ 50000f98 (sz=24, trace=300000, class=java.lang.String@50000168)
	value		50000fab
OBJ 50000f99 (sz=24, trace=300000, class=java.lang.String@50000168)
	value		50000faa
OBJ 50000f9a (sz=24, trace=300000, class=java.lang.String@50000168)
	value		50000fa9
OBJ 50000f9b (sz=24, trace=300000, class=java.lang.String@50000168)
	value		50000fa8
OBJ 50000f9c (sz=24, trace=300000, class=java.lang.String@50000168)
	value		50000fa2
OBJ 50000f9d (sz=24, trace=300000, class=java.lang.String@50000168)
	value		50000fa7
OBJ 50000f9e (sz=24, trace=300000, class=java.lang.String@50000168)
	value		50000fa6
OBJ 50000f9f (sz=24, trace=300000, class=java.lang.String@50000168)
	value		50000fa5
OBJ 50000fa0 (sz=16, trace=300000, class=java.lang.Object@5000016c)
OBJ 50000fa1 (sz=48, trace=300000, class=java.util.Hashtable@50000142)
	table		50000fa3
ARR 50000fa2 (sz=52, trace=300000, nelems=26, elem type=char[])
ARR 50000fa3 (sz=64, trace=300000, nelems=7, elem type=java.util.Hashtable$Entry[]@500000dd)
	[6]		50000fa4
OBJ 50000fa4 (sz=32, trace=300000, class=java.util.Hashtable$Entry@500000df)
	key		50000f90
	value		50000f8e
ARR 50000fa5 (sz=2, trace=300000, nelems=1, elem type=char[])
ARR 50000fa6 (sz=8, trace=300000, nelems=4, elem type=char[])
ARR 50000fa7 (sz=40, trace=300000, nelems=20, elem type=char[])
ARR 50000fa8 (sz=2, trace=300000, nelems=1, elem type=char[])
ARR 50000fa9 (sz=16, trace=300000, nelems=8, elem type=char[])
ARR 50000faa (sz=2, trace=300000, nelems=1, elem type=char[])
ARR 50000fab (sz=2, trace=300000, nelems=1, elem type=char[])
ARR 50000fac (sz=6, trace=300000, nelems=3, elem type=char[])
ARR 50000fad (sz=8, trace=300000, nelems=4, elem type=char[])
ARR 50000fae (sz=6, trace=300000, nelems=3, elem type=char[])
ARR 50000faf (sz=4, trace=300000, nelems=2, elem type=char[])
ARR 50000fb0 (sz=4, trace=300000, nelems=2, elem type=char[])
OBJ 50000fb1 (sz=24, trace=300000, class=java.lang.String@50000168)
	value		50000fb2
ARR 50000fb2 (sz=116, trace=300000, nelems=58, elem type=char[])
OBJ 50000fb3 (sz=24, trace=300000, class=java.lang.String@50000168)
	value		50000fb4
ARR 50000fb4 (sz=116, trace=300000, nelems=58, elem type=char[])
OBJ 50000fb5 (sz=24, trace=300000, class=java.lang.String@50000168)
	value		50000fb6
ARR 50000fb6 (sz=128, trace=300000, nelems=64, elem type=char[])
OBJ 50000fb7 (sz=24, trace=300000, class=java.lang.String@50000168)
	value		50000fb8
ARR 50000fb8 (sz=108, trace=300000, nelems=54, elem type=char[])
OBJ 50000fb9 (sz=24, trace=300000, class=java.lang.String@50000168)
	value		50000fba
ARR 50000fba (sz=112, trace=300000, nelems=56, elem type=char[])
OBJ 50000fbb (sz=24, trace=300000, class=java.lang.String@50000168)
	value		50000fbc
ARR 50000fbc (sz=118, trace=300000, nelems=59, elem type=char[])
OBJ 50000fbd (sz=24, trace=300000, class=java.lang.String@50000168)
	value		50000fbe
ARR 50000fbe (sz=108, trace=300000, nelems=54, elem type=char[])
OBJ 50000fbf (sz=24, trace=300000, class=java.lang.String@50000168)
	value		50000fc0
ARR 50000fc0 (sz=112, trace=300000, nelems=56, elem type=char[])
OBJ 50000fc1 (sz=24, trace=300000, class=java.lang.String@50000168)
	value		50000fc2
ARR 50000fc2 (sz=108, trace=300000, nelems=54, elem type=char[])
OBJ 50000fc3 (sz=24, trace=300000, class=java.lang.String@50000168)
	value		50000fc4
ARR 50000fc4 (sz=114, trace=300000, nelems=57, elem type=char[])
OBJ 50000fc5 (sz=24, trace=300000, class=java.lang.String@50000168)
	value		50000fc6
ARR 50000fc6 (sz=130, trace=300000, nelems=65, elem type=char[])
ARR 50000fc7 (sz=16, trace=300000, nelems=0, elem type=java.lang.Object[]@50000111)
ARR 50000fc8 (sz=16, trace=300000, nelems=0, elem type=java.lang.Object[]@50000111)
ARR 50000fc9 (sz=96, trace=300000, nelems=0, elem type=java.lang.Object[]@50000111)
OBJ 50000fca (sz=24, trace=300000, class=sun.misc.MetaIndex@50000044)
	contents	50000fcf
OBJ 50000fcb (sz=24, trace=300000, class=java.lang.String@50000168)
	value		50000fcc
ARR 50000fcc (sz=6, trace=300000, nelems=3, elem type=char[])
OBJ 50000fcd (sz=24, trace=300000, class=java.lang.String@50000168)
	value		50000fce
ARR 50000fce (sz=4, trace=300000, nelems=2, elem type=char[])
ARR 50000fcf (sz=24, trace=300000, nelems=2, elem type=java.lang.String[]@500000bc)
	[0]		50000fd0
	[1]		50000fd1
OBJ 50000fd0 (sz=24, trace=300000, class=java.lang.String@50000168)
	value		50000fd3
OBJ 50000fd1 (sz=24, trace=300000, class=java.lang.String@50000168)
	value		50000fd2
ARR 50000fd2 (sz=24, trace=300000, nelems=12, elem type=char[])
ARR 50000fd3 (sz=108, trace=300000, nelems=54, elem type=char[])
OBJ 50000fd4 (sz=24, trace=300000, class=java.lang.String@50000168)
	value		500014d2
OBJ 50000fd5 (sz=24, trace=300000, class=java.lang.String@50000168)
	value		500014d1
OBJ 50000fd6 (sz=24, trace=300000, class=java.lang.String@50000168)
	value		500014d0
OBJ 50000fd7 (sz=48, trace=300000, class=java.util.HashMap@500000ba)
	table		500004a8
OBJ 50000fd8 (sz=32, trace=300000, class=java.util.HashMap$Node@500000b9)
	key		50001081
	value		50001080
OBJ 50000fd9 (sz=32, trace=300000, class=java.util.HashMap$Node@500000b9)
	key		50001076
	value		50001075
OBJ 50000fda (sz=32, trace=300000, class=java.util.HashMap$Node@500000b9)
	key		50001066
	value		50001065
	next		50001064
OBJ 50000fdb (sz=32, trace=300000, class=java.util.HashMap$Node@500000b9)
	key		5000105e
	value		5000105d
OBJ 50000fdc (sz=32, trace=300000, class=java.util.HashMap$Node@500000b9)
	key		50001051
	value		50001050
OBJ 50000fdd (sz=32, trace=300000, class=java.util.HashMap$Node@500000b9)
	key		50001046
	value		50001045
OBJ 50000fde (sz=32, trace=300000, class=java.util.HashMap$Node@500000b9)
	key		5000103c
	value		5000103b
	next		500004e4
OBJ 50000fdf (sz=32, trace=300000, class=java.util.HashMap$Node@500000b9)
	key		50000fff
	value		50000ffe
OBJ 50000fe0 (sz=32, trace=300000, class=java.util.HashMap$Node@500000b9)
	key		50000ffb
	value		50000fca
OBJ 50000fe1 (sz=32, trace=300000, class=java.util.HashMap$Node@500000b9)
	key		50000fef
	value		50000fee
OBJ 50000fe2 (sz=32, trace=300000, class=java.util.HashMap$Node@500000b9)
	key		50000fe4
	value		50000fe3
OBJ 50000fe3 (sz=24, trace=300000, class=sun.misc.MetaIndex@50000044)
	contents	50000fe7
OBJ 50000fe4 (sz=32, trace=300000, class=java.io.File@50000077)
	path		50000fe5
OBJ 50000fe5 (sz=24, trace=300000, class=java.lang.String@50000168)
	value		50000fe6
ARR 50000fe6 (sz=122, trace=300000, nelems=61, elem type=char[])
ARR 50000fe7 (sz=32, trace=300000, nelems=3, elem type=java.lang.String[]@500000bc)
	[0]		50000fe8
	[1]		50000fe9
	[2]		50000fea
OBJ 50000fe8 (sz=24, trace=300000, class=java.lang.String@50000168)
	value		50000fed
OBJ 50000fe9 (sz=24, trace=300000, class=java.lang.String@50000168)
	value		50000fec
OBJ 50000fea (sz=24, trace=300000, class=java.lang.String@50000168)
	value		50000feb
ARR 50000feb (sz=40, trace=300000, nelems=20, elem type=char[])
ARR 50000fec (sz=42, trace=300000, nelems=21, elem type=char[])
ARR 50000fed (sz=30, trace=300000, nelems=15, elem type=char[])
OBJ 50000fee (sz=24, trace=300000, class=sun.misc.MetaIndex@50000044)
	contents	50000ff2
OBJ 50000fef (sz=32, trace=300000, class=java.io.File@50000077)
	path		50000ff0
OBJ 50000ff0 (sz=24, trace=300000, class=java.lang.String@50000168)
	value		50000ff1
ARR 50000ff1 (sz=110, trace=300000, nelems=55, elem type=char[])
ARR 50000ff2 (sz=32, trace=300000, nelems=3, elem type=java.lang.String[]@500000bc)
	[0]		50000ff3
	[1]		50000ff4
	[2]		50000ff5
OBJ 50000ff3 (sz=24, trace=300000, class=java.lang.String@50000168)
	value		50000ff8
OBJ 50000ff4 (sz=24, trace=300000, class=java.lang.String@50000168)
	value		50000ff7
OBJ 50000ff5 (sz=24, trace=300000, class=java.lang.String@50000168)
	value		50000ff6
ARR 50000ff6 (sz=40, trace=300000, nelems=20, elem type=char[])
ARR 50000ff7 (sz=42, trace=300000, nelems=21, elem type=char[])
ARR 50000ff8 (sz=24, trace=300000, nelems=12, elem type=char[])
ARR 50000ff9 (sz=32, trace=300000, nelems=4, elem type=java.lang.String[]@500000bc)
	[0]		500004ab
	[1]		500004ad
	[2]		500004af
	[3]		500004b1
ARR 50000ffa (sz=32, trace=300000, nelems=3, elem type=java.lang.String[]@500000bc)
	[0]		500004c1
	[1]		500004c3
	[2]		500004c5
OBJ 50000ffb (sz=32, trace=300000, class=java.io.File@50000077)
	path		50000ffc
OBJ 50000ffc (sz=24, trace=300000, class=java.lang.String@50000168)
	value		50000ffd
ARR 50000ffd (sz=102, trace=300000, nelems=51, elem type=char[])
OBJ 50000ffe (sz=24, trace=300000, class=sun.misc.MetaIndex@50000044)
	contents	50001002
OBJ 50000fff (sz=32, trace=300000, class=java.io.File@50000077)
	path		50001000
OBJ 50001000 (sz=24, trace=300000, class=java.lang.String@50000168)
	value		50001001
ARR 50001001 (sz=102, trace=300000, nelems=51, elem type=char[])
ARR 50001002 (sz=128, trace=300000, nelems=28, elem type=java.lang.String[]@500000bc)
	[0]		50001003
	[1]		50001004
	[2]		50001005
	[3]		50001006
	[4]		50001007
	[5]		50001008
	[6]		50001009
	[7]		5000100a
	[8]		5000100b
	[9]		5000100c
	[10]		5000100d
	[11]		5000100e
	[12]		5000100f
	[13]		50001010
	[14]		50001011
	[15]		50001012
	[16]		50001013
	[17]		50001014
	[18]		50001015
	[19]		50001016
	[20]		50001017
	[21]		50001018
	[22]		50001019
	[23]		5000101a
	[24]		5000101b
	[25]		5000101c
	[26]		5000101d
	[27]		5000101e
OBJ 50001003 (sz=24, trace=300000, class=java.lang.String@50000168)
	value		5000103a
OBJ 50001004 (sz=24, trace=300000, class=java.lang.String@50000168)
	value		50001039
OBJ 50001005 (sz=24, trace=300000, class=java.lang.String@50000168)
	value		50001038
OBJ 50001006 (sz=24, trace=300000, class=java.lang.String@50000168)
	value		50001037
OBJ 50001007 (sz=24, trace=300000, class=java.lang.String@50000168)
	value		50001036
OBJ 50001008 (sz=24, trace=300000, class=java.lang.String@50000168)
	value		50001035
OBJ 50001009 (sz=24, trace=300000, class=java.lang.String@50000168)
	value		50001034
OBJ 5000100a (sz=24, trace=300000, class=java.lang.String@50000168)
	value		50001033
OBJ 5000100b (sz=24, trace=300000, class=java.lang.String@50000168)
	value		50001032
OBJ 5000100c (sz=24, trace=300000, class=java.lang.String@50000168)
	value		50001031
OBJ 5000100d (sz=24, trace=300000, class=java.lang.String@50000168)
	value		50001030
OBJ 5000100e (sz=24, trace=300000, class=java.lang.String@50000168)
	value		5000102f
OBJ 5000100f (sz=24, trace=300000, class=java.lang.String@50000168)
	value		5000102e
OBJ 50001010 (sz=24, trace=300000, class=java.lang.String@50000168)
	value		5000102d
OBJ 50001011 (sz=24, trace=300000, class=java.lang.String@50000168)
	value		5000102c
OBJ 50001012 (sz=24, trace=300000, class=java.lang.String@50000168)
	value		5000102b
OBJ 50001013 (sz=24, trace=300000, class=java.lang.String@50000168)
	value		5000102a
OBJ 50001014 (sz=24, trace=300000, class=java.lang.String@50000168)
	value		50001029
OBJ 50001015 (sz=24, trace=300000, class=java.lang.String@50000168)
	value		50001028
OBJ 50001016 (sz=24, trace=300000, class=java.lang.String@50000168)
	value		50001027
OBJ 50001017 (sz=24, trace=300000, class=java.lang.String@50000168)
	value		50001026
OBJ 50001018 (sz=24, trace=300000, class=java.lang.String@50000168)
	value		50001025
OBJ 50001019 (sz=24, trace=300000, class=java.lang.String@50000168)
	value		50001024
OBJ 5000101a (sz=24, trace=300000, class=java.lang.String@50000168)
	value		50001023
OBJ 5000101b (sz=24, trace=300000, class=java.lang.String@50000168)
	value		50001022
OBJ 5000101c (sz=24, trace=300000, class=java.lang.String@50000168)
	value		50001021
OBJ 5000101d (sz=24, trace=300000, class=java.lang.String@50000168)
	value		50001020
OBJ 5000101e (sz=24, trace=300000, class=java.lang.String@50000168)
	value		5000101f
ARR 5000101f (sz=40, trace=300000, nelems=20, elem type=char[])
ARR 50001020 (sz=24, trace=300000, nelems=12, elem type=char[])
ARR 50001021 (sz=26, trace=300000, nelems=13, elem type=char[])
ARR 50001022 (sz=26, trace=300000, nelems=13, elem type=char[])
ARR 50001023 (sz=26, trace=300000, nelems=13, elem type=char[])
ARR 50001024 (sz=32, trace=300000, nelems=16, elem type=char[])
ARR 50001025 (sz=24, trace=300000, nelems=12, elem type=char[])
ARR 50001026 (sz=26, trace=300000, nelems=13, elem type=char[])
ARR 50001027 (sz=38, trace=300000, nelems=19, elem type=char[])
ARR 50001028 (sz=22, trace=300000, nelems=11, elem type=char[])
ARR 50001029 (sz=36, trace=300000, nelems=18, elem type=char[])
ARR 5000102a (sz=38, trace=300000, nelems=19, elem type=char[])
ARR 5000102b (sz=26, trace=300000, nelems=13, elem type=char[])
ARR 5000102c (sz=38, trace=300000, nelems=19, elem type=char[])
ARR 5000102d (sz=34, trace=300000, nelems=17, elem type=char[])
ARR 5000102e (sz=30, trace=300000, nelems=15, elem type=char[])
ARR 5000102f (sz=34, trace=300000, nelems=17, elem type=char[])
ARR 50001030 (sz=28, trace=300000, nelems=14, elem type=char[])
ARR 50001031 (sz=30, trace=300000, nelems=15, elem type=char[])
ARR 50001032 (sz=38, trace=300000, nelems=19, elem type=char[])
ARR 50001033 (sz=54, trace=300000, nelems=27, elem type=char[])
ARR 50001034 (sz=46, trace=300000, nelems=23, elem type=char[])
ARR 50001035 (sz=30, trace=300000, nelems=15, elem type=char[])
ARR 50001036 (sz=40, trace=300000, nelems=20, elem type=char[])
ARR 50001037 (sz=34, trace=300000, nelems=17, elem type=char[])
ARR 50001038 (sz=42, trace=300000, nelems=21, elem type=char[])
ARR 50001039 (sz=66, trace=300000, nelems=33, elem type=char[])
ARR 5000103a (sz=38, trace=300000, nelems=19, elem type=char[])
OBJ 5000103b (sz=24, trace=300000, class=sun.misc.MetaIndex@50000044)
	contents	5000103f
OBJ 5000103c (sz=32, trace=300000, class=java.io.File@50000077)
	path		5000103d
OBJ 5000103d (sz=24, trace=300000, class=java.lang.String@50000168)
	value		5000103e
ARR 5000103e (sz=102, trace=300000, nelems=51, elem type=char[])
ARR 5000103f (sz=24, trace=300000, nelems=2, elem type=java.lang.String[]@500000bc)
	[0]		50001040
	[1]		50001041
OBJ 50001040 (sz=24, trace=300000, class=java.lang.String@50000168)
	value		50001043
OBJ 50001041 (sz=24, trace=300000, class=java.lang.String@50000168)
	value		50001042
ARR 50001042 (sz=14, trace=300000, nelems=7, elem type=char[])
ARR 50001043 (sz=126, trace=300000, nelems=63, elem type=char[])
ARR 50001044 (sz=24, trace=300000, nelems=2, elem type=java.lang.String[]@500000bc)
	[0]		500004d5
	[1]		500004d7
OBJ 50001045 (sz=24, trace=300000, class=sun.misc.MetaIndex@50000044)
	contents	50001049
OBJ 50001046 (sz=32, trace=300000, class=java.io.File@50000077)
	path		50001047
OBJ 50001047 (sz=24, trace=300000, class=java.lang.String@50000168)
	value		50001048
ARR 50001048 (sz=110, trace=300000, nelems=55, elem type=char[])
ARR 50001049 (sz=32, trace=300000, nelems=3, elem type=java.lang.String[]@500000bc)
	[0]		5000104a
	[1]		5000104b
	[2]		5000104c
OBJ 5000104a (sz=24, trace=300000, class=java.lang.String@50000168)
	value		5000104f
OBJ 5000104b (sz=24, trace=300000, class=java.lang.String@50000168)
	value		5000104e
OBJ 5000104c (sz=24, trace=300000, class=java.lang.String@50000168)
	value		5000104d
ARR 5000104d (sz=40, trace=300000, nelems=20, elem type=char[])
ARR 5000104e (sz=42, trace=300000, nelems=21, elem type=char[])
ARR 5000104f (sz=24, trace=300000, nelems=12, elem type=char[])
OBJ 50001050 (sz=24, trace=300000, class=sun.misc.MetaIndex@50000044)
	contents	50001054
OBJ 50001051 (sz=32, trace=300000, class=java.io.File@50000077)
	path		50001052
OBJ 50001052 (sz=24, trace=300000, class=java.lang.String@50000168)
	value		50001053
ARR 50001053 (sz=102, trace=300000, nelems=51, elem type=char[])
ARR 50001054 (sz=32, trace=300000, nelems=3, elem type=java.lang.String[]@500000bc)
	[0]		50001055
	[1]		50001056
	[2]		50001057
OBJ 50001055 (sz=24, trace=300000, class=java.lang.String@50000168)
	value		5000105a
OBJ 50001056 (sz=24, trace=300000, class=java.lang.String@50000168)
	value		50001059
OBJ 50001057 (sz=24, trace=300000, class=java.lang.String@50000168)
	value		50001058
ARR 50001058 (sz=40, trace=300000, nelems=20, elem type=char[])
ARR 50001059 (sz=42, trace=300000, nelems=21, elem type=char[])
ARR 5000105a (sz=24, trace=300000, nelems=12, elem type=char[])
ARR 5000105b (sz=152, trace=300000, nelems=33, elem type=java.lang.String[]@500000bc)
	[0]		500004eb
	[1]		500004ed
	[2]		500004ef
	[3]		500004f1
	[4]		500004f3
	[5]		500004f5
	[6]		500004f7
	[7]		500004f9
	[8]		500004fb
	[9]		500004fd
	[10]		500004ff
	[11]		50000502
	[12]		50000504
	[13]		50000506
	[14]		50000508
	[15]		5000050a
	[16]		5000050d
	[17]		5000050f
	[18]		50000511
	[19]		50000513
	[20]		50000515
	[21]		50000517
	[22]		50000519
	[23]		5000051c
	[24]		5000051e
	[25]		50000520
	[26]		50000522
	[27]		50000524
	[28]		50000526
	[29]		50000528
	[30]		5000052a
	[31]		5000052c
	[32]		5000052e
ARR 5000105c (sz=24, trace=300000, nelems=2, elem type=java.lang.String[]@500000bc)
	[0]		50000497
	[1]		5000049a
OBJ 5000105d (sz=24, trace=300000, class=sun.misc.MetaIndex@50000044)
	contents	50001061
OBJ 5000105e (sz=32, trace=300000, class=java.io.File@50000077)
	path		5000105f
OBJ 5000105f (sz=24, trace=300000, class=java.lang.String@50000168)
	value		50001060
ARR 50001060 (sz=106, trace=300000, nelems=53, elem type=char[])
ARR 50001061 (sz=24, trace=300000, nelems=1, elem type=java.lang.String[]@500000bc)
	[0]		50001062
OBJ 50001062 (sz=24, trace=300000, class=java.lang.String@50000168)
	value		50001063
ARR 50001063 (sz=54, trace=300000, nelems=27, elem type=char[])
OBJ 50001064 (sz=32, trace=300000, class=java.util.HashMap$Node@500000b9)
	key		5000106d
	value		5000106c
OBJ 50001065 (sz=24, trace=300000, class=sun.misc.MetaIndex@50000044)
	contents	50001069
OBJ 50001066 (sz=32, trace=300000, class=java.io.File@50000077)
	path		50001067
OBJ 50001067 (sz=24, trace=300000, class=java.lang.String@50000168)
	value		50001068
ARR 50001068 (sz=124, trace=300000, nelems=62, elem type=char[])
ARR 50001069 (sz=24, trace=300000, nelems=1, elem type=java.lang.String[]@500000bc)
	[0]		5000106a
OBJ 5000106a (sz=24, trace=300000, class=java.lang.String@50000168)
	value		5000106b
ARR 5000106b (sz=54, trace=300000, nelems=27, elem type=char[])
OBJ 5000106c (sz=24, trace=300000, class=sun.misc.MetaIndex@50000044)
	contents	50001070
OBJ 5000106d (sz=32, trace=300000, class=java.io.File@50000077)
	path		5000106e
OBJ 5000106e (sz=24, trace=300000, class=java.lang.String@50000168)
	value		5000106f
ARR 5000106f (sz=108, trace=300000, nelems=54, elem type=char[])
ARR 50001070 (sz=24, trace=300000, nelems=2, elem type=java.lang.String[]@500000bc)
	[0]		50001071
	[1]		50001072
OBJ 50001071 (sz=24, trace=300000, class=java.lang.String@50000168)
	value		50001074
OBJ 50001072 (sz=24, trace=300000, class=java.lang.String@50000168)
	value		50001073
ARR 50001073 (sz=16, trace=300000, nelems=8, elem type=char[])
ARR 50001074 (sz=16, trace=300000, nelems=8, elem type=char[])
OBJ 50001075 (sz=24, trace=300000, class=sun.misc.MetaIndex@50000044)
	contents	50001079
OBJ 50001076 (sz=32, trace=300000, class=java.io.File@50000077)
	path		50001077
OBJ 50001077 (sz=24, trace=300000, class=java.lang.String@50000168)
	value		50001078
ARR 50001078 (sz=106, trace=300000, nelems=53, elem type=char[])
ARR 50001079 (sz=32, trace=300000, nelems=3, elem type=java.lang.String[]@500000bc)
	[0]		5000107a
	[1]		5000107b
	[2]		5000107c
OBJ 5000107a (sz=24, trace=300000, class=java.lang.String@50000168)
	value		5000107f
OBJ 5000107b (sz=24, trace=300000, class=java.lang.String@50000168)
	value		5000107e
OBJ 5000107c (sz=24, trace=300000, class=java.lang.String@50000168)
	value		5000107d
ARR 5000107d (sz=24, trace=300000, nelems=12, elem type=char[])
ARR 5000107e (sz=100, trace=300000, nelems=50, elem type=char[])
ARR 5000107f (sz=22, trace=300000, nelems=11, elem type=char[])
OBJ 50001080 (sz=24, trace=300000, class=sun.misc.MetaIndex@50000044)
	contents	50001084
OBJ 50001081 (sz=32, trace=300000, class=java.io.File@50000077)
	path		50001082
OBJ 50001082 (sz=24, trace=300000, class=java.lang.String@50000168)
	value		50001083
ARR 50001083 (sz=112, trace=300000, nelems=56, elem type=char[])
ARR 50001084 (sz=24, trace=300000, nelems=2, elem type=java.lang.String[]@500000bc)
	[0]		50001085
	[1]		50001086
OBJ 50001085 (sz=24, trace=300000, class=java.lang.String@50000168)
	value		50001088
OBJ 50001086 (sz=24, trace=300000, class=java.lang.String@50000168)
	value		50001087
ARR 50001087 (sz=16, trace=300000, nelems=8, elem type=char[])
ARR 50001088 (sz=16, trace=300000, nelems=8, elem type=char[])
ARR 50001089 (sz=168, trace=300000, nelems=37, elem type=java.lang.String[]@500000bc)
	[0]		5000053e
	[1]		50000540
	[2]		50000542
	[3]		50000544
	[4]		50000546
	[5]		50000548
	[6]		5000054a
	[7]		5000054c
	[8]		5000054e
	[9]		50000550
	[10]		50000552
	[11]		50000554
	[12]		50000556
	[13]		50000558
	[14]		5000055a
	[15]		5000055c
	[16]		5000055e
	[17]		50000560
	[18]		50000562
	[19]		50000564
	[20]		50000566
	[21]		50000568
	[22]		5000056a
	[23]		5000056c
	[24]		5000056e
	[25]		50000570
	[26]		50000572
	[27]		50000574
	[28]		50000576
	[29]		50000578
	[30]		5000057a
	[31]		5000057c
	[32]		5000057e
	[33]		50000580
	[34]		50000583
	[35]		50000585
	[36]		50000587
OBJ 5000108a (sz=24, trace=300000, class=java.lang.String@50000168)
	value		50001090
OBJ 5000108b (sz=24, trace=300000, class=java.lang.String@50000168)
	value		50001091
OBJ 5000108c (sz=24, trace=300000, class=java.lang.String@50000168)
	value		50001092
OBJ 5000108d (sz=16, trace=300000, class=java.nio.charset.CodingErrorAction@50000080)
	name		5000108c
OBJ 5000108e (sz=16, trace=300000, class=java.nio.charset.CodingErrorAction@50000080)
	name		5000108b
OBJ 5000108f (sz=16, trace=300000, class=java.nio.charset.CodingErrorAction@50000080)
	name		5000108a
ARR 50001090 (sz=12, trace=300000, nelems=6, elem type=char[])
ARR 50001091 (sz=14, trace=300000, nelems=7, elem type=char[])
ARR 50001092 (sz=12, trace=300000, nelems=6, elem type=char[])
OBJ 50001093 (sz=24, trace=300000, class=java.lang.String@50000168)
	value		5000109d
OBJ 50001094 (sz=24, trace=300000, class=java.lang.String@50000168)
	value		5000109e
OBJ 50001095 (sz=24, trace=300000, class=java.lang.String@50000168)
	value		5000109f
OBJ 50001096 (sz=24, trace=300000, class=java.lang.String@50000168)
	value		5000109c
OBJ 50001097 (sz=16, trace=300000, class=java.nio.charset.CoderResult$2@50000034)
OBJ 50001098 (sz=16, trace=300000, class=java.nio.charset.CoderResult$1@50000035)
OBJ 50001099 (sz=24, trace=300000, class=java.nio.charset.CoderResult@50000037)
OBJ 5000109a (sz=24, trace=300000, class=java.nio.charset.CoderResult@50000037)
ARR 5000109b (sz=32, trace=300000, nelems=4, elem type=java.lang.String[]@500000bc)
	[0]		50001095
	[1]		50001094
	[2]		50001093
	[3]		50001096
ARR 5000109c (sz=20, trace=300000, nelems=10, elem type=char[])
ARR 5000109d (sz=18, trace=300000, nelems=9, elem type=char[])
ARR 5000109e (sz=16, trace=300000, nelems=8, elem type=char[])
ARR 5000109f (sz=18, trace=300000, nelems=9, elem type=char[])
OBJ 500010a0 (sz=24, trace=300000, class=java.lang.String@50000168)
	value		500014b2
OBJ 500010a1 (sz=24, trace=300000, class=java.lang.String@50000168)
	value		500010a9
OBJ 500010a2 (sz=24, trace=300000, class=java.lang.String@50000168)
	value		500010a8
OBJ 500010a3 (sz=24, trace=300000, class=java.lang.String@50000168)
	value		500010a7
OBJ 500010a4 (sz=24, trace=300000, class=java.lang.String@50000168)
	value		500010aa
OBJ 500010a5 (sz=24, trace=300000, class=java.lang.String@50000168)
	value		500014ce
ARR 500010a6 (sz=32, trace=300000, nelems=4, elem type=java.lang.String[]@500000bc)
	[0]		500010a4
	[1]		500010a1
	[2]		500010a2
	[3]		500010a3
ARR 500010a7 (sz=14, trace=300000, nelems=7, elem type=char[])
ARR 500010a8 (sz=20, trace=300000, nelems=10, elem type=char[])
ARR 500010a9 (sz=12, trace=300000, nelems=6, elem type=char[])
ARR 500010aa (sz=10, trace=300000, nelems=5, elem type=char[])
OBJ 500010ab (sz=24, trace=300000, class=java.lang.String@50000168)
	value		500014cd
OBJ 500010ac (sz=24, trace=300000, class=java.lang.String@50000168)
	value		500014cc
OBJ 500010ad (sz=24, trace=300000, class=sun.nio.cs.MS1252@5000003d)
	name		50001152
	aliases		50001454
OBJ 500010ae (sz=16, trace=300000, class=java.lang.ThreadLocal@50000092)
OBJ 500010af (sz=32, trace=300000, class=sun.nio.cs.StandardCharsets@50000097)
	classMap	500010b3
	aliasMap	500010b2
	cache		500010b1
	packagePrefix	500010b0
OBJ 500010b0 (sz=24, trace=300000, class=java.lang.String@50000168)
	value		500014b0
OBJ 500010b1 (sz=40, trace=300000, class=sun.nio.cs.StandardCharsets$Cache@50000093)
	ht		500013e0
OBJ 500010b2 (sz=40, trace=300000, class=sun.nio.cs.StandardCharsets$Aliases@50000095)
	ht		50001178
OBJ 500010b3 (sz=40, trace=300000, class=sun.nio.cs.StandardCharsets$Classes@50000094)
	ht		500010b4
ARR 500010b4 (sz=144, trace=300000, nelems=32, elem type=java.lang.Object[]@50000111)
	[0]		500010b5
	[2]		500010b6
	[3]		500010b7
	[4]		500010b8
	[5]		500010b9
	[6]		500010ba
	[7]		500010bb
	[8]		500010bc
	[9]		500010bd
	[10]		500010be
	[11]		500010bf
	[12]		500010c0
	[14]		500010c1
	[15]		500010c2
	[16]		500010c3
	[17]		500010c4
	[18]		500010c5
	[19]		500010c6
	[22]		500010c7
	[23]		500010c8
	[24]		500010c9
	[28]		500010ca
	[29]		500010cb
	[31]		500010cc
ARR 500010b5 (sz=24, trace=300000, nelems=2, elem type=java.lang.Object[]@50000111)
	[0]		50001174
	[1]		50001175
ARR 500010b6 (sz=32, trace=300000, nelems=3, elem type=java.lang.Object[]@50000111)
	[0]		50001166
	[1]		50001167
	[2]		50001168
ARR 500010b7 (sz=32, trace=300000, nelems=3, elem type=java.lang.Object[]@50000111)
	[0]		5000115d
	[1]		5000115e
	[2]		5000115f
ARR 500010b8 (sz=32, trace=300000, nelems=3, elem type=java.lang.Object[]@50000111)
	[0]		5000114f
	[1]		50001150
	[2]		50001151
ARR 500010b9 (sz=32, trace=300000, nelems=3, elem type=java.lang.Object[]@50000111)
	[0]		50001146
	[1]		50001147
	[2]		50001148
ARR 500010ba (sz=24, trace=300000, nelems=2, elem type=java.lang.Object[]@50000111)
	[0]		50001142
	[1]		50001143
ARR 500010bb (sz=24, trace=300000, nelems=2, elem type=java.lang.Object[]@50000111)
	[0]		5000113e
	[1]		5000113f
ARR 500010bc (sz=32, trace=300000, nelems=3, elem type=java.lang.Object[]@50000111)
	[0]		50001135
	[1]		50001136
	[2]		50001137
ARR 500010bd (sz=32, trace=300000, nelems=3, elem type=java.lang.Object[]@50000111)
	[0]		5000112c
	[1]		5000112d
	[2]		5000112e
ARR 500010be (sz=24, trace=300000, nelems=2, elem type=java.lang.Object[]@50000111)
	[0]		50001128
	[1]		50001129
ARR 500010bf (sz=32, trace=300000, nelems=3, elem type=java.lang.Object[]@50000111)
	[0]		5000111f
	[1]		50001120
	[2]		50001121
ARR 500010c0 (sz=24, trace=300000, nelems=2, elem type=java.lang.Object[]@50000111)
	[0]		5000111b
	[1]		5000111c
ARR 500010c1 (sz=24, trace=300000, nelems=2, elem type=java.lang.Object[]@50000111)
	[0]		50001117
	[1]		50001118
ARR 500010c2 (sz=24, trace=300000, nelems=2, elem type=java.lang.Object[]@50000111)
	[0]		50001113
	[1]		50001114
ARR 500010c3 (sz=32, trace=300000, nelems=3, elem type=java.lang.Object[]@50000111)
	[0]		5000110a
	[1]		5000110b
	[2]		5000110c
ARR 500010c4 (sz=32, trace=300000, nelems=3, elem type=java.lang.Object[]@50000111)
	[0]		50001101
	[1]		50001102
	[2]		50001103
ARR 500010c5 (sz=32, trace=300000, nelems=3, elem type=java.lang.Object[]@50000111)
	[0]		500010f3
	[1]		500010f4
	[2]		500010f5
ARR 500010c6 (sz=32, trace=300000, nelems=3, elem type=java.lang.Object[]@50000111)
	[0]		500010e5
	[1]		500010e6
	[2]		500010e7
ARR 500010c7 (sz=24, trace=300000, nelems=2, elem type=java.lang.Object[]@50000111)
	[0]		500010e1
	[1]		500010e2
ARR 500010c8 (sz=24, trace=300000, nelems=2, elem type=java.lang.Object[]@50000111)
	[0]		500010dd
	[1]		500010de
ARR 500010c9 (sz=24, trace=300000, nelems=2, elem type=java.lang.Object[]@50000111)
	[0]		500010d9
	[1]		500010da
ARR 500010ca (sz=24, trace=300000, nelems=2, elem type=java.lang.Object[]@50000111)
	[0]		500010d5
	[1]		500010d6
ARR 500010cb (sz=24, trace=300000, nelems=2, elem type=java.lang.Object[]@50000111)
	[0]		500010d1
	[1]		500010d2
ARR 500010cc (sz=24, trace=300000, nelems=2, elem type=java.lang.Object[]@50000111)
	[0]		500010cd
	[1]		500010ce
OBJ 500010cd (sz=24, trace=300000, class=java.lang.String@50000168)
	value		500010d0
OBJ 500010ce (sz=24, trace=300000, class=java.lang.String@50000168)
	value		500010cf
ARR 500010cf (sz=16, trace=300000, nelems=8, elem type=char[])
ARR 500010d0 (sz=16, trace=300000, nelems=8, elem type=char[])
OBJ 500010d1 (sz=24, trace=300000, class=java.lang.String@50000168)
	value		500010d4
OBJ 500010d2 (sz=24, trace=300000, class=java.lang.String@50000168)
	value		500010d3
ARR 500010d3 (sz=12, trace=300000, nelems=6, elem type=char[])
ARR 500010d4 (sz=12, trace=300000, nelems=6, elem type=char[])
OBJ 500010d5 (sz=24, trace=300000, class=java.lang.String@50000168)
	value		500010d8
OBJ 500010d6 (sz=24, trace=300000, class=java.lang.String@50000168)
	value		500010d7
ARR 500010d7 (sz=12, trace=300000, nelems=6, elem type=char[])
ARR 500010d8 (sz=12, trace=300000, nelems=6, elem type=char[])
OBJ 500010d9 (sz=24, trace=300000, class=java.lang.String@50000168)
	value		500010dc
OBJ 500010da (sz=24, trace=300000, class=java.lang.String@50000168)
	value		500010db
ARR 500010db (sz=24, trace=300000, nelems=12, elem type=char[])
ARR 500010dc (sz=28, trace=300000, nelems=14, elem type=char[])
OBJ 500010dd (sz=24, trace=300000, class=java.lang.String@50000168)
	value		500010e0
OBJ 500010de (sz=24, trace=300000, class=java.lang.String@50000168)
	value		500010df
ARR 500010df (sz=12, trace=300000, nelems=6, elem type=char[])
ARR 500010e0 (sz=12, trace=300000, nelems=6, elem type=char[])
OBJ 500010e1 (sz=24, trace=300000, class=java.lang.String@50000168)
	value		500010e4
OBJ 500010e2 (sz=24, trace=300000, class=java.lang.String@50000168)
	value		500010e3
ARR 500010e3 (sz=24, trace=300000, nelems=12, elem type=char[])
ARR 500010e4 (sz=28, trace=300000, nelems=14, elem type=char[])
OBJ 500010e5 (sz=24, trace=300000, class=java.lang.String@50000168)
	value		500010f2
OBJ 500010e6 (sz=24, trace=300000, class=java.lang.String@50000168)
	value		500010f1
ARR 500010e7 (sz=32, trace=300000, nelems=3, elem type=java.lang.Object[]@50000111)
	[0]		500010e8
	[1]		500010e9
	[2]		500010ea
OBJ 500010e8 (sz=24, trace=300000, class=java.lang.String@50000168)
	value		500010f0
OBJ 500010e9 (sz=24, trace=300000, class=java.lang.String@50000168)
	value		500010ef
ARR 500010ea (sz=24, trace=300000, nelems=2, elem type=java.lang.Object[]@50000111)
	[0]		500010eb
	[1]		500010ec
OBJ 500010eb (sz=24, trace=300000, class=java.lang.String@50000168)
	value		500010ee
OBJ 500010ec (sz=24, trace=300000, class=java.lang.String@50000168)
	value		500010ed
ARR 500010ed (sz=24, trace=300000, nelems=12, elem type=char[])
ARR 500010ee (sz=28, trace=300000, nelems=14, elem type=char[])
ARR 500010ef (sz=12, trace=300000, nelems=6, elem type=char[])
ARR 500010f0 (sz=12, trace=300000, nelems=6, elem type=char[])
ARR 500010f1 (sz=12, trace=300000, nelems=6, elem type=char[])
ARR 500010f2 (sz=16, trace=300000, nelems=8, elem type=char[])
OBJ 500010f3 (sz=24, trace=300000, class=java.lang.String@50000168)
	value		50001100
OBJ 500010f4 (sz=24, trace=300000, class=java.lang.String@50000168)
	value		500010ff
ARR 500010f5 (sz=32, trace=300000, nelems=3, elem type=java.lang.Object[]@50000111)
	[0]		500010f6
	[1]		500010f7
	[2]		500010f8
OBJ 500010f6 (sz=24, trace=300000, class=java.lang.String@50000168)
	value		500010fe
OBJ 500010f7 (sz=24, trace=300000, class=java.lang.String@50000168)
	value		500010fd
ARR 500010f8 (sz=24, trace=300000, nelems=2, elem type=java.lang.Object[]@50000111)
	[0]		500010f9
	[1]		500010fa
OBJ 500010f9 (sz=24, trace=300000, class=java.lang.String@50000168)
	value		500010fc
OBJ 500010fa (sz=24, trace=300000, class=java.lang.String@50000168)
	value		500010fb
ARR 500010fb (sz=22, trace=300000, nelems=11, elem type=char[])
ARR 500010fc (sz=22, trace=300000, nelems=11, elem type=char[])
ARR 500010fd (sz=12, trace=300000, nelems=6, elem type=char[])
ARR 500010fe (sz=12, trace=300000, nelems=6, elem type=char[])
ARR 500010ff (sz=12, trace=300000, nelems=6, elem type=char[])
ARR 50001100 (sz=12, trace=300000, nelems=6, elem type=char[])
OBJ 50001101 (sz=24, trace=300000, class=java.lang.String@50000168)
	value		50001109
OBJ 50001102 (sz=24, trace=300000, class=java.lang.String@50000168)
	value		50001108
ARR 50001103 (sz=24, trace=300000, nelems=2, elem type=java.lang.Object[]@50000111)
	[0]		50001104
	[1]		50001105
OBJ 50001104 (sz=24, trace=300000, class=java.lang.String@50000168)
	value		50001107
OBJ 50001105 (sz=24, trace=300000, class=java.lang.String@50000168)
	value		50001106
ARR 50001106 (sz=16, trace=300000, nelems=8, elem type=char[])
ARR 50001107 (sz=16, trace=300000, nelems=8, elem type=char[])
ARR 50001108 (sz=22, trace=300000, nelems=11, elem type=char[])
ARR 50001109 (sz=22, trace=300000, nelems=11, elem type=char[])
OBJ 5000110a (sz=24, trace=300000, class=java.lang.String@50000168)
	value		50001112
OBJ 5000110b (sz=24, trace=300000, class=java.lang.String@50000168)
	value		50001111
ARR 5000110c (sz=24, trace=300000, nelems=2, elem type=java.lang.Object[]@50000111)
	[0]		5000110d
	[1]		5000110e
OBJ 5000110d (sz=24, trace=300000, class=java.lang.String@50000168)
	value		50001110
OBJ 5000110e (sz=24, trace=300000, class=java.lang.String@50000168)
	value		5000110f
ARR 5000110f (sz=12, trace=300000, nelems=6, elem type=char[])
ARR 50001110 (sz=12, trace=300000, nelems=6, elem type=char[])
ARR 50001111 (sz=12, trace=300000, nelems=6, elem type=char[])
ARR 50001112 (sz=12, trace=300000, nelems=6, elem type=char[])
OBJ 50001113 (sz=24, trace=300000, class=java.lang.String@50000168)
	value		50001116
OBJ 50001114 (sz=24, trace=300000, class=java.lang.String@50000168)
	value		50001115
ARR 50001115 (sz=12, trace=300000, nelems=6, elem type=char[])
ARR 50001116 (sz=12, trace=300000, nelems=6, elem type=char[])
OBJ 50001117 (sz=24, trace=300000, class=java.lang.String@50000168)
	value		5000111a
OBJ 50001118 (sz=24, trace=300000, class=java.lang.String@50000168)
	value		50001119
ARR 50001119 (sz=12, trace=300000, nelems=6, elem type=char[])
ARR 5000111a (sz=16, trace=300000, nelems=8, elem type=char[])
OBJ 5000111b (sz=24, trace=300000, class=java.lang.String@50000168)
	value		5000111e
OBJ 5000111c (sz=24, trace=300000, class=java.lang.String@50000168)
	value		5000111d
ARR 5000111d (sz=20, trace=300000, nelems=10, elem type=char[])
ARR 5000111e (sz=20, trace=300000, nelems=10, elem type=char[])
OBJ 5000111f (sz=24, trace=300000, class=java.lang.String@50000168)
	value		50001127
OBJ 50001120 (sz=24, trace=300000, class=java.lang.String@50000168)
	value		50001126
ARR 50001121 (sz=24, trace=300000, nelems=2, elem type=java.lang.Object[]@50000111)
	[0]		50001122
	[1]		50001123
OBJ 50001122 (sz=24, trace=300000, class=java.lang.String@50000168)
	value		50001125
OBJ 50001123 (sz=24, trace=300000, class=java.lang.String@50000168)
	value		50001124
ARR 50001124 (sz=20, trace=300000, nelems=10, elem type=char[])
ARR 50001125 (sz=20, trace=300000, nelems=10, elem type=char[])
ARR 50001126 (sz=12, trace=300000, nelems=6, elem type=char[])
ARR 50001127 (sz=16, trace=300000, nelems=8, elem type=char[])
OBJ 50001128 (sz=24, trace=300000, class=java.lang.String@50000168)
	value		5000112b
OBJ 50001129 (sz=24, trace=300000, class=java.lang.String@50000168)
	value		5000112a
ARR 5000112a (sz=20, trace=300000, nelems=10, elem type=char[])
ARR 5000112b (sz=20, trace=300000, nelems=10, elem type=char[])
OBJ 5000112c (sz=24, trace=300000, class=java.lang.String@50000168)
	value		50001134
OBJ 5000112d (sz=24, trace=300000, class=java.lang.String@50000168)
	value		50001133
ARR 5000112e (sz=24, trace=300000, nelems=2, elem type=java.lang.Object[]@50000111)
	[0]		5000112f
	[1]		50001130
OBJ 5000112f (sz=24, trace=300000, class=java.lang.String@50000168)
	value		50001132
OBJ 50001130 (sz=24, trace=300000, class=java.lang.String@50000168)
	value		50001131
ARR 50001131 (sz=10, trace=300000, nelems=5, elem type=char[])
ARR 50001132 (sz=10, trace=300000, nelems=5, elem type=char[])
ARR 50001133 (sz=20, trace=300000, nelems=10, elem type=char[])
ARR 50001134 (sz=20, trace=300000, nelems=10, elem type=char[])
OBJ 50001135 (sz=24, trace=300000, class=java.lang.String@50000168)
	value		5000113d
OBJ 50001136 (sz=24, trace=300000, class=java.lang.String@50000168)
	value		5000113c
ARR 50001137 (sz=24, trace=300000, nelems=2, elem type=java.lang.Object[]@50000111)
	[0]		50001138
	[1]		50001139
OBJ 50001138 (sz=24, trace=300000, class=java.lang.String@50000168)
	value		5000113b
OBJ 50001139 (sz=24, trace=300000, class=java.lang.String@50000168)
	value		5000113a
ARR 5000113a (sz=20, trace=300000, nelems=10, elem type=char[])
ARR 5000113b (sz=20, trace=300000, nelems=10, elem type=char[])
ARR 5000113c (sz=20, trace=300000, nelems=10, elem type=char[])
ARR 5000113d (sz=20, trace=300000, nelems=10, elem type=char[])
OBJ 5000113e (sz=24, trace=300000, class=java.lang.String@50000168)
	value		50001141
OBJ 5000113f (sz=24, trace=300000, class=java.lang.String@50000168)
	value		50001140
ARR 50001140 (sz=16, trace=300000, nelems=8, elem type=char[])
ARR 50001141 (sz=16, trace=300000, nelems=8, elem type=char[])
OBJ 50001142 (sz=24, trace=300000, class=java.lang.String@50000168)
	value		50001145
OBJ 50001143 (sz=24, trace=300000, class=java.lang.String@50000168)
	value		50001144
ARR 50001144 (sz=12, trace=300000, nelems=6, elem type=char[])
ARR 50001145 (sz=24, trace=300000, nelems=12, elem type=char[])
OBJ 50001146 (sz=24, trace=300000, class=java.lang.String@50000168)
	value		5000114e
OBJ 50001147 (sz=24, trace=300000, class=java.lang.String@50000168)
	value		5000114d
ARR 50001148 (sz=24, trace=300000, nelems=2, elem type=java.lang.Object[]@50000111)
	[0]		50001149
	[1]		5000114a
OBJ 50001149 (sz=24, trace=300000, class=java.lang.String@50000168)
	value		5000114c
OBJ 5000114a (sz=24, trace=300000, class=java.lang.String@50000168)
	value		5000114b
ARR 5000114b (sz=12, trace=300000, nelems=6, elem type=char[])
ARR 5000114c (sz=12, trace=300000, nelems=6, elem type=char[])
ARR 5000114d (sz=12, trace=300000, nelems=6, elem type=char[])
ARR 5000114e (sz=24, trace=300000, nelems=12, elem type=char[])
OBJ 5000114f (sz=24, trace=300000, class=java.lang.String@50000168)
	value		5000115c
OBJ 50001150 (sz=24, trace=300000, class=java.lang.String@50000168)
	value		5000115b
ARR 50001151 (sz=32, trace=300000, nelems=3, elem type=java.lang.Object[]@50000111)
	[0]		50001152
	[1]		50001153
	[2]		50001154
OBJ 50001152 (sz=24, trace=300000, class=java.lang.String@50000168)
	value		5000115a
OBJ 50001153 (sz=24, trace=300000, class=java.lang.String@50000168)
	value		50001159
ARR 50001154 (sz=24, trace=300000, nelems=2, elem type=java.lang.Object[]@50000111)
	[0]		50001155
	[1]		50001156
OBJ 50001155 (sz=24, trace=300000, class=java.lang.String@50000168)
	value		50001158
OBJ 50001156 (sz=24, trace=300000, class=java.lang.String@50000168)
	value		50001157
ARR 50001157 (sz=16, trace=300000, nelems=8, elem type=char[])
ARR 50001158 (sz=16, trace=300000, nelems=8, elem type=char[])
ARR 50001159 (sz=12, trace=300000, nelems=6, elem type=char[])
ARR 5000115a (sz=24, trace=300000, nelems=12, elem type=char[])
ARR 5000115b (sz=12, trace=300000, nelems=6, elem type=char[])
ARR 5000115c (sz=24, trace=300000, nelems=12, elem type=char[])
OBJ 5000115d (sz=24, trace=300000, class=java.lang.String@50000168)
	value		50001165
OBJ 5000115e (sz=24, trace=300000, class=java.lang.String@50000168)
	value		50001164
ARR 5000115f (sz=24, trace=300000, nelems=2, elem type=java.lang.Object[]@50000111)
	[0]		50001160
	[1]		50001161
OBJ 50001160 (sz=24, trace=300000, class=java.lang.String@50000168)
	value		50001163
OBJ 50001161 (sz=24, trace=300000, class=java.lang.String@50000168)
	value		50001162
ARR 50001162 (sz=12, trace=300000, nelems=6, elem type=char[])
ARR 50001163 (sz=24, trace=300000, nelems=12, elem type=char[])
ARR 50001164 (sz=12, trace=300000, nelems=6, elem type=char[])
ARR 50001165 (sz=24, trace=300000, nelems=12, elem type=char[])
OBJ 50001166 (sz=24, trace=300000, class=java.lang.String@50000168)
	value		50001173
OBJ 50001167 (sz=24, trace=300000, class=java.lang.String@50000168)
	value		50001172
ARR 50001168 (sz=32, trace=300000, nelems=3, elem type=java.lang.Object[]@50000111)
	[0]		50001169
	[1]		5000116a
	[2]		5000116b
OBJ 50001169 (sz=24, trace=300000, class=java.lang.String@50000168)
	value		50001171
OBJ 5000116a (sz=24, trace=300000, class=java.lang.String@50000168)
	value		50001170
ARR 5000116b (sz=24, trace=300000, nelems=2, elem type=java.lang.Object[]@50000111)
	[0]		5000116c
	[1]		5000116d
OBJ 5000116c (sz=24, trace=300000, class=java.lang.String@50000168)
	value		5000116f
OBJ 5000116d (sz=24, trace=300000, class=java.lang.String@50000168)
	value		5000116e
ARR 5000116e (sz=16, trace=300000, nelems=8, elem type=char[])
ARR 5000116f (sz=16, trace=300000, nelems=8, elem type=char[])
ARR 50001170 (sz=12, trace=300000, nelems=6, elem type=char[])
ARR 50001171 (sz=12, trace=300000, nelems=6, elem type=char[])
ARR 50001172 (sz=12, trace=300000, nelems=6, elem type=char[])
ARR 50001173 (sz=12, trace=300000, nelems=6, elem type=char[])
OBJ 50001174 (sz=24, trace=300000, class=java.lang.String@50000168)
	value		50001177
OBJ 50001175 (sz=24, trace=300000, class=java.lang.String@50000168)
	value		50001176
ARR 50001176 (sz=12, trace=300000, nelems=6, elem type=char[])
ARR 50001177 (sz=12, trace=300000, nelems=6, elem type=char[])
ARR 50001178 (sz=4112, trace=300000, nelems=1016, elem type=java.lang.Object[]@50000111)
	[1]		50001179
	[2]		5000117a
	[3]		5000117b
	[5]		5000117c
	[6]		5000117d
	[10]		5000117e
	[19]		5000117f
	[24]		50001180
	[25]		50001181
	[26]		50001182
	[28]		50001183
	[29]		50001184
	[55]		50001185
	[58]		50001186
	[86]		50001187
	[87]		50001188
	[89]		50001189
	[90]		5000118a
	[92]		5000118b
	[94]		5000118c
	[95]		5000118d
	[96]		5000118e
	[106]		5000118f
	[121]		50001190
	[125]		50001191
	[134]		50001192
	[137]		50001193
	[141]		50001194
	[143]		50001195
	[144]		50001196
	[170]		50001197
	[173]		50001198
	[177]		50001199
	[192]		5000119a
	[199]		5000119b
	[205]		5000119c
	[211]		5000119d
	[213]		5000119e
	[216]		5000119f
	[218]		500011a0
	[219]		500011a1
	[225]		500011a2
	[244]		500011a3
	[248]		500011a4
	[253]		500011a5
	[254]		500011a6
	[259]		500011a7
	[269]		500011a8
	[277]		500011a9
	[280]		500011aa
	[283]		500011ab
	[284]		500011ac
	[286]		500011ad
	[287]		500011ae
	[289]		500011af
	[291]		500011b0
	[294]		500011b1
	[296]		500011b2
	[297]		500011b3
	[305]		500011b4
	[307]		500011b5
	[312]		500011b6
	[321]		500011b7
	[323]		500011b8
	[324]		500011b9
	[325]		500011ba
	[326]		500011bb
	[327]		500011bc
	[328]		500011bd
	[329]		500011be
	[331]		500011bf
	[333]		500011c0
	[334]		500011c1
	[336]		500011c2
	[339]		500011c3
	[341]		500011c4
	[345]		500011c5
	[350]		500011c6
	[353]		500011c7
	[358]		500011c8
	[359]		500011c9
	[363]		500011ca
	[364]		500011cb
	[378]		500011cc
	[385]		500011cd
	[391]		500011ce
	[392]		500011cf
	[405]		500011d0
	[406]		500011d1
	[408]		500011d2
	[421]		500011d3
	[428]		500011d4
	[429]		500011d5
	[430]		500011d6
	[432]		500011d7
	[433]		500011d8
	[436]		500011d9
	[437]		500011da
	[438]		500011db
	[443]		500011dc
	[456]		500011dd
	[473]		500011de
	[479]		500011df
	[481]		500011e0
	[484]		500011e1
	[486]		500011e2
	[487]		500011e3
	[502]		500011e4
	[506]		500011e5
	[508]		500011e6
	[511]		500011e7
	[512]		500011e8
	[513]		500011e9
	[514]		500011ea
	[516]		500011eb
	[520]		500011ec
	[523]		500011ed
	[524]		500011ee
	[533]		500011ef
	[537]		500011f0
	[539]		500011f1
	[543]		500011f2
	[545]		500011f3
	[563]		500011f4
	[572]		500011f5
	[573]		500011f6
	[577]		500011f7
	[582]		500011f8
	[583]		500011f9
	[588]		500011fa
	[593]		500011fb
	[598]		500011fc
	[609]		500011fd
	[617]		500011fe
	[618]		500011ff
	[619]		50001200
	[620]		50001201
	[621]		50001202
	[624]		50001203
	[628]		50001204
	[632]		50001205
	[634]		50001206
	[635]		50001207
	[636]		50001208
	[654]		50001209
	[669]		5000120a
	[670]		5000120b
	[671]		5000120c
	[676]		5000120d
	[679]		5000120e
	[686]		5000120f
	[703]		50001210
	[710]		50001211
	[712]		50001212
	[732]		50001213
	[733]		50001214
	[768]		50001215
	[774]		50001216
	[781]		50001217
	[782]		50001218
	[783]		50001219
	[784]		5000121a
	[785]		5000121b
	[787]		5000121c
	[789]		5000121d
	[813]		5000121e
	[818]		5000121f
	[832]		50001220
	[834]		50001221
	[835]		50001222
	[836]		50001223
	[837]		50001224
	[838]		50001225
	[840]		50001226
	[842]		50001227
	[843]		50001228
	[846]		50001229
	[849]		5000122a
	[863]		5000122b
	[881]		5000122c
	[896]		5000122d
	[909]		5000122e
	[910]		5000122f
	[911]		50001230
	[912]		50001231
	[925]		50001232
	[934]		50001233
	[937]		50001234
	[944]		50001235
	[957]		50001236
	[993]		50001237
	[1009]		50001238
	[1015]		50001239
ARR 50001179 (sz=24, trace=300000, nelems=2, elem type=java.lang.Object[]@50000111)
	[0]		500013de
	[1]		500010f9
ARR 5000117a (sz=24, trace=300000, nelems=2, elem type=java.lang.Object[]@50000111)
	[0]		500013dc
	[1]		50001138
ARR 5000117b (sz=24, trace=300000, nelems=2, elem type=java.lang.Object[]@50000111)
	[0]		500013da
	[1]		50001135
ARR 5000117c (sz=24, trace=300000, nelems=2, elem type=java.lang.Object[]@50000111)
	[0]		500013d8
	[1]		5000112c
ARR 5000117d (sz=24, trace=300000, nelems=2, elem type=java.lang.Object[]@50000111)
	[0]		500013d6
	[1]		5000111b
ARR 5000117e (sz=24, trace=300000, nelems=2, elem type=java.lang.Object[]@50000111)
	[0]		500013d4
	[1]		500010f9
ARR 5000117f (sz=24, trace=300000, nelems=2, elem type=java.lang.Object[]@50000111)
	[0]		500013d2
	[1]		500010e1
ARR 50001180 (sz=24, trace=300000, nelems=2, elem type=java.lang.Object[]@50000111)
	[0]		500013d0
	[1]		50001104
ARR 50001181 (sz=24, trace=300000, nelems=2, elem type=java.lang.Object[]@50000111)
	[0]		500013ce
	[1]		50001122
ARR 50001182 (sz=24, trace=300000, nelems=2, elem type=java.lang.Object[]@50000111)
	[0]		500013cc
	[1]		50001135
ARR 50001183 (sz=24, trace=300000, nelems=2, elem type=java.lang.Object[]@50000111)
	[0]		500013ca
	[1]		5000112c
ARR 50001184 (sz=24, trace=300000, nelems=2, elem type=java.lang.Object[]@50000111)
	[0]		500013c8
	[1]		50001128
ARR 50001185 (sz=24, trace=300000, nelems=2, elem type=java.lang.Object[]@50000111)
	[0]		500013c6
	[1]		5000111b
ARR 50001186 (sz=24, trace=300000, nelems=2, elem type=java.lang.Object[]@50000111)
	[0]		500013c4
	[1]		500010f9
ARR 50001187 (sz=32, trace=300000, nelems=3, elem type=java.lang.Object[]@50000111)
	[0]		500013bf
	[1]		50001128
	[2]		500013c0
ARR 50001188 (sz=24, trace=300000, nelems=2, elem type=java.lang.Object[]@50000111)
	[0]		500013bd
	[1]		50001135
ARR 50001189 (sz=24, trace=300000, nelems=2, elem type=java.lang.Object[]@50000111)
	[0]		500013bb
	[1]		5000112c
ARR 5000118a (sz=32, trace=300000, nelems=3, elem type=java.lang.Object[]@50000111)
	[0]		500013b6
	[1]		50001122
	[2]		500013b7
ARR 5000118b (sz=24, trace=300000, nelems=2, elem type=java.lang.Object[]@50000111)
	[0]		500013b4
	[1]		50001122
ARR 5000118c (sz=24, trace=300000, nelems=2, elem type=java.lang.Object[]@50000111)
	[0]		500013b2
	[1]		5000111b
ARR 5000118d (sz=24, trace=300000, nelems=2, elem type=java.lang.Object[]@50000111)
	[0]		500013b0
	[1]		50001138
ARR 5000118e (sz=24, trace=300000, nelems=2, elem type=java.lang.Object[]@50000111)
	[0]		500013ae
	[1]		50001138
ARR 5000118f (sz=24, trace=300000, nelems=2, elem type=java.lang.Object[]@50000111)
	[0]		500013ac
	[1]		5000112f
ARR 50001190 (sz=24, trace=300000, nelems=2, elem type=java.lang.Object[]@50000111)
	[0]		500013aa
	[1]		5000116c
ARR 50001191 (sz=24, trace=300000, nelems=2, elem type=java.lang.Object[]@50000111)
	[0]		500013a8
	[1]		50001122
ARR 50001192 (sz=24, trace=300000, nelems=2, elem type=java.lang.Object[]@50000111)
	[0]		500013a6
	[1]		500010d5
ARR 50001193 (sz=24, trace=300000, nelems=2, elem type=java.lang.Object[]@50000111)
	[0]		500013a4
	[1]		500010d1
ARR 50001194 (sz=24, trace=300000, nelems=2, elem type=java.lang.Object[]@50000111)
	[0]		500013a2
	[1]		50001135
ARR 50001195 (sz=24, trace=300000, nelems=2, elem type=java.lang.Object[]@50000111)
	[0]		500013a0
	[1]		5000112c
ARR 50001196 (sz=24, trace=300000, nelems=2, elem type=java.lang.Object[]@50000111)
	[0]		5000139e
	[1]		50001128
ARR 50001197 (sz=24, trace=300000, nelems=2, elem type=java.lang.Object[]@50000111)
	[0]		5000139c
	[1]		5000111b
ARR 50001198 (sz=24, trace=300000, nelems=2, elem type=java.lang.Object[]@50000111)
	[0]		5000139a
	[1]		500010f9
ARR 50001199 (sz=24, trace=300000, nelems=2, elem type=java.lang.Object[]@50000111)
	[0]		50001398
	[1]		500010eb
ARR 5000119a (sz=24, trace=300000, nelems=2, elem type=java.lang.Object[]@50000111)
	[0]		50001396
	[1]		5000113e
ARR 5000119b (sz=32, trace=300000, nelems=3, elem type=java.lang.Object[]@50000111)
	[0]		50001391
	[1]		500010f6
	[2]		50001392
ARR 5000119c (sz=24, trace=300000, nelems=2, elem type=java.lang.Object[]@50000111)
	[0]		5000138f
	[1]		50001122
ARR 5000119d (sz=32, trace=300000, nelems=3, elem type=java.lang.Object[]@50000111)
	[0]		5000138a
	[1]		50001113
	[2]		5000138b
ARR 5000119e (sz=24, trace=300000, nelems=2, elem type=java.lang.Object[]@50000111)
	[0]		50001388
	[1]		5000110a
ARR 5000119f (sz=24, trace=300000, nelems=2, elem type=java.lang.Object[]@50000111)
	[0]		50001386
	[1]		500010f3
ARR 500011a0 (sz=32, trace=300000, nelems=3, elem type=java.lang.Object[]@50000111)
	[0]		50001381
	[1]		500010e8
	[2]		50001382
ARR 500011a1 (sz=32, trace=300000, nelems=3, elem type=java.lang.Object[]@50000111)
	[0]		5000137c
	[1]		500010e5
	[2]		5000137d
ARR 500011a2 (sz=24, trace=300000, nelems=2, elem type=java.lang.Object[]@50000111)
	[0]		5000137a
	[1]		50001104
ARR 500011a3 (sz=24, trace=300000, nelems=2, elem type=java.lang.Object[]@50000111)
	[0]		50001378
	[1]		50001174
ARR 500011a4 (sz=24, trace=300000, nelems=2, elem type=java.lang.Object[]@50000111)
	[0]		50001376
	[1]		50001166
ARR 500011a5 (sz=24, trace=300000, nelems=2, elem type=java.lang.Object[]@50000111)
	[0]		50001374
	[1]		50001155
ARR 500011a6 (sz=24, trace=300000, nelems=2, elem type=java.lang.Object[]@50000111)
	[0]		50001372
	[1]		50001135
ARR 500011a7 (sz=24, trace=300000, nelems=2, elem type=java.lang.Object[]@50000111)
	[0]		50001370
	[1]		50001149
ARR 500011a8 (sz=24, trace=300000, nelems=2, elem type=java.lang.Object[]@50000111)
	[0]		5000136e
	[1]		500010f9
ARR 500011a9 (sz=24, trace=300000, nelems=2, elem type=java.lang.Object[]@50000111)
	[0]		5000136c
	[1]		5000111f
ARR 500011aa (sz=24, trace=300000, nelems=2, elem type=java.lang.Object[]@50000111)
	[0]		5000136a
	[1]		5000116c
ARR 500011ab (sz=24, trace=300000, nelems=2, elem type=java.lang.Object[]@50000111)
	[0]		50001368
	[1]		50001138
ARR 500011ac (sz=24, trace=300000, nelems=2, elem type=java.lang.Object[]@50000111)
	[0]		50001366
	[1]		50001135
ARR 500011ad (sz=24, trace=300000, nelems=2, elem type=java.lang.Object[]@50000111)
	[0]		50001364
	[1]		5000112c
ARR 500011ae (sz=24, trace=300000, nelems=2, elem type=java.lang.Object[]@50000111)
	[0]		50001362
	[1]		50001128
ARR 500011af (sz=24, trace=300000, nelems=2, elem type=java.lang.Object[]@50000111)
	[0]		50001360
	[1]		50001122
ARR 500011b0 (sz=24, trace=300000, nelems=2, elem type=java.lang.Object[]@50000111)
	[0]		5000135e
	[1]		5000111b
ARR 500011b1 (sz=24, trace=300000, nelems=2, elem type=java.lang.Object[]@50000111)
	[0]		5000135c
	[1]		50001135
ARR 500011b2 (sz=24, trace=300000, nelems=2, elem type=java.lang.Object[]@50000111)
	[0]		5000135a
	[1]		5000112c
ARR 500011b3 (sz=24, trace=300000, nelems=2, elem type=java.lang.Object[]@50000111)
	[0]		50001358
	[1]		50001128
ARR 500011b4 (sz=24, trace=300000, nelems=2, elem type=java.lang.Object[]@50000111)
	[0]		50001356
	[1]		50001101
ARR 500011b5 (sz=24, trace=300000, nelems=2, elem type=java.lang.Object[]@50000111)
	[0]		50001354
	[1]		500010f9
ARR 500011b6 (sz=32, trace=300000, nelems=3, elem type=java.lang.Object[]@50000111)
	[0]		5000134f
	[1]		50001122
	[2]		50001350
ARR 500011b7 (sz=24, trace=300000, nelems=2, elem type=java.lang.Object[]@50000111)
	[0]		5000134d
	[1]		50001135
ARR 500011b8 (sz=32, trace=300000, nelems=3, elem type=java.lang.Object[]@50000111)
	[0]		50001348
	[1]		5000111b
	[2]		50001349
ARR 500011b9 (sz=24, trace=300000, nelems=2, elem type=java.lang.Object[]@50000111)
	[0]		50001346
	[1]		50001128
ARR 500011ba (sz=24, trace=300000, nelems=2, elem type=java.lang.Object[]@50000111)
	[0]		50001344
	[1]		50001138
ARR 500011bb (sz=32, trace=300000, nelems=3, elem type=java.lang.Object[]@50000111)
	[0]		5000133c
	[1]		50001113
	[2]		5000133d
ARR 500011bc (sz=24, trace=300000, nelems=2, elem type=java.lang.Object[]@50000111)
	[0]		5000133a
	[1]		50001128
ARR 500011bd (sz=32, trace=300000, nelems=3, elem type=java.lang.Object[]@50000111)
	[0]		50001335
	[1]		5000110a
	[2]		50001336
ARR 500011be (sz=24, trace=300000, nelems=2, elem type=java.lang.Object[]@50000111)
	[0]		50001333
	[1]		5000111b
ARR 500011bf (sz=24, trace=300000, nelems=2, elem type=java.lang.Object[]@50000111)
	[0]		50001331
	[1]		500010f3
ARR 500011c0 (sz=32, trace=300000, nelems=3, elem type=java.lang.Object[]@50000111)
	[0]		5000132c
	[1]		500010e8
	[2]		5000132d
ARR 500011c1 (sz=32, trace=300000, nelems=3, elem type=java.lang.Object[]@50000111)
	[0]		50001327
	[1]		500010e5
	[2]		50001328
ARR 500011c2 (sz=24, trace=300000, nelems=2, elem type=java.lang.Object[]@50000111)
	[0]		50001325
	[1]		50001138
ARR 500011c3 (sz=24, trace=300000, nelems=2, elem type=java.lang.Object[]@50000111)
	[0]		50001323
	[1]		500010d5
ARR 500011c4 (sz=24, trace=300000, nelems=2, elem type=java.lang.Object[]@50000111)
	[0]		50001321
	[1]		5000110d
ARR 500011c5 (sz=24, trace=300000, nelems=2, elem type=java.lang.Object[]@50000111)
	[0]		5000131f
	[1]		5000111b
ARR 500011c6 (sz=24, trace=300000, nelems=2, elem type=java.lang.Object[]@50000111)
	[0]		5000131d
	[1]		5000111b
ARR 500011c7 (sz=24, trace=300000, nelems=2, elem type=java.lang.Object[]@50000111)
	[0]		5000131b
	[1]		500010f9
ARR 500011c8 (sz=24, trace=300000, nelems=2, elem type=java.lang.Object[]@50000111)
	[0]		50001319
	[1]		50001122
ARR 500011c9 (sz=24, trace=300000, nelems=2, elem type=java.lang.Object[]@50000111)
	[0]		50001317
	[1]		50001174
ARR 500011ca (sz=24, trace=300000, nelems=2, elem type=java.lang.Object[]@50000111)
	[0]		50001315
	[1]		50001166
ARR 500011cb (sz=24, trace=300000, nelems=2, elem type=java.lang.Object[]@50000111)
	[0]		50001313
	[1]		50001138
ARR 500011cc (sz=24, trace=300000, nelems=2, elem type=java.lang.Object[]@50000111)
	[0]		50001311
	[1]		50001104
ARR 500011cd (sz=24, trace=300000, nelems=2, elem type=java.lang.Object[]@50000111)
	[0]		5000130f
	[1]		50001122
ARR 500011ce (sz=24, trace=300000, nelems=2, elem type=java.lang.Object[]@50000111)
	[0]		5000130d
	[1]		50001138
ARR 500011cf (sz=24, trace=300000, nelems=2, elem type=java.lang.Object[]@50000111)
	[0]		5000130b
	[1]		5000111f
ARR 500011d0 (sz=24, trace=300000, nelems=2, elem type=java.lang.Object[]@50000111)
	[0]		50001309
	[1]		50001138
ARR 500011d1 (sz=24, trace=300000, nelems=2, elem type=java.lang.Object[]@50000111)
	[0]		50001307
	[1]		50001135
ARR 500011d2 (sz=24, trace=300000, nelems=2, elem type=java.lang.Object[]@50000111)
	[0]		50001305
	[1]		500010f6
ARR 500011d3 (sz=24, trace=300000, nelems=2, elem type=java.lang.Object[]@50000111)
	[0]		500010f9
	[1]		500010f9
ARR 500011d4 (sz=24, trace=300000, nelems=2, elem type=java.lang.Object[]@50000111)
	[0]		50001303
	[1]		500010f9
ARR 500011d5 (sz=24, trace=300000, nelems=2, elem type=java.lang.Object[]@50000111)
	[0]		50001301
	[1]		50001138
ARR 500011d6 (sz=24, trace=300000, nelems=2, elem type=java.lang.Object[]@50000111)
	[0]		500012ff
	[1]		50001135
ARR 500011d7 (sz=24, trace=300000, nelems=2, elem type=java.lang.Object[]@50000111)
	[0]		500012fd
	[1]		5000112c
ARR 500011d8 (sz=24, trace=300000, nelems=2, elem type=java.lang.Object[]@50000111)
	[0]		500012fb
	[1]		5000111b
ARR 500011d9 (sz=24, trace=300000, nelems=2, elem type=java.lang.Object[]@50000111)
	[0]		500012f9
	[1]		5000112c
ARR 500011da (sz=24, trace=300000, nelems=2, elem type=java.lang.Object[]@50000111)
	[0]		500012f7
	[1]		500010f9
ARR 500011db (sz=24, trace=300000, nelems=2, elem type=java.lang.Object[]@50000111)
	[0]		500012f5
	[1]		50001104
ARR 500011dc (sz=24, trace=300000, nelems=2, elem type=java.lang.Object[]@50000111)
	[0]		500012f3
	[1]		500010d9
ARR 500011dd (sz=24, trace=300000, nelems=2, elem type=java.lang.Object[]@50000111)
	[0]		500012f1
	[1]		5000110d
ARR 500011de (sz=24, trace=300000, nelems=2, elem type=java.lang.Object[]@50000111)
	[0]		500012ef
	[1]		50001122
ARR 500011df (sz=24, trace=300000, nelems=2, elem type=java.lang.Object[]@50000111)
	[0]		50001113
	[1]		50001113
ARR 500011e0 (sz=24, trace=300000, nelems=2, elem type=java.lang.Object[]@50000111)
	[0]		5000110a
	[1]		5000110a
ARR 500011e1 (sz=24, trace=300000, nelems=2, elem type=java.lang.Object[]@50000111)
	[0]		500010f3
	[1]		500010f3
ARR 500011e2 (sz=24, trace=300000, nelems=2, elem type=java.lang.Object[]@50000111)
	[0]		500010e8
	[1]		500010e8
ARR 500011e3 (sz=24, trace=300000, nelems=2, elem type=java.lang.Object[]@50000111)
	[0]		500012ed
	[1]		50001117
ARR 500011e4 (sz=24, trace=300000, nelems=2, elem type=java.lang.Object[]@50000111)
	[0]		500012eb
	[1]		5000116c
ARR 500011e5 (sz=24, trace=300000, nelems=2, elem type=java.lang.Object[]@50000111)
	[0]		500012e9
	[1]		50001113
ARR 500011e6 (sz=24, trace=300000, nelems=2, elem type=java.lang.Object[]@50000111)
	[0]		500012e7
	[1]		5000110a
ARR 500011e7 (sz=24, trace=300000, nelems=2, elem type=java.lang.Object[]@50000111)
	[0]		500012e5
	[1]		500010f3
ARR 500011e8 (sz=24, trace=300000, nelems=2, elem type=java.lang.Object[]@50000111)
	[0]		50001174
	[1]		50001174
ARR 500011e9 (sz=24, trace=300000, nelems=2, elem type=java.lang.Object[]@50000111)
	[0]		500012e3
	[1]		500010e8
ARR 500011ea (sz=24, trace=300000, nelems=2, elem type=java.lang.Object[]@50000111)
	[0]		500012e1
	[1]		50001117
ARR 500011eb (sz=24, trace=300000, nelems=2, elem type=java.lang.Object[]@50000111)
	[0]		50001166
	[1]		50001166
ARR 500011ec (sz=24, trace=300000, nelems=2, elem type=java.lang.Object[]@50000111)
	[0]		500012df
	[1]		5000113e
ARR 500011ed (sz=24, trace=300000, nelems=2, elem type=java.lang.Object[]@50000111)
	[0]		500012dd
	[1]		500010f6
ARR 500011ee (sz=24, trace=300000, nelems=2, elem type=java.lang.Object[]@50000111)
	[0]		500012db
	[1]		50001149
ARR 500011ef (sz=24, trace=300000, nelems=2, elem type=java.lang.Object[]@50000111)
	[0]		500012d9
	[1]		50001128
ARR 500011f0 (sz=24, trace=300000, nelems=2, elem type=java.lang.Object[]@50000111)
	[0]		500012d7
	[1]		5000111b
ARR 500011f1 (sz=24, trace=300000, nelems=2, elem type=java.lang.Object[]@50000111)
	[0]		500012d5
	[1]		50001174
ARR 500011f2 (sz=24, trace=300000, nelems=2, elem type=java.lang.Object[]@50000111)
	[0]		500012d3
	[1]		50001166
ARR 500011f3 (sz=24, trace=300000, nelems=2, elem type=java.lang.Object[]@50000111)
	[0]		500012d1
	[1]		5000111f
ARR 500011f4 (sz=24, trace=300000, nelems=2, elem type=java.lang.Object[]@50000111)
	[0]		500012cf
	[1]		500010cd
ARR 500011f5 (sz=24, trace=300000, nelems=2, elem type=java.lang.Object[]@50000111)
	[0]		500012cd
	[1]		5000111f
ARR 500011f6 (sz=24, trace=300000, nelems=2, elem type=java.lang.Object[]@50000111)
	[0]		500012cb
	[1]		5000112c
ARR 500011f7 (sz=24, trace=300000, nelems=2, elem type=java.lang.Object[]@50000111)
	[0]		500012c9
	[1]		50001104
ARR 500011f8 (sz=24, trace=300000, nelems=2, elem type=java.lang.Object[]@50000111)
	[0]		500012c7
	[1]		50001169
ARR 500011f9 (sz=24, trace=300000, nelems=2, elem type=java.lang.Object[]@50000111)
	[0]		500012c5
	[1]		500010e5
ARR 500011fa (sz=24, trace=300000, nelems=2, elem type=java.lang.Object[]@50000111)
	[0]		500012c3
	[1]		50001122
ARR 500011fb (sz=24, trace=300000, nelems=2, elem type=java.lang.Object[]@50000111)
	[0]		500012c1
	[1]		50001122
ARR 500011fc (sz=24, trace=300000, nelems=2, elem type=java.lang.Object[]@50000111)
	[0]		500012bf
	[1]		500010e8
ARR 500011fd (sz=24, trace=300000, nelems=2, elem type=java.lang.Object[]@50000111)
	[0]		5000110d
	[1]		5000110d
ARR 500011fe (sz=24, trace=300000, nelems=2, elem type=java.lang.Object[]@50000111)
	[0]		500012bd
	[1]		50001160
ARR 500011ff (sz=24, trace=300000, nelems=2, elem type=java.lang.Object[]@50000111)
	[0]		500012bb
	[1]		5000115d
ARR 50001200 (sz=24, trace=300000, nelems=2, elem type=java.lang.Object[]@50000111)
	[0]		500012b9
	[1]		50001152
ARR 50001201 (sz=24, trace=300000, nelems=2, elem type=java.lang.Object[]@50000111)
	[0]		500012b7
	[1]		5000114f
ARR 50001202 (sz=24, trace=300000, nelems=2, elem type=java.lang.Object[]@50000111)
	[0]		500012b5
	[1]		50001146
ARR 50001203 (sz=32, trace=300000, nelems=3, elem type=java.lang.Object[]@50000111)
	[0]		500012b0
	[1]		50001174
	[2]		500012b1
ARR 50001204 (sz=32, trace=300000, nelems=3, elem type=java.lang.Object[]@50000111)
	[0]		500012ab
	[1]		50001166
	[2]		500012ac
ARR 50001205 (sz=24, trace=300000, nelems=2, elem type=java.lang.Object[]@50000111)
	[0]		500012a9
	[1]		50001101
ARR 50001206 (sz=32, trace=300000, nelems=3, elem type=java.lang.Object[]@50000111)
	[0]		500012a4
	[1]		500010f9
	[2]		500012a5
ARR 50001207 (sz=24, trace=300000, nelems=2, elem type=java.lang.Object[]@50000111)
	[0]		500012a2
	[1]		500010d9
ARR 50001208 (sz=24, trace=300000, nelems=2, elem type=java.lang.Object[]@50000111)
	[0]		500012a0
	[1]		5000110d
ARR 50001209 (sz=24, trace=300000, nelems=2, elem type=java.lang.Object[]@50000111)
	[0]		5000129e
	[1]		500010e5
ARR 5000120a (sz=24, trace=300000, nelems=2, elem type=java.lang.Object[]@50000111)
	[0]		5000129c
	[1]		50001101
ARR 5000120b (sz=24, trace=300000, nelems=2, elem type=java.lang.Object[]@50000111)
	[0]		5000129a
	[1]		50001104
ARR 5000120c (sz=24, trace=300000, nelems=2, elem type=java.lang.Object[]@50000111)
	[0]		50001298
	[1]		500010f9
ARR 5000120d (sz=24, trace=300000, nelems=2, elem type=java.lang.Object[]@50000111)
	[0]		500010f6
	[1]		500010f6
ARR 5000120e (sz=24, trace=300000, nelems=2, elem type=java.lang.Object[]@50000111)
	[0]		50001296
	[1]		50001104
ARR 5000120f (sz=24, trace=300000, nelems=2, elem type=java.lang.Object[]@50000111)
	[0]		50001294
	[1]		5000113e
ARR 50001210 (sz=24, trace=300000, nelems=2, elem type=java.lang.Object[]@50000111)
	[0]		50001292
	[1]		500010f6
ARR 50001211 (sz=24, trace=300000, nelems=2, elem type=java.lang.Object[]@50000111)
	[0]		50001290
	[1]		50001101
ARR 50001212 (sz=24, trace=300000, nelems=2, elem type=java.lang.Object[]@50000111)
	[0]		5000128e
	[1]		500010f9
ARR 50001213 (sz=24, trace=300000, nelems=2, elem type=java.lang.Object[]@50000111)
	[0]		5000128c
	[1]		50001128
ARR 50001214 (sz=24, trace=300000, nelems=2, elem type=java.lang.Object[]@50000111)
	[0]		5000128a
	[1]		50001149
ARR 50001215 (sz=24, trace=300000, nelems=2, elem type=java.lang.Object[]@50000111)
	[0]		50001288
	[1]		50001122
ARR 50001216 (sz=24, trace=300000, nelems=2, elem type=java.lang.Object[]@50000111)
	[0]		50001286
	[1]		50001104
ARR 50001217 (sz=24, trace=300000, nelems=2, elem type=java.lang.Object[]@50000111)
	[0]		50001284
	[1]		50001138
ARR 50001218 (sz=24, trace=300000, nelems=2, elem type=java.lang.Object[]@50000111)
	[0]		50001282
	[1]		50001135
ARR 50001219 (sz=24, trace=300000, nelems=2, elem type=java.lang.Object[]@50000111)
	[0]		50001280
	[1]		500010d5
ARR 5000121a (sz=24, trace=300000, nelems=2, elem type=java.lang.Object[]@50000111)
	[0]		5000127e
	[1]		5000112c
ARR 5000121b (sz=24, trace=300000, nelems=2, elem type=java.lang.Object[]@50000111)
	[0]		5000127c
	[1]		50001128
ARR 5000121c (sz=24, trace=300000, nelems=2, elem type=java.lang.Object[]@50000111)
	[0]		5000127a
	[1]		50001122
ARR 5000121d (sz=24, trace=300000, nelems=2, elem type=java.lang.Object[]@50000111)
	[0]		50001278
	[1]		5000111b
ARR 5000121e (sz=24, trace=300000, nelems=2, elem type=java.lang.Object[]@50000111)
	[0]		50001276
	[1]		500010e5
ARR 5000121f (sz=24, trace=300000, nelems=2, elem type=java.lang.Object[]@50000111)
	[0]		50001274
	[1]		50001174
ARR 50001220 (sz=24, trace=300000, nelems=2, elem type=java.lang.Object[]@50000111)
	[0]		50001272
	[1]		50001104
ARR 50001221 (sz=24, trace=300000, nelems=2, elem type=java.lang.Object[]@50000111)
	[0]		50001270
	[1]		50001138
ARR 50001222 (sz=32, trace=300000, nelems=3, elem type=java.lang.Object[]@50000111)
	[0]		5000126b
	[1]		50001135
	[2]		5000126c
ARR 50001223 (sz=24, trace=300000, nelems=2, elem type=java.lang.Object[]@50000111)
	[0]		50001269
	[1]		50001122
ARR 50001224 (sz=24, trace=300000, nelems=2, elem type=java.lang.Object[]@50000111)
	[0]		50001267
	[1]		5000112c
ARR 50001225 (sz=24, trace=300000, nelems=2, elem type=java.lang.Object[]@50000111)
	[0]		50001265
	[1]		50001128
ARR 50001226 (sz=32, trace=300000, nelems=3, elem type=java.lang.Object[]@50000111)
	[0]		50001260
	[1]		5000110a
	[2]		50001261
ARR 50001227 (sz=24, trace=300000, nelems=2, elem type=java.lang.Object[]@50000111)
	[0]		5000125e
	[1]		5000111b
ARR 50001228 (sz=24, trace=300000, nelems=2, elem type=java.lang.Object[]@50000111)
	[0]		5000125c
	[1]		500010f3
ARR 50001229 (sz=24, trace=300000, nelems=2, elem type=java.lang.Object[]@50000111)
	[0]		5000125a
	[1]		500010f6
ARR 5000122a (sz=24, trace=300000, nelems=2, elem type=java.lang.Object[]@50000111)
	[0]		50001258
	[1]		50001104
ARR 5000122b (sz=24, trace=300000, nelems=2, elem type=java.lang.Object[]@50000111)
	[0]		50001256
	[1]		500010dd
ARR 5000122c (sz=24, trace=300000, nelems=2, elem type=java.lang.Object[]@50000111)
	[0]		50001254
	[1]		5000112f
ARR 5000122d (sz=24, trace=300000, nelems=2, elem type=java.lang.Object[]@50000111)
	[0]		50001252
	[1]		50001104
ARR 5000122e (sz=24, trace=300000, nelems=2, elem type=java.lang.Object[]@50000111)
	[0]		50001250
	[1]		50001160
ARR 5000122f (sz=24, trace=300000, nelems=2, elem type=java.lang.Object[]@50000111)
	[0]		5000124e
	[1]		5000115d
ARR 50001230 (sz=24, trace=300000, nelems=2, elem type=java.lang.Object[]@50000111)
	[0]		5000124c
	[1]		50001152
ARR 50001231 (sz=24, trace=300000, nelems=2, elem type=java.lang.Object[]@50000111)
	[0]		5000124a
	[1]		5000114f
ARR 50001232 (sz=24, trace=300000, nelems=2, elem type=java.lang.Object[]@50000111)
	[0]		50001248
	[1]		50001104
ARR 50001233 (sz=24, trace=300000, nelems=2, elem type=java.lang.Object[]@50000111)
	[0]		50001246
	[1]		50001146
ARR 50001234 (sz=24, trace=300000, nelems=2, elem type=java.lang.Object[]@50000111)
	[0]		50001244
	[1]		50001142
ARR 50001235 (sz=24, trace=300000, nelems=2, elem type=java.lang.Object[]@50000111)
	[0]		50001242
	[1]		500010cd
ARR 50001236 (sz=24, trace=300000, nelems=2, elem type=java.lang.Object[]@50000111)
	[0]		50001240
	[1]		50001149
ARR 50001237 (sz=24, trace=300000, nelems=2, elem type=java.lang.Object[]@50000111)
	[0]		5000123e
	[1]		50001113
ARR 50001238 (sz=24, trace=300000, nelems=2, elem type=java.lang.Object[]@50000111)
	[0]		5000123c
	[1]		500010eb
ARR 50001239 (sz=24, trace=300000, nelems=2, elem type=java.lang.Object[]@50000111)
	[0]		5000123a
	[1]		50001169
OBJ 5000123a (sz=24, trace=300000, class=java.lang.String@50000168)
	value		5000123b
ARR 5000123b (sz=12, trace=300000, nelems=6, elem type=char[])
OBJ 5000123c (sz=24, trace=300000, class=java.lang.String@50000168)
	value		5000123d
ARR 5000123d (sz=24, trace=300000, nelems=12, elem type=char[])
OBJ 5000123e (sz=24, trace=300000, class=java.lang.String@50000168)
	value		5000123f
ARR 5000123f (sz=38, trace=300000, nelems=19, elem type=char[])
OBJ 50001240 (sz=24, trace=300000, class=java.lang.String@50000168)
	value		50001241
ARR 50001241 (sz=12, trace=300000, nelems=6, elem type=char[])
OBJ 50001242 (sz=24, trace=300000, class=java.lang.String@50000168)
	value		50001243
ARR 50001243 (sz=16, trace=300000, nelems=8, elem type=char[])
OBJ 50001244 (sz=24, trace=300000, class=java.lang.String@50000168)
	value		50001245
ARR 50001245 (sz=12, trace=300000, nelems=6, elem type=char[])
OBJ 50001246 (sz=24, trace=300000, class=java.lang.String@50000168)
	value		50001247
ARR 50001247 (sz=12, trace=300000, nelems=6, elem type=char[])
OBJ 50001248 (sz=24, trace=300000, class=java.lang.String@50000168)
	value		50001249
ARR 50001249 (sz=32, trace=300000, nelems=16, elem type=char[])
OBJ 5000124a (sz=24, trace=300000, class=java.lang.String@50000168)
	value		5000124b
ARR 5000124b (sz=12, trace=300000, nelems=6, elem type=char[])
OBJ 5000124c (sz=24, trace=300000, class=java.lang.String@50000168)
	value		5000124d
ARR 5000124d (sz=12, trace=300000, nelems=6, elem type=char[])
OBJ 5000124e (sz=24, trace=300000, class=java.lang.String@50000168)
	value		5000124f
ARR 5000124f (sz=12, trace=300000, nelems=6, elem type=char[])
OBJ 50001250 (sz=24, trace=300000, class=java.lang.String@50000168)
	value		50001251
ARR 50001251 (sz=12, trace=300000, nelems=6, elem type=char[])
OBJ 50001252 (sz=24, trace=300000, class=java.lang.String@50000168)
	value		50001253
ARR 50001253 (sz=32, trace=300000, nelems=16, elem type=char[])
OBJ 50001254 (sz=24, trace=300000, class=java.lang.String@50000168)
	value		50001255
ARR 50001255 (sz=8, trace=300000, nelems=4, elem type=char[])
OBJ 50001256 (sz=24, trace=300000, class=java.lang.String@50000168)
	value		50001257
ARR 50001257 (sz=16, trace=300000, nelems=8, elem type=char[])
OBJ 50001258 (sz=24, trace=300000, class=java.lang.String@50000168)
	value		50001259
ARR 50001259 (sz=10, trace=300000, nelems=5, elem type=char[])
OBJ 5000125a (sz=24, trace=300000, class=java.lang.String@50000168)
	value		5000125b
ARR 5000125b (sz=22, trace=300000, nelems=11, elem type=char[])
OBJ 5000125c (sz=24, trace=300000, class=java.lang.String@50000168)
	value		5000125d
ARR 5000125d (sz=16, trace=300000, nelems=8, elem type=char[])
OBJ 5000125e (sz=24, trace=300000, class=java.lang.String@50000168)
	value		5000125f
ARR 5000125f (sz=20, trace=300000, nelems=10, elem type=char[])
OBJ 50001260 (sz=24, trace=300000, class=java.lang.String@50000168)
	value		50001264
ARR 50001261 (sz=24, trace=300000, nelems=2, elem type=java.lang.Object[]@50000111)
	[0]		50001262
	[1]		50001122
OBJ 50001262 (sz=24, trace=300000, class=java.lang.String@50000168)
	value		50001263
ARR 50001263 (sz=20, trace=300000, nelems=10, elem type=char[])
ARR 50001264 (sz=16, trace=300000, nelems=8, elem type=char[])
OBJ 50001265 (sz=24, trace=300000, class=java.lang.String@50000168)
	value		50001266
ARR 50001266 (sz=20, trace=300000, nelems=10, elem type=char[])
OBJ 50001267 (sz=24, trace=300000, class=java.lang.String@50000168)
	value		50001268
ARR 50001268 (sz=20, trace=300000, nelems=10, elem type=char[])
OBJ 50001269 (sz=24, trace=300000, class=java.lang.String@50000168)
	value		5000126a
ARR 5000126a (sz=24, trace=300000, nelems=12, elem type=char[])
OBJ 5000126b (sz=24, trace=300000, class=java.lang.String@50000168)
	value		5000126f
ARR 5000126c (sz=24, trace=300000, nelems=2, elem type=java.lang.Object[]@50000111)
	[0]		5000126d
	[1]		5000113e
OBJ 5000126d (sz=24, trace=300000, class=java.lang.String@50000168)
	value		5000126e
ARR 5000126e (sz=20, trace=300000, nelems=10, elem type=char[])
ARR 5000126f (sz=20, trace=300000, nelems=10, elem type=char[])
OBJ 50001270 (sz=24, trace=300000, class=java.lang.String@50000168)
	value		50001271
ARR 50001271 (sz=20, trace=300000, nelems=10, elem type=char[])
OBJ 50001272 (sz=24, trace=300000, class=java.lang.String@50000168)
	value		50001273
ARR 50001273 (sz=12, trace=300000, nelems=6, elem type=char[])
OBJ 50001274 (sz=24, trace=300000, class=java.lang.String@50000168)
	value		50001275
ARR 50001275 (sz=36, trace=300000, nelems=18, elem type=char[])
OBJ 50001276 (sz=24, trace=300000, class=java.lang.String@50000168)
	value		50001277
ARR 50001277 (sz=20, trace=300000, nelems=10, elem type=char[])
OBJ 50001278 (sz=24, trace=300000, class=java.lang.String@50000168)
	value		50001279
ARR 50001279 (sz=18, trace=300000, nelems=9, elem type=char[])
OBJ 5000127a (sz=24, trace=300000, class=java.lang.String@50000168)
	value		5000127b
ARR 5000127b (sz=18, trace=300000, nelems=9, elem type=char[])
OBJ 5000127c (sz=24, trace=300000, class=java.lang.String@50000168)
	value		5000127d
ARR 5000127d (sz=18, trace=300000, nelems=9, elem type=char[])
OBJ 5000127e (sz=24, trace=300000, class=java.lang.String@50000168)
	value		5000127f
ARR 5000127f (sz=18, trace=300000, nelems=9, elem type=char[])
OBJ 50001280 (sz=24, trace=300000, class=java.lang.String@50000168)
	value		50001281
ARR 50001281 (sz=14, trace=300000, nelems=7, elem type=char[])
OBJ 50001282 (sz=24, trace=300000, class=java.lang.String@50000168)
	value		50001283
ARR 50001283 (sz=18, trace=300000, nelems=9, elem type=char[])
OBJ 50001284 (sz=24, trace=300000, class=java.lang.String@50000168)
	value		50001285
ARR 50001285 (sz=18, trace=300000, nelems=9, elem type=char[])
OBJ 50001286 (sz=24, trace=300000, class=java.lang.String@50000168)
	value		50001287
ARR 50001287 (sz=12, trace=300000, nelems=6, elem type=char[])
OBJ 50001288 (sz=24, trace=300000, class=java.lang.String@50000168)
	value		50001289
ARR 50001289 (sz=10, trace=300000, nelems=5, elem type=char[])
OBJ 5000128a (sz=24, trace=300000, class=java.lang.String@50000168)
	value		5000128b
ARR 5000128b (sz=14, trace=300000, nelems=7, elem type=char[])
OBJ 5000128c (sz=24, trace=300000, class=java.lang.String@50000168)
	value		5000128d
ARR 5000128d (sz=30, trace=300000, nelems=15, elem type=char[])
OBJ 5000128e (sz=24, trace=300000, class=java.lang.String@50000168)
	value		5000128f
ARR 5000128f (sz=20, trace=300000, nelems=10, elem type=char[])
OBJ 50001290 (sz=24, trace=300000, class=java.lang.String@50000168)
	value		50001291
ARR 50001291 (sz=20, trace=300000, nelems=10, elem type=char[])
OBJ 50001292 (sz=24, trace=300000, class=java.lang.String@50000168)
	value		50001293
ARR 50001293 (sz=14, trace=300000, nelems=7, elem type=char[])
OBJ 50001294 (sz=24, trace=300000, class=java.lang.String@50000168)
	value		50001295
ARR 50001295 (sz=30, trace=300000, nelems=15, elem type=char[])
OBJ 50001296 (sz=24, trace=300000, class=java.lang.String@50000168)
	value		50001297
ARR 50001297 (sz=10, trace=300000, nelems=5, elem type=char[])
OBJ 50001298 (sz=24, trace=300000, class=java.lang.String@50000168)
	value		50001299
ARR 50001299 (sz=14, trace=300000, nelems=7, elem type=char[])
OBJ 5000129a (sz=24, trace=300000, class=java.lang.String@50000168)
	value		5000129b
ARR 5000129b (sz=4, trace=300000, nelems=2, elem type=char[])
OBJ 5000129c (sz=24, trace=300000, class=java.lang.String@50000168)
	value		5000129d
ARR 5000129d (sz=14, trace=300000, nelems=7, elem type=char[])
OBJ 5000129e (sz=24, trace=300000, class=java.lang.String@50000168)
	value		5000129f
ARR 5000129f (sz=14, trace=300000, nelems=7, elem type=char[])
OBJ 500012a0 (sz=24, trace=300000, class=java.lang.String@50000168)
	value		500012a1
ARR 500012a1 (sz=14, trace=300000, nelems=7, elem type=char[])
OBJ 500012a2 (sz=24, trace=300000, class=java.lang.String@50000168)
	value		500012a3
ARR 500012a3 (sz=24, trace=300000, nelems=12, elem type=char[])
OBJ 500012a4 (sz=24, trace=300000, class=java.lang.String@50000168)
	value		500012a8
ARR 500012a5 (sz=24, trace=300000, nelems=2, elem type=java.lang.Object[]@50000111)
	[0]		500012a6
	[1]		50001155
OBJ 500012a6 (sz=24, trace=300000, class=java.lang.String@50000168)
	value		500012a7
ARR 500012a7 (sz=16, trace=300000, nelems=8, elem type=char[])
ARR 500012a8 (sz=20, trace=300000, nelems=10, elem type=char[])
OBJ 500012a9 (sz=24, trace=300000, class=java.lang.String@50000168)
	value		500012aa
ARR 500012aa (sz=20, trace=300000, nelems=10, elem type=char[])
OBJ 500012ab (sz=24, trace=300000, class=java.lang.String@50000168)
	value		500012af
ARR 500012ac (sz=24, trace=300000, nelems=2, elem type=java.lang.Object[]@50000111)
	[0]		500012ad
	[1]		500010dd
OBJ 500012ad (sz=24, trace=300000, class=java.lang.String@50000168)
	value		500012ae
ARR 500012ae (sz=10, trace=300000, nelems=5, elem type=char[])
ARR 500012af (sz=16, trace=300000, nelems=8, elem type=char[])
OBJ 500012b0 (sz=24, trace=300000, class=java.lang.String@50000168)
	value		500012b4
ARR 500012b1 (sz=24, trace=300000, nelems=2, elem type=java.lang.Object[]@50000111)
	[0]		500012b2
	[1]		50001142
OBJ 500012b2 (sz=24, trace=300000, class=java.lang.String@50000168)
	value		500012b3
ARR 500012b3 (sz=12, trace=300000, nelems=6, elem type=char[])
ARR 500012b4 (sz=16, trace=300000, nelems=8, elem type=char[])
OBJ 500012b5 (sz=24, trace=300000, class=java.lang.String@50000168)
	value		500012b6
ARR 500012b6 (sz=12, trace=300000, nelems=6, elem type=char[])
OBJ 500012b7 (sz=24, trace=300000, class=java.lang.String@50000168)
	value		500012b8
ARR 500012b8 (sz=12, trace=300000, nelems=6, elem type=char[])
OBJ 500012b9 (sz=24, trace=300000, class=java.lang.String@50000168)
	value		500012ba
ARR 500012ba (sz=12, trace=300000, nelems=6, elem type=char[])
OBJ 500012bb (sz=24, trace=300000, class=java.lang.String@50000168)
	value		500012bc
ARR 500012bc (sz=12, trace=300000, nelems=6, elem type=char[])
OBJ 500012bd (sz=24, trace=300000, class=java.lang.String@50000168)
	value		500012be
ARR 500012be (sz=12, trace=300000, nelems=6, elem type=char[])
OBJ 500012bf (sz=24, trace=300000, class=java.lang.String@50000168)
	value		500012c0
ARR 500012c0 (sz=16, trace=300000, nelems=8, elem type=char[])
OBJ 500012c1 (sz=24, trace=300000, class=java.lang.String@50000168)
	value		500012c2
ARR 500012c2 (sz=30, trace=300000, nelems=15, elem type=char[])
OBJ 500012c3 (sz=24, trace=300000, class=java.lang.String@50000168)
	value		500012c4
ARR 500012c4 (sz=16, trace=300000, nelems=8, elem type=char[])
OBJ 500012c5 (sz=24, trace=300000, class=java.lang.String@50000168)
	value		500012c6
ARR 500012c6 (sz=48, trace=300000, nelems=24, elem type=char[])
OBJ 500012c7 (sz=24, trace=300000, class=java.lang.String@50000168)
	value		500012c8
ARR 500012c8 (sz=10, trace=300000, nelems=5, elem type=char[])
OBJ 500012c9 (sz=24, trace=300000, class=java.lang.String@50000168)
	value		500012ca
ARR 500012ca (sz=14, trace=300000, nelems=7, elem type=char[])
OBJ 500012cb (sz=24, trace=300000, class=java.lang.String@50000168)
	value		500012cc
ARR 500012cc (sz=30, trace=300000, nelems=15, elem type=char[])
OBJ 500012cd (sz=24, trace=300000, class=java.lang.String@50000168)
	value		500012ce
ARR 500012ce (sz=14, trace=300000, nelems=7, elem type=char[])
OBJ 500012cf (sz=24, trace=300000, class=java.lang.String@50000168)
	value		500012d0
ARR 500012d0 (sz=20, trace=300000, nelems=10, elem type=char[])
OBJ 500012d1 (sz=24, trace=300000, class=java.lang.String@50000168)
	value		500012d2
ARR 500012d2 (sz=12, trace=300000, nelems=6, elem type=char[])
OBJ 500012d3 (sz=24, trace=300000, class=java.lang.String@50000168)
	value		500012d4
ARR 500012d4 (sz=14, trace=300000, nelems=7, elem type=char[])
OBJ 500012d5 (sz=24, trace=300000, class=java.lang.String@50000168)
	value		500012d6
ARR 500012d6 (sz=14, trace=300000, nelems=7, elem type=char[])
OBJ 500012d7 (sz=24, trace=300000, class=java.lang.String@50000168)
	value		500012d8
ARR 500012d8 (sz=20, trace=300000, nelems=10, elem type=char[])
OBJ 500012d9 (sz=24, trace=300000, class=java.lang.String@50000168)
	value		500012da
ARR 500012da (sz=20, trace=300000, nelems=10, elem type=char[])
OBJ 500012db (sz=24, trace=300000, class=java.lang.String@50000168)
	value		500012dc
ARR 500012dc (sz=10, trace=300000, nelems=5, elem type=char[])
OBJ 500012dd (sz=24, trace=300000, class=java.lang.String@50000168)
	value		500012de
ARR 500012de (sz=10, trace=300000, nelems=5, elem type=char[])
OBJ 500012df (sz=24, trace=300000, class=java.lang.String@50000168)
	value		500012e0
ARR 500012e0 (sz=36, trace=300000, nelems=18, elem type=char[])
OBJ 500012e1 (sz=24, trace=300000, class=java.lang.String@50000168)
	value		500012e2
ARR 500012e2 (sz=14, trace=300000, nelems=7, elem type=char[])
OBJ 500012e3 (sz=24, trace=300000, class=java.lang.String@50000168)
	value		500012e4
ARR 500012e4 (sz=14, trace=300000, nelems=7, elem type=char[])
OBJ 500012e5 (sz=24, trace=300000, class=java.lang.String@50000168)
	value		500012e6
ARR 500012e6 (sz=14, trace=300000, nelems=7, elem type=char[])
OBJ 500012e7 (sz=24, trace=300000, class=java.lang.String@50000168)
	value		500012e8
ARR 500012e8 (sz=14, trace=300000, nelems=7, elem type=char[])
OBJ 500012e9 (sz=24, trace=300000, class=java.lang.String@50000168)
	value		500012ea
ARR 500012ea (sz=14, trace=300000, nelems=7, elem type=char[])
OBJ 500012eb (sz=24, trace=300000, class=java.lang.String@50000168)
	value		500012ec
ARR 500012ec (sz=16, trace=300000, nelems=8, elem type=char[])
OBJ 500012ed (sz=24, trace=300000, class=java.lang.String@50000168)
	value		500012ee
ARR 500012ee (sz=12, trace=300000, nelems=6, elem type=char[])
OBJ 500012ef (sz=24, trace=300000, class=java.lang.String@50000168)
	value		500012f0
ARR 500012f0 (sz=20, trace=300000, nelems=10, elem type=char[])
OBJ 500012f1 (sz=24, trace=300000, class=java.lang.String@50000168)
	value		500012f2
ARR 500012f2 (sz=10, trace=300000, nelems=5, elem type=char[])
OBJ 500012f3 (sz=24, trace=300000, class=java.lang.String@50000168)
	value		500012f4
ARR 500012f4 (sz=24, trace=300000, nelems=12, elem type=char[])
OBJ 500012f5 (sz=24, trace=300000, class=java.lang.String@50000168)
	value		500012f6
ARR 500012f6 (sz=28, trace=300000, nelems=14, elem type=char[])
OBJ 500012f7 (sz=24, trace=300000, class=java.lang.String@50000168)
	value		500012f8
ARR 500012f8 (sz=12, trace=300000, nelems=6, elem type=char[])
OBJ 500012f9 (sz=24, trace=300000, class=java.lang.String@50000168)
	value		500012fa
ARR 500012fa (sz=20, trace=300000, nelems=10, elem type=char[])
OBJ 500012fb (sz=24, trace=300000, class=java.lang.String@50000168)
	value		500012fc
ARR 500012fc (sz=12, trace=300000, nelems=6, elem type=char[])
OBJ 500012fd (sz=24, trace=300000, class=java.lang.String@50000168)
	value		500012fe
ARR 500012fe (sz=12, trace=300000, nelems=6, elem type=char[])
OBJ 500012ff (sz=24, trace=300000, class=java.lang.String@50000168)
	value		50001300
ARR 50001300 (sz=12, trace=300000, nelems=6, elem type=char[])
OBJ 50001301 (sz=24, trace=300000, class=java.lang.String@50000168)
	value		50001302
ARR 50001302 (sz=12, trace=300000, nelems=6, elem type=char[])
OBJ 50001303 (sz=24, trace=300000, class=java.lang.String@50000168)
	value		50001304
ARR 50001304 (sz=12, trace=300000, nelems=6, elem type=char[])
OBJ 50001305 (sz=24, trace=300000, class=java.lang.String@50000168)
	value		50001306
ARR 50001306 (sz=6, trace=300000, nelems=3, elem type=char[])
OBJ 50001307 (sz=24, trace=300000, class=java.lang.String@50000168)
	value		50001308
ARR 50001308 (sz=20, trace=300000, nelems=10, elem type=char[])
OBJ 50001309 (sz=24, trace=300000, class=java.lang.String@50000168)
	value		5000130a
ARR 5000130a (sz=20, trace=300000, nelems=10, elem type=char[])
OBJ 5000130b (sz=24, trace=300000, class=java.lang.String@50000168)
	value		5000130c
ARR 5000130c (sz=10, trace=300000, nelems=5, elem type=char[])
OBJ 5000130d (sz=24, trace=300000, class=java.lang.String@50000168)
	value		5000130e
ARR 5000130e (sz=14, trace=300000, nelems=7, elem type=char[])
OBJ 5000130f (sz=24, trace=300000, class=java.lang.String@50000168)
	value		50001310
ARR 50001310 (sz=14, trace=300000, nelems=7, elem type=char[])
OBJ 50001311 (sz=24, trace=300000, class=java.lang.String@50000168)
	value		50001312
ARR 50001312 (sz=28, trace=300000, nelems=14, elem type=char[])
OBJ 50001313 (sz=24, trace=300000, class=java.lang.String@50000168)
	value		50001314
ARR 50001314 (sz=12, trace=300000, nelems=6, elem type=char[])
OBJ 50001315 (sz=24, trace=300000, class=java.lang.String@50000168)
	value		50001316
ARR 50001316 (sz=10, trace=300000, nelems=5, elem type=char[])
OBJ 50001317 (sz=24, trace=300000, class=java.lang.String@50000168)
	value		50001318
ARR 50001318 (sz=10, trace=300000, nelems=5, elem type=char[])
OBJ 50001319 (sz=24, trace=300000, class=java.lang.String@50000168)
	value		5000131a
ARR 5000131a (sz=12, trace=300000, nelems=6, elem type=char[])
OBJ 5000131b (sz=24, trace=300000, class=java.lang.String@50000168)
	value		5000131c
ARR 5000131c (sz=14, trace=300000, nelems=7, elem type=char[])
OBJ 5000131d (sz=24, trace=300000, class=java.lang.String@50000168)
	value		5000131e
ARR 5000131e (sz=14, trace=300000, nelems=7, elem type=char[])
OBJ 5000131f (sz=24, trace=300000, class=java.lang.String@50000168)
	value		50001320
ARR 50001320 (sz=30, trace=300000, nelems=15, elem type=char[])
OBJ 50001321 (sz=24, trace=300000, class=java.lang.String@50000168)
	value		50001322
ARR 50001322 (sz=6, trace=300000, nelems=3, elem type=char[])
OBJ 50001323 (sz=24, trace=300000, class=java.lang.String@50000168)
	value		50001324
ARR 50001324 (sz=8, trace=300000, nelems=4, elem type=char[])
OBJ 50001325 (sz=24, trace=300000, class=java.lang.String@50000168)
	value		50001326
ARR 50001326 (sz=20, trace=300000, nelems=10, elem type=char[])
OBJ 50001327 (sz=24, trace=300000, class=java.lang.String@50000168)
	value		5000132b
ARR 50001328 (sz=24, trace=300000, nelems=2, elem type=java.lang.Object[]@50000111)
	[0]		50001329
	[1]		50001117
OBJ 50001329 (sz=24, trace=300000, class=java.lang.String@50000168)
	value		5000132a
ARR 5000132a (sz=10, trace=300000, nelems=5, elem type=char[])
ARR 5000132b (sz=10, trace=300000, nelems=5, elem type=char[])
OBJ 5000132c (sz=24, trace=300000, class=java.lang.String@50000168)
	value		50001330
ARR 5000132d (sz=24, trace=300000, nelems=2, elem type=java.lang.Object[]@50000111)
	[0]		5000132e
	[1]		500010f9
OBJ 5000132e (sz=24, trace=300000, class=java.lang.String@50000168)
	value		5000132f
ARR 5000132f (sz=4, trace=300000, nelems=2, elem type=char[])
ARR 50001330 (sz=10, trace=300000, nelems=5, elem type=char[])
OBJ 50001331 (sz=24, trace=300000, class=java.lang.String@50000168)
	value		50001332
ARR 50001332 (sz=10, trace=300000, nelems=5, elem type=char[])
OBJ 50001333 (sz=24, trace=300000, class=java.lang.String@50000168)
	value		50001334
ARR 50001334 (sz=4, trace=300000, nelems=2, elem type=char[])
OBJ 50001335 (sz=24, trace=300000, class=java.lang.String@50000168)
	value		50001339
ARR 50001336 (sz=24, trace=300000, nelems=2, elem type=java.lang.Object[]@50000111)
	[0]		50001337
	[1]		5000112c
OBJ 50001337 (sz=24, trace=300000, class=java.lang.String@50000168)
	value		50001338
ARR 50001338 (sz=4, trace=300000, nelems=2, elem type=char[])
ARR 50001339 (sz=10, trace=300000, nelems=5, elem type=char[])
OBJ 5000133a (sz=24, trace=300000, class=java.lang.String@50000168)
	value		5000133b
ARR 5000133b (sz=16, trace=300000, nelems=8, elem type=char[])
OBJ 5000133c (sz=24, trace=300000, class=java.lang.String@50000168)
	value		50001343
ARR 5000133d (sz=32, trace=300000, nelems=3, elem type=java.lang.Object[]@50000111)
	[0]		5000133e
	[1]		500010f9
	[2]		5000133f
OBJ 5000133e (sz=24, trace=300000, class=java.lang.String@50000168)
	value		50001342
ARR 5000133f (sz=24, trace=300000, nelems=2, elem type=java.lang.Object[]@50000111)
	[0]		50001340
	[1]		50001135
OBJ 50001340 (sz=24, trace=300000, class=java.lang.String@50000168)
	value		50001341
ARR 50001341 (sz=4, trace=300000, nelems=2, elem type=char[])
ARR 50001342 (sz=12, trace=300000, nelems=6, elem type=char[])
ARR 50001343 (sz=10, trace=300000, nelems=5, elem type=char[])
OBJ 50001344 (sz=24, trace=300000, class=java.lang.String@50000168)
	value		50001345
ARR 50001345 (sz=4, trace=300000, nelems=2, elem type=char[])
OBJ 50001346 (sz=24, trace=300000, class=java.lang.String@50000168)
	value		50001347
ARR 50001347 (sz=14, trace=300000, nelems=7, elem type=char[])
OBJ 50001348 (sz=24, trace=300000, class=java.lang.String@50000168)
	value		5000134c
ARR 50001349 (sz=24, trace=300000, nelems=2, elem type=java.lang.Object[]@50000111)
	[0]		5000134a
	[1]		5000112c
OBJ 5000134a (sz=24, trace=300000, class=java.lang.String@50000168)
	value		5000134b
ARR 5000134b (sz=14, trace=300000, nelems=7, elem type=char[])
ARR 5000134c (sz=12, trace=300000, nelems=6, elem type=char[])
OBJ 5000134d (sz=24, trace=300000, class=java.lang.String@50000168)
	value		5000134e
ARR 5000134e (sz=14, trace=300000, nelems=7, elem type=char[])
OBJ 5000134f (sz=24, trace=300000, class=java.lang.String@50000168)
	value		50001353
ARR 50001350 (sz=24, trace=300000, nelems=2, elem type=java.lang.Object[]@50000111)
	[0]		50001351
	[1]		50001104
OBJ 50001351 (sz=24, trace=300000, class=java.lang.String@50000168)
	value		50001352
ARR 50001352 (sz=6, trace=300000, nelems=3, elem type=char[])
ARR 50001353 (sz=12, trace=300000, nelems=6, elem type=char[])
OBJ 50001354 (sz=24, trace=300000, class=java.lang.String@50000168)
	value		50001355
ARR 50001355 (sz=22, trace=300000, nelems=11, elem type=char[])
OBJ 50001356 (sz=24, trace=300000, class=java.lang.String@50000168)
	value		50001357
ARR 50001357 (sz=22, trace=300000, nelems=11, elem type=char[])
OBJ 50001358 (sz=24, trace=300000, class=java.lang.String@50000168)
	value		50001359
ARR 50001359 (sz=12, trace=300000, nelems=6, elem type=char[])
OBJ 5000135a (sz=24, trace=300000, class=java.lang.String@50000168)
	value		5000135b
ARR 5000135b (sz=12, trace=300000, nelems=6, elem type=char[])
OBJ 5000135c (sz=24, trace=300000, class=java.lang.String@50000168)
	value		5000135d
ARR 5000135d (sz=12, trace=300000, nelems=6, elem type=char[])
OBJ 5000135e (sz=24, trace=300000, class=java.lang.String@50000168)
	value		5000135f
ARR 5000135f (sz=18, trace=300000, nelems=9, elem type=char[])
OBJ 50001360 (sz=24, trace=300000, class=java.lang.String@50000168)
	value		50001361
ARR 50001361 (sz=18, trace=300000, nelems=9, elem type=char[])
OBJ 50001362 (sz=24, trace=300000, class=java.lang.String@50000168)
	value		50001363
ARR 50001363 (sz=18, trace=300000, nelems=9, elem type=char[])
OBJ 50001364 (sz=24, trace=300000, class=java.lang.String@50000168)
	value		50001365
ARR 50001365 (sz=18, trace=300000, nelems=9, elem type=char[])
OBJ 50001366 (sz=24, trace=300000, class=java.lang.String@50000168)
	value		50001367
ARR 50001367 (sz=18, trace=300000, nelems=9, elem type=char[])
OBJ 50001368 (sz=24, trace=300000, class=java.lang.String@50000168)
	value		50001369
ARR 50001369 (sz=18, trace=300000, nelems=9, elem type=char[])
OBJ 5000136a (sz=24, trace=300000, class=java.lang.String@50000168)
	value		5000136b
ARR 5000136b (sz=42, trace=300000, nelems=21, elem type=char[])
OBJ 5000136c (sz=24, trace=300000, class=java.lang.String@50000168)
	value		5000136d
ARR 5000136d (sz=6, trace=300000, nelems=3, elem type=char[])
OBJ 5000136e (sz=24, trace=300000, class=java.lang.String@50000168)
	value		5000136f
ARR 5000136f (sz=30, trace=300000, nelems=15, elem type=char[])
OBJ 50001370 (sz=24, trace=300000, class=java.lang.String@50000168)
	value		50001371
ARR 50001371 (sz=20, trace=300000, nelems=10, elem type=char[])
OBJ 50001372 (sz=24, trace=300000, class=java.lang.String@50000168)
	value		50001373
ARR 50001373 (sz=30, trace=300000, nelems=15, elem type=char[])
OBJ 50001374 (sz=24, trace=300000, class=java.lang.String@50000168)
	value		50001375
ARR 50001375 (sz=20, trace=300000, nelems=10, elem type=char[])
OBJ 50001376 (sz=24, trace=300000, class=java.lang.String@50000168)
	value		50001377
ARR 50001377 (sz=6, trace=300000, nelems=3, elem type=char[])
OBJ 50001378 (sz=24, trace=300000, class=java.lang.String@50000168)
	value		50001379
ARR 50001379 (sz=6, trace=300000, nelems=3, elem type=char[])
OBJ 5000137a (sz=24, trace=300000, class=java.lang.String@50000168)
	value		5000137b
ARR 5000137b (sz=14, trace=300000, nelems=7, elem type=char[])
OBJ 5000137c (sz=24, trace=300000, class=java.lang.String@50000168)
	value		50001380
ARR 5000137d (sz=24, trace=300000, nelems=2, elem type=java.lang.Object[]@50000111)
	[0]		5000137e
	[1]		50001117
OBJ 5000137e (sz=24, trace=300000, class=java.lang.String@50000168)
	value		5000137f
ARR 5000137f (sz=6, trace=300000, nelems=3, elem type=char[])
ARR 50001380 (sz=6, trace=300000, nelems=3, elem type=char[])
OBJ 50001381 (sz=24, trace=300000, class=java.lang.String@50000168)
	value		50001385
ARR 50001382 (sz=24, trace=300000, nelems=2, elem type=java.lang.Object[]@50000111)
	[0]		50001383
	[1]		50001104
OBJ 50001383 (sz=24, trace=300000, class=java.lang.String@50000168)
	value		50001384
ARR 50001384 (sz=16, trace=300000, nelems=8, elem type=char[])
ARR 50001385 (sz=6, trace=300000, nelems=3, elem type=char[])
OBJ 50001386 (sz=24, trace=300000, class=java.lang.String@50000168)
	value		50001387
ARR 50001387 (sz=6, trace=300000, nelems=3, elem type=char[])
OBJ 50001388 (sz=24, trace=300000, class=java.lang.String@50000168)
	value		50001389
ARR 50001389 (sz=6, trace=300000, nelems=3, elem type=char[])
OBJ 5000138a (sz=24, trace=300000, class=java.lang.String@50000168)
	value		5000138e
ARR 5000138b (sz=24, trace=300000, nelems=2, elem type=java.lang.Object[]@50000111)
	[0]		5000138c
	[1]		50001138
OBJ 5000138c (sz=24, trace=300000, class=java.lang.String@50000168)
	value		5000138d
ARR 5000138d (sz=10, trace=300000, nelems=5, elem type=char[])
ARR 5000138e (sz=6, trace=300000, nelems=3, elem type=char[])
OBJ 5000138f (sz=24, trace=300000, class=java.lang.String@50000168)
	value		50001390
ARR 50001390 (sz=10, trace=300000, nelems=5, elem type=char[])
OBJ 50001391 (sz=24, trace=300000, class=java.lang.String@50000168)
	value		50001395
ARR 50001392 (sz=24, trace=300000, nelems=2, elem type=java.lang.Object[]@50000111)
	[0]		50001393
	[1]		5000115d
OBJ 50001393 (sz=24, trace=300000, class=java.lang.String@50000168)
	value		50001394
ARR 50001394 (sz=18, trace=300000, nelems=9, elem type=char[])
ARR 50001395 (sz=32, trace=300000, nelems=16, elem type=char[])
OBJ 50001396 (sz=24, trace=300000, class=java.lang.String@50000168)
	value		50001397
ARR 50001397 (sz=16, trace=300000, nelems=8, elem type=char[])
OBJ 50001398 (sz=24, trace=300000, class=java.lang.String@50000168)
	value		50001399
ARR 50001399 (sz=24, trace=300000, nelems=12, elem type=char[])
OBJ 5000139a (sz=24, trace=300000, class=java.lang.String@50000168)
	value		5000139b
ARR 5000139b (sz=10, trace=300000, nelems=5, elem type=char[])
OBJ 5000139c (sz=24, trace=300000, class=java.lang.String@50000168)
	value		5000139d
ARR 5000139d (sz=10, trace=300000, nelems=5, elem type=char[])
OBJ 5000139e (sz=24, trace=300000, class=java.lang.String@50000168)
	value		5000139f
ARR 5000139f (sz=10, trace=300000, nelems=5, elem type=char[])
OBJ 500013a0 (sz=24, trace=300000, class=java.lang.String@50000168)
	value		500013a1
ARR 500013a1 (sz=10, trace=300000, nelems=5, elem type=char[])
OBJ 500013a2 (sz=24, trace=300000, class=java.lang.String@50000168)
	value		500013a3
ARR 500013a3 (sz=10, trace=300000, nelems=5, elem type=char[])
OBJ 500013a4 (sz=24, trace=300000, class=java.lang.String@50000168)
	value		500013a5
ARR 500013a5 (sz=12, trace=300000, nelems=6, elem type=char[])
OBJ 500013a6 (sz=24, trace=300000, class=java.lang.String@50000168)
	value		500013a7
ARR 500013a7 (sz=12, trace=300000, nelems=6, elem type=char[])
OBJ 500013a8 (sz=24, trace=300000, class=java.lang.String@50000168)
	value		500013a9
ARR 500013a9 (sz=16, trace=300000, nelems=8, elem type=char[])
OBJ 500013aa (sz=24, trace=300000, class=java.lang.String@50000168)
	value		500013ab
ARR 500013ab (sz=20, trace=300000, nelems=10, elem type=char[])
OBJ 500013ac (sz=24, trace=300000, class=java.lang.String@50000168)
	value		500013ad
ARR 500013ad (sz=34, trace=300000, nelems=17, elem type=char[])
OBJ 500013ae (sz=24, trace=300000, class=java.lang.String@50000168)
	value		500013af
ARR 500013af (sz=6, trace=300000, nelems=3, elem type=char[])
OBJ 500013b0 (sz=24, trace=300000, class=java.lang.String@50000168)
	value		500013b1
ARR 500013b1 (sz=30, trace=300000, nelems=15, elem type=char[])
OBJ 500013b2 (sz=24, trace=300000, class=java.lang.String@50000168)
	value		500013b3
ARR 500013b3 (sz=12, trace=300000, nelems=6, elem type=char[])
OBJ 500013b4 (sz=24, trace=300000, class=java.lang.String@50000168)
	value		500013b5
ARR 500013b5 (sz=12, trace=300000, nelems=6, elem type=char[])
OBJ 500013b6 (sz=24, trace=300000, class=java.lang.String@50000168)
	value		500013ba
ARR 500013b7 (sz=24, trace=300000, nelems=2, elem type=java.lang.Object[]@50000111)
	[0]		500013b8
	[1]		50001128
OBJ 500013b8 (sz=24, trace=300000, class=java.lang.String@50000168)
	value		500013b9
ARR 500013b9 (sz=12, trace=300000, nelems=6, elem type=char[])
ARR 500013ba (sz=6, trace=300000, nelems=3, elem type=char[])
OBJ 500013bb (sz=24, trace=300000, class=java.lang.String@50000168)
	value		500013bc
ARR 500013bc (sz=12, trace=300000, nelems=6, elem type=char[])
OBJ 500013bd (sz=24, trace=300000, class=java.lang.String@50000168)
	value		500013be
ARR 500013be (sz=12, trace=300000, nelems=6, elem type=char[])
OBJ 500013bf (sz=24, trace=300000, class=java.lang.String@50000168)
	value		500013c3
ARR 500013c0 (sz=24, trace=300000, nelems=2, elem type=java.lang.Object[]@50000111)
	[0]		500013c1
	[1]		50001138
OBJ 500013c1 (sz=24, trace=300000, class=java.lang.String@50000168)
	value		500013c2
ARR 500013c2 (sz=12, trace=300000, nelems=6, elem type=char[])
ARR 500013c3 (sz=36, trace=300000, nelems=18, elem type=char[])
OBJ 500013c4 (sz=24, trace=300000, class=java.lang.String@50000168)
	value		500013c5
ARR 500013c5 (sz=6, trace=300000, nelems=3, elem type=char[])
OBJ 500013c6 (sz=24, trace=300000, class=java.lang.String@50000168)
	value		500013c7
ARR 500013c7 (sz=6, trace=300000, nelems=3, elem type=char[])
OBJ 500013c8 (sz=24, trace=300000, class=java.lang.String@50000168)
	value		500013c9
ARR 500013c9 (sz=6, trace=300000, nelems=3, elem type=char[])
OBJ 500013ca (sz=24, trace=300000, class=java.lang.String@50000168)
	value		500013cb
ARR 500013cb (sz=6, trace=300000, nelems=3, elem type=char[])
OBJ 500013cc (sz=24, trace=300000, class=java.lang.String@50000168)
	value		500013cd
ARR 500013cd (sz=6, trace=300000, nelems=3, elem type=char[])
OBJ 500013ce (sz=24, trace=300000, class=java.lang.String@50000168)
	value		500013cf
ARR 500013cf (sz=30, trace=300000, nelems=15, elem type=char[])
OBJ 500013d0 (sz=24, trace=300000, class=java.lang.String@50000168)
	value		500013d1
ARR 500013d1 (sz=18, trace=300000, nelems=9, elem type=char[])
OBJ 500013d2 (sz=24, trace=300000, class=java.lang.String@50000168)
	value		500013d3
ARR 500013d3 (sz=26, trace=300000, nelems=13, elem type=char[])
OBJ 500013d4 (sz=24, trace=300000, class=java.lang.String@50000168)
	value		500013d5
ARR 500013d5 (sz=22, trace=300000, nelems=11, elem type=char[])
OBJ 500013d6 (sz=24, trace=300000, class=java.lang.String@50000168)
	value		500013d7
ARR 500013d7 (sz=22, trace=300000, nelems=11, elem type=char[])
OBJ 500013d8 (sz=24, trace=300000, class=java.lang.String@50000168)
	value		500013d9
ARR 500013d9 (sz=22, trace=300000, nelems=11, elem type=char[])
OBJ 500013da (sz=24, trace=300000, class=java.lang.String@50000168)
	value		500013db
ARR 500013db (sz=22, trace=300000, nelems=11, elem type=char[])
OBJ 500013dc (sz=24, trace=300000, class=java.lang.String@50000168)
	value		500013dd
ARR 500013dd (sz=22, trace=300000, nelems=11, elem type=char[])
OBJ 500013de (sz=24, trace=300000, class=java.lang.String@50000168)
	value		500013df
ARR 500013df (sz=22, trace=300000, nelems=11, elem type=char[])
ARR 500013e0 (sz=144, trace=300000, nelems=32, elem type=java.lang.Object[]@50000111)
	[0]		500013e1
	[2]		500013e2
	[3]		500013e3
	[4]		500013e4
	[5]		500013e5
	[6]		500013e6
	[7]		500013e7
	[8]		500013e8
	[9]		500013e9
	[10]		500013ea
	[11]		500013eb
	[12]		500013ec
	[14]		500013ed
	[15]		500013ee
	[16]		500013ef
	[17]		500013f0
	[18]		500013f1
	[19]		500013f2
	[22]		500013f3
	[23]		500013f4
	[24]		500013f5
	[28]		500013f6
	[29]		500013f7
	[31]		500013f8
ARR 500013e1 (sz=24, trace=300000, nelems=1, elem type=java.lang.Object[]@50000111)
	[0]		50001174
ARR 500013e2 (sz=32, trace=300000, nelems=3, elem type=java.lang.Object[]@50000111)
	[0]		50001166
	[2]		500014c9
ARR 500013e3 (sz=32, trace=300000, nelems=3, elem type=java.lang.Object[]@50000111)
	[0]		5000115d
	[2]		500014c8
ARR 500013e4 (sz=32, trace=300000, nelems=3, elem type=java.lang.Object[]@50000111)
	[0]		5000114f
	[2]		500014c1
ARR 500013e5 (sz=32, trace=300000, nelems=3, elem type=java.lang.Object[]@50000111)
	[0]		50001146
	[2]		500014c0
ARR 500013e6 (sz=24, trace=300000, nelems=1, elem type=java.lang.Object[]@50000111)
	[0]		50001142
ARR 500013e7 (sz=24, trace=300000, nelems=1, elem type=java.lang.Object[]@50000111)
	[0]		5000113e
ARR 500013e8 (sz=32, trace=300000, nelems=3, elem type=java.lang.Object[]@50000111)
	[0]		50001135
	[2]		500014bf
ARR 500013e9 (sz=32, trace=300000, nelems=3, elem type=java.lang.Object[]@50000111)
	[0]		5000112c
	[2]		500014bc
ARR 500013ea (sz=24, trace=300000, nelems=1, elem type=java.lang.Object[]@50000111)
	[0]		50001128
ARR 500013eb (sz=32, trace=300000, nelems=3, elem type=java.lang.Object[]@50000111)
	[0]		5000111f
	[2]		500014bb
ARR 500013ec (sz=24, trace=300000, nelems=1, elem type=java.lang.Object[]@50000111)
	[0]		5000111b
ARR 500013ed (sz=24, trace=300000, nelems=1, elem type=java.lang.Object[]@50000111)
	[0]		50001117
ARR 500013ee (sz=24, trace=300000, nelems=1, elem type=java.lang.Object[]@50000111)
	[0]		50001113
ARR 500013ef (sz=32, trace=300000, nelems=3, elem type=java.lang.Object[]@50000111)
	[0]		5000110a
	[2]		500014ba
ARR 500013f0 (sz=32, trace=300000, nelems=3, elem type=java.lang.Object[]@50000111)
	[0]		50001101
	[2]		500014b9
ARR 500013f1 (sz=32, trace=300000, nelems=3, elem type=java.lang.Object[]@50000111)
	[0]		500010f3
	[2]		500013fb
ARR 500013f2 (sz=32, trace=300000, nelems=3, elem type=java.lang.Object[]@50000111)
	[0]		500010e5
	[2]		500013f9
ARR 500013f3 (sz=24, trace=300000, nelems=1, elem type=java.lang.Object[]@50000111)
	[0]		500010e1
ARR 500013f4 (sz=24, trace=300000, nelems=1, elem type=java.lang.Object[]@50000111)
	[0]		500010dd
ARR 500013f5 (sz=24, trace=300000, nelems=1, elem type=java.lang.Object[]@50000111)
	[0]		500010d9
ARR 500013f6 (sz=24, trace=300000, nelems=1, elem type=java.lang.Object[]@50000111)
	[0]		500010d5
ARR 500013f7 (sz=24, trace=300000, nelems=1, elem type=java.lang.Object[]@50000111)
	[0]		500010d1
ARR 500013f8 (sz=24, trace=300000, nelems=1, elem type=java.lang.Object[]@50000111)
	[0]		500010cd
ARR 500013f9 (sz=32, trace=300000, nelems=3, elem type=java.lang.Object[]@50000111)
	[0]		500010e8
	[2]		500013fa
ARR 500013fa (sz=24, trace=300000, nelems=1, elem type=java.lang.Object[]@50000111)
	[0]		500010eb
ARR 500013fb (sz=32, trace=300000, nelems=3, elem type=java.lang.Object[]@50000111)
	[0]		500010f6
	[1]		500013fc
	[2]		500013fd
OBJ 500013fc (sz=24, trace=300000, class=sun.nio.cs.IBM437@5000008e)
	name		500010f7
	aliases		500013fe
ARR 500013fd (sz=24, trace=300000, nelems=1, elem type=java.lang.Object[]@50000111)
	[0]		500010f9
ARR 500013fe (sz=40, trace=300000, nelems=6, elem type=java.lang.String[]@500000bc)
	[0]		500012dd
	[1]		500010f6
	[2]		50001292
	[3]		50001305
	[4]		50001391
	[5]		5000125a
OBJ 500013ff (sz=24, trace=300000, class=java.lang.String@50000168)
	value		50001403
ARR 50001400 (sz=512, trace=300000, nelems=256, elem type=char[])
ARR 50001401 (sz=3584, trace=300000, nelems=1792, elem type=char[])
ARR 50001402 (sz=512, trace=300000, nelems=256, elem type=char[])
ARR 50001403 (sz=512, trace=300000, nelems=256, elem type=char[])
OBJ 50001404 (sz=24, trace=300000, class=java.lang.String@50000168)
	value		5000146d
OBJ 50001405 (sz=24, trace=300000, class=java.lang.String@50000168)
	value		50001473
OBJ 50001406 (sz=24, trace=300000, class=java.lang.String@50000168)
	value		50001471
OBJ 50001407 (sz=24, trace=300000, class=java.lang.String@50000168)
	value		50001476
OBJ 50001408 (sz=24, trace=300000, class=java.lang.String@50000168)
	value		50001496
OBJ 50001409 (sz=24, trace=300000, class=java.lang.String@50000168)
	value		50001497
OBJ 5000140a (sz=24, trace=300000, class=java.lang.String@50000168)
	value		50001486
OBJ 5000140b (sz=24, trace=300000, class=java.lang.String@50000168)
	value		500014a5
OBJ 5000140c (sz=24, trace=300000, class=java.lang.String@50000168)
	value		5000146f
OBJ 5000140d (sz=24, trace=300000, class=java.lang.String@50000168)
	value		50001488
OBJ 5000140e (sz=24, trace=300000, class=java.lang.String@50000168)
	value		500014a6
OBJ 5000140f (sz=24, trace=300000, class=java.lang.String@50000168)
	value		5000147a
OBJ 50001410 (sz=24, trace=300000, class=java.lang.String@50000168)
	value		500014a9
OBJ 50001411 (sz=24, trace=300000, class=java.lang.String@50000168)
	value		50001470
OBJ 50001412 (sz=24, trace=300000, class=java.lang.String@50000168)
	value		50001483
OBJ 50001413 (sz=24, trace=300000, class=java.lang.String@50000168)
	value		5000149e
OBJ 50001414 (sz=24, trace=300000, class=java.lang.String@50000168)
	value		500014a7
OBJ 50001415 (sz=24, trace=300000, class=java.lang.String@50000168)
	value		5000148b
OBJ 50001416 (sz=24, trace=300000, class=java.lang.String@50000168)
	value		50001492
OBJ 50001417 (sz=24, trace=300000, class=java.lang.String@50000168)
	value		5000149b
OBJ 50001418 (sz=24, trace=300000, class=java.lang.String@50000168)
	value		50001485
OBJ 50001419 (sz=24, trace=300000, class=java.lang.String@50000168)
	value		500014a8
OBJ 5000141a (sz=24, trace=300000, class=java.lang.String@50000168)
	value		5000149f
OBJ 5000141b (sz=24, trace=300000, class=java.lang.String@50000168)
	value		50001472
OBJ 5000141c (sz=24, trace=300000, class=java.lang.String@50000168)
	value		50001489
OBJ 5000141d (sz=24, trace=300000, class=java.lang.String@50000168)
	value		500014aa
OBJ 5000141e (sz=24, trace=300000, class=java.lang.String@50000168)
	value		50001484
OBJ 5000141f (sz=24, trace=300000, class=java.lang.String@50000168)
	value		5000148d
OBJ 50001420 (sz=24, trace=300000, class=java.lang.String@50000168)
	value		5000148c
OBJ 50001421 (sz=24, trace=300000, class=java.lang.String@50000168)
	value		50001490
OBJ 50001422 (sz=24, trace=300000, class=java.lang.String@50000168)
	value		5000148f
OBJ 50001423 (sz=24, trace=300000, class=java.lang.String@50000168)
	value		50001494
OBJ 50001424 (sz=24, trace=300000, class=java.lang.String@50000168)
	value		50001493
OBJ 50001425 (sz=24, trace=300000, class=java.lang.String@50000168)
	value		50001499
OBJ 50001426 (sz=24, trace=300000, class=java.lang.String@50000168)
	value		50001498
OBJ 50001427 (sz=24, trace=300000, class=java.lang.String@50000168)
	value		5000149d
OBJ 50001428 (sz=24, trace=300000, class=java.lang.String@50000168)
	value		5000149c
OBJ 50001429 (sz=24, trace=300000, class=java.lang.String@50000168)
	value		500014a2
OBJ 5000142a (sz=24, trace=300000, class=java.lang.String@50000168)
	value		500014a4
OBJ 5000142b (sz=24, trace=300000, class=java.lang.String@50000168)
	value		500014a3
OBJ 5000142c (sz=24, trace=300000, class=java.lang.String@50000168)
	value		500014ad
OBJ 5000142d (sz=24, trace=300000, class=java.lang.String@50000168)
	value		50001482
OBJ 5000142e (sz=24, trace=300000, class=java.lang.String@50000168)
	value		50001481
OBJ 5000142f (sz=24, trace=300000, class=java.lang.String@50000168)
	value		5000147e
OBJ 50001430 (sz=24, trace=300000, class=java.lang.String@50000168)
	value		50001474
OBJ 50001431 (sz=24, trace=300000, class=java.lang.String@50000168)
	value		50001477
OBJ 50001432 (sz=24, trace=300000, class=java.lang.String@50000168)
	value		50001478
OBJ 50001433 (sz=24, trace=300000, class=java.lang.String@50000168)
	value		5000147d
OBJ 50001434 (sz=24, trace=300000, class=java.lang.String@50000168)
	value		5000147b
OBJ 50001435 (sz=24, trace=300000, class=java.lang.String@50000168)
	value		50001479
OBJ 50001436 (sz=24, trace=300000, class=java.lang.String@50000168)
	value		5000147c
OBJ 50001437 (sz=24, trace=300000, class=java.lang.String@50000168)
	value		50001480
OBJ 50001438 (sz=24, trace=300000, class=java.lang.String@50000168)
	value		5000147f
OBJ 50001439 (sz=24, trace=300000, class=java.lang.String@50000168)
	value		5000146e
OBJ 5000143a (sz=24, trace=300000, class=java.lang.String@50000168)
	value		50001475
OBJ 5000143b (sz=24, trace=300000, class=java.lang.String@50000168)
	value		500014ac
OBJ 5000143c (sz=24, trace=300000, class=java.lang.String@50000168)
	value		500014ae
OBJ 5000143d (sz=24, trace=300000, class=java.lang.String@50000168)
	value		500014af
OBJ 5000143e (sz=24, trace=300000, class=java.lang.String@50000168)
	value		50001487
OBJ 5000143f (sz=24, trace=300000, class=java.lang.String@50000168)
	value		5000148a
OBJ 50001440 (sz=24, trace=300000, class=java.lang.String@50000168)
	value		5000148e
OBJ 50001441 (sz=24, trace=300000, class=java.lang.String@50000168)
	value		5000149a
OBJ 50001442 (sz=24, trace=300000, class=java.lang.String@50000168)
	value		50001491
OBJ 50001443 (sz=24, trace=300000, class=java.lang.String@50000168)
	value		50001495
OBJ 50001444 (sz=24, trace=300000, class=java.lang.String@50000168)
	value		500014a1
OBJ 50001445 (sz=24, trace=300000, class=java.lang.String@50000168)
	value		500014a0
OBJ 50001446 (sz=24, trace=300000, class=java.lang.String@50000168)
	value		500014ab
ARR 50001447 (sz=32, trace=300000, nelems=4, elem type=java.lang.String[]@500000bc)
	[0]		5000130b
	[1]		500012d1
	[2]		500012cd
	[3]		5000136c
ARR 50001448 (sz=40, trace=300000, nelems=5, elem type=java.lang.String[]@500000bc)
	[0]		50001315
	[1]		50001166
	[2]		500012d3
	[3]		50001376
	[4]		5000143d
ARR 50001449 (sz=40, trace=300000, nelems=6, elem type=java.lang.String[]@500000bc)
	[0]		50001317
	[1]		50001174
	[2]		500012d5
	[3]		50001378
	[4]		5000143c
	[5]		50001274
ARR 5000144a (sz=40, trace=300000, nelems=5, elem type=java.lang.String[]@500000bc)
	[0]		50001327
	[1]		50001276
	[2]		5000129e
	[3]		5000137c
	[4]		5000142c
ARR 5000144b (sz=40, trace=300000, nelems=5, elem type=java.lang.String[]@500000bc)
	[0]		5000132c
	[1]		500010e8
	[2]		500012e3
	[3]		50001381
	[4]		5000143b
ARR 5000144c (sz=40, trace=300000, nelems=5, elem type=java.lang.String[]@500000bc)
	[0]		50001331
	[1]		500012e5
	[2]		500010f3
	[3]		50001386
	[4]		5000125c
ARR 5000144d (sz=40, trace=300000, nelems=5, elem type=java.lang.String[]@500000bc)
	[0]		50001335
	[1]		5000110a
	[2]		500012e7
	[3]		50001388
	[4]		50001446
ARR 5000144e (sz=40, trace=300000, nelems=5, elem type=java.lang.String[]@500000bc)
	[0]		5000133c
	[1]		500012e9
	[2]		50001113
	[3]		5000138a
	[4]		5000123e
ARR 5000144f (sz=32, trace=300000, nelems=4, elem type=java.lang.String[]@500000bc)
	[0]		500012f1
	[1]		5000110d
	[2]		500012a0
	[3]		50001321
ARR 50001450 (sz=32, trace=300000, nelems=4, elem type=java.lang.String[]@500000bc)
	[0]		50001329
	[1]		500012ed
	[2]		500012e1
	[3]		5000137e
ARR 50001451 (sz=24, trace=300000, nelems=2, elem type=java.lang.String[]@500000bc)
	[0]		500012b2
	[1]		50001244
ARR 50001452 (sz=24, trace=300000, nelems=2, elem type=java.lang.String[]@500000bc)
	[0]		500012b5
	[1]		50001246
ARR 50001453 (sz=24, trace=300000, nelems=2, elem type=java.lang.String[]@500000bc)
	[0]		500012b7
	[1]		5000124a
ARR 50001454 (sz=24, trace=300000, nelems=2, elem type=java.lang.String[]@500000bc)
	[0]		500012b9
	[1]		5000124c
ARR 50001455 (sz=32, trace=300000, nelems=3, elem type=java.lang.String[]@500000bc)
	[0]		500012bb
	[1]		5000124e
	[2]		50001393
ARR 50001456 (sz=24, trace=300000, nelems=2, elem type=java.lang.String[]@500000bc)
	[0]		500012bd
	[1]		50001250
ARR 50001457 (sz=24, trace=300000, nelems=1, elem type=java.lang.String[]@500000bc)
	[0]		500013a4
ARR 50001458 (sz=32, trace=300000, nelems=3, elem type=java.lang.String[]@500000bc)
	[0]		500013a6
	[1]		50001323
	[2]		50001280
ARR 50001459 (sz=80, trace=300000, nelems=15, elem type=java.lang.String[]@500000bc)
	[0]		5000141d
	[1]		50001298
	[2]		50001410
	[3]		50001419
	[4]		50001414
	[5]		5000140e
	[6]		5000140b
	[7]		5000139a
	[8]		500013c4
	[9]		5000142a
	[10]		5000142b
	[11]		50001429
	[12]		50001444
	[13]		50001445
	[14]		5000141a
ARR 5000145a (sz=32, trace=300000, nelems=4, elem type=java.lang.String[]@500000bc)
	[0]		500012a9
	[1]		5000129c
	[2]		50001356
	[3]		50001413
ARR 5000145b (sz=72, trace=300000, nelems=13, elem type=java.lang.String[]@500000bc)
	[0]		5000135e
	[1]		500013b2
	[2]		500012d7
	[3]		50001427
	[4]		50001428
	[5]		50001417
	[6]		500012fb
	[7]		50001333
	[8]		50001348
	[9]		5000131d
	[10]		500013c6
	[11]		5000139c
	[12]		50001441
ARR 5000145c (sz=80, trace=300000, nelems=16, elem type=java.lang.String[]@500000bc)
	[0]		50001360
	[1]		500013b4
	[2]		500012ef
	[3]		50001425
	[4]		50001426
	[5]		50001409
	[6]		50001408
	[7]		50001288
	[8]		5000134f
	[9]		50001443
	[10]		50001269
	[11]		50001319
	[12]		5000130f
	[13]		500013b6
	[14]		5000138f
	[15]		5000127a
ARR 5000145d (sz=64, trace=300000, nelems=12, elem type=java.lang.String[]@500000bc)
	[0]		50001362
	[1]		500013b8
	[2]		500012d9
	[3]		50001423
	[4]		50001424
	[5]		50001416
	[6]		5000133a
	[7]		50001358
	[8]		50001346
	[9]		5000139e
	[10]		500013c8
	[11]		50001442
ARR 5000145e (sz=72, trace=300000, nelems=13, elem type=java.lang.String[]@500000bc)
	[0]		50001364
	[1]		5000127e
	[2]		500013bb
	[3]		500012f9
	[4]		50001421
	[5]		50001422
	[6]		500012fd
	[7]		50001337
	[8]		5000135a
	[9]		5000134a
	[10]		500013a0
	[11]		500013ca
	[12]		50001440
ARR 5000145f (sz=72, trace=300000, nelems=13, elem type=java.lang.String[]@500000bc)
	[0]		50001366
	[1]		500013bd
	[2]		50001307
	[3]		5000141f
	[4]		50001420
	[5]		50001415
	[6]		500012ff
	[7]		50001340
	[8]		5000135c
	[9]		5000134d
	[10]		500013a2
	[11]		500013cc
	[12]		5000143f
ARR 50001460 (sz=72, trace=300000, nelems=14, elem type=java.lang.String[]@500000bc)
	[0]		50001309
	[1]		5000141c
	[2]		50001301
	[3]		50001344
	[4]		5000140d
	[5]		5000138c
	[6]		5000143e
	[7]		500013ae
	[8]		5000140a
	[9]		50001418
	[10]		5000141e
	[11]		50001139
	[12]		500013c1
	[13]		50001412
ARR 50001461 (sz=24, trace=300000, nelems=2, elem type=java.lang.String[]@500000bc)
	[0]		500010da
	[1]		5000142d
ARR 50001462 (sz=24, trace=300000, nelems=2, elem type=java.lang.String[]@500000bc)
	[0]		500010ec
	[1]		5000142e
ARR 50001463 (sz=24, trace=300000, nelems=2, elem type=java.lang.String[]@500000bc)
	[0]		50001156
	[1]		50001437
ARR 50001464 (sz=24, trace=300000, nelems=2, elem type=java.lang.String[]@500000bc)
	[0]		500010ce
	[1]		50001438
ARR 50001465 (sz=24, trace=300000, nelems=2, elem type=java.lang.String[]@500000bc)
	[0]		5000116a
	[1]		5000142f
ARR 50001466 (sz=24, trace=300000, nelems=1, elem type=java.lang.String[]@500000bc)
	[0]		50001433
ARR 50001467 (sz=32, trace=300000, nelems=3, elem type=java.lang.String[]@500000bc)
	[0]		5000116d
	[1]		50001436
	[2]		50001434
ARR 50001468 (sz=32, trace=300000, nelems=4, elem type=java.lang.String[]@500000bc)
	[0]		5000113f
	[1]		5000140f
	[2]		50001435
	[3]		50001432
ARR 50001469 (sz=32, trace=300000, nelems=4, elem type=java.lang.String[]@500000bc)
	[0]		5000114a
	[1]		500012db
	[2]		5000128a
	[3]		50001431
ARR 5000146a (sz=24, trace=300000, nelems=2, elem type=java.lang.String[]@500000bc)
	[0]		50001407
	[1]		5000143a
ARR 5000146b (sz=24, trace=300000, nelems=2, elem type=java.lang.String[]@500000bc)
	[0]		50001430
	[1]		500013ac
ARR 5000146c (sz=72, trace=300000, nelems=14, elem type=java.lang.String[]@500000bc)
	[0]		50001383
	[1]		50001405
	[2]		5000141b
	[3]		50001406
	[4]		50001411
	[5]		5000129a
	[6]		5000140c
	[7]		50001296
	[8]		50001439
	[9]		500012c9
	[10]		50001351
	[11]		50001252
	[12]		50001404
	[13]		50001286
ARR 5000146d (sz=28, trace=300000, nelems=14, elem type=char[])
ARR 5000146e (sz=14, trace=300000, nelems=7, elem type=char[])
ARR 5000146f (sz=12, trace=300000, nelems=6, elem type=char[])
ARR 50001470 (sz=18, trace=300000, nelems=9, elem type=char[])
ARR 50001471 (sz=10, trace=300000, nelems=5, elem type=char[])
ARR 50001472 (sz=32, trace=300000, nelems=16, elem type=char[])
ARR 50001473 (sz=28, trace=300000, nelems=14, elem type=char[])
ARR 50001474 (sz=8, trace=300000, nelems=4, elem type=char[])
ARR 50001475 (sz=16, trace=300000, nelems=8, elem type=char[])
ARR 50001476 (sz=10, trace=300000, nelems=5, elem type=char[])
ARR 50001477 (sz=20, trace=300000, nelems=10, elem type=char[])
ARR 50001478 (sz=36, trace=300000, nelems=18, elem type=char[])
ARR 50001479 (sz=20, trace=300000, nelems=10, elem type=char[])
ARR 5000147a (sz=30, trace=300000, nelems=15, elem type=char[])
ARR 5000147b (sz=42, trace=300000, nelems=21, elem type=char[])
ARR 5000147c (sz=20, trace=300000, nelems=10, elem type=char[])
ARR 5000147d (sz=26, trace=300000, nelems=13, elem type=char[])
ARR 5000147e (sz=10, trace=300000, nelems=5, elem type=char[])
ARR 5000147f (sz=20, trace=300000, nelems=10, elem type=char[])
ARR 50001480 (sz=20, trace=300000, nelems=10, elem type=char[])
ARR 50001481 (sz=24, trace=300000, nelems=12, elem type=char[])
ARR 50001482 (sz=24, trace=300000, nelems=12, elem type=char[])
ARR 50001483 (sz=18, trace=300000, nelems=9, elem type=char[])
ARR 50001484 (sz=30, trace=300000, nelems=15, elem type=char[])
ARR 50001485 (sz=18, trace=300000, nelems=9, elem type=char[])
ARR 50001486 (sz=14, trace=300000, nelems=7, elem type=char[])
ARR 50001487 (sz=22, trace=300000, nelems=11, elem type=char[])
ARR 50001488 (sz=12, trace=300000, nelems=6, elem type=char[])
ARR 50001489 (sz=20, trace=300000, nelems=10, elem type=char[])
ARR 5000148a (sz=22, trace=300000, nelems=11, elem type=char[])
ARR 5000148b (sz=18, trace=300000, nelems=9, elem type=char[])
ARR 5000148c (sz=30, trace=300000, nelems=15, elem type=char[])
ARR 5000148d (sz=20, trace=300000, nelems=10, elem type=char[])
ARR 5000148e (sz=22, trace=300000, nelems=11, elem type=char[])
ARR 5000148f (sz=30, trace=300000, nelems=15, elem type=char[])
ARR 50001490 (sz=20, trace=300000, nelems=10, elem type=char[])
ARR 50001491 (sz=36, trace=300000, nelems=18, elem type=char[])
ARR 50001492 (sz=18, trace=300000, nelems=9, elem type=char[])
ARR 50001493 (sz=30, trace=300000, nelems=15, elem type=char[])
ARR 50001494 (sz=20, trace=300000, nelems=10, elem type=char[])
ARR 50001495 (sz=30, trace=300000, nelems=15, elem type=char[])
ARR 50001496 (sz=16, trace=300000, nelems=8, elem type=char[])
ARR 50001497 (sz=16, trace=300000, nelems=8, elem type=char[])
ARR 50001498 (sz=30, trace=300000, nelems=15, elem type=char[])
ARR 50001499 (sz=20, trace=300000, nelems=10, elem type=char[])
ARR 5000149a (sz=22, trace=300000, nelems=11, elem type=char[])
ARR 5000149b (sz=18, trace=300000, nelems=9, elem type=char[])
ARR 5000149c (sz=30, trace=300000, nelems=15, elem type=char[])
ARR 5000149d (sz=20, trace=300000, nelems=10, elem type=char[])
ARR 5000149e (sz=20, trace=300000, nelems=10, elem type=char[])
ARR 5000149f (sz=30, trace=300000, nelems=15, elem type=char[])
ARR 500014a0 (sz=22, trace=300000, nelems=11, elem type=char[])
ARR 500014a1 (sz=22, trace=300000, nelems=11, elem type=char[])
ARR 500014a2 (sz=4, trace=300000, nelems=2, elem type=char[])
ARR 500014a3 (sz=12, trace=300000, nelems=6, elem type=char[])
ARR 500014a4 (sz=12, trace=300000, nelems=6, elem type=char[])
ARR 500014a5 (sz=14, trace=300000, nelems=7, elem type=char[])
ARR 500014a6 (sz=12, trace=300000, nelems=6, elem type=char[])
ARR 500014a7 (sz=20, trace=300000, nelems=10, elem type=char[])
ARR 500014a8 (sz=20, trace=300000, nelems=10, elem type=char[])
ARR 500014a9 (sz=22, trace=300000, nelems=11, elem type=char[])
ARR 500014aa (sz=22, trace=300000, nelems=11, elem type=char[])
ARR 500014ab (sz=16, trace=300000, nelems=8, elem type=char[])
ARR 500014ac (sz=16, trace=300000, nelems=8, elem type=char[])
ARR 500014ad (sz=48, trace=300000, nelems=24, elem type=char[])
ARR 500014ae (sz=16, trace=300000, nelems=8, elem type=char[])
ARR 500014af (sz=16, trace=300000, nelems=8, elem type=char[])
ARR 500014b0 (sz=20, trace=300000, nelems=10, elem type=char[])
ARR 500014b1 (sz=32, trace=300000, nelems=4, elem type=java.lang.String[]@500000bc)
	[0]		500010a4
	[1]		500010a1
	[2]		500010a2
	[3]		500010a3
ARR 500014b2 (sz=6, trace=300000, nelems=3, elem type=char[])
OBJ 500014b3 (sz=24, trace=300000, class=java.lang.String@50000168)
	value		500014b7
OBJ 500014b4 (sz=24, trace=300000, class=java.lang.String@50000168)
	value		500014b8
OBJ 500014b5 (sz=16, trace=300000, class=java.nio.ByteOrder@5000007c)
	name		500014b4
OBJ 500014b6 (sz=16, trace=300000, class=java.nio.ByteOrder@5000007c)
	name		500014b3
ARR 500014b7 (sz=20, trace=300000, nelems=10, elem type=char[])
ARR 500014b8 (sz=26, trace=300000, nelems=13, elem type=char[])
ARR 500014b9 (sz=24, trace=300000, nelems=1, elem type=java.lang.Object[]@50000111)
	[0]		50001104
ARR 500014ba (sz=24, trace=300000, nelems=1, elem type=java.lang.Object[]@50000111)
	[0]		5000110d
ARR 500014bb (sz=24, trace=300000, nelems=1, elem type=java.lang.Object[]@50000111)
	[0]		50001122
ARR 500014bc (sz=24, trace=300000, nelems=2, elem type=java.lang.Object[]@50000111)
	[0]		5000112f
	[1]		50000222
OBJ 500014bd (sz=24, trace=300000, class=java.lang.String@50000168)
	value		500014be
ARR 500014be (sz=10, trace=300000, nelems=5, elem type=char[])
ARR 500014bf (sz=24, trace=300000, nelems=1, elem type=java.lang.Object[]@50000111)
	[0]		50001138
ARR 500014c0 (sz=24, trace=300000, nelems=1, elem type=java.lang.Object[]@50000111)
	[0]		50001149
ARR 500014c1 (sz=32, trace=300000, nelems=3, elem type=java.lang.Object[]@50000111)
	[0]		50001152
	[1]		500010ad
	[2]		500014c2
ARR 500014c2 (sz=24, trace=300000, nelems=1, elem type=java.lang.Object[]@50000111)
	[0]		50001155
OBJ 500014c3 (sz=24, trace=300000, class=java.lang.String@50000168)
	value		500014c7
ARR 500014c4 (sz=512, trace=300000, nelems=256, elem type=char[])
ARR 500014c5 (sz=3072, trace=300000, nelems=1536, elem type=char[])
ARR 500014c6 (sz=512, trace=300000, nelems=256, elem type=char[])
ARR 500014c7 (sz=512, trace=300000, nelems=256, elem type=char[])
ARR 500014c8 (sz=24, trace=300000, nelems=1, elem type=java.lang.Object[]@50000111)
	[0]		50001160
ARR 500014c9 (sz=32, trace=300000, nelems=3, elem type=java.lang.Object[]@50000111)
	[0]		50001169
	[2]		500014ca
ARR 500014ca (sz=24, trace=300000, nelems=1, elem type=java.lang.Object[]@50000111)
	[0]		5000116c
OBJ 500014cb (sz=16, trace=300000, class=java.util.concurrent.atomic.AtomicInteger@50000091)
ARR 500014cc (sz=38, trace=300000, nelems=19, elem type=char[])
ARR 500014cd (sz=26, trace=300000, nelems=13, elem type=char[])
ARR 500014ce (sz=2, trace=300000, nelems=1, elem type=char[])
ARR 500014cf (sz=26, trace=300000, nelems=13, elem type=char[])
ARR 500014d0 (sz=20, trace=300000, nelems=10, elem type=char[])
ARR 500014d1 (sz=12, trace=300000, nelems=6, elem type=char[])
ARR 500014d2 (sz=22, trace=300000, nelems=11, elem type=char[])
OBJ 500014d3 (sz=24, trace=300000, class=java.lang.String@50000168)
	value		500014eb
OBJ 500014d4 (sz=24, trace=300000, class=java.lang.String@50000168)
	value		500014ea
OBJ 500014d5 (sz=24, trace=300000, class=java.lang.String@50000168)
	value		500014e9
OBJ 500014d6 (sz=24, trace=300000, class=java.lang.String@50000168)
	value		500014e8
OBJ 500014d7 (sz=24, trace=300000, class=java.lang.String@50000168)
	value		500014e7
OBJ 500014d8 (sz=24, trace=300000, class=java.lang.String@50000168)
	value		500014e6
OBJ 500014d9 (sz=24, trace=300000, class=java.lang.String@50000168)
	value		500014e5
OBJ 500014da (sz=24, trace=300000, class=java.lang.String@50000168)
	value		500014e4
ARR 500014db (sz=32, trace=300000, nelems=16, elem type=char[])
OBJ 500014dc (sz=24, trace=300000, class=java.util.BitSet@50000014)
	words		500014dd
ARR 500014dd (sz=32, trace=300000, nelems=4, elem type=long[])
OBJ 500014de (sz=24, trace=300000, class=java.lang.String@50000168)
	value		500014e2
ARR 500014df (sz=24, trace=300000, nelems=1, elem type=java.io.ObjectStreamField[]@50000103)
	[0]		500014e0
OBJ 500014e0 (sz=40, trace=300000, class=java.io.ObjectStreamField@50000105)
	name		500014de
	signature	500014e1
	type		5000016d
OBJ 500014e1 (sz=24, trace=300000, class=java.lang.String@50000168)
	value		500014e3
ARR 500014e2 (sz=8, trace=300000, nelems=4, elem type=char[])
ARR 500014e3 (sz=4, trace=300000, nelems=2, elem type=char[])
ARR 500014e4 (sz=14, trace=300000, nelems=7, elem type=char[])
ARR 500014e5 (sz=24, trace=300000, nelems=12, elem type=char[])
ARR 500014e6 (sz=4, trace=300000, nelems=2, elem type=char[])
ARR 500014e7 (sz=14, trace=300000, nelems=7, elem type=char[])
ARR 500014e8 (sz=10, trace=300000, nelems=5, elem type=char[])
ARR 500014e9 (sz=18, trace=300000, nelems=9, elem type=char[])
ARR 500014ea (sz=2, trace=300000, nelems=1, elem type=char[])
ARR 500014eb (sz=16, trace=300000, nelems=8, elem type=char[])
OBJ 500014ec (sz=24, trace=300000, class=java.lang.String@50000168)
	value		50001505
OBJ 500014ed (sz=24, trace=300000, class=java.lang.String@50000168)
	value		50001504
OBJ 500014ee (sz=24, trace=300000, class=java.lang.String@50000168)
	value		50001503
OBJ 500014ef (sz=24, trace=300000, class=java.lang.String@50000168)
	value		500014f2
OBJ 500014f0 (sz=24, trace=300000, class=java.lang.String@50000168)
	value		500014f1
ARR 500014f1 (sz=30, trace=300000, nelems=15, elem type=char[])
ARR 500014f2 (sz=16, trace=300000, nelems=8, elem type=char[])
OBJ 500014f3 (sz=24, trace=300000, class=java.lang.String@50000168)
	value		500014f4
ARR 500014f4 (sz=6, trace=300000, nelems=3, elem type=char[])
OBJ 500014f5 (sz=24, trace=300000, class=java.lang.String@50000168)
	value		500014f6
ARR 500014f6 (sz=4, trace=300000, nelems=2, elem type=char[])
ARR 500014f7 (sz=16, trace=300000, nelems=0, elem type=java.lang.Throwable[]@50000109)
OBJ 500014f8 (sz=24, trace=300000, class=java.lang.String@50000168)
	value		50001502
OBJ 500014f9 (sz=24, trace=300000, class=java.lang.String@50000168)
	value		50001501
OBJ 500014fa (sz=24, trace=300000, class=java.lang.String@50000168)
	value		50001500
OBJ 500014fb (sz=24, trace=300000, class=java.lang.String@50000168)
	value		500014ff
OBJ 500014fc (sz=24, trace=300000, class=java.util.Collections$UnmodifiableRandomAccessList@500000be)
	c		500014fe
	list		500014fe
ARR 500014fd (sz=16, trace=300000, nelems=0, elem type=java.lang.StackTraceElement[]@500000fd)
OBJ 500014fe (sz=24, trace=300000, class=java.util.ArrayList@500000c1)
	elementData	50000fc8
ARR 500014ff (sz=66, trace=300000, nelems=33, elem type=char[])
ARR 50001500 (sz=60, trace=300000, nelems=30, elem type=char[])
ARR 50001501 (sz=22, trace=300000, nelems=11, elem type=char[])
ARR 50001502 (sz=24, trace=300000, nelems=12, elem type=char[])
ARR 50001503 (sz=80, trace=300000, nelems=40, elem type=char[])
ARR 50001504 (sz=54, trace=300000, nelems=27, elem type=char[])
ARR 50001505 (sz=24, trace=300000, nelems=12, elem type=char[])
OBJ 50001506 (sz=32, trace=300000, class=java.lang.ref.ReferenceQueue@500000e5)
	lock		50001508
ARR 50001507 (sz=80, trace=300000, nelems=0, elem type=java.util.WeakHashMap$Entry[]@5000004c)
OBJ 50001508 (sz=16, trace=300000, class=java.lang.ref.ReferenceQueue$Lock@500000e3)
OBJ 50001509 (sz=16, trace=300000, class=java.lang.Object@5000016c)
OBJ 5000150a (sz=24, trace=300000, class=java.lang.String@50000168)
	value		50001515
OBJ 5000150b (sz=24, trace=300000, class=java.lang.String@50000168)
	value		50001514
OBJ 5000150c (sz=24, trace=300000, class=java.lang.String@50000168)
	value		50001513
OBJ 5000150d (sz=16, trace=300000, class=sun.misc.Launcher@50000057)
	loader		500009c1
OBJ 5000150e (sz=16, trace=300000, class=sun.misc.Launcher$Factory@50000055)
OBJ 5000150f (sz=24, trace=300000, class=java.lang.String@50000168)
	value		50001512
OBJ 50001510 (sz=24, trace=300000, class=java.lang.String@50000168)
	value		50001511
ARR 50001511 (sz=6, trace=300000, nelems=3, elem type=char[])
ARR 50001512 (sz=30, trace=300000, nelems=15, elem type=char[])
ARR 50001513 (sz=38, trace=300000, nelems=19, elem type=char[])
ARR 50001514 (sz=42, trace=300000, nelems=21, elem type=char[])
ARR 50001515 (sz=26, trace=300000, nelems=13, elem type=char[])
ARR 50001516 (sz=56, trace=300000, nelems=0, elem type=java.lang.Object[]@50000111)
OBJ 50001517 (sz=16, trace=300000, class=java.security.ProtectionDomain$Key@50000009)
	this$0		50000afa
ARR 50001518 (sz=16, trace=300000, nelems=0, elem type=java.security.Principal[]@50000007)
OBJ 50001519 (sz=32, trace=300000, class=java.security.CodeSource@5000000a)
OBJ 5000151a (sz=16, trace=300000, class=java.util.HashSet@50000006)
	map		5000151b
OBJ 5000151b (sz=48, trace=300000, class=java.util.HashMap@500000ba)
ARR 5000151c (sz=56, trace=300000, nelems=0, elem type=java.lang.Object[]@50000111)
OBJ 5000151d (sz=16, trace=300000, class=sun.net.www.protocol.jar.Handler@50000004)
OBJ 5000151e (sz=48, trace=300000, class=java.util.HashMap@500000ba)
	table		50000410
OBJ 5000151f (sz=24, trace=300000, class=java.util.ArrayList@500000c1)
	elementData	5000040f
OBJ 50001520 (sz=32, trace=300000, class=java.util.Stack@500000eb)
	elementData	50001526
OBJ 50001521 (sz=24, trace=300000, class=java.util.ArrayList@500000c1)
	elementData	50001522
ARR 50001522 (sz=56, trace=300000, nelems=1, elem type=java.lang.Object[]@50000111)
	[0]		50001523
OBJ 50001523 (sz=64, trace=300000, class=java.net.URL@50000013)
	protocol	50000f90
	host		50000aae
	file		50001524
	authority	50000aae
	path		50001524
	handler		50000f8e
OBJ 50001524 (sz=24, trace=300000, class=java.lang.String@50000168)
	value		50001525
ARR 50001525 (sz=108, trace=300000, nelems=54, elem type=char[])
ARR 50001526 (sz=56, trace=300000, nelems=0, elem type=java.lang.Object[]@50000111)
OBJ 50001527 (sz=32, trace=300000, class=java.lang.ref.ReferenceQueue@500000e5)
	lock		50001529
ARR 50001528 (sz=80, trace=300000, nelems=0, elem type=java.util.WeakHashMap$Entry[]@5000004c)
OBJ 50001529 (sz=16, trace=300000, class=java.lang.ref.ReferenceQueue$Lock@500000e3)
ARR 5000152a (sz=56, trace=300000, nelems=1, elem type=java.lang.Object[]@50000111)
	[0]		50000dc3
ARR 5000152b (sz=56, trace=300000, nelems=1, elem type=java.lang.Object[]@50000111)
	[0]		5000152c
OBJ 5000152c (sz=40, trace=300000, class=java.lang.ClassLoader$NativeLibrary@5000006c)
	fromClass	50000161
	name		50000dc3
ARR 5000152d (sz=56, trace=300000, nelems=0, elem type=java.lang.Object[]@50000111)
OBJ 5000152e (sz=24, trace=300000, class=java.lang.String@50000168)
	value		5000155b
OBJ 5000152f (sz=24, trace=300000, class=java.lang.String@50000168)
	value		5000155a
OBJ 50001530 (sz=24, trace=300000, class=java.lang.String@50000168)
	value		50001559
OBJ 50001531 (sz=24, trace=300000, class=java.lang.String@50000168)
	value		50001558
OBJ 50001532 (sz=24, trace=300000, class=java.lang.String@50000168)
	value		50001557
OBJ 50001533 (sz=24, trace=300000, class=java.lang.String@50000168)
	value		50001556
OBJ 50001534 (sz=24, trace=300000, class=java.lang.String@50000168)
	value		50001555
OBJ 50001535 (sz=24, trace=300000, class=java.lang.String@50000168)
	value		50001554
OBJ 50001536 (sz=24, trace=300000, class=java.lang.String@50000168)
	value		50001553
OBJ 50001537 (sz=24, trace=300000, class=java.lang.String@50000168)
	value		50001552
OBJ 50001538 (sz=24, trace=300000, class=java.lang.String@50000168)
	value		50001551
OBJ 50001539 (sz=24, trace=300000, class=java.lang.String@50000168)
	value		50001550
OBJ 5000153a (sz=24, trace=300000, class=java.lang.String@50000168)
	value		5000154f
OBJ 5000153b (sz=24, trace=300000, class=java.lang.String@50000168)
	value		5000154e
OBJ 5000153c (sz=24, trace=300000, class=java.lang.String@50000168)
	value		5000154d
OBJ 5000153d (sz=24, trace=300000, class=java.lang.String@50000168)
	value		5000154c
OBJ 5000153e (sz=24, trace=300000, class=java.lang.String@50000168)
	value		5000154b
OBJ 5000153f (sz=24, trace=300000, class=java.lang.String@50000168)
	value		5000154a
OBJ 50001540 (sz=24, trace=300000, class=java.lang.String@50000168)
	value		50001549
OBJ 50001541 (sz=24, trace=300000, class=java.lang.String@50000168)
	value		50001548
OBJ 50001542 (sz=24, trace=300000, class=java.lang.String@50000168)
	value		50001547
OBJ 50001543 (sz=24, trace=300000, class=java.lang.String@50000168)
	value		50001546
OBJ 50001544 (sz=24, trace=300000, class=java.lang.String@50000168)
	value		50001545
ARR 50001545 (sz=2, trace=300000, nelems=1, elem type=char[])
ARR 50001546 (sz=80, trace=300000, nelems=40, elem type=char[])
ARR 50001547 (sz=118, trace=300000, nelems=59, elem type=char[])
ARR 50001548 (sz=94, trace=300000, nelems=47, elem type=char[])
ARR 50001549 (sz=106, trace=300000, nelems=53, elem type=char[])
ARR 5000154a (sz=136, trace=300000, nelems=68, elem type=char[])
ARR 5000154b (sz=34, trace=300000, nelems=17, elem type=char[])
ARR 5000154c (sz=86, trace=300000, nelems=43, elem type=char[])
ARR 5000154d (sz=44, trace=300000, nelems=22, elem type=char[])
ARR 5000154e (sz=64, trace=300000, nelems=32, elem type=char[])
ARR 5000154f (sz=70, trace=300000, nelems=35, elem type=char[])
ARR 50001550 (sz=38, trace=300000, nelems=19, elem type=char[])
ARR 50001551 (sz=108, trace=300000, nelems=54, elem type=char[])
ARR 50001552 (sz=74, trace=300000, nelems=37, elem type=char[])
ARR 50001553 (sz=70, trace=300000, nelems=35, elem type=char[])
ARR 50001554 (sz=84, trace=300000, nelems=42, elem type=char[])
ARR 50001555 (sz=126, trace=300000, nelems=63, elem type=char[])
ARR 50001556 (sz=118, trace=300000, nelems=59, elem type=char[])
ARR 50001557 (sz=38, trace=300000, nelems=19, elem type=char[])
ARR 50001558 (sz=20, trace=300000, nelems=10, elem type=char[])
ARR 50001559 (sz=38, trace=300000, nelems=19, elem type=char[])
ARR 5000155a (sz=46, trace=300000, nelems=23, elem type=char[])
ARR 5000155b (sz=70, trace=300000, nelems=35, elem type=char[])
OBJ 5000155c (sz=24, trace=300000, class=java.lang.String@50000168)
	value		5000155d
ARR 5000155d (sz=48, trace=300000, nelems=24, elem type=char[])
OBJ 5000155e (sz=24, trace=300000, class=java.util.Collections$SetFromMap@5000004b)
	m		50001560
	s		5000155f
OBJ 5000155f (sz=16, trace=300000, class=java.util.WeakHashMap$KeySet@5000004a)
	this$0		50001560
OBJ 50001560 (sz=48, trace=300000, class=java.util.WeakHashMap@500000a3)
	keySet		5000155f
	table		50001562
	queue		50001561
OBJ 50001561 (sz=32, trace=300000, class=java.lang.ref.ReferenceQueue@500000e5)
	lock		50001567
ARR 50001562 (sz=80, trace=300000, nelems=16, elem type=java.util.WeakHashMap$Entry[]@5000004c)
	[5]		50001563
	[6]		50001564
	[9]		50001565
	[15]		50001566
OBJ 50001563 (sz=40, trace=300000, class=java.util.WeakHashMap$Entry@5000004f)
	referent	50000003
	queue		50001561
	value		50000d4b
OBJ 50001564 (sz=40, trace=300000, class=java.util.WeakHashMap$Entry@5000004f)
	referent	50000052
	queue		50001561
	value		50000d4b
	next		50001568
OBJ 50001565 (sz=40, trace=300000, class=java.util.WeakHashMap$Entry@5000004f)
	referent	50000054
	queue		50001561
	value		50000d4b
OBJ 50001566 (sz=40, trace=300000, class=java.util.WeakHashMap$Entry@5000004f)
	referent	50000162
	queue		50001561
	value		50000d4b
OBJ 50001567 (sz=16, trace=300000, class=java.lang.ref.ReferenceQueue$Lock@500000e3)
OBJ 50001568 (sz=40, trace=300000, class=java.util.WeakHashMap$Entry@5000004f)
	referent	50000053
	queue		50001561
	value		50000d4b
ARR 50001569 (sz=42, trace=300000, nelems=21, elem type=char[])
ARR 5000156a (sz=34, trace=300000, nelems=17, elem type=char[])
OBJ 5000156b (sz=24, trace=300000, class=java.lang.String@50000168)
	value		50001570
OBJ 5000156c (sz=24, trace=300000, class=java.lang.String@50000168)
	value		5000156f
OBJ 5000156d (sz=24, trace=300000, class=java.lang.String@50000168)
	value		5000156e
ARR 5000156e (sz=28, trace=300000, nelems=14, elem type=char[])
ARR 5000156f (sz=28, trace=300000, nelems=14, elem type=char[])
ARR 50001570 (sz=28, trace=300000, nelems=14, elem type=char[])
OBJ 50001571 (sz=24, trace=300000, class=java.lang.String@50000168)
	value		50001572
ARR 50001572 (sz=40, trace=300000, nelems=20, elem type=char[])
ARR 50001573 (sz=10, trace=300000, nelems=5, elem type=char[])
ARR 50001574 (sz=80, trace=300000, nelems=11, elem type=java.util.HashMap$Node[]@500000b8)
	[10]		50001575
OBJ 50001575 (sz=32, trace=300000, class=java.util.HashMap$Node@500000b9)
	key		5000011d
	value		50001576
ARR 50001576 (sz=24, trace=300000, nelems=1, elem type=java.lang.String[]@500000bc)
	[0]		50000ac8
ARR 50001577 (sz=18, trace=300000, nelems=9, elem type=char[])
OBJ 50001578 (sz=24, trace=300000, class=java.lang.String@50000168)
	value		5000157c
OBJ 50001579 (sz=32, trace=300000, class=java.util.concurrent.atomic.AtomicReferenceFieldUpdater$AtomicReferenceFieldUpdaterImpl@500000b1)
	tclass		500000b3
	vclass		50000170
OBJ 5000157a (sz=24, trace=300000, class=java.lang.String@50000168)
	value		5000157b
ARR 5000157b (sz=26, trace=300000, nelems=13, elem type=char[])
ARR 5000157c (sz=6, trace=300000, nelems=3, elem type=char[])
OBJ 5000157d (sz=24, trace=300000, class=java.io.OutputStreamWriter@50000085)
	lock		50000ab6
	se		50001582
OBJ 5000157e (sz=40, trace=300000, class=java.io.BufferedWriter@50000079)
	lock		5000157d
	out		5000157d
	cb		50001581
	lineSeparator	50000ab3
OBJ 5000157f (sz=24, trace=300000, class=java.io.BufferedOutputStream@5000009b)
	out		50000abe
	buf		50001580
ARR 50001580 (sz=128, trace=300000, nelems=128, elem type=byte[])
ARR 50001581 (sz=16384, trace=300000, nelems=8192, elem type=char[])
OBJ 50001582 (sz=48, trace=300000, class=sun.nio.cs.StreamEncoder@50000084)
	lock		5000157d
	cs		500013fc
	encoder		50001584
	bb		50001583
	out		50000ab6
OBJ 50001583 (sz=48, trace=300000, class=java.nio.HeapByteBuffer@5000007e)
	hb		50001586
OBJ 50001584 (sz=64, trace=300000, class=sun.nio.cs.SingleByte$Encoder@50000081)
	charset		500013fc
	replacement	50001585
	malformedInputAction	5000108e
	unmappableCharacterAction	5000108e
	c2b		50001401
	c2bIndex	50001400
ARR 50001585 (sz=1, trace=300000, nelems=1, elem type=byte[])
ARR 50001586 (sz=8192, trace=300000, nelems=8192, elem type=byte[])
ARR 50001587 (sz=28, trace=300000, nelems=14, elem type=char[])
OBJ 50001588 (sz=24, trace=300000, class=java.lang.String@50000168)
	value		5000158a
ARR 50001589 (sz=22, trace=300000, nelems=11, elem type=char[])
ARR 5000158a (sz=36, trace=300000, nelems=18, elem type=char[])
OBJ 5000158b (sz=24, trace=300000, class=java.io.OutputStreamWriter@50000085)
	lock		50000ab5
	se		50001590
OBJ 5000158c (sz=40, trace=300000, class=java.io.BufferedWriter@50000079)
	lock		5000158b
	out		5000158b
	cb		5000158f
	lineSeparator	50000ab3
OBJ 5000158d (sz=24, trace=300000, class=java.io.BufferedOutputStream@5000009b)
	out		50000ac0
	buf		5000158e
ARR 5000158e (sz=128, trace=300000, nelems=128, elem type=byte[])
ARR 5000158f (sz=16384, trace=300000, nelems=8192, elem type=char[])
OBJ 50001590 (sz=48, trace=300000, class=sun.nio.cs.StreamEncoder@50000084)
	lock		5000158b
	cs		500013fc
	encoder		50001592
	bb		50001591
	out		50000ab5
OBJ 50001591 (sz=48, trace=300000, class=java.nio.HeapByteBuffer@5000007e)
	hb		50001594
OBJ 50001592 (sz=64, trace=300000, class=sun.nio.cs.SingleByte$Encoder@50000081)
	charset		500013fc
	replacement	50001593
	malformedInputAction	5000108e
	unmappableCharacterAction	5000108e
	c2b		50001401
	c2bIndex	50001400
ARR 50001593 (sz=1, trace=300000, nelems=1, elem type=byte[])
ARR 50001594 (sz=8192, trace=300000, nelems=8192, elem type=byte[])
OBJ 50001595 (sz=24, trace=300000, class=java.util.Collections$SynchronizedSet@500000d2)
	c		500015d9
	mutex		50000ab4
ARR 50001596 (sz=400, trace=300000, nelems=92, elem type=java.util.Hashtable$Entry[]@500000dd)
	[0]		50001597
	[2]		50001598
	[5]		50001599
	[9]		5000159a
	[11]		5000159b
	[13]		5000159c
	[16]		5000159d
	[17]		5000159e
	[18]		5000159f
	[19]		500015a0
	[21]		500015a1
	[22]		500015a2
	[24]		500015a3
	[26]		500015a4
	[27]		500015a5
	[33]		500015a6
	[38]		500015a7
	[39]		500015a8
	[40]		500015a9
	[41]		500015aa
	[44]		500015ab
	[47]		500015ac
	[49]		500015ad
	[54]		500015ae
	[57]		500015af
	[63]		500015b0
	[64]		500015b1
	[65]		500015b2
	[67]		500015b3
	[70]		500015b4
	[72]		500015b5
	[74]		500015b6
	[76]		500015b7
	[79]		500015b8
	[80]		500015b9
	[81]		500015ba
	[82]		500015bb
	[88]		500015bc
	[91]		500015bd
OBJ 50001597 (sz=32, trace=300000, class=java.util.Hashtable$Entry@500000df)
	key		50000d42
	value		50000d41
OBJ 50001598 (sz=32, trace=300000, class=java.util.Hashtable$Entry@500000df)
	key		50000d3e
	value		50000d3d
OBJ 50001599 (sz=32, trace=300000, class=java.util.Hashtable$Entry@500000df)
	key		50000d3a
	value		50000d39
OBJ 5000159a (sz=32, trace=300000, class=java.util.Hashtable$Entry@500000df)
	key		50000d36
	value		50000d35
	next		500015d8
OBJ 5000159b (sz=32, trace=300000, class=java.util.Hashtable$Entry@500000df)
	key		50000d2d
	value		50000d2c
OBJ 5000159c (sz=32, trace=300000, class=java.util.Hashtable$Entry@500000df)
	key		50000d29
	value		50000d28
OBJ 5000159d (sz=32, trace=300000, class=java.util.Hashtable$Entry@500000df)
	key		50000d25
	value		50000d24
	next		500015d7
OBJ 5000159e (sz=32, trace=300000, class=java.util.Hashtable$Entry@500000df)
	key		50000d1c
	value		50000d1b
OBJ 5000159f (sz=32, trace=300000, class=java.util.Hashtable$Entry@500000df)
	key		50000d18
	value		50000d17
OBJ 500015a0 (sz=32, trace=300000, class=java.util.Hashtable$Entry@500000df)
	key		50000d14
	value		500014ef
OBJ 500015a1 (sz=32, trace=300000, class=java.util.Hashtable$Entry@500000df)
	key		50000d0c
	value		500015d5
OBJ 500015a2 (sz=32, trace=300000, class=java.util.Hashtable$Entry@500000df)
	key		50000d07
	value		50000d06
OBJ 500015a3 (sz=32, trace=300000, class=java.util.Hashtable$Entry@500000df)
	key		50000d03
	value		50000d02
	next		500015d4
OBJ 500015a4 (sz=32, trace=300000, class=java.util.Hashtable$Entry@500000df)
	key		50000cfa
	value		50000cf9
	next		500015d2
OBJ 500015a5 (sz=32, trace=300000, class=java.util.Hashtable$Entry@500000df)
	key		50000cec
	value		50000ceb
OBJ 500015a6 (sz=32, trace=300000, class=java.util.Hashtable$Entry@500000df)
	key		50000ce8
	value		50000ce7
	next		500015d1
OBJ 500015a7 (sz=32, trace=300000, class=java.util.Hashtable$Entry@500000df)
	key		50000cdb
	value		50000cda
	next		500015d0
OBJ 500015a8 (sz=32, trace=300000, class=java.util.Hashtable$Entry@500000df)
	key		50000cd6
	value		50000cd5
OBJ 500015a9 (sz=32, trace=300000, class=java.util.Hashtable$Entry@500000df)
	key		50000cd2
	value		50000cd1
OBJ 500015aa (sz=32, trace=300000, class=java.util.Hashtable$Entry@500000df)
	key		50000cce
	value		50000ccd
OBJ 500015ab (sz=32, trace=300000, class=java.util.Hashtable$Entry@500000df)
	key		50000cca
	value		50000cc9
OBJ 500015ac (sz=32, trace=300000, class=java.util.Hashtable$Entry@500000df)
	key		50000cc6
	value		50000cc5
OBJ 500015ad (sz=32, trace=300000, class=java.util.Hashtable$Entry@500000df)
	key		50000cbe
	value		50000cbd
	next		500015cf
OBJ 500015ae (sz=32, trace=300000, class=java.util.Hashtable$Entry@500000df)
	key		50000cb9
	value		50000cb8
OBJ 500015af (sz=32, trace=300000, class=java.util.Hashtable$Entry@500000df)
	key		50000cb5
	value		50000cb4
OBJ 500015b0 (sz=32, trace=300000, class=java.util.Hashtable$Entry@500000df)
	key		50000cb1
	value		50000cb0
OBJ 500015b1 (sz=32, trace=300000, class=java.util.Hashtable$Entry@500000df)
	key		50000cad
	value		50000cac
OBJ 500015b2 (sz=32, trace=300000, class=java.util.Hashtable$Entry@500000df)
	key		50000ca9
	value		50000ca8
OBJ 500015b3 (sz=32, trace=300000, class=java.util.Hashtable$Entry@500000df)
	key		50000ca2
	value		50000ca1
	next		500015ce
OBJ 500015b4 (sz=32, trace=300000, class=java.util.Hashtable$Entry@500000df)
	key		50000c99
	value		50000c98
	next		500015cd
OBJ 500015b5 (sz=32, trace=300000, class=java.util.Hashtable$Entry@500000df)
	key		50000c94
	value		50000c93
OBJ 500015b6 (sz=32, trace=300000, class=java.util.Hashtable$Entry@500000df)
	key		500015ca
	value		500015c9
OBJ 500015b7 (sz=32, trace=300000, class=java.util.Hashtable$Entry@500000df)
	key		50000c8c
	value		50000c8b
	next		500015c8
OBJ 500015b8 (sz=32, trace=300000, class=java.util.Hashtable$Entry@500000df)
	key		50000c7e
	value		50000c7d
	next		500015c5
OBJ 500015b9 (sz=32, trace=300000, class=java.util.Hashtable$Entry@500000df)
	key		50000c70
	value		50000c6f
	next		500015c4
OBJ 500015ba (sz=32, trace=300000, class=java.util.Hashtable$Entry@500000df)
	key		50000c6b
	value		50000c6a
OBJ 500015bb (sz=32, trace=300000, class=java.util.Hashtable$Entry@500000df)
	key		50000c63
	value		50000c62
	next		500015c3
OBJ 500015bc (sz=32, trace=300000, class=java.util.Hashtable$Entry@500000df)
	key		50000c5a
	value		50000c59
	next		500015c2
OBJ 500015bd (sz=32, trace=300000, class=java.util.Hashtable$Entry@500000df)
	key		500015bf
	value		500015be
OBJ 500015be (sz=24, trace=300000, class=java.lang.String@50000168)
	value		500015c1
OBJ 500015bf (sz=24, trace=300000, class=java.lang.String@50000168)
	value		500015c0
ARR 500015c0 (sz=34, trace=300000, nelems=17, elem type=char[])
ARR 500015c1 (sz=62, trace=300000, nelems=31, elem type=char[])
OBJ 500015c2 (sz=32, trace=300000, class=java.util.Hashtable$Entry@500000df)
	key		50000c5e
	value		50000c5d
OBJ 500015c3 (sz=32, trace=300000, class=java.util.Hashtable$Entry@500000df)
	key		50000c67
	value		50000c66
OBJ 500015c4 (sz=32, trace=300000, class=java.util.Hashtable$Entry@500000df)
	key		50000c74
	value		50000c73
OBJ 500015c5 (sz=32, trace=300000, class=java.util.Hashtable$Entry@500000df)
	key		50000c79
	value		50000c78
	next		500015c6
OBJ 500015c6 (sz=32, trace=300000, class=java.util.Hashtable$Entry@500000df)
	key		50000c83
	value		50000c82
	next		500015c7
OBJ 500015c7 (sz=32, trace=300000, class=java.util.Hashtable$Entry@500000df)
	key		50000c87
	value		50000c86
OBJ 500015c8 (sz=32, trace=300000, class=java.util.Hashtable$Entry@500000df)
	key		50000c90
	value		50000c8f
OBJ 500015c9 (sz=24, trace=300000, class=java.lang.String@50000168)
	value		500015cc
OBJ 500015ca (sz=24, trace=300000, class=java.lang.String@50000168)
	value		500015cb
ARR 500015cb (sz=40, trace=300000, nelems=20, elem type=char[])
ARR 500015cc (sz=24, trace=300000, nelems=12, elem type=char[])
OBJ 500015cd (sz=32, trace=300000, class=java.util.Hashtable$Entry@500000df)
	key		50000c9d
	value		50000c9c
OBJ 500015ce (sz=32, trace=300000, class=java.util.Hashtable$Entry@500000df)
	key		50000ca5
	value		50000ab3
OBJ 500015cf (sz=32, trace=300000, class=java.util.Hashtable$Entry@500000df)
	key		50000cc2
	value		50000cc1
OBJ 500015d0 (sz=32, trace=300000, class=java.util.Hashtable$Entry@500000df)
	key		50000cdf
	value		50000cde
OBJ 500015d1 (sz=32, trace=300000, class=java.util.Hashtable$Entry@500000df)
	key		50000ce4
	value		50000ce3
OBJ 500015d2 (sz=32, trace=300000, class=java.util.Hashtable$Entry@500000df)
	key		50000cf6
	value		50000cf5
	next		500015d3
OBJ 500015d3 (sz=32, trace=300000, class=java.util.Hashtable$Entry@500000df)
	key		50000cf1
	value		50000cf0
OBJ 500015d4 (sz=32, trace=300000, class=java.util.Hashtable$Entry@500000df)
	key		50000cff
	value		50000cfe
OBJ 500015d5 (sz=24, trace=300000, class=java.lang.String@50000168)
	value		500015d6
ARR 500015d6 (sz=20, trace=300000, nelems=10, elem type=char[])
OBJ 500015d7 (sz=32, trace=300000, class=java.util.Hashtable$Entry@500000df)
	key		50000d21
	value		50000d20
OBJ 500015d8 (sz=32, trace=300000, class=java.util.Hashtable$Entry@500000df)
	key		50000d32
	value		50000d31
OBJ 500015d9 (sz=16, trace=300000, class=java.util.Hashtable$EntrySet@500000d9)
	this$0		50000ab4
OBJ 500015da (sz=24, trace=300000, class=java.lang.String@50000168)
	value		500015db
ARR 500015db (sz=8, trace=300000, nelems=4, elem type=char[])
OBJ 500015dc (sz=24, trace=300000, class=java.lang.String@50000168)
	value		500015e9
OBJ 500015dd (sz=24, trace=300000, class=java.lang.String@50000168)
	value		500015e7
OBJ 500015de (sz=16, trace=300000, class=java.lang.Terminator$1@50000064)
OBJ 500015df (sz=24, trace=300000, class=sun.misc.NativeSignalHandler@50000062)
OBJ 500015e0 (sz=24, trace=300000, class=sun.misc.NativeSignalHandler@50000062)
OBJ 500015e1 (sz=48, trace=300000, class=java.util.Hashtable@50000142)
	table		500015ea
OBJ 500015e2 (sz=48, trace=300000, class=java.util.Hashtable@50000142)
	table		500015e3
ARR 500015e3 (sz=32, trace=300000, nelems=4, elem type=java.util.Hashtable$Entry[]@500000dd)
	[2]		500015e4
	[3]		500015e5
OBJ 500015e4 (sz=32, trace=300000, class=java.util.Hashtable$Entry@500000df)
	key		500015e8
	value		500015de
OBJ 500015e5 (sz=32, trace=300000, class=java.util.Hashtable$Entry@500000df)
	key		500015e6
	value		500015de
OBJ 500015e6 (sz=24, trace=300000, class=sun.misc.Signal@50000063)
	name		500015dd
ARR 500015e7 (sz=8, trace=300000, nelems=4, elem type=char[])
OBJ 500015e8 (sz=24, trace=300000, class=sun.misc.Signal@50000063)
	name		500015dc
ARR 500015e9 (sz=6, trace=300000, nelems=3, elem type=char[])
ARR 500015ea (sz=32, trace=300000, nelems=4, elem type=java.util.Hashtable$Entry[]@500000dd)
	[2]		500015eb
	[3]		500015ec
OBJ 500015eb (sz=32, trace=300000, class=java.util.Hashtable$Entry@500000df)
	key		50000bac
	value		500015e8
OBJ 500015ec (sz=32, trace=300000, class=java.util.Hashtable$Entry@500000df)
	key		50000bb9
	value		500015e6
ARR 500015ed (sz=6, trace=300000, nelems=3, elem type=char[])
ARR 500015ee (sz=38, trace=300000, nelems=19, elem type=char[])
ARR 500015ef (sz=38, trace=300000, nelems=19, elem type=char[])
ARR 500015f0 (sz=12, trace=300000, nelems=6, elem type=char[])
ARR 500015f1 (sz=4, trace=300000, nelems=2, elem type=char[])
ARR 500015f2 (sz=8, trace=300000, nelems=4, elem type=char[])
ARR 500015f3 (sz=4, trace=300000, nelems=2, elem type=char[])
ARR 500015f4 (sz=10, trace=300000, nelems=5, elem type=char[])
ARR 500015f5 (sz=14, trace=300000, nelems=7, elem type=char[])
ARR 500015f6 (sz=4, trace=300000, nelems=2, elem type=char[])
ARR 500015f7 (sz=24, trace=300000, nelems=12, elem type=char[])
ARR 500015f8 (sz=32, trace=300000, nelems=1, elem type=java.lang.ThreadGroup[]@500000fe)
	[0]		50000a94
ARR 500015f9 (sz=32, trace=300000, nelems=4, elem type=java.lang.Thread[]@500000e6)
	[0]		500009bc
	[1]		500009b8
	[2]		500009b7
	[3]		500009b6
OBJ 500015fa (sz=16, trace=300000, class=java.lang.Object@5000016c)
OBJ 500015fb (sz=40, trace=300000, class=java.security.AccessControlContext@50000159)
ARR 500015fc (sz=30, trace=300000, nelems=15, elem type=char[])
OBJ 500015fd (sz=16, trace=300000, class=java.lang.Object@5000016c)
OBJ 500015fe (sz=40, trace=300000, class=java.security.AccessControlContext@50000159)
ARR 500015ff (sz=34, trace=300000, nelems=17, elem type=char[])
OBJ 50001600 (sz=16, trace=300000, class=java.lang.Object@5000016c)
OBJ 50001601 (sz=40, trace=300000, class=java.security.AccessControlContext@50000159)
ARR 50001602 (sz=18, trace=300000, nelems=9, elem type=char[])
OBJ 50001603 (sz=24, trace=300000, class=java.lang.String@50000168)
	value		5000160f
OBJ 50001604 (sz=16, trace=300000, class=java.lang.Object@5000016c)
OBJ 50001605 (sz=40, trace=300000, class=java.lang.ref.Finalizer@50000149)
	referent	50001607
	queue		500009b9
	next		50001606
	prev		50000476
OBJ 50001606 (sz=40, trace=300000, class=java.lang.ref.Finalizer@50000149)
	referent	5000152c
	queue		500009b9
	next		5000160c
	prev		50001605
OBJ 50001607 (sz=32, trace=300000, class=java.io.FileInputStream@500000c8)
	fd		5000160a
	path		50001609
	closeLock	50001608
OBJ 50001608 (sz=16, trace=300000, class=java.lang.Object@5000016c)
OBJ 50001609 (sz=24, trace=300000, class=java.lang.String@50000168)
	value		5000160b
OBJ 5000160a (sz=40, trace=300000, class=java.io.FileDescriptor@500000c7)
	parent		50001607
ARR 5000160b (sz=104, trace=300000, nelems=52, elem type=char[])
OBJ 5000160c (sz=40, trace=300000, class=java.lang.ref.Finalizer@50000149)
	referent	50000ac0
	queue		500009b9
	next		5000160d
	prev		50001606
OBJ 5000160d (sz=40, trace=300000, class=java.lang.ref.Finalizer@50000149)
	referent	50000abe
	queue		500009b9
	next		5000160e
	prev		5000160c
OBJ 5000160e (sz=40, trace=300000, class=java.lang.ref.Finalizer@50000149)
	referent	50000ab9
	queue		500009b9
	prev		5000160d
ARR 5000160f (sz=18, trace=300000, nelems=9, elem type=char[])
OBJ 50001610 (sz=16, trace=300000, class=java.lang.Object@5000016c)
OBJ 50001611 (sz=40, trace=300000, class=java.security.AccessControlContext@50000159)
ARR 50001612 (sz=34, trace=300000, nelems=17, elem type=char[])
ARR 50001613 (sz=32, trace=300000, nelems=1, elem type=java.lang.Thread[]@500000e6)
	[0]		500009be
OBJ 50001614 (sz=24, trace=300000, class=java.lang.String@50000168)
	value		50001615
ARR 50001615 (sz=8, trace=300000, nelems=4, elem type=char[])
OBJ 50001616 (sz=16, trace=300000, class=java.lang.Object@5000016c)
OBJ 50001617 (sz=40, trace=300000, class=java.security.AccessControlContext@50000159)
ARR 50001618 (sz=8, trace=300000, nelems=4, elem type=char[])
OBJ 50001619 (sz=24, trace=300000, class=java.lang.String@50000168)
	value		5000161a
ARR 5000161a (sz=18, trace=300000, nelems=9, elem type=char[])
OBJ 5000161b (sz=32, trace=300000, class=java.lang.OutOfMemoryError@50000151)
OBJ 5000161c (sz=32, trace=300000, class=java.lang.OutOfMemoryError@50000151)
OBJ 5000161d (sz=32, trace=300000, class=java.lang.OutOfMemoryError@50000151)
OBJ 5000161e (sz=32, trace=300000, class=java.lang.OutOfMemoryError@50000151)
OBJ 5000161f (sz=24, trace=300000, class=java.lang.String@50000168)
	value		50001620
ARR 50001620 (sz=52, trace=300000, nelems=26, elem type=char[])
OBJ 50001621 (sz=24, trace=300000, class=java.lang.String@50000168)
	value		50001622
ARR 50001622 (sz=74, trace=300000, nelems=37, elem type=char[])
OBJ 50001623 (sz=24, trace=300000, class=java.lang.String@50000168)
	value		50001624
ARR 50001624 (sz=44, trace=300000, nelems=22, elem type=char[])
OBJ 50001625 (sz=24, trace=300000, class=java.lang.String@50000168)
	value		50001626
ARR 50001626 (sz=18, trace=300000, nelems=9, elem type=char[])
OBJ 50001627 (sz=24, trace=300000, class=java.lang.String@50000168)
	value		50001628
ARR 50001628 (sz=30, trace=300000, nelems=15, elem type=char[])
ARR 50001629 (sz=22, trace=300000, nelems=11, elem type=char[])
OBJ 5000162a (sz=24, trace=300000, class=java.lang.String@50000168)
	value		50001641
OBJ 5000162b (sz=24, trace=300000, class=java.lang.String@50000168)
	value		5000162c
ARR 5000162c (sz=30, trace=300000, nelems=15, elem type=char[])
ARR 5000162d (sz=16, trace=300000, nelems=0, elem type=java.lang.Class[]@5000010c)
OBJ 5000162e (sz=24, trace=300000, class=java.lang.String@50000168)
	value		5000162f
ARR 5000162f (sz=12, trace=300000, nelems=6, elem type=char[])
ARR 50001630 (sz=24, trace=300000, nelems=2, elem type=java.lang.Class[]@5000010c)
	[0]		5000016c
	[1]		5000016c
OBJ 50001631 (sz=24, trace=300000, class=java.lang.String@50000168)
	value		50001640
OBJ 50001632 (sz=24, trace=300000, class=java.lang.String@50000168)
	value		5000163f
OBJ 50001633 (sz=24, trace=300000, class=java.lang.String@50000168)
	value		50001634
ARR 50001634 (sz=8, trace=300000, nelems=4, elem type=char[])
OBJ 50001635 (sz=24, trace=300000, class=java.lang.String@50000168)
	value		5000163e
OBJ 50001636 (sz=24, trace=300000, class=java.lang.String@50000168)
	value		5000163d
OBJ 50001637 (sz=24, trace=300000, class=java.lang.String@50000168)
	value		5000163c
OBJ 50001638 (sz=24, trace=300000, class=java.lang.String@50000168)
	value		5000163b
OBJ 50001639 (sz=24, trace=300000, class=java.lang.String@50000168)
	value		5000163a
ARR 5000163a (sz=100, trace=300000, nelems=50, elem type=char[])
ARR 5000163b (sz=94, trace=300000, nelems=47, elem type=char[])
ARR 5000163c (sz=92, trace=300000, nelems=46, elem type=char[])
ARR 5000163d (sz=82, trace=300000, nelems=41, elem type=char[])
ARR 5000163e (sz=94, trace=300000, nelems=47, elem type=char[])
ARR 5000163f (sz=10, trace=300000, nelems=5, elem type=char[])
ARR 50001640 (sz=12, trace=300000, nelems=6, elem type=char[])
ARR 50001641 (sz=8, trace=300000, nelems=4, elem type=char[])
OBJ 50001642 (sz=24, trace=300000, class=java.lang.String@50000168)
	value		50001647
OBJ 50001643 (sz=24, trace=300000, class=java.lang.String@50000168)
	value		50001646
OBJ 50001644 (sz=24, trace=300000, class=java.lang.String@50000168)
	value		50001645
ARR 50001645 (sz=24, trace=300000, nelems=12, elem type=char[])
ARR 50001646 (sz=26, trace=300000, nelems=13, elem type=char[])
ARR 50001647 (sz=14, trace=300000, nelems=7, elem type=char[])
OBJ 50001648 (sz=24, trace=300000, class=java.lang.String@50000168)
	value		50001651
OBJ 50001649 (sz=24, trace=300000, class=java.lang.String@50000168)
	value		50001650
OBJ 5000164a (sz=24, trace=300000, class=java.lang.String@50000168)
	value		5000164f
OBJ 5000164b (sz=24, trace=300000, class=java.lang.String@50000168)
	value		5000164e
OBJ 5000164c (sz=24, trace=300000, class=java.lang.String@50000168)
	value		5000164d
ARR 5000164d (sz=46, trace=300000, nelems=23, elem type=char[])
ARR 5000164e (sz=20, trace=300000, nelems=10, elem type=char[])
ARR 5000164f (sz=6, trace=300000, nelems=3, elem type=char[])
ARR 50001650 (sz=18, trace=300000, nelems=9, elem type=char[])
ARR 50001651 (sz=70, trace=300000, nelems=35, elem type=char[])
OBJ 50001652 (sz=24, trace=300000, class=java.lang.String@50000168)
	value		5000165b
OBJ 50001653 (sz=24, trace=300000, class=java.lang.String@50000168)
	value		500016d9
OBJ 50001654 (sz=24, trace=300000, class=java.lang.String@50000168)
	value		500016d8
OBJ 50001655 (sz=24, trace=300000, class=java.lang.String@50000168)
	value		50001661
OBJ 50001656 (sz=24, trace=300000, class=java.lang.String@50000168)
	value		50001660
OBJ 50001657 (sz=24, trace=300000, class=java.lang.String@50000168)
	value		5000165f
OBJ 50001658 (sz=24, trace=300000, class=java.lang.String@50000168)
	value		5000165e
OBJ 50001659 (sz=24, trace=300000, class=java.lang.String@50000168)
	value		5000165d
OBJ 5000165a (sz=24, trace=300000, class=java.lang.String@50000168)
	value		5000165c
ARR 5000165b (sz=16, trace=300000, nelems=8, elem type=char[])
ARR 5000165c (sz=20, trace=300000, nelems=10, elem type=char[])
ARR 5000165d (sz=8, trace=300000, nelems=4, elem type=char[])
ARR 5000165e (sz=24, trace=300000, nelems=12, elem type=char[])
ARR 5000165f (sz=36, trace=300000, nelems=18, elem type=char[])
ARR 50001660 (sz=32, trace=300000, nelems=16, elem type=char[])
ARR 50001661 (sz=32, trace=300000, nelems=16, elem type=char[])
OBJ 50001662 (sz=56, trace=300000, class=java.util.ResourceBundle$CacheKey@50000853)
	name		50000b0b
	locale		50000df6
	loaderRef	50000881
	format		50001663
OBJ 50001663 (sz=24, trace=300000, class=java.lang.String@50000168)
	value		50001664
ARR 50001664 (sz=20, trace=300000, nelems=10, elem type=char[])
OBJ 50001665 (sz=56, trace=300000, class=java.util.ResourceBundle$CacheKey@50000853)
	name		50000b0b
	locale		50000df5
	loaderRef	5000093b
	format		50001663
OBJ 50001666 (sz=56, trace=300000, class=java.util.ResourceBundle$CacheKey@50000853)
	name		50000b0b
	locale		50000e08
	loaderRef	500008e0
	format		50001663
OBJ 50001667 (sz=24, trace=300000, class=java.lang.String@50000168)
	value		5000166a
OBJ 50001668 (sz=24, trace=300000, class=java.lang.String@50000168)
	value		50001669
ARR 50001669 (sz=36, trace=300000, nelems=18, elem type=char[])
ARR 5000166a (sz=64, trace=300000, nelems=32, elem type=char[])
OBJ 5000166b (sz=24, trace=300000, class=java.lang.String@50000168)
	value		5000166d
OBJ 5000166c (sz=24, trace=300000, class=java.lang.String@50000168)
	value		50001674
ARR 5000166d (sz=30, trace=300000, nelems=15, elem type=char[])
OBJ 5000166e (sz=24, trace=300000, class=java.lang.String@50000168)
	value		50001673
OBJ 5000166f (sz=24, trace=300000, class=java.lang.String@50000168)
	value		50001672
OBJ 50001670 (sz=24, trace=300000, class=java.lang.String@50000168)
	value		50001671
ARR 50001671 (sz=4, trace=300000, nelems=2, elem type=char[])
ARR 50001672 (sz=4, trace=300000, nelems=2, elem type=char[])
ARR 50001673 (sz=4, trace=300000, nelems=2, elem type=char[])
ARR 50001674 (sz=20, trace=300000, nelems=10, elem type=char[])
OBJ 50001675 (sz=24, trace=300000, class=java.lang.String@50000168)
	value		50001678
OBJ 50001676 (sz=24, trace=300000, class=java.lang.String@50000168)
	value		50001677
ARR 50001677 (sz=48, trace=300000, nelems=24, elem type=char[])
ARR 50001678 (sz=238, trace=300000, nelems=119, elem type=char[])
OBJ 50001679 (sz=24, trace=300000, class=java.lang.String@50000168)
	value		5000167c
OBJ 5000167a (sz=24, trace=300000, class=java.lang.String@50000168)
	value		5000167b
ARR 5000167b (sz=48, trace=300000, nelems=24, elem type=char[])
ARR 5000167c (sz=68, trace=300000, nelems=34, elem type=char[])
OBJ 5000167d (sz=24, trace=300000, class=java.lang.String@50000168)
	value		50001680
OBJ 5000167e (sz=24, trace=300000, class=java.lang.String@50000168)
	value		5000167f
ARR 5000167f (sz=48, trace=300000, nelems=24, elem type=char[])
ARR 50001680 (sz=284, trace=300000, nelems=142, elem type=char[])
OBJ 50001681 (sz=24, trace=300000, class=java.lang.String@50000168)
	value		50001684
OBJ 50001682 (sz=24, trace=300000, class=java.lang.String@50000168)
	value		50001683
ARR 50001683 (sz=48, trace=300000, nelems=24, elem type=char[])
ARR 50001684 (sz=328, trace=300000, nelems=164, elem type=char[])
OBJ 50001685 (sz=24, trace=300000, class=java.lang.String@50000168)
	value		50001688
OBJ 50001686 (sz=24, trace=300000, class=java.lang.String@50000168)
	value		50001687
ARR 50001687 (sz=48, trace=300000, nelems=24, elem type=char[])
ARR 50001688 (sz=172, trace=300000, nelems=86, elem type=char[])
OBJ 50001689 (sz=24, trace=300000, class=java.lang.String@50000168)
	value		5000168c
OBJ 5000168a (sz=24, trace=300000, class=java.lang.String@50000168)
	value		5000168b
ARR 5000168b (sz=54, trace=300000, nelems=27, elem type=char[])
ARR 5000168c (sz=100, trace=300000, nelems=50, elem type=char[])
OBJ 5000168d (sz=24, trace=300000, class=java.lang.String@50000168)
	value		50001690
OBJ 5000168e (sz=24, trace=300000, class=java.lang.String@50000168)
	value		5000168f
ARR 5000168f (sz=48, trace=300000, nelems=24, elem type=char[])
ARR 50001690 (sz=346, trace=300000, nelems=173, elem type=char[])
OBJ 50001691 (sz=24, trace=300000, class=java.lang.String@50000168)
	value		50001694
OBJ 50001692 (sz=24, trace=300000, class=java.lang.String@50000168)
	value		50001693
ARR 50001693 (sz=54, trace=300000, nelems=27, elem type=char[])
ARR 50001694 (sz=252, trace=300000, nelems=126, elem type=char[])
OBJ 50001695 (sz=24, trace=300000, class=java.lang.String@50000168)
	value		50001698
OBJ 50001696 (sz=24, trace=300000, class=java.lang.String@50000168)
	value		50001697
ARR 50001697 (sz=52, trace=300000, nelems=26, elem type=char[])
ARR 50001698 (sz=66, trace=300000, nelems=33, elem type=char[])
OBJ 50001699 (sz=24, trace=300000, class=java.lang.String@50000168)
	value		5000169c
OBJ 5000169a (sz=24, trace=300000, class=java.lang.String@50000168)
	value		5000169b
ARR 5000169b (sz=54, trace=300000, nelems=27, elem type=char[])
ARR 5000169c (sz=138, trace=300000, nelems=69, elem type=char[])
OBJ 5000169d (sz=24, trace=300000, class=java.lang.String@50000168)
	value		500016a0
OBJ 5000169e (sz=24, trace=300000, class=java.lang.String@50000168)
	value		5000169f
ARR 5000169f (sz=56, trace=300000, nelems=28, elem type=char[])
ARR 500016a0 (sz=706, trace=300000, nelems=353, elem type=char[])
OBJ 500016a1 (sz=24, trace=300000, class=java.lang.String@50000168)
	value		500016a4
OBJ 500016a2 (sz=24, trace=300000, class=java.lang.String@50000168)
	value		500016a3
ARR 500016a3 (sz=54, trace=300000, nelems=27, elem type=char[])
ARR 500016a4 (sz=78, trace=300000, nelems=39, elem type=char[])
OBJ 500016a5 (sz=24, trace=300000, class=java.lang.String@50000168)
	value		500016a8
OBJ 500016a6 (sz=24, trace=300000, class=java.lang.String@50000168)
	value		500016a7
ARR 500016a7 (sz=42, trace=300000, nelems=21, elem type=char[])
ARR 500016a8 (sz=3734, trace=300000, nelems=1867, elem type=char[])
OBJ 500016a9 (sz=24, trace=300000, class=java.lang.String@50000168)
	value		500016ac
OBJ 500016aa (sz=24, trace=300000, class=java.lang.String@50000168)
	value		500016ab
ARR 500016ab (sz=48, trace=300000, nelems=24, elem type=char[])
ARR 500016ac (sz=40, trace=300000, nelems=20, elem type=char[])
OBJ 500016ad (sz=24, trace=300000, class=java.lang.String@50000168)
	value		500016b0
OBJ 500016ae (sz=24, trace=300000, class=java.lang.String@50000168)
	value		500016af
ARR 500016af (sz=50, trace=300000, nelems=25, elem type=char[])
ARR 500016b0 (sz=108, trace=300000, nelems=54, elem type=char[])
OBJ 500016b1 (sz=24, trace=300000, class=java.lang.String@50000168)
	value		500016b4
OBJ 500016b2 (sz=24, trace=300000, class=java.lang.String@50000168)
	value		500016b3
ARR 500016b3 (sz=48, trace=300000, nelems=24, elem type=char[])
ARR 500016b4 (sz=3674, trace=300000, nelems=1837, elem type=char[])
OBJ 500016b5 (sz=24, trace=300000, class=java.lang.String@50000168)
	value		500016b8
OBJ 500016b6 (sz=24, trace=300000, class=java.lang.String@50000168)
	value		500016b7
ARR 500016b7 (sz=48, trace=300000, nelems=24, elem type=char[])
ARR 500016b8 (sz=130, trace=300000, nelems=65, elem type=char[])
OBJ 500016b9 (sz=24, trace=300000, class=java.lang.String@50000168)
	value		500016bb
ARR 500016ba (sz=48, trace=300000, nelems=24, elem type=char[])
ARR 500016bb (sz=88, trace=300000, nelems=44, elem type=char[])
OBJ 500016bc (sz=24, trace=300000, class=java.lang.String@50000168)
	value		500016bf
OBJ 500016bd (sz=24, trace=300000, class=java.lang.String@50000168)
	value		500016be
ARR 500016be (sz=48, trace=300000, nelems=24, elem type=char[])
ARR 500016bf (sz=50, trace=300000, nelems=25, elem type=char[])
OBJ 500016c0 (sz=24, trace=300000, class=java.lang.String@50000168)
	value		500016c9
OBJ 500016c1 (sz=24, trace=300000, class=java.lang.String@50000168)
	value		500016cf
OBJ 500016c2 (sz=24, trace=300000, class=java.lang.String@50000168)
	value		500016cb
OBJ 500016c3 (sz=24, trace=300000, class=java.lang.String@50000168)
	value		500016d0
OBJ 500016c4 (sz=24, trace=300000, class=java.lang.String@50000168)
	value		500016cd
OBJ 500016c5 (sz=24, trace=300000, class=java.lang.String@50000168)
	value		500016d1
OBJ 500016c6 (sz=24, trace=300000, class=java.lang.String@50000168)
	value		500016cc
OBJ 500016c7 (sz=24, trace=300000, class=java.lang.String@50000168)
	value		500016ce
OBJ 500016c8 (sz=24, trace=300000, class=java.lang.String@50000168)
	value		500016ca
ARR 500016c9 (sz=12, trace=300000, nelems=6, elem type=char[])
ARR 500016ca (sz=8, trace=300000, nelems=4, elem type=char[])
ARR 500016cb (sz=8, trace=300000, nelems=4, elem type=char[])
ARR 500016cc (sz=12, trace=300000, nelems=6, elem type=char[])
ARR 500016cd (sz=14, trace=300000, nelems=7, elem type=char[])
ARR 500016ce (sz=14, trace=300000, nelems=7, elem type=char[])
ARR 500016cf (sz=16, trace=300000, nelems=8, elem type=char[])
ARR 500016d0 (sz=8, trace=300000, nelems=4, elem type=char[])
ARR 500016d1 (sz=12, trace=300000, nelems=6, elem type=char[])
OBJ 500016d2 (sz=24, trace=300000, class=java.lang.String@50000168)
	value		500016d3
ARR 500016d3 (sz=44, trace=300000, nelems=22, elem type=char[])
OBJ 500016d4 (sz=24, trace=300000, class=java.lang.String@50000168)
	value		500016d6
OBJ 500016d5 (sz=24, trace=300000, class=java.lang.String@50000168)
	value		500016d7
ARR 500016d6 (sz=40, trace=300000, nelems=20, elem type=char[])
ARR 500016d7 (sz=14, trace=300000, nelems=7, elem type=char[])
ARR 500016d8 (sz=14, trace=300000, nelems=7, elem type=char[])
ARR 500016d9 (sz=8, trace=300000, nelems=4, elem type=char[])
OBJ 500016da (sz=16, trace=300000, class=java.lang.Object@5000016c)
ARR 500016db (sz=46, trace=300000, nelems=23, elem type=char[])
CLS 5000016c (name=java.lang.Object, trace=300000)
	constant pool entry 77	50000100
	constant pool entry 50	5000016c
CLS 50000001 (name=java.lang.SystemClassLoaderAction, trace=300000)
	super		5000016c
	constant pool entry 36	50000001
	constant pool entry 35	50000161
	constant pool entry 33	5000016c
	constant pool entry 1	5000155c
CLS 50000002 (name=sun.misc.Launcher$AppClassLoader$1, trace=300000)
	super		5000016c
	constant pool entry 30	50000002
	constant pool entry 29	50000003
	constant pool entry 28	50000057
	constant pool entry 25	5000016c
CLS 50000162 (name=java.lang.ClassLoader, trace=300000)
	super		5000016c
	static nocerts	50000af1
	static scl	500009c1
	static loadedLibraryNames	50000af0
	static systemNativeLibraries	50000aef
	static nativeLibraryContext	50000aee
	static usr_paths	50000aed
	static sys_paths	50000aec
	constant pool entry 840	50000100
	constant pool entry 356	500000bb
	constant pool entry 355	500000e1
	constant pool entry 354	50000005
	constant pool entry 351	50000057
	constant pool entry 350	500006b9
	constant pool entry 349	5000002e
	constant pool entry 348	500000ec
	constant pool entry 347	500000eb
	constant pool entry 344	50000142
	constant pool entry 343	50000006
	constant pool entry 342	500000ba
	constant pool entry 341	500000d0
	constant pool entry 340	500000d8
	constant pool entry 338	500000f4
	constant pool entry 337	5000015a
	constant pool entry 335	5000000a
	constant pool entry 334	500000f8
	constant pool entry 326	50000001
	constant pool entry 325	50000161
	constant pool entry 323	50000168
	constant pool entry 319	5000016c
	constant pool entry 314	50000157
	constant pool entry 312	50000050
	constant pool entry 311	5000006c
	constant pool entry 310	5000006b
	constant pool entry 309	500006b3
	constant pool entry 306	50000164
	constant pool entry 301	50000077
	constant pool entry 300	50000449
	constant pool entry 19	50000162
	constant pool entry 18	50000aeb
	constant pool entry 15	50000aea
	constant pool entry 1	50000aae
CLS 50000054 (name=java.security.SecureClassLoader, trace=300000)
	super		50000162
	constant pool entry 60	50000051
	constant pool entry 59	500000ba
	constant pool entry 58	50000054
	constant pool entry 54	50000161
	constant pool entry 49	50000162
	constant pool entry 4	50001510
CLS 50000053 (name=java.net.URLClassLoader, trace=300000)
	super		50000054
	constant pool entry 242	50000005
	constant pool entry 241	500000c4
	constant pool entry 234	500000a3
	constant pool entry 230	50000054
	constant pool entry 229	500003f1
	constant pool entry 225	500000f8
	constant pool entry 220	50000048
	constant pool entry 216	500006b7
	constant pool entry 215	500008c3
	constant pool entry 214	500001e0
	constant pool entry 213	50000053
	constant pool entry 208	50000161
	constant pool entry 199	50000157
	constant pool entry 198	50000162
CLS 50000003 (name=sun.misc.Launcher$AppClassLoader, trace=300000)
	super		50000053
	constant pool entry 87	50000002
	constant pool entry 86	50000003
	constant pool entry 82	500000f8
	constant pool entry 80	50000053
	constant pool entry 77	50000161
	constant pool entry 76	50000168
	constant pool entry 72	50000162
	constant pool entry 71	50000164
	constant pool entry 3	50000057
	constant pool entry 2	5000150f
CLS 50000011 (name=java.net.URLStreamHandler, trace=300000)
	super		5000016c
	constant pool entry 112	50000011
	constant pool entry 111	50000013
	constant pool entry 108	5000011e
	constant pool entry 107	5000011f
	constant pool entry 106	50000168
	constant pool entry 104	5000016c
	constant pool entry 10	50000f98
	constant pool entry 8	50000f97
	constant pool entry 7	50000f96
	constant pool entry 6	50000f95
	constant pool entry 5	50000f94
	constant pool entry 3	50000f93
	constant pool entry 1	50000aae
CLS 50000004 (name=sun.net.www.protocol.jar.Handler, trace=300000)
	super		50000011
	static separator	50000fcd
	constant pool entry 81	50000011
CLS 50000005 (name=sun.misc.URLClassPath, trace=300000)
	super		5000016c
	static USER_AGENT_JAVA_VERSION	500014f0
	static JAVA_VERSION	500014ef
	constant pool entry 190	50000078
	constant pool entry 188	500001e6
	constant pool entry 187	500001ee
	constant pool entry 184	500001ec
	constant pool entry 183	500006b1
	constant pool entry 182	500006b5
	constant pool entry 181	50000005
	constant pool entry 179	500000eb
	constant pool entry 175	500000ba
	constant pool entry 173	500000c1
	constant pool entry 172	500003f1
	constant pool entry 170	500000f8
	constant pool entry 169	50000056
	constant pool entry 167	50000013
	constant pool entry 163	50000161
	constant pool entry 161	50000168
	constant pool entry 158	5000016c
	constant pool entry 155	5000074b
	constant pool entry 9	500014ee
	constant pool entry 8	500014ed
	constant pool entry 6	500014ec
	constant pool entry 5	50000fcb
CLS 500000ee (name=java.util.AbstractCollection, trace=300000)
	super		5000016c
	constant pool entry 66	5000016c
CLS 500000da (name=java.util.AbstractSet, trace=300000)
	super		500000ee
	constant pool entry 34	500000ee
CLS 50000006 (name=java.util.HashSet, trace=300000)
	super		500000da
	static PRESENT	50000f7a
	constant pool entry 114	50000006
	constant pool entry 112	500000ba
	constant pool entry 110	500000da
	constant pool entry 108	5000016c
CLS 50000007 (name=java.security.Principal[], trace=300000)
	super		5000016c
CLS 50000008 (name=java.security.Principal, trace=300000)
CLS 50000009 (name=java.security.ProtectionDomain$Key, trace=300000)
	super		5000016c
	constant pool entry 12	50000009
	constant pool entry 10	5000016c
CLS 5000000a (name=java.security.CodeSource, trace=300000)
	super		5000016c
	constant pool entry 153	5000000a
	constant pool entry 146	5000016c
CLS 5000000b (name=java.security.ProtectionDomain$3, trace=300000)
	super		5000016c
	constant pool entry 13	5000016c
CLS 5000000c (name=sun.misc.JavaSecurityProtectionDomainAccess, trace=300000)
CLS 5000000d (name=java.security.ProtectionDomain$1, trace=300000)
	super		5000016c
	constant pool entry 20	5000016c
CLS 5000000e (name=sun.misc.JavaSecurityAccess, trace=300000)
CLS 5000000f (name=java.net.URL[], trace=300000)
	super		5000016c
CLS 50000010 (name=sun.net.www.protocol.file.Handler, trace=300000)
	super		50000011
	constant pool entry 61	50000011
	constant pool entry 56	50000168
	constant pool entry 54	50000077
CLS 50000012 (name=java.net.Parts, trace=300000)
	super		5000016c
	constant pool entry 25	50000012
	constant pool entry 24	50000168
	constant pool entry 23	5000016c
CLS 50000013 (name=java.net.URL, trace=300000)
	super		5000016c
	static protocolPathProp	50000f9c
	static handlers	50000fa1
	static streamHandlerLock	50000fa0
	constant pool entry 223	50000078
	constant pool entry 221	50000047
	constant pool entry 220	50000142
	constant pool entry 219	500000f8
	constant pool entry 217	50000011
	constant pool entry 215	50000013
	constant pool entry 210	50000012
	constant pool entry 205	50000161
	constant pool entry 204	5000011e
	constant pool entry 203	50000168
	constant pool entry 201	5000016c
	constant pool entry 195	50000164
	constant pool entry 17	50000f9f
	constant pool entry 16	50000f9e
	constant pool entry 14	50000f9d
	constant pool entry 11	50000f9c
	constant pool entry 4	50000f9b
	constant pool entry 3	50000f9a
	constant pool entry 2	50000f99
	constant pool entry 1	50000aae
CLS 50000014 (name=java.util.BitSet, trace=300000)
	super		5000016c
	static serialPersistentFields	500014df
	constant pool entry 391	50000100
	constant pool entry 196	5000016c
	constant pool entry 187	50000164
	constant pool entry 184	50000105
	constant pool entry 11	50000014
	constant pool entry 10	5000016d
	constant pool entry 4	500014de
CLS 50000015 (name=sun.net.www.ParseUtil, trace=300000)
	super		5000016c
	static encodedInPath	500014dc
	static hexDigits	500014db
	constant pool entry 505	50000100
	constant pool entry 242	50000208
	constant pool entry 241	50000014
	constant pool entry 240	50000080
	constant pool entry 239	50000037
	constant pool entry 237	5000003b
	constant pool entry 235	50000039
	constant pool entry 234	5000007f
	constant pool entry 233	50000013
	constant pool entry 228	5000011e
	constant pool entry 226	50000168
	constant pool entry 225	5000016c
	constant pool entry 223	500000dc
	constant pool entry 222	50000113
	constant pool entry 220	50000164
	constant pool entry 219	50000119
	constant pool entry 217	50000077
	constant pool entry 26	50000015
	constant pool entry 25	50000f90
	constant pool entry 22	500014bd
	constant pool entry 19	500014da
	constant pool entry 18	500014d9
	constant pool entry 17	500014d8
	constant pool entry 16	500014d7
	constant pool entry 7	50000f9b
	constant pool entry 6	500014d6
	constant pool entry 5	500014d5
	constant pool entry 4	500014d4
	constant pool entry 3	500014d3
	constant pool entry 2	50000aae
CLS 50000016 (name=java.io.FileInputStream$1, trace=300000)
	super		5000016c
	constant pool entry 19	5000016c
	constant pool entry 17	50000016
	constant pool entry 16	500000c8
CLS 500000b9 (name=java.util.HashMap$Node, trace=300000)
	super		5000016c
	constant pool entry 44	500000b9
	constant pool entry 41	5000016c
CLS 50000067 (name=java.util.LinkedHashMap$Entry, trace=300000)
	super		500000b9
	constant pool entry 14	500000b9
CLS 50000017 (name=java.util.HashMap$TreeNode, trace=300000)
	super		50000067
CLS 50000019 (name=java.lang.CharacterData, trace=300000)
	super		5000016c
	constant pool entry 50	5000016c
	constant pool entry 47	50000018
CLS 50000018 (name=java.lang.CharacterDataLatin1, trace=300000)
	super		50000019
	static sharpsMap	50000f5c
	static instance	50000a9e
	static A	50000a9d
	static A_DATA	50000f5a
	static B	50000f5b
	constant pool entry 94	50000100
	constant pool entry 67	50000168
	constant pool entry 66	50000164
	constant pool entry 65	50000019
	constant pool entry 8	50000018
	constant pool entry 7	50000f5a
	constant pool entry 6	50000f59
CLS 5000001a (name=sun.util.locale.LocaleUtils, trace=300000)
	super		5000016c
	constant pool entry 47	5000001a
	constant pool entry 43	50000168
CLS 5000001b (name=java.util.Locale$LocaleKey, trace=300000)
	super		5000016c
	constant pool entry 26	5000001f
	constant pool entry 25	5000001b
	constant pool entry 22	5000016c
CLS 5000014e (name=java.lang.ref.Reference, trace=300000)
	super		5000016c
	static lock	500009bd
	constant pool entry 56	500000e5
	constant pool entry 55	500000e8
	constant pool entry 54	500000e9
	constant pool entry 52	5000014e
	constant pool entry 51	50000145
	constant pool entry 50	50000147
	constant pool entry 49	5000016c
	constant pool entry 1	50000ae4
CLS 5000014d (name=java.lang.ref.SoftReference, trace=300000)
	super		5000014e
	constant pool entry 17	5000014d
	constant pool entry 16	5000014e
CLS 5000001c (name=sun.util.locale.LocaleObjectCache$CacheEntry, trace=300000)
	super		5000014d
	constant pool entry 16	5000001c
	constant pool entry 14	5000014d
CLS 5000001d (name=sun.util.locale.BaseLocale$Key, trace=300000)
	super		5000016c
	constant pool entry 63	5000001a
	constant pool entry 62	5000001d
	constant pool entry 60	5000014d
	constant pool entry 59	50000168
	constant pool entry 58	5000016c
	constant pool entry 57	50000164
	constant pool entry 2	5000001f
	constant pool entry 1	50000aae
CLS 50000031 (name=sun.util.locale.LocaleObjectCache, trace=300000)
	super		5000016c
	constant pool entry 36	5000001c
	constant pool entry 35	50000031
	constant pool entry 34	5000002f
	constant pool entry 33	5000002e
	constant pool entry 32	500000e5
	constant pool entry 31	5000016c
CLS 5000001e (name=sun.util.locale.BaseLocale$Cache, trace=300000)
	super		50000031
	constant pool entry 40	50000031
	constant pool entry 39	5000001d
	constant pool entry 38	5000001e
	constant pool entry 36	5000014d
	constant pool entry 35	50000168
	constant pool entry 34	50000164
	constant pool entry 1	5000001f
CLS 5000001f (name=sun.util.locale.BaseLocale, trace=300000)
	super		5000016c
	static SEP	50000e27
	static CACHE	50000e26
	constant pool entry 83	5000001a
	constant pool entry 82	5000001d
	constant pool entry 81	5000001e
	constant pool entry 79	5000001f
	constant pool entry 77	50000168
	constant pool entry 76	5000016c
	constant pool entry 12	50000e25
	constant pool entry 4	50000e24
	constant pool entry 3	50000e23
	constant pool entry 1	50000aae
CLS 50000023 (name=java.util.concurrent.ConcurrentHashMap$CollectionView, trace=300000)
	super		5000016c
CLS 50000020 (name=java.util.concurrent.ConcurrentHashMap$EntrySetView, trace=300000)
	super		50000023
CLS 50000021 (name=java.util.concurrent.ConcurrentHashMap$ValuesView, trace=300000)
	super		50000023
CLS 50000022 (name=java.util.concurrent.ConcurrentHashMap$KeySetView, trace=300000)
	super		50000023
CLS 50000024 (name=java.util.concurrent.ConcurrentHashMap$CounterCell[], trace=300000)
	super		5000016c
CLS 50000025 (name=java.util.concurrent.ConcurrentHashMap$CounterCell, trace=300000)
	super		5000016c
CLS 50000026 (name=java.util.concurrent.ConcurrentHashMap$Node[], trace=300000)
	super		5000016c
CLS 50000027 (name=java.util.concurrent.ConcurrentHashMap$Node, trace=300000)
	super		5000016c
	constant pool entry 48	50000027
	constant pool entry 42	5000016c
CLS 50000028 (name=java.util.concurrent.ConcurrentHashMap$Segment[], trace=300000)
	super		5000016c
CLS 50000029 (name=java.util.concurrent.locks.ReentrantLock[], trace=300000)
	super		5000016c
CLS 5000002a (name=java.util.concurrent.locks.Lock[], trace=300000)
	super		5000016c
CLS 5000002c (name=java.util.concurrent.locks.ReentrantLock, trace=300000)
	super		5000016c
CLS 5000002b (name=java.util.concurrent.ConcurrentHashMap$Segment, trace=300000)
	super		5000002c
CLS 5000002d (name=java.util.concurrent.locks.Lock, trace=300000)
CLS 500000d5 (name=java.util.AbstractMap, trace=300000)
	super		5000016c
	constant pool entry 62	5000016c
CLS 5000002e (name=java.util.concurrent.ConcurrentHashMap, trace=300000)
	super		500000d5
	static serialPersistentFields	50000b15
	static U	50000ac7
	constant pool entry 1010	50000100
	constant pool entry 434	5000011d
	constant pool entry 410	50000027
	constant pool entry 369	500000d5
	constant pool entry 363	500000cd
	constant pool entry 362	5000016c
	constant pool entry 359	50000113
	constant pool entry 353	50000164
	constant pool entry 350	50000105
	constant pool entry 343	50000b14
	constant pool entry 342	50000b13
	constant pool entry 341	50000b12
	constant pool entry 339	50000b11
	constant pool entry 338	50000b10
	constant pool entry 14	50000025
	constant pool entry 13	5000002e
	constant pool entry 10	50000028
	constant pool entry 9	50000026
	constant pool entry 8	50000b0f
	constant pool entry 7	50000b0e
	constant pool entry 6	50000b0d
CLS 5000002f (name=java.util.concurrent.ConcurrentMap, trace=300000)
CLS 50000030 (name=java.util.Locale$Cache, trace=300000)
	super		50000031
	constant pool entry 19	50000031
	constant pool entry 18	5000001b
	constant pool entry 17	50000030
	constant pool entry 15	50000032
CLS 50000032 (name=java.util.Locale, trace=300000)
	super		5000016c
	static LOCALECACHE	50000e09
	static ENGLISH	50000e08
	static FRENCH	50000e07
	static GERMAN	50000e06
	static ITALIAN	50000e05
	static JAPANESE	50000e04
	static KOREAN	50000e03
	static CHINESE	50000e02
	static SIMPLIFIED_CHINESE	50000dfc
	static TRADITIONAL_CHINESE	50000dfb
	static FRANCE	50000e01
	static GERMANY	50000e00
	static ITALY	50000dff
	static JAPAN	50000dfe
	static KOREA	50000dfd
	static CHINA	50000dfc
	static PRC	50000dfc
	static TAIWAN	50000dfb
	static UK	50000dfa
	static US	50000df9
	static CANADA	50000df8
	static CANADA_FRENCH	50000df7
	static ROOT	50000df6
	static defaultLocale	50000df5
	static defaultFormatLocale	50000df5
	static serialPersistentFields	50000df4
	constant pool entry 889	50000100
	constant pool entry 443	5000001a
	constant pool entry 437	5000001f
	constant pool entry 436	50000078
	constant pool entry 431	5000001b
	constant pool entry 428	50000973
	constant pool entry 427	50000030
	constant pool entry 425	50000978
	constant pool entry 417	500000f8
	constant pool entry 412	5000016c
	constant pool entry 409	50000113
	constant pool entry 404	50000164
	constant pool entry 400	50000105
	constant pool entry 391	50000df3
	constant pool entry 390	50000df2
	constant pool entry 389	50000df1
	constant pool entry 388	50000df0
	constant pool entry 58	50000032
	constant pool entry 57	50000168
	constant pool entry 56	50000def
	constant pool entry 52	50000dee
	constant pool entry 51	50000ded
	constant pool entry 50	50000dec
	constant pool entry 49	50000deb
	constant pool entry 48	50000dea
	constant pool entry 47	50000de9
	constant pool entry 46	50000de8
	constant pool entry 45	50000de7
	constant pool entry 44	50000de6
	constant pool entry 43	50000de5
	constant pool entry 40	50000de4
	constant pool entry 38	50000de3
	constant pool entry 34	50000de2
	constant pool entry 33	50000de1
	constant pool entry 32	50000de0
	constant pool entry 31	50000ddf
	constant pool entry 30	50000dde
	constant pool entry 29	50000ddd
	constant pool entry 24	50000ddc
	constant pool entry 18	50000ddb
	constant pool entry 15	50000dda
	constant pool entry 13	50000dd9
	constant pool entry 11	50000dd8
	constant pool entry 6	50000dd7
	constant pool entry 1	50000aae
CLS 50000033 (name=java.lang.reflect.Array, trace=300000)
	super		5000016c
	constant pool entry 37	50000033
CLS 50000036 (name=java.nio.charset.CoderResult$Cache, trace=300000)
	super		5000016c
	constant pool entry 33	50000036
	constant pool entry 29	5000016c
CLS 50000034 (name=java.nio.charset.CoderResult$2, trace=300000)
	super		50000036
	constant pool entry 14	50000036
CLS 50000035 (name=java.nio.charset.CoderResult$1, trace=300000)
	super		50000036
	constant pool entry 12	50000036
CLS 50000037 (name=java.nio.charset.CoderResult, trace=300000)
	super		5000016c
	static names	5000109b
	static UNDERFLOW	5000109a
	static OVERFLOW	50001099
	static malformedCache	50001098
	static unmappableCache	50001097
	constant pool entry 137	50000100
	constant pool entry 82	50000034
	constant pool entry 81	50000035
	constant pool entry 75	50000168
	constant pool entry 74	5000016c
	constant pool entry 73	50000164
	constant pool entry 7	50000037
	constant pool entry 4	50001096
	constant pool entry 3	50001095
	constant pool entry 2	50001094
	constant pool entry 1	50001093
CLS 5000011b (name=java.nio.Buffer, trace=300000)
	super		5000016c
	constant pool entry 64	5000011b
	constant pool entry 62	5000016c
CLS 50000039 (name=java.nio.CharBuffer, trace=300000)
	super		5000011b
	constant pool entry 114	50000038
	constant pool entry 112	50000039
	constant pool entry 109	5000011b
CLS 50000038 (name=java.nio.HeapCharBuffer, trace=300000)
	super		50000039
	constant pool entry 136	50000100
	constant pool entry 66	50000038
	constant pool entry 65	50000039
	constant pool entry 59	50000168
CLS 5000003b (name=java.nio.charset.CharsetDecoder, trace=300000)
	super		5000016c
	static stateNames	500010a6
	constant pool entry 273	50000100
	constant pool entry 140	50000080
	constant pool entry 139	50000037
	constant pool entry 137	5000009a
	constant pool entry 134	5000007f
	constant pool entry 129	50000168
	constant pool entry 128	5000016c
	constant pool entry 125	50000164
	constant pool entry 16	5000003b
	constant pool entry 15	500010a5
	constant pool entry 12	500010a4
	constant pool entry 7	500010a3
	constant pool entry 4	500010a2
	constant pool entry 3	500010a1
	constant pool entry 2	500010a0
CLS 5000003a (name=sun.nio.cs.SingleByte$Decoder, trace=300000)
	super		5000003b
	constant pool entry 56	5000003a
	constant pool entry 55	5000008d
	constant pool entry 53	50000037
	constant pool entry 52	5000003b
	constant pool entry 51	50000039
	constant pool entry 50	5000007f
	constant pool entry 48	50000168
CLS 5000003c (name=sun.nio.cs.ArrayDecoder, trace=300000)
CLS 5000009a (name=java.nio.charset.Charset, trace=300000)
	super		5000016c
	static bugLevel	50000aae
	static standardProvider	500010af
	static cache1	5000047a
	static cache2	50000223
	static gate	500010ae
	static defaultCharset	500010ad
	constant pool entry 316	50000100
	constant pool entry 157	50000078
	constant pool entry 155	50000097
	constant pool entry 154	500000e1
	constant pool entry 148	500000f8
	constant pool entry 147	50000099
	constant pool entry 134	50000092
	constant pool entry 133	50000168
	constant pool entry 132	5000016c
	constant pool entry 9	5000009a
	constant pool entry 7	500010ac
	constant pool entry 6	500010ab
	constant pool entry 2	500010a0
	constant pool entry 1	50000aae
CLS 5000003d (name=sun.nio.cs.MS1252, trace=300000)
	super		5000009a
	static b2cTable	500014c3
	static b2c	500014c6
	static c2b	500014c5
	static c2bIndex	500014c4
	constant pool entry 83	50000100
	constant pool entry 51	50000097
	constant pool entry 49	5000003a
	constant pool entry 48	5000008d
	constant pool entry 47	5000003d
	constant pool entry 45	5000009a
	constant pool entry 44	50000168
	constant pool entry 4	500014c3
	constant pool entry 3	50001152
CLS 50000042 (name=java.io.Reader, trace=300000)
	super		5000016c
	constant pool entry 57	5000016c
	constant pool entry 53	50000042
CLS 5000003e (name=sun.nio.cs.StreamDecoder, trace=300000)
	super		50000042
	constant pool entry 136	50000080
	constant pool entry 135	50000037
	constant pool entry 134	5000003b
	constant pool entry 133	5000009a
	constant pool entry 130	50000039
	constant pool entry 129	5000007f
	constant pool entry 122	50000164
	constant pool entry 119	50000042
	constant pool entry 118	500000c9
	constant pool entry 5	5000003e
CLS 50000040 (name=java.io.InputStreamReader, trace=300000)
	super		50000042
	constant pool entry 45	5000003e
	constant pool entry 38	50000042
	constant pool entry 37	50000040
CLS 5000003f (name=java.io.FileReader, trace=300000)
	super		50000040
	constant pool entry 12	50000040
	constant pool entry 9	500000c8
CLS 50000041 (name=java.io.BufferedReader, trace=300000)
	super		50000042
	constant pool entry 176	50000100
	constant pool entry 93	5000011f
	constant pool entry 92	50000168
	constant pool entry 87	50000042
	constant pool entry 84	50000041
	constant pool entry 4	50000a9a
CLS 50000043 (name=java.lang.Readable, trace=300000)
CLS 50000044 (name=sun.misc.MetaIndex, trace=300000)
	super		5000016c
	static jarMap	50000fd7
	constant pool entry 149	50000100
	constant pool entry 78	50000144
	constant pool entry 77	500000f0
	constant pool entry 76	500000ba
	constant pool entry 75	500000c1
	constant pool entry 73	50000168
	constant pool entry 72	5000016c
	constant pool entry 70	50000164
	constant pool entry 67	5000003f
	constant pool entry 66	50000077
	constant pool entry 65	50000041
	constant pool entry 64	500000bc
	constant pool entry 4	50000044
	constant pool entry 3	50000fd6
	constant pool entry 2	50000fd5
	constant pool entry 1	50000fd4
CLS 50000045 (name=sun.misc.Launcher$ExtClassLoader$1, trace=300000)
	super		5000016c
	constant pool entry 30	50000044
	constant pool entry 29	50000045
	constant pool entry 28	50000052
	constant pool entry 25	5000016c
CLS 50000046 (name=java.io.File[], trace=300000)
	super		5000016c
CLS 50000047 (name=java.util.StringTokenizer, trace=300000)
	super		5000016c
	constant pool entry 63	50000047
	constant pool entry 60	50000168
	constant pool entry 59	5000016c
	constant pool entry 57	50000119
CLS 50000048 (name=java.net.URLClassLoader$7, trace=300000)
	super		5000016c
	constant pool entry 12	5000016c
CLS 50000049 (name=sun.misc.JavaNetAccess, trace=300000)
CLS 5000004a (name=java.util.WeakHashMap$KeySet, trace=300000)
	super		500000da
	constant pool entry 28	5000004a
	constant pool entry 24	500000da
CLS 5000004b (name=java.util.Collections$SetFromMap, trace=300000)
	super		500000da
	constant pool entry 72	50000144
	constant pool entry 71	5000004b
	constant pool entry 69	500000da
	constant pool entry 65	5000011a
CLS 5000004c (name=java.util.WeakHashMap$Entry[], trace=300000)
	super		5000016c
CLS 5000004d (name=java.lang.ref.WeakReference[], trace=300000)
	super		5000016c
CLS 5000004e (name=java.lang.ref.Reference[], trace=300000)
	super		5000016c
CLS 5000014c (name=java.lang.ref.WeakReference, trace=300000)
	super		5000014e
	constant pool entry 7	5000014e
CLS 5000004f (name=java.util.WeakHashMap$Entry, trace=300000)
	super		5000014c
	constant pool entry 48	5000004f
	constant pool entry 43	5000014c
CLS 50000050 (name=java.lang.ClassLoader$ParallelLoaders, trace=300000)
	super		5000016c
	static loaderTypes	5000155e
	constant pool entry 31	500000a3
	constant pool entry 30	500000db
	constant pool entry 29	500000d8
	constant pool entry 26	50000050
	constant pool entry 25	50000164
	constant pool entry 1	50000162
CLS 50000051 (name=sun.security.util.Debug, trace=300000)
	super		5000016c
	static hexDigits	50000f73
	constant pool entry 188	50000051
	constant pool entry 187	50000078
	constant pool entry 183	500000f8
	constant pool entry 178	50000168
	constant pool entry 43	50000f72
	constant pool entry 42	50000f71
	constant pool entry 18	50000f70
CLS 50000052 (name=sun.misc.Launcher$ExtClassLoader, trace=300000)
	super		50000053
	constant pool entry 189	50000100
	constant pool entry 94	50000045
	constant pool entry 93	50000052
	constant pool entry 92	50000057
	constant pool entry 91	500000ec
	constant pool entry 90	50000047
	constant pool entry 86	500000f8
	constant pool entry 84	50000053
	constant pool entry 83	50000013
	constant pool entry 82	50000161
	constant pool entry 81	50000168
	constant pool entry 80	50000162
	constant pool entry 78	50000077
	constant pool entry 2	50000fd6
	constant pool entry 1	5000150a
CLS 50000055 (name=sun.misc.Launcher$Factory, trace=300000)
	super		5000016c
	static PREFIX	50000f9d
	constant pool entry 48	50000055
	constant pool entry 44	50000011
	constant pool entry 43	5000011e
	constant pool entry 40	5000016c
	constant pool entry 38	50000164
	constant pool entry 4	50000f9d
	constant pool entry 2	50000f9a
	constant pool entry 1	50000f99
CLS 50000056 (name=java.net.URLStreamHandlerFactory, trace=300000)
CLS 50000057 (name=sun.misc.Launcher, trace=300000)
	super		5000016c
	static factory	5000150e
	static launcher	5000150d
	static bootClassPath	50000d1b
	constant pool entry 216	50000100
	constant pool entry 119	50000015
	constant pool entry 118	50000055
	constant pool entry 117	50000052
	constant pool entry 116	5000044b
	constant pool entry 115	50000003
	constant pool entry 113	50000057
	constant pool entry 112	50000013
	constant pool entry 110	50000147
	constant pool entry 109	50000161
	constant pool entry 107	50000168
	constant pool entry 105	5000016c
	constant pool entry 96	50000077
	constant pool entry 8	5000150c
	constant pool entry 7	5000150b
CLS 50000058 (name=java.lang.Compiler$1, trace=300000)
	super		5000016c
	constant pool entry 55	50000161
	constant pool entry 54	5000011e
	constant pool entry 52	5000016c
	constant pool entry 51	50000058
	constant pool entry 8	50001644
	constant pool entry 7	50001643
	constant pool entry 4	50001642
CLS 50000059 (name=java.lang.Compiler, trace=300000)
	super		5000016c
	constant pool entry 25	500000f8
	constant pool entry 23	50000058
	constant pool entry 22	50000059
CLS 50000160 (name=java.lang.Throwable, trace=300000)
	super		5000016c
	static UNASSIGNED_STACK	500014fd
	static SUPPRESSED_SENTINEL	500014fc
	static NULL_CAUSE_MESSAGE	500014fb
	static SELF_SUPPRESSION_MESSAGE	500014fa
	static CAUSE_CAPTION	500014f9
	static SUPPRESSED_CAPTION	500014f8
	static EMPTY_THROWABLE_ARRAY	500014f7
	constant pool entry 325	50000100
	constant pool entry 171	500000d8
	constant pool entry 170	500000c1
	constant pool entry 160	5000011c
	constant pool entry 159	5000016c
	constant pool entry 154	50000164
	constant pool entry 18	50000160
CLS 5000015d (name=java.lang.Exception, trace=300000)
	super		50000160
	constant pool entry 14	50000160
CLS 5000015c (name=java.lang.RuntimeException, trace=300000)
	super		5000015d
CLS 5000005a (name=java.lang.IllegalArgumentException, trace=300000)
	super		5000015c
CLS 5000005b (name=java.lang.System$2, trace=300000)
	super		5000016c
	constant pool entry 44	5000016c
CLS 5000005c (name=sun.misc.JavaLangAccess, trace=300000)
CLS 5000005d (name=sun.io.Win32ErrorMode, trace=300000)
	super		5000016c
	constant pool entry 44	500000e1
	constant pool entry 43	5000005d
	constant pool entry 42	50000161
	constant pool entry 1	50000d4d
CLS 5000005e (name=sun.misc.OSEnvironment, trace=300000)
	super		5000016c
	constant pool entry 9	5000005d
CLS 5000005f (name=java.lang.Integer[], trace=300000)
	super		5000016c
CLS 50000060 (name=java.lang.Number[], trace=300000)
	super		5000016c
CLS 50000061 (name=java.lang.Integer$IntegerCache, trace=300000)
	super		5000016c
	static cache	50000b29
	constant pool entry 70	50000100
	constant pool entry 46	500000e1
	constant pool entry 41	50000061
	constant pool entry 40	50000164
	constant pool entry 3	50000113
	constant pool entry 2	50000b28
CLS 50000062 (name=sun.misc.NativeSignalHandler, trace=300000)
	super		5000016c
	constant pool entry 19	50000062
	constant pool entry 18	5000016c
CLS 50000063 (name=sun.misc.Signal, trace=300000)
	super		5000016c
	static handlers	500015e2
	static signals	500015e1
	constant pool entry 84	50000065
	constant pool entry 82	50000063
	constant pool entry 81	50000062
	constant pool entry 80	50000142
	constant pool entry 74	5000016c
	constant pool entry 73	50000113
CLS 50000064 (name=java.lang.Terminator$1, trace=300000)
	super		5000016c
	constant pool entry 18	5000016c
CLS 50000065 (name=sun.misc.SignalHandler, trace=300000)
	static SIG_DFL	500015e0
	static SIG_IGN	500015df
	constant pool entry 14	50000065
	constant pool entry 13	50000062
CLS 50000066 (name=java.lang.Terminator, trace=300000)
	super		5000016c
	static handler	500015de
	constant pool entry 26	50000063
	constant pool entry 25	50000064
	constant pool entry 24	50000066
	constant pool entry 2	500015dd
	constant pool entry 1	500015dc
CLS 50000068 (name=java.io.ExpiringCache$Entry, trace=300000)
	super		5000016c
	constant pool entry 21	5000016c
	constant pool entry 20	50000068
CLS 50000069 (name=java.io.File$PathStatus[], trace=300000)
	super		5000016c
CLS 5000006a (name=java.lang.Enum[], trace=300000)
	super		5000016c
CLS 5000006b (name=java.lang.ClassLoader$3, trace=300000)
	super		5000016c
	constant pool entry 25	5000016c
	constant pool entry 24	5000006b
	constant pool entry 22	5000011a
	constant pool entry 21	50000077
CLS 5000006c (name=java.lang.ClassLoader$NativeLibrary, trace=300000)
	super		5000016c
	constant pool entry 56	500000eb
	constant pool entry 53	5000016c
	constant pool entry 52	5000006c
	constant pool entry 51	50000162
CLS 5000006d (name=java.nio.file.Path, trace=300000)
CLS 5000006e (name=java.nio.file.Watchable, trace=300000)
CLS 50000070 (name=java.lang.Enum, trace=300000)
	super		5000016c
	constant pool entry 70	5000016c
	constant pool entry 5	50000070
CLS 5000006f (name=java.io.File$PathStatus, trace=300000)
	super		50000070
	static INVALID	50000f4b
	static CHECKED	50000f4a
	static $VALUES	50000f49
	constant pool entry 45	50000100
	constant pool entry 23	50000070
	constant pool entry 3	5000006f
	constant pool entry 2	50000f48
	constant pool entry 1	50000f47
CLS 500000ba (name=java.util.HashMap, trace=300000)
	super		500000d5
	constant pool entry 466	50000100
	constant pool entry 226	50000144
	constant pool entry 221	50000017
	constant pool entry 220	500000b9
	constant pool entry 211	500000ba
	constant pool entry 208	500000d5
	constant pool entry 204	5000016c
	constant pool entry 199	50000117
	constant pool entry 189	500000b8
CLS 50000072 (name=java.util.LinkedHashMap, trace=300000)
	super		500000ba
	constant pool entry 97	5000043e
	constant pool entry 95	50000067
	constant pool entry 94	50000072
	constant pool entry 92	500000b9
	constant pool entry 91	500000ba
CLS 50000071 (name=java.io.ExpiringCache$1, trace=300000)
	super		50000072
	constant pool entry 24	50000072
	constant pool entry 22	50000071
	constant pool entry 21	50000073
CLS 50000073 (name=java.io.ExpiringCache, trace=300000)
	super		5000016c
	constant pool entry 62	50000144
	constant pool entry 60	50000161
	constant pool entry 58	5000016c
	constant pool entry 57	50000068
	constant pool entry 56	50000071
	constant pool entry 55	50000073
CLS 50000075 (name=java.io.FileSystem, trace=300000)
	super		5000016c
	constant pool entry 75	50000161
	constant pool entry 73	5000016c
	constant pool entry 71	50000075
	constant pool entry 2	50000f3f
	constant pool entry 1	50000f3e
CLS 50000074 (name=java.io.WinNTFileSystem, trace=300000)
	super		50000075
	static driveDirCache	50000dd6
	constant pool entry 310	50000100
	constant pool entry 153	50000078
	constant pool entry 152	50000032
	constant pool entry 151	500000f8
	constant pool entry 150	50000161
	constant pool entry 149	5000011e
	constant pool entry 148	5000011f
	constant pool entry 147	50000168
	constant pool entry 143	50000074
	constant pool entry 141	50000075
	constant pool entry 140	50000077
	constant pool entry 139	50000073
	constant pool entry 9	50000dd5
	constant pool entry 8	50000dd4
	constant pool entry 7	50000dd3
CLS 50000076 (name=java.io.DefaultFileSystem, trace=300000)
	super		5000016c
	constant pool entry 9	50000074
CLS 50000077 (name=java.io.File, trace=300000)
	super		5000016c
	static fs	50000d53
	static separator	50000d52
	static pathSeparator	50000d51
	static UNSAFE	50000ac7
	constant pool entry 277	5000011d
	constant pool entry 266	50000161
	constant pool entry 265	5000011e
	constant pool entry 264	50000168
	constant pool entry 259	5000016c
	constant pool entry 253	50000164
	constant pool entry 245	50000075
	constant pool entry 242	5000006f
	constant pool entry 240	50000076
	constant pool entry 20	50000077
	constant pool entry 19	50000d50
	constant pool entry 18	50000d4f
	constant pool entry 1	50000aae
CLS 50000078 (name=sun.security.action.GetPropertyAction, trace=300000)
	super		5000016c
	constant pool entry 25	50000078
	constant pool entry 23	50000161
	constant pool entry 21	5000016c
CLS 50000086 (name=java.io.Writer, trace=300000)
	super		5000016c
	constant pool entry 50	50000168
	constant pool entry 49	5000016c
	constant pool entry 45	50000086
CLS 50000079 (name=java.io.BufferedWriter, trace=300000)
	super		50000086
	constant pool entry 117	50000100
	constant pool entry 64	50000078
	constant pool entry 63	500000f8
	constant pool entry 60	50000168
	constant pool entry 56	50000086
	constant pool entry 54	50000079
	constant pool entry 3	50000aaf
CLS 5000007a (name=java.nio.Bits$1, trace=300000)
	super		5000016c
	constant pool entry 18	5000016c
CLS 5000007b (name=sun.misc.JavaNioAccess, trace=300000)
CLS 5000007c (name=java.nio.ByteOrder, trace=300000)
	super		5000016c
	static BIG_ENDIAN	500014b6
	static LITTLE_ENDIAN	500014b5
	constant pool entry 21	5000007c
	constant pool entry 19	5000016c
	constant pool entry 2	500014b4
	constant pool entry 1	500014b3
CLS 5000007d (name=java.nio.Bits, trace=300000)
	super		5000016c
	static unsafe	50000ac7
	static byteOrder	500014b5
	constant pool entry 256	500000e1
	constant pool entry 255	5000011d
	constant pool entry 254	500000c4
	constant pool entry 252	5000007c
	constant pool entry 250	5000007a
	constant pool entry 236	50000164
	constant pool entry 8	5000007d
CLS 5000007f (name=java.nio.ByteBuffer, trace=300000)
	super		5000011b
	constant pool entry 138	5000007e
	constant pool entry 136	5000007c
	constant pool entry 135	5000007f
	constant pool entry 132	5000011b
	constant pool entry 131	5000007d
CLS 5000007e (name=java.nio.HeapByteBuffer, trace=300000)
	super		5000007f
	constant pool entry 257	50000100
	constant pool entry 120	5000007e
	constant pool entry 104	5000007f
	constant pool entry 100	50000161
CLS 50000080 (name=java.nio.charset.CodingErrorAction, trace=300000)
	super		5000016c
	static IGNORE	5000108f
	static REPLACE	5000108e
	static REPORT	5000108d
	constant pool entry 19	50000080
	constant pool entry 18	5000016c
	constant pool entry 3	5000108c
	constant pool entry 2	5000108b
	constant pool entry 1	5000108a
CLS 50000082 (name=java.nio.charset.CharsetEncoder, trace=300000)
	super		5000016c
	static stateNames	500014b1
	constant pool entry 355	50000100
	constant pool entry 164	50000090
	constant pool entry 163	50000080
	constant pool entry 162	50000037
	constant pool entry 159	5000009a
	constant pool entry 150	50000168
	constant pool entry 149	5000016c
	constant pool entry 146	50000164
	constant pool entry 16	50000082
	constant pool entry 13	500010a4
	constant pool entry 7	500010a3
	constant pool entry 4	500010a2
	constant pool entry 3	500010a1
	constant pool entry 2	500010a0
CLS 50000081 (name=sun.nio.cs.SingleByte$Encoder, trace=300000)
	super		50000082
	constant pool entry 75	50000081
	constant pool entry 74	5000008d
	constant pool entry 72	50000037
	constant pool entry 71	50000082
	constant pool entry 70	50000039
	constant pool entry 69	5000007f
CLS 50000083 (name=sun.nio.cs.ArrayEncoder, trace=300000)
CLS 50000084 (name=sun.nio.cs.StreamEncoder, trace=300000)
	super		50000086
	constant pool entry 119	50000080
	constant pool entry 118	50000037
	constant pool entry 117	50000082
	constant pool entry 116	5000009a
	constant pool entry 114	50000039
	constant pool entry 113	5000007f
	constant pool entry 108	50000164
	constant pool entry 106	50000086
	constant pool entry 104	500000b6
	constant pool entry 2	50000084
CLS 50000085 (name=java.io.OutputStreamWriter, trace=300000)
	super		50000086
	constant pool entry 45	50000084
	constant pool entry 39	50000086
	constant pool entry 37	50000085
CLS 50000139 (name=sun.reflect.MagicAccessorImpl, trace=300000)
	super		5000016c
	constant pool entry 6	5000016c
CLS 50000135 (name=sun.reflect.ConstructorAccessorImpl, trace=300000)
	super		50000139
	constant pool entry 18	50000139
CLS 50000087 (name=sun.reflect.DelegatingConstructorAccessorImpl, trace=300000)
	super		50000135
	constant pool entry 18	50000087
	constant pool entry 17	50000135
CLS 50000088 (name=sun.reflect.NativeConstructorAccessorImpl, trace=300000)
	super		50000135
	constant pool entry 42	500000ea
	constant pool entry 41	50000088
	constant pool entry 38	50000135
CLS 50000089 (name=sun.reflect.ReflectionFactory$1, trace=300000)
	super		5000016c
	constant pool entry 49	50000089
	constant pool entry 48	500000ea
	constant pool entry 46	50000161
	constant pool entry 43	5000016c
	constant pool entry 3	50000ae1
	constant pool entry 2	50000ae0
CLS 5000008a (name=java.lang.Class$1, trace=300000)
	super		5000016c
	constant pool entry 23	5000013a
	constant pool entry 22	5000016c
	constant pool entry 21	5000008a
CLS 5000008b (name=java.lang.reflect.Constructor[], trace=300000)
	super		5000016c
CLS 5000008c (name=java.lang.reflect.Executable[], trace=300000)
	super		5000016c
CLS 5000008d (name=sun.nio.cs.SingleByte, trace=300000)
	super		5000016c
	constant pool entry 23	5000008d
	constant pool entry 22	5000011b
CLS 5000008e (name=sun.nio.cs.IBM437, trace=300000)
	super		5000009a
	static b2cTable	500013ff
	static b2c	50001402
	static c2b	50001401
	static c2bIndex	50001400
	constant pool entry 73	50000100
	constant pool entry 45	50000097
	constant pool entry 44	50000081
	constant pool entry 42	5000008d
	constant pool entry 41	5000008e
	constant pool entry 39	5000009a
	constant pool entry 38	50000168
	constant pool entry 3	500013ff
	constant pool entry 2	500010f7
CLS 5000008f (name=sun.nio.cs.HistoricallyNamedCharset, trace=300000)
CLS 50000090 (name=java.util.Arrays, trace=300000)
	super		5000016c
	constant pool entry 798	50000100
	constant pool entry 298	50000844
	constant pool entry 292	50000033
	constant pool entry 288	50000161
	constant pool entry 285	5000016c
	constant pool entry 284	500000dc
	constant pool entry 279	50000164
	constant pool entry 19	50000090
	constant pool entry 16	50000111
	constant pool entry 2	50000a9c
CLS 50000118 (name=java.lang.Number, trace=300000)
	super		5000016c
	constant pool entry 26	5000016c
CLS 50000091 (name=java.util.concurrent.atomic.AtomicInteger, trace=300000)
	super		50000118
	static unsafe	50000ac7
	constant pool entry 75	5000011d
	constant pool entry 72	50000118
	constant pool entry 68	50000164
	constant pool entry 2	50000091
	constant pool entry 1	50000b14
CLS 50000092 (name=java.lang.ThreadLocal, trace=300000)
	super		5000016c
	static nextHashCode	500014cb
	constant pool entry 58	50000091
	constant pool entry 56	500001d1
	constant pool entry 55	500001cf
	constant pool entry 52	50000092
	constant pool entry 51	50000147
	constant pool entry 50	5000016c
CLS 50000096 (name=sun.util.PreHashedMap, trace=300000)
	super		500000d5
	constant pool entry 91	50000100
	constant pool entry 47	50000096
	constant pool entry 44	500000d5
	constant pool entry 42	50000168
	constant pool entry 41	5000016c
	constant pool entry 40	50000111
CLS 50000093 (name=sun.nio.cs.StandardCharsets$Cache, trace=300000)
	super		50000096
	constant pool entry 115	50000100
	constant pool entry 105	50000096
	constant pool entry 104	50000093
	constant pool entry 101	5000016c
	constant pool entry 39	500010eb
	constant pool entry 38	500010d9
	constant pool entry 37	500010e1
	constant pool entry 36	5000111f
	constant pool entry 35	50001117
	constant pool entry 34	50001142
	constant pool entry 33	50001146
	constant pool entry 32	5000114f
	constant pool entry 31	50001152
	constant pool entry 30	5000115d
	constant pool entry 29	50001160
	constant pool entry 28	5000112f
	constant pool entry 27	500010cd
	constant pool entry 26	50001155
	constant pool entry 25	50001169
	constant pool entry 24	5000116c
	constant pool entry 23	5000113e
	constant pool entry 22	50001149
	constant pool entry 21	50001104
	constant pool entry 20	500010d1
	constant pool entry 19	500010d5
	constant pool entry 18	5000111b
	constant pool entry 17	50001122
	constant pool entry 16	50001128
	constant pool entry 15	5000112c
	constant pool entry 14	50001135
	constant pool entry 13	500010f9
	constant pool entry 12	50001101
	constant pool entry 11	50001138
	constant pool entry 10	50001166
	constant pool entry 9	50001174
	constant pool entry 8	500010e8
	constant pool entry 7	500010f3
	constant pool entry 6	5000110a
	constant pool entry 5	50001113
	constant pool entry 4	5000110d
	constant pool entry 3	500010f6
	constant pool entry 2	500010e5
	constant pool entry 1	500010dd
CLS 50000094 (name=sun.nio.cs.StandardCharsets$Classes, trace=300000)
	super		50000096
	constant pool entry 193	50000100
	constant pool entry 183	50000096
	constant pool entry 182	50000094
	constant pool entry 179	5000016c
	constant pool entry 78	500010eb
	constant pool entry 77	500010d9
	constant pool entry 76	500010e1
	constant pool entry 75	5000111f
	constant pool entry 74	50001117
	constant pool entry 73	50001142
	constant pool entry 72	50001146
	constant pool entry 71	5000114f
	constant pool entry 70	50001152
	constant pool entry 69	5000115d
	constant pool entry 68	50001160
	constant pool entry 67	5000112f
	constant pool entry 66	500010cd
	constant pool entry 65	50001155
	constant pool entry 64	50001169
	constant pool entry 63	5000116c
	constant pool entry 62	5000113e
	constant pool entry 61	50001149
	constant pool entry 60	50001104
	constant pool entry 59	500010d1
	constant pool entry 58	500010d5
	constant pool entry 57	5000111b
	constant pool entry 56	50001122
	constant pool entry 55	50001128
	constant pool entry 54	5000112c
	constant pool entry 53	50001135
	constant pool entry 52	500010f9
	constant pool entry 51	50001101
	constant pool entry 50	50001138
	constant pool entry 49	50001166
	constant pool entry 48	50001174
	constant pool entry 47	500010e8
	constant pool entry 46	500010f3
	constant pool entry 45	5000110a
	constant pool entry 44	50001113
	constant pool entry 43	5000110d
	constant pool entry 42	500010f6
	constant pool entry 41	500010e5
	constant pool entry 40	500010dd
	constant pool entry 39	50001130
	constant pool entry 38	500010ec
	constant pool entry 37	500010ce
	constant pool entry 36	500010da
	constant pool entry 35	50001156
	constant pool entry 34	5000116a
	constant pool entry 33	500010e2
	constant pool entry 32	5000116d
	constant pool entry 31	5000113f
	constant pool entry 30	5000114a
	constant pool entry 29	50001105
	constant pool entry 28	50001143
	constant pool entry 27	50001147
	constant pool entry 26	50001150
	constant pool entry 25	50001153
	constant pool entry 24	5000115e
	constant pool entry 23	50001161
	constant pool entry 22	500010d2
	constant pool entry 21	500010d6
	constant pool entry 20	5000111c
	constant pool entry 19	50001123
	constant pool entry 18	50001129
	constant pool entry 17	5000112d
	constant pool entry 16	50001136
	constant pool entry 15	500010fa
	constant pool entry 14	50001102
	constant pool entry 13	50001139
	constant pool entry 12	50001120
	constant pool entry 11	50001167
	constant pool entry 10	50001175
	constant pool entry 9	500010e6
	constant pool entry 8	500010e9
	constant pool entry 7	500010f4
	constant pool entry 6	5000110b
	constant pool entry 5	50001114
	constant pool entry 4	5000110e
	constant pool entry 3	50001118
	constant pool entry 2	500010f7
	constant pool entry 1	500010de
CLS 50000095 (name=sun.nio.cs.StandardCharsets$Aliases, trace=300000)
	super		50000096
	constant pool entry 519	50000100
	constant pool entry 509	50000096
	constant pool entry 508	50000095
	constant pool entry 505	5000016c
	constant pool entry 241	500010eb
	constant pool entry 240	500012cf
	constant pool entry 239	500010d9
	constant pool entry 238	50001374
	constant pool entry 237	500010e1
	constant pool entry 236	500013aa
	constant pool entry 235	5000126d
	constant pool entry 234	5000111f
	constant pool entry 233	50001117
	constant pool entry 232	5000125a
	constant pool entry 231	50001142
	constant pool entry 230	50001146
	constant pool entry 229	5000114f
	constant pool entry 228	50001152
	constant pool entry 227	5000115d
	constant pool entry 226	50001160
	constant pool entry 225	50001398
	constant pool entry 224	50001242
	constant pool entry 223	500012a2
	constant pool entry 222	500012a6
	constant pool entry 221	5000123a
	constant pool entry 220	500012eb
	constant pool entry 219	50001396
	constant pool entry 218	50001240
	constant pool entry 217	50001254
	constant pool entry 216	500012c7
	constant pool entry 215	500012db
	constant pool entry 214	5000112f
	constant pool entry 213	5000123c
	constant pool entry 212	500010cd
	constant pool entry 211	500012f3
	constant pool entry 210	50001155
	constant pool entry 209	50001169
	constant pool entry 208	5000116c
	constant pool entry 207	5000113e
	constant pool entry 206	50001149
	constant pool entry 205	50001104
	constant pool entry 204	5000129a
	constant pool entry 203	5000136a
	constant pool entry 202	500013d2
	constant pool entry 201	500012df
	constant pool entry 200	50001370
	constant pool entry 199	500013ac
	constant pool entry 198	5000128a
	constant pool entry 197	50001269
	constant pool entry 196	500012c5
	constant pool entry 195	500012f7
	constant pool entry 194	500012fb
	constant pool entry 193	500012fd
	constant pool entry 192	500012ff
	constant pool entry 191	50001301
	constant pool entry 190	50001303
	constant pool entry 189	5000132e
	constant pool entry 188	50001333
	constant pool entry 187	50001337
	constant pool entry 186	50001340
	constant pool entry 185	50001344
	constant pool entry 184	500013a4
	constant pool entry 183	500013a6
	constant pool entry 182	500010d1
	constant pool entry 181	500010d5
	constant pool entry 180	50001323
	constant pool entry 179	50001325
	constant pool entry 178	5000131f
	constant pool entry 177	5000125e
	constant pool entry 176	500013ce
	constant pool entry 175	50001262
	constant pool entry 174	5000128c
	constant pool entry 173	50001265
	constant pool entry 172	500012cb
	constant pool entry 171	50001267
	constant pool entry 170	50001372
	constant pool entry 169	5000126b
	constant pool entry 168	500013b0
	constant pool entry 167	50001354
	constant pool entry 166	50001356
	constant pool entry 165	50001270
	constant pool entry 164	50001248
	constant pool entry 163	50001252
	constant pool entry 162	5000135e
	constant pool entry 161	50001360
	constant pool entry 160	50001362
	constant pool entry 159	50001364
	constant pool entry 158	50001366
	constant pool entry 157	5000136e
	constant pool entry 156	500012a4
	constant pool entry 155	500012a9
	constant pool entry 154	50001368
	constant pool entry 153	50001278
	constant pool entry 152	5000127a
	constant pool entry 151	5000127c
	constant pool entry 150	5000127e
	constant pool entry 149	50001282
	constant pool entry 148	5000128e
	constant pool entry 147	50001290
	constant pool entry 146	50001284
	constant pool entry 145	500013d0
	constant pool entry 144	50001383
	constant pool entry 143	500012d7
	constant pool entry 142	500012d9
	constant pool entry 141	500012ef
	constant pool entry 140	500012f9
	constant pool entry 139	50001307
	constant pool entry 138	50001309
	constant pool entry 137	5000111b
	constant pool entry 136	50001122
	constant pool entry 135	50001128
	constant pool entry 134	5000112c
	constant pool entry 133	50001135
	constant pool entry 132	500010f9
	constant pool entry 131	50001101
	constant pool entry 130	50001138
	constant pool entry 129	50001294
	constant pool entry 128	5000133e
	constant pool entry 127	50001348
	constant pool entry 126	50001358
	constant pool entry 125	5000135a
	constant pool entry 124	5000135c
	constant pool entry 123	500012d1
	constant pool entry 122	50001166
	constant pool entry 121	50001174
	constant pool entry 120	500010e8
	constant pool entry 119	500010f3
	constant pool entry 118	5000110a
	constant pool entry 117	50001113
	constant pool entry 116	50001313
	constant pool entry 115	50001319
	constant pool entry 114	5000110d
	constant pool entry 113	500012ed
	constant pool entry 112	500010f6
	constant pool entry 111	50001272
	constant pool entry 110	500010e5
	constant pool entry 109	5000131b
	constant pool entry 108	5000131d
	constant pool entry 107	50001346
	constant pool entry 106	5000134a
	constant pool entry 105	5000134d
	constant pool entry 104	500012cd
	constant pool entry 103	500012d3
	constant pool entry 102	500012d5
	constant pool entry 101	500012e3
	constant pool entry 100	500012e5
	constant pool entry 99	500012e7
	constant pool entry 98	500012e9
	constant pool entry 97	5000130d
	constant pool entry 96	5000130f
	constant pool entry 95	500012a0
	constant pool entry 94	500012e1
	constant pool entry 93	50001292
	constant pool entry 92	5000134f
	constant pool entry 91	50001288
	constant pool entry 90	500012c3
	constant pool entry 89	500013a8
	constant pool entry 88	500012c9
	constant pool entry 87	5000133a
	constant pool entry 86	5000125c
	constant pool entry 85	50001260
	constant pool entry 84	50001391
	constant pool entry 83	50001274
	constant pool entry 82	5000123e
	constant pool entry 81	50001280
	constant pool entry 80	500012c1
	constant pool entry 79	500013bf
	constant pool entry 78	500013d4
	constant pool entry 77	500013d6
	constant pool entry 76	500013d8
	constant pool entry 75	500013da
	constant pool entry 74	500013dc
	constant pool entry 73	500013de
	constant pool entry 72	500012ab
	constant pool entry 71	500012b0
	constant pool entry 70	500012bf
	constant pool entry 69	50001256
	constant pool entry 68	5000137a
	constant pool entry 67	5000139a
	constant pool entry 66	5000139c
	constant pool entry 65	5000139e
	constant pool entry 64	500013a0
	constant pool entry 63	500013a2
	constant pool entry 62	5000130b
	constant pool entry 61	50001315
	constant pool entry 60	50001317
	constant pool entry 59	50001327
	constant pool entry 58	5000132c
	constant pool entry 57	50001331
	constant pool entry 56	50001335
	constant pool entry 55	5000133c
	constant pool entry 54	5000138c
	constant pool entry 53	5000138f
	constant pool entry 52	500012f1
	constant pool entry 51	50001329
	constant pool entry 50	50001244
	constant pool entry 49	50001246
	constant pool entry 48	5000124a
	constant pool entry 47	5000124c
	constant pool entry 46	5000124e
	constant pool entry 45	50001250
	constant pool entry 44	500012dd
	constant pool entry 43	50001296
	constant pool entry 42	500012b2
	constant pool entry 41	500012b5
	constant pool entry 40	500012b7
	constant pool entry 39	500012b9
	constant pool entry 38	500012bb
	constant pool entry 37	500012bd
	constant pool entry 36	5000129e
	constant pool entry 35	500012ad
	constant pool entry 34	500010dd
	constant pool entry 33	50001276
	constant pool entry 32	50001286
	constant pool entry 31	50001258
	constant pool entry 30	500012f5
	constant pool entry 29	50001311
	constant pool entry 28	50001393
	constant pool entry 27	500013c4
	constant pool entry 26	500013c6
	constant pool entry 25	500013c8
	constant pool entry 24	500013ca
	constant pool entry 23	500013cc
	constant pool entry 22	500013b2
	constant pool entry 21	500013b4
	constant pool entry 20	500013b8
	constant pool entry 19	500013bb
	constant pool entry 18	500013bd
	constant pool entry 17	50001298
	constant pool entry 16	5000129c
	constant pool entry 15	500013c1
	constant pool entry 14	5000136c
	constant pool entry 13	50001376
	constant pool entry 12	50001378
	constant pool entry 11	5000137c
	constant pool entry 10	50001381
	constant pool entry 9	50001386
	constant pool entry 8	50001388
	constant pool entry 7	5000138a
	constant pool entry 6	500013ae
	constant pool entry 5	500013b6
	constant pool entry 4	50001321
	constant pool entry 3	5000137e
	constant pool entry 2	50001351
	constant pool entry 1	50001305
CLS 50000099 (name=java.nio.charset.spi.CharsetProvider, trace=300000)
	super		5000016c
	constant pool entry 21	50000161
	constant pool entry 18	5000016c
CLS 50000098 (name=sun.nio.cs.FastCharsetProvider, trace=300000)
	super		50000099
	constant pool entry 135	50000100
	constant pool entry 71	50000098
	constant pool entry 70	50000144
	constant pool entry 69	50000099
	constant pool entry 68	5000009a
	constant pool entry 66	5000011e
	constant pool entry 65	50000168
	constant pool entry 63	5000016c
	constant pool entry 59	50000164
	constant pool entry 2	50001105
	constant pool entry 1	50000f99
CLS 50000097 (name=sun.nio.cs.StandardCharsets, trace=300000)
	super		50000098
	static aliases_US_ASCII	5000146c
	static aliases_UTF_8	5000146b
	static aliases_CESU_8	5000146a
	static aliases_UTF_16	50001469
	static aliases_UTF_16BE	50001468
	static aliases_UTF_16LE	50001467
	static aliases_UTF_16LE_BOM	50001466
	static aliases_UTF_32	50001465
	static aliases_UTF_32LE	50001464
	static aliases_UTF_32BE	50001463
	static aliases_UTF_32LE_BOM	50001462
	static aliases_UTF_32BE_BOM	50001461
	static aliases_ISO_8859_1	50001460
	static aliases_ISO_8859_2	5000145f
	static aliases_ISO_8859_4	5000145e
	static aliases_ISO_8859_5	5000145d
	static aliases_ISO_8859_7	5000145c
	static aliases_ISO_8859_9	5000145b
	static aliases_ISO_8859_13	5000145a
	static aliases_ISO_8859_15	50001459
	static aliases_KOI8_R	50001458
	static aliases_KOI8_U	50001457
	static aliases_MS1250	50001456
	static aliases_MS1251	50001455
	static aliases_MS1252	50001454
	static aliases_MS1253	50001453
	static aliases_MS1254	50001452
	static aliases_MS1257	50001451
	static aliases_IBM437	500013fe
	static aliases_IBM737	50001450
	static aliases_IBM775	5000144f
	static aliases_IBM850	5000144e
	static aliases_IBM852	5000144d
	static aliases_IBM855	5000144c
	static aliases_IBM857	5000144b
	static aliases_IBM858	5000144a
	static aliases_IBM862	50001449
	static aliases_IBM866	50001448
	static aliases_IBM874	50001447
	constant pool entry 574	50000100
	constant pool entry 483	50000094
	constant pool entry 482	50000093
	constant pool entry 481	50000095
	constant pool entry 479	50000097
	constant pool entry 478	50000098
	constant pool entry 477	50000168
	constant pool entry 476	500012d1
	constant pool entry 475	500012cd
	constant pool entry 474	5000136c
	constant pool entry 209	5000125a
	constant pool entry 208	500012db
	constant pool entry 207	5000129a
	constant pool entry 206	500013ac
	constant pool entry 205	5000128a
	constant pool entry 204	50001269
	constant pool entry 203	500010b0
	constant pool entry 202	500012fb
	constant pool entry 201	500012fd
	constant pool entry 200	500012ff
	constant pool entry 199	50001301
	constant pool entry 198	50001333
	constant pool entry 197	50001337
	constant pool entry 196	50001340
	constant pool entry 195	50001344
	constant pool entry 194	500013a4
	constant pool entry 193	500013a6
	constant pool entry 192	50001323
	constant pool entry 191	50001356
	constant pool entry 190	50001252
	constant pool entry 189	5000135e
	constant pool entry 188	50001360
	constant pool entry 187	50001362
	constant pool entry 186	50001364
	constant pool entry 185	50001366
	constant pool entry 184	500012a9
	constant pool entry 183	5000127a
	constant pool entry 182	5000127e
	constant pool entry 181	50001383
	constant pool entry 180	500012d7
	constant pool entry 179	500012d9
	constant pool entry 178	500012ef
	constant pool entry 177	500012f9
	constant pool entry 176	50001307
	constant pool entry 175	50001309
	constant pool entry 174	50001348
	constant pool entry 173	50001358
	constant pool entry 172	5000135a
	constant pool entry 171	5000135c
	constant pool entry 170	50001166
	constant pool entry 169	50001174
	constant pool entry 168	500010e8
	constant pool entry 167	500010f3
	constant pool entry 166	5000110a
	constant pool entry 165	50001113
	constant pool entry 164	50001319
	constant pool entry 163	5000110d
	constant pool entry 162	500012ed
	constant pool entry 161	500010f6
	constant pool entry 160	5000131d
	constant pool entry 159	50001346
	constant pool entry 158	5000134a
	constant pool entry 157	5000134d
	constant pool entry 156	500012d3
	constant pool entry 155	500012d5
	constant pool entry 154	500012e3
	constant pool entry 153	500012e5
	constant pool entry 152	500012e7
	constant pool entry 151	500012e9
	constant pool entry 150	5000130f
	constant pool entry 149	500012a0
	constant pool entry 148	500012e1
	constant pool entry 147	50001292
	constant pool entry 146	5000134f
	constant pool entry 145	50001288
	constant pool entry 144	500012c9
	constant pool entry 143	5000133a
	constant pool entry 142	5000125c
	constant pool entry 141	50001391
	constant pool entry 140	50001274
	constant pool entry 139	5000123e
	constant pool entry 138	50001280
	constant pool entry 137	50001446
	constant pool entry 136	50001445
	constant pool entry 135	50001444
	constant pool entry 134	50001443
	constant pool entry 133	50001442
	constant pool entry 132	50001441
	constant pool entry 131	50001440
	constant pool entry 130	5000143f
	constant pool entry 129	5000143e
	constant pool entry 128	5000143d
	constant pool entry 127	5000143c
	constant pool entry 126	5000143b
	constant pool entry 125	5000143a
	constant pool entry 124	50001439
	constant pool entry 123	5000139a
	constant pool entry 122	5000139c
	constant pool entry 121	5000139e
	constant pool entry 120	500013a0
	constant pool entry 119	500013a2
	constant pool entry 118	5000130b
	constant pool entry 117	50001315
	constant pool entry 116	50001317
	constant pool entry 115	50001327
	constant pool entry 114	5000132c
	constant pool entry 113	50001331
	constant pool entry 112	50001335
	constant pool entry 111	5000133c
	constant pool entry 110	5000138c
	constant pool entry 109	5000138f
	constant pool entry 108	500012f1
	constant pool entry 107	50001329
	constant pool entry 106	50001244
	constant pool entry 105	50001246
	constant pool entry 104	5000124a
	constant pool entry 103	5000124c
	constant pool entry 102	5000124e
	constant pool entry 101	50001250
	constant pool entry 100	500012dd
	constant pool entry 99	50001296
	constant pool entry 98	500012b2
	constant pool entry 97	500012b5
	constant pool entry 96	500012b7
	constant pool entry 95	500012b9
	constant pool entry 94	500012bb
	constant pool entry 93	500012bd
	constant pool entry 92	5000129e
	constant pool entry 91	50001276
	constant pool entry 90	50001286
	constant pool entry 89	50001393
	constant pool entry 88	50001438
	constant pool entry 87	50001437
	constant pool entry 86	50001436
	constant pool entry 85	50001435
	constant pool entry 84	50001434
	constant pool entry 83	50001433
	constant pool entry 82	50001432
	constant pool entry 81	50001431
	constant pool entry 80	500010ec
	constant pool entry 79	500010ce
	constant pool entry 78	500010da
	constant pool entry 77	50001156
	constant pool entry 76	5000116a
	constant pool entry 75	5000116d
	constant pool entry 74	5000113f
	constant pool entry 73	5000114a
	constant pool entry 72	50001430
	constant pool entry 71	5000142f
	constant pool entry 70	5000142e
	constant pool entry 69	5000142d
	constant pool entry 68	5000142c
	constant pool entry 67	5000142b
	constant pool entry 66	5000142a
	constant pool entry 65	50001429
	constant pool entry 64	50001139
	constant pool entry 63	50001428
	constant pool entry 62	50001427
	constant pool entry 61	50001426
	constant pool entry 60	50001425
	constant pool entry 59	50001424
	constant pool entry 58	50001423
	constant pool entry 57	50001422
	constant pool entry 56	50001421
	constant pool entry 55	50001420
	constant pool entry 54	5000141f
	constant pool entry 53	5000141e
	constant pool entry 52	5000141d
	constant pool entry 51	5000141c
	constant pool entry 50	5000141b
	constant pool entry 49	5000141a
	constant pool entry 48	50001419
	constant pool entry 47	50001418
	constant pool entry 46	50001417
	constant pool entry 45	50001416
	constant pool entry 44	50001415
	constant pool entry 43	50001414
	constant pool entry 42	50001413
	constant pool entry 41	50001412
	constant pool entry 40	50001411
	constant pool entry 39	50001410
	constant pool entry 38	5000140f
	constant pool entry 37	5000140e
	constant pool entry 36	5000140d
	constant pool entry 35	5000140c
	constant pool entry 34	5000140b
	constant pool entry 33	5000140a
	constant pool entry 32	50001409
	constant pool entry 31	50001408
	constant pool entry 30	50001407
	constant pool entry 29	50001406
	constant pool entry 28	50001405
	constant pool entry 27	50001404
	constant pool entry 26	500013c4
	constant pool entry 25	500013c6
	constant pool entry 24	500013c8
	constant pool entry 23	500013ca
	constant pool entry 22	500013cc
	constant pool entry 21	500013b2
	constant pool entry 20	500013b4
	constant pool entry 19	500013b8
	constant pool entry 18	500013bb
	constant pool entry 17	500013bd
	constant pool entry 16	50001298
	constant pool entry 15	5000129c
	constant pool entry 14	500013c1
	constant pool entry 13	50001376
	constant pool entry 12	50001378
	constant pool entry 11	5000137c
	constant pool entry 10	50001381
	constant pool entry 9	50001386
	constant pool entry 8	50001388
	constant pool entry 7	5000138a
	constant pool entry 6	500013ae
	constant pool entry 5	500013b6
	constant pool entry 4	50001321
	constant pool entry 3	5000137e
	constant pool entry 2	50001351
	constant pool entry 1	50001305
CLS 500000b6 (name=java.io.OutputStream, trace=300000)
	super		5000016c
	constant pool entry 25	5000016c
CLS 5000009d (name=java.io.FilterOutputStream, trace=300000)
	super		500000b6
	constant pool entry 22	500000b6
	constant pool entry 20	5000009d
CLS 5000009b (name=java.io.BufferedOutputStream, trace=300000)
	super		5000009d
	constant pool entry 57	50000100
	constant pool entry 31	50000161
	constant pool entry 29	500000b6
	constant pool entry 27	5000009d
	constant pool entry 26	5000009b
CLS 5000009c (name=java.io.PrintStream, trace=300000)
	super		5000009d
	constant pool entry 113	5000009a
	constant pool entry 110	50000168
	constant pool entry 103	5000009c
	constant pool entry 102	50000085
	constant pool entry 101	500000b6
	constant pool entry 98	5000009d
	constant pool entry 94	50000079
	constant pool entry 3	50000aa2
	constant pool entry 1	50001588
CLS 5000009e (name=sun.reflect.misc.ReflectUtil, trace=300000)
	super		5000016c
	static PROXY_PACKAGE	5000157a
	constant pool entry 115	500000bb
	constant pool entry 113	500000a1
CLS 5000009f (name=java.lang.reflect.ReflectAccess, trace=300000)
	super		5000016c
	constant pool entry 40	5000013b
	constant pool entry 39	5000013e
	constant pool entry 37	5000013a
	constant pool entry 36	5000016c
CLS 500000a0 (name=sun.reflect.LangReflectAccess, trace=300000)
CLS 500000a1 (name=java.lang.reflect.Modifier, trace=300000)
	super		5000016c
	constant pool entry 127	500000f5
	constant pool entry 126	500000ea
	constant pool entry 125	500000f8
	constant pool entry 124	5000009f
CLS 500000a3 (name=java.util.WeakHashMap, trace=300000)
	super		500000d5
	static NULL_KEY	50001509
	constant pool entry 318	50000100
	constant pool entry 144	5000004a
	constant pool entry 138	5000004f
	constant pool entry 136	500000a3
	constant pool entry 127	500000d5
	constant pool entry 126	500000e5
	constant pool entry 123	5000016c
	constant pool entry 120	50000117
	constant pool entry 119	5000004c
CLS 500000a2 (name=java.lang.ClassValue$ClassValueMap, trace=300000)
	super		500000a3
CLS 500000a4 (name=sun.reflect.annotation.AnnotationType, trace=300000)
	super		5000016c
CLS 500000a5 (name=java.lang.Class$AnnotationData, trace=300000)
	super		5000016c
CLS 500000a8 (name=sun.reflect.generics.repository.AbstractRepository, trace=300000)
	super		5000016c
CLS 500000a7 (name=sun.reflect.generics.repository.GenericDeclRepository, trace=300000)
	super		500000a8
CLS 500000a6 (name=sun.reflect.generics.repository.ClassRepository, trace=300000)
	super		500000a7
CLS 500000a9 (name=java.lang.reflect.Field[], trace=300000)
	super		5000016c
CLS 500000aa (name=java.lang.reflect.Member[], trace=300000)
	super		5000016c
CLS 500000ab (name=java.lang.reflect.AccessibleObject[], trace=300000)
	super		5000016c
CLS 500000ac (name=java.lang.Class$Atomic, trace=300000)
	super		5000016c
	static unsafe	50000ac7
	constant pool entry 52	5000011d
	constant pool entry 46	500000ac
	constant pool entry 6	50000164
	constant pool entry 5	5000156d
	constant pool entry 4	5000156c
	constant pool entry 3	5000156b
CLS 500000ad (name=java.lang.Class$ReflectionData, trace=300000)
	super		5000016c
	constant pool entry 27	5000016c
	constant pool entry 26	500000ad
CLS 500000ae (name=java.lang.Class$3, trace=300000)
	super		5000016c
	constant pool entry 34	50000161
	constant pool entry 32	5000016c
	constant pool entry 31	500000ae
	constant pool entry 30	50000164
	constant pool entry 1	50001571
CLS 500000af (name=java.util.concurrent.atomic.AtomicReferenceFieldUpdater$AtomicReferenceFieldUpdaterImpl$1, trace=300000)
	super		5000016c
	constant pool entry 31	500000af
	constant pool entry 27	5000016c
	constant pool entry 24	50000164
CLS 500000b0 (name=java.security.PrivilegedExceptionAction, trace=300000)
CLS 500000b2 (name=java.util.concurrent.atomic.AtomicReferenceFieldUpdater, trace=300000)
	super		5000016c
	constant pool entry 37	500000bb
	constant pool entry 34	500000b1
	constant pool entry 32	5000016c
CLS 500000b1 (name=java.util.concurrent.atomic.AtomicReferenceFieldUpdater$AtomicReferenceFieldUpdaterImpl, trace=300000)
	super		500000b2
	static unsafe	50000ac7
	constant pool entry 108	5000009e
	constant pool entry 107	5000011d
	constant pool entry 106	500000af
	constant pool entry 105	500000b1
	constant pool entry 104	500000b2
	constant pool entry 102	500000f8
	constant pool entry 101	500000a1
	constant pool entry 100	5000013e
	constant pool entry 91	50000164
	constant pool entry 6	5000016c
CLS 500000c9 (name=java.io.InputStream, trace=300000)
	super		5000016c
	constant pool entry 45	5000016c
CLS 500000b4 (name=java.io.FilterInputStream, trace=300000)
	super		500000c9
	constant pool entry 24	500000c9
	constant pool entry 22	500000b4
CLS 500000b3 (name=java.io.BufferedInputStream, trace=300000)
	super		500000b4
	static bufUpdater	50001579
	constant pool entry 130	50000100
	constant pool entry 69	500000b2
	constant pool entry 62	500000b4
	constant pool entry 9	500000b3
	constant pool entry 8	50000170
	constant pool entry 7	50001578
CLS 500000b5 (name=java.io.FileOutputStream, trace=300000)
	super		500000b6
	constant pool entry 73	50000161
	constant pool entry 70	5000016c
	constant pool entry 68	500000b6
	constant pool entry 65	500000b5
	constant pool entry 63	500000c7
CLS 500000b7 (name=java.io.Flushable, trace=300000)
CLS 500000b8 (name=java.util.HashMap$Node[], trace=300000)
	super		5000016c
CLS 500000bb (name=sun.reflect.Reflection, trace=300000)
	super		5000016c
	static fieldFilterMap	50000acd
	static methodFilterMap	50000acc
	constant pool entry 229	50000100
	constant pool entry 112	50000144
	constant pool entry 111	500000ba
	constant pool entry 110	500000a1
	constant pool entry 105	50000168
	constant pool entry 99	50000164
	constant pool entry 98	500009b4
	constant pool entry 96	500000a9
	constant pool entry 12	500000bb
	constant pool entry 10	50000161
	constant pool entry 9	50000acb
	constant pool entry 8	50000aca
	constant pool entry 7	50000ac9
CLS 500000bc (name=java.lang.String[], trace=300000)
	super		5000016c
CLS 500000bd (name=java.lang.CharSequence[], trace=300000)
	super		5000016c
CLS 500000c0 (name=java.util.Collections$UnmodifiableCollection, trace=300000)
	super		5000016c
	constant pool entry 50	500000c0
	constant pool entry 48	500000f1
	constant pool entry 46	5000016c
CLS 500000bf (name=java.util.Collections$UnmodifiableList, trace=300000)
	super		500000c0
	constant pool entry 49	500000f0
	constant pool entry 46	500000bf
	constant pool entry 45	500000c0
CLS 500000be (name=java.util.Collections$UnmodifiableRandomAccessList, trace=300000)
	super		500000bf
	constant pool entry 20	500000bf
CLS 500000ed (name=java.util.AbstractList, trace=300000)
	super		500000ee
	constant pool entry 72	500000ed
	constant pool entry 71	500000ee
CLS 500000c1 (name=java.util.ArrayList, trace=300000)
	super		500000ed
	static EMPTY_ELEMENTDATA	50000fc8
	static DEFAULTCAPACITY_EMPTY_ELEMENTDATA	50000fc7
	constant pool entry 340	50000100
	constant pool entry 175	500000f1
	constant pool entry 173	50000090
	constant pool entry 167	500000c1
	constant pool entry 166	500000ed
	constant pool entry 161	5000016c
	constant pool entry 160	500000dc
	constant pool entry 11	50000111
CLS 5000015f (name=java.lang.Error, trace=300000)
	super		50000160
	constant pool entry 14	50000160
CLS 50000156 (name=java.lang.LinkageError, trace=300000)
	super		5000015f
	constant pool entry 12	5000015f
CLS 500000c3 (name=java.lang.IncompatibleClassChangeError, trace=300000)
	super		50000156
	constant pool entry 13	50000156
CLS 500000c2 (name=java.lang.NoSuchMethodError, trace=300000)
	super		500000c3
	constant pool entry 12	500000c3
CLS 500000c4 (name=sun.misc.SharedSecrets, trace=300000)
	super		5000016c
	static unsafe	50000ac7
	static javaLangAccess	500009bb
	static javaNetAccess	50000ac6
	static javaNioAccess	50000ac5
	static javaIOFileDescriptorAccess	50000ac4
	static javaSecurityProtectionDomainAccess	50000ac3
	static javaSecurityAccess	50000ac2
	static javaUtilZipFileAccess	500001f4
	constant pool entry 62	5000011d
	constant pool entry 61	500000c4
	constant pool entry 8	500001f1
CLS 500000c5 (name=java.io.FileDescriptor$1, trace=300000)
	super		5000016c
	constant pool entry 20	5000016c
CLS 500000c6 (name=sun.misc.JavaIOFileDescriptorAccess, trace=300000)
CLS 500000c7 (name=java.io.FileDescriptor, trace=300000)
	super		5000016c
	static in	50000abb
	static out	50000abd
	static err	50000abc
	constant pool entry 66	500000c4
	constant pool entry 61	5000016c
	constant pool entry 58	500000c5
	constant pool entry 57	500000c7
	constant pool entry 56	500000ca
CLS 500000c8 (name=java.io.FileInputStream, trace=300000)
	super		500000c9
	constant pool entry 71	50000161
	constant pool entry 68	5000016c
	constant pool entry 66	500000c9
	constant pool entry 63	50000016
	constant pool entry 62	500000c8
	constant pool entry 61	500000c7
	constant pool entry 60	50000077
CLS 500000ca (name=java.io.Closeable, trace=300000)
CLS 500000cb (name=java.lang.AutoCloseable, trace=300000)
CLS 500000cc (name=sun.misc.Version, trace=300000)
	super		5000016c
	static launcher_name	500015da
	static java_version	500014ef
	static java_runtime_name	500015be
	static java_profile_name	50000aae
	static java_runtime_version	500015c9
	constant pool entry 143	500000cc
	constant pool entry 142	50000161
	constant pool entry 17	500014ec
	constant pool entry 16	500015ca
	constant pool entry 15	500015bf
	constant pool entry 11	500015be
	constant pool entry 9	500015c9
	constant pool entry 8	500014ef
CLS 500000cd (name=java.lang.Runtime, trace=300000)
	super		5000016c
	static currentRuntime	500009bf
	constant pool entry 105	50000161
	constant pool entry 103	50000168
	constant pool entry 102	500009ac
	constant pool entry 98	500000cd
	constant pool entry 96	5000016c
	constant pool entry 94	50000162
	constant pool entry 91	50000077
CLS 500000ce (name=java.util.Hashtable$Enumerator, trace=300000)
	super		5000016c
	constant pool entry 59	500000ce
	constant pool entry 58	500000df
	constant pool entry 57	50000142
	constant pool entry 52	5000016c
CLS 500000cf (name=java.util.Iterator, trace=300000)
CLS 500000d0 (name=java.util.Enumeration, trace=300000)
CLS 500000d1 (name=java.util.Objects, trace=300000)
	super		5000016c
CLS 500000d3 (name=java.util.Collections$SynchronizedCollection, trace=300000)
	super		5000016c
	constant pool entry 65	500000d1
	constant pool entry 64	500000d3
	constant pool entry 62	500000f1
	constant pool entry 60	5000016c
CLS 500000d2 (name=java.util.Collections$SynchronizedSet, trace=300000)
	super		500000d3
	constant pool entry 29	500000d3
CLS 500000d4 (name=java.util.Collections$EmptyMap, trace=300000)
	super		500000d5
	constant pool entry 58	500000d4
	constant pool entry 55	500000d5
CLS 500000d6 (name=java.util.Collections$EmptyList, trace=300000)
	super		500000ed
	constant pool entry 67	500000d6
	constant pool entry 63	500000ed
CLS 500000d7 (name=java.util.Collections$EmptySet, trace=300000)
	super		500000da
	constant pool entry 46	500000d7
	constant pool entry 42	500000da
CLS 500000d8 (name=java.util.Collections, trace=300000)
	super		5000016c
	static EMPTY_SET	50000d48
	static EMPTY_LIST	50000d47
	static EMPTY_MAP	50000d46
	constant pool entry 266	500000ef
	constant pool entry 256	500000be
	constant pool entry 247	500000d2
	constant pool entry 237	5000004b
	constant pool entry 234	500000d7
	constant pool entry 233	500000d4
	constant pool entry 231	500000d6
	constant pool entry 213	500000d8
CLS 500000d9 (name=java.util.Hashtable$EntrySet, trace=300000)
	super		500000da
	constant pool entry 47	500000d9
	constant pool entry 44	50000142
	constant pool entry 43	500000da
CLS 500000db (name=java.util.Set, trace=300000)
CLS 500000dc (name=java.lang.Math, trace=300000)
	super		5000016c
	constant pool entry 166	50000117
	constant pool entry 165	50000116
	constant pool entry 164	50000164
	constant pool entry 14	500000dc
CLS 500000dd (name=java.util.Hashtable$Entry[], trace=300000)
	super		5000016c
CLS 500000de (name=java.util.Map$Entry[], trace=300000)
	super		5000016c
CLS 500000df (name=java.util.Hashtable$Entry, trace=300000)
	super		5000016c
	constant pool entry 46	500000df
	constant pool entry 43	5000016c
CLS 500000e0 (name=java.util.Map$Entry, trace=300000)
CLS 500000e1 (name=sun.misc.VM, trace=300000)
	super		5000016c
	static lock	50000c31
	static savedProps	50000c30
	constant pool entry 144	500000e1
	constant pool entry 143	5000005e
	constant pool entry 142	50000141
	constant pool entry 137	50000168
	constant pool entry 136	500000cd
	constant pool entry 135	5000016c
	constant pool entry 10	50000aa4
	constant pool entry 9	50000c2f
	constant pool entry 8	50000c2e
	constant pool entry 7	50000c2d
	constant pool entry 6	50000c2c
	constant pool entry 5	50000c2b
	constant pool entry 4	50000b28
	constant pool entry 1	50000c2a
CLS 50000147 (name=java.lang.Thread, trace=300000)
	super		5000016c
	static EMPTY_STACK_TRACE	50000aa9
	static SUBCLASS_IMPLEMENTATION_PERMISSION	50000aa8
	constant pool entry 544	50000100
	constant pool entry 263	500000f8
	constant pool entry 255	50000145
	constant pool entry 248	50000161
	constant pool entry 246	50000168
	constant pool entry 245	5000011c
	constant pool entry 243	500000f9
	constant pool entry 241	5000016c
	constant pool entry 15	50000147
	constant pool entry 9	50000aa7
CLS 500000e2 (name=java.lang.ref.Finalizer$FinalizerThread, trace=300000)
	super		50000147
	constant pool entry 33	500000e1
	constant pool entry 32	500000c4
	constant pool entry 30	500000e5
	constant pool entry 29	500000e2
	constant pool entry 28	50000149
	constant pool entry 27	50000147
	constant pool entry 1	50001603
CLS 500000e3 (name=java.lang.ref.ReferenceQueue$Lock, trace=300000)
	super		5000016c
	constant pool entry 12	500000e3
	constant pool entry 9	5000016c
CLS 500000e5 (name=java.lang.ref.ReferenceQueue, trace=300000)
	super		5000016c
	static NULL	50000ae6
	static ENQUEUED	50000ae5
	constant pool entry 58	500000e4
	constant pool entry 57	500000e3
	constant pool entry 52	5000016c
	constant pool entry 49	50000164
	constant pool entry 2	500000e5
CLS 500000e4 (name=java.lang.ref.ReferenceQueue$Null, trace=300000)
	super		500000e5
	constant pool entry 13	500000e4
	constant pool entry 11	500000e5
CLS 500000e6 (name=java.lang.Thread[], trace=300000)
	super		5000016c
CLS 500000e7 (name=java.lang.Runnable[], trace=300000)
	super		5000016c
CLS 500000e8 (name=java.lang.ref.Reference$ReferenceHandler, trace=300000)
	super		50000147
	constant pool entry 32	5000014e
	constant pool entry 30	50000147
	constant pool entry 28	5000016c
CLS 500000e9 (name=java.lang.ref.Reference$Lock, trace=300000)
	super		5000016c
	constant pool entry 12	500000e9
	constant pool entry 9	5000016c
CLS 500000ea (name=sun.reflect.ReflectionFactory, trace=300000)
	super		5000016c
	static reflectionFactoryAccessPerm	50000adb
	static soleInstance	50000ad7
	static langReflectAccess	50000ada
	constant pool entry 112	50000089
	constant pool entry 111	500000ea
	constant pool entry 110	500000bb
	constant pool entry 108	50000088
	constant pool entry 106	500000a0
	constant pool entry 103	50000087
	constant pool entry 101	500000f8
	constant pool entry 100	500000a1
	constant pool entry 98	5000013a
	constant pool entry 97	50000161
	constant pool entry 95	500000f9
	constant pool entry 94	5000016c
	constant pool entry 4	50000135
	constant pool entry 3	50000164
	constant pool entry 2	50000ad9
CLS 500000ec (name=java.util.Vector, trace=300000)
	super		500000ed
	constant pool entry 351	50000100
	constant pool entry 171	500000ec
	constant pool entry 162	50000090
	constant pool entry 161	500000ed
	constant pool entry 159	50000161
	constant pool entry 156	5000016c
CLS 500000eb (name=java.util.Stack, trace=300000)
	super		500000ec
	constant pool entry 33	500000ec
	constant pool entry 32	500000eb
CLS 500000ef (name=java.util.RandomAccess, trace=300000)
CLS 500000f0 (name=java.util.List, trace=300000)
CLS 500000f1 (name=java.util.Collection, trace=300000)
CLS 500000f2 (name=java.lang.Iterable, trace=300000)
CLS 500000f3 (name=java.security.cert.Certificate[], trace=300000)
	super		5000016c
CLS 500000f4 (name=java.security.cert.Certificate, trace=300000)
	super		5000016c
CLS 500000f5 (name=sun.reflect.ReflectionFactory$GetReflectionFactoryAction, trace=300000)
	super		5000016c
	constant pool entry 16	500000f5
	constant pool entry 15	500000ea
	constant pool entry 13	5000016c
CLS 500000f6 (name=java.security.PrivilegedAction, trace=300000)
CLS 500000fb (name=java.security.Permission, trace=300000)
	super		5000016c
	constant pool entry 55	500000fb
	constant pool entry 48	5000016c
CLS 500000fa (name=java.security.BasicPermission, trace=300000)
	super		500000fb
	constant pool entry 72	500000fb
	constant pool entry 70	500000fa
	constant pool entry 69	50000168
	constant pool entry 2	50000aab
CLS 500000f7 (name=java.lang.reflect.ReflectPermission, trace=300000)
	super		500000fa
	constant pool entry 13	500000fa
CLS 500000f8 (name=java.security.AccessController, trace=300000)
	super		5000016c
	constant pool entry 77	500000f8
	constant pool entry 75	50000159
CLS 500000f9 (name=java.lang.RuntimePermission, trace=300000)
	super		500000fa
	constant pool entry 13	500000fa
CLS 500000fc (name=java.security.Guard, trace=300000)
CLS 500000fd (name=java.lang.StackTraceElement[], trace=300000)
	super		5000016c
CLS 500000fe (name=java.lang.ThreadGroup[], trace=300000)
	super		5000016c
CLS 500000ff (name=java.lang.Thread$UncaughtExceptionHandler[], trace=300000)
	super		5000016c
CLS 50000100 (name=com.sun.demo.jvmti.hprof.Tracker, trace=300000)
	super		5000016c
	constant pool entry 32	50000147
	constant pool entry 29	50000100
	constant pool entry 3	50000a9b
CLS 50000101 (name=java.lang.String$CaseInsensitiveComparator, trace=300000)
	super		5000016c
	constant pool entry 40	50000101
	constant pool entry 38	50000168
	constant pool entry 37	5000016c
	constant pool entry 36	500000dc
CLS 50000102 (name=java.util.Comparator, trace=300000)
CLS 50000103 (name=java.io.ObjectStreamField[], trace=300000)
	super		5000016c
CLS 50000104 (name=java.lang.Comparable[], trace=300000)
	super		5000016c
CLS 50000105 (name=java.io.ObjectStreamField, trace=300000)
	super		5000016c
	constant pool entry 90	5000011e
	constant pool entry 89	50000168
	constant pool entry 88	50000114
	constant pool entry 86	50000112
	constant pool entry 84	50000113
	constant pool entry 82	50000117
	constant pool entry 81	50000116
	constant pool entry 79	50000164
	constant pool entry 78	50000119
	constant pool entry 77	50000115
	constant pool entry 76	5000011a
	constant pool entry 75	50000105
	constant pool entry 2	5000016c
CLS 50000106 (name=java.lang.OutOfMemoryError[], trace=300000)
	super		5000016c
CLS 50000107 (name=java.lang.VirtualMachineError[], trace=300000)
	super		5000016c
CLS 50000108 (name=java.lang.Error[], trace=300000)
	super		5000016c
CLS 50000109 (name=java.lang.Throwable[], trace=300000)
	super		5000016c
CLS 5000010a (name=java.lang.ArithmeticException, trace=300000)
	super		5000015c
CLS 5000010b (name=java.lang.NullPointerException, trace=300000)
	super		5000015c
CLS 5000010c (name=java.lang.Class[], trace=300000)
	super		5000016c
CLS 5000010d (name=java.io.Serializable[], trace=300000)
	super		5000016c
CLS 5000010e (name=java.lang.reflect.GenericDeclaration[], trace=300000)
	super		5000016c
CLS 5000010f (name=java.lang.reflect.AnnotatedElement[], trace=300000)
	super		5000016c
CLS 50000110 (name=java.lang.reflect.Type[], trace=300000)
	super		5000016c
CLS 50000111 (name=java.lang.Object[], trace=300000)
	super		5000016c
CLS 50000112 (name=java.lang.Long, trace=300000)
	super		50000118
	static TYPE	50000a7f
	constant pool entry 200	50000112
	constant pool entry 196	50000164
	constant pool entry 17	50000b21
CLS 50000113 (name=java.lang.Integer, trace=300000)
	super		50000118
	static TYPE	50000a80
	static digits	50000b27
	static DigitTens	50000b26
	static DigitOnes	50000b25
	static sizeTable	50000b24
	constant pool entry 307	50000100
	constant pool entry 192	50000161
	constant pool entry 190	50000168
	constant pool entry 186	50000118
	constant pool entry 182	50000061
	constant pool entry 181	50000113
	constant pool entry 178	50000164
	constant pool entry 177	50000119
	constant pool entry 29	50000b23
CLS 50000114 (name=java.lang.Short, trace=300000)
	super		50000118
	static TYPE	50000a81
	constant pool entry 93	50000114
	constant pool entry 88	50000164
	constant pool entry 7	50000b1f
CLS 50000115 (name=java.lang.Byte, trace=300000)
	super		50000118
	static TYPE	50000a82
	constant pool entry 86	50000164
	constant pool entry 84	50000115
	constant pool entry 5	50000f61
CLS 50000116 (name=java.lang.Double, trace=300000)
	super		50000118
	static TYPE	50000a83
	constant pool entry 140	50000116
	constant pool entry 138	50000164
	constant pool entry 10	50000b1c
CLS 50000117 (name=java.lang.Float, trace=300000)
	super		50000118
	static TYPE	50000a84
	constant pool entry 108	50000117
	constant pool entry 105	50000164
	constant pool entry 8	50000ad6
CLS 50000119 (name=java.lang.Character, trace=300000)
	super		5000016c
	static TYPE	50000a85
	constant pool entry 273	50000164
	constant pool entry 271	50000019
	constant pool entry 11	50000119
	constant pool entry 10	50000f58
CLS 5000011a (name=java.lang.Boolean, trace=300000)
	super		5000016c
	static TRUE	50000d4b
	static FALSE	50000d4a
	static TYPE	50000a86
	constant pool entry 70	50000161
	constant pool entry 67	5000016c
	constant pool entry 63	50000164
	constant pool entry 62	5000011a
	constant pool entry 1	50000d49
CLS 5000011c (name=java.lang.StackTraceElement, trace=300000)
	super		5000016c
CLS 5000011d (name=sun.misc.Unsafe, trace=300000)
	super		5000016c
	static theUnsafe	50000ac7
	constant pool entry 387	50000100
	constant pool entry 190	500000bb
	constant pool entry 189	500000e1
	constant pool entry 186	50000168
	constant pool entry 184	5000016c
	constant pool entry 181	50000164
	constant pool entry 12	5000011d
	constant pool entry 11	50000174
	constant pool entry 10	5000016f
	constant pool entry 9	50000111
	constant pool entry 8	5000016d
	constant pool entry 7	5000016e
	constant pool entry 6	50000172
	constant pool entry 5	50000171
	constant pool entry 4	50000173
	constant pool entry 3	50000170
	constant pool entry 2	50000ac8
CLS 50000120 (name=java.lang.AbstractStringBuilder, trace=300000)
	super		5000016c
	constant pool entry 310	50000100
	constant pool entry 145	50000090
	constant pool entry 144	50000161
	constant pool entry 140	50000168
	constant pool entry 138	5000016c
	constant pool entry 130	50000120
CLS 5000011e (name=java.lang.StringBuilder, trace=300000)
	super		50000120
	constant pool entry 79	5000011e
	constant pool entry 78	50000168
	constant pool entry 75	50000120
CLS 5000011f (name=java.lang.StringBuffer, trace=300000)
	super		50000120
	static serialPersistentFields	50000f33
	constant pool entry 370	50000100
	constant pool entry 110	50000090
	constant pool entry 108	5000011f
	constant pool entry 107	50000168
	constant pool entry 106	50000113
	constant pool entry 103	5000011a
	constant pool entry 102	50000120
	constant pool entry 100	50000105
	constant pool entry 4	50000173
	constant pool entry 3	50000b14
	constant pool entry 2	50000f32
	constant pool entry 1	50000f31
CLS 50000121 (name=java.lang.Appendable, trace=300000)
CLS 50000125 (name=java.lang.invoke.CallSite, trace=300000)
	super		5000016c
CLS 50000122 (name=java.lang.invoke.VolatileCallSite, trace=300000)
	super		50000125
CLS 50000123 (name=java.lang.invoke.MutableCallSite, trace=300000)
	super		50000125
CLS 50000124 (name=java.lang.invoke.ConstantCallSite, trace=300000)
	super		50000125
CLS 50000126 (name=java.lang.BootstrapMethodError, trace=300000)
	super		50000156
CLS 50000127 (name=java.lang.invoke.MethodType, trace=300000)
	super		5000016c
	static internTable	5000018a
	static NO_PTYPES	5000018e
	static objectOnlyTypes	50000190
	static serialPersistentFields	50000191
	constant pool entry 534	50000100
	constant pool entry 236	5000011d
	constant pool entry 232	500000d1
	constant pool entry 228	50000198
	constant pool entry 227	50000189
	constant pool entry 226	50000192
	constant pool entry 224	500001a1
	constant pool entry 222	50000161
	constant pool entry 219	50000112
	constant pool entry 213	50000116
	constant pool entry 211	50000164
	constant pool entry 208	50000105
	constant pool entry 15	50000127
	constant pool entry 13	5000016c
	constant pool entry 10	50001632
	constant pool entry 9	50001631
CLS 50000128 (name=java.lang.invoke.LambdaForm, trace=300000)
	super		5000016c
CLS 50000129 (name=java.lang.invoke.MethodHandleNatives, trace=300000)
	super		5000016c
	constant pool entry 212	50000182
	constant pool entry 189	50000164
	constant pool entry 28	50000129
CLS 5000012a (name=java.lang.invoke.MemberName, trace=300000)
	super		5000016c
	static CONSTRUCTOR_NAME	5000162e
	constant pool entry 642	50000100
	constant pool entry 318	5000013b
	constant pool entry 309	50000129
	constant pool entry 290	50000164
	constant pool entry 45	5000012a
	constant pool entry 43	5000016c
CLS 5000012c (name=java.lang.invoke.MethodHandle, trace=300000)
	super		5000016c
	static NF_reinvokerTarget	500001b6
	constant pool entry 490	50000100
	constant pool entry 223	5000011d
	constant pool entry 214	50000192
	constant pool entry 213	50000182
	constant pool entry 210	50000187
	constant pool entry 205	50000160
	constant pool entry 198	500001b2
	constant pool entry 196	50000164
	constant pool entry 20	5000012c
	constant pool entry 18	5000162b
	constant pool entry 14	5000162a
CLS 5000012b (name=java.lang.invoke.DirectMethodHandle, trace=300000)
	super		5000012c
CLS 5000012d (name=sun.reflect.CallerSensitive, trace=300000)
CLS 5000012e (name=java.lang.annotation.Annotation, trace=300000)
CLS 50000131 (name=sun.reflect.FieldAccessorImpl, trace=300000)
	super		50000139
CLS 50000130 (name=sun.reflect.UnsafeFieldAccessorImpl, trace=300000)
	super		50000131
CLS 5000012f (name=sun.reflect.UnsafeStaticFieldAccessorImpl, trace=300000)
	super		50000130
CLS 50000132 (name=sun.reflect.FieldAccessor, trace=300000)
CLS 50000133 (name=sun.reflect.ConstantPool, trace=300000)
	super		5000016c
CLS 50000134 (name=sun.reflect.DelegatingClassLoader, trace=300000)
	super		50000162
CLS 50000136 (name=sun.reflect.ConstructorAccessor, trace=300000)
CLS 50000137 (name=sun.reflect.MethodAccessorImpl, trace=300000)
	super		50000139
CLS 50000138 (name=sun.reflect.MethodAccessor, trace=300000)
CLS 50000140 (name=java.lang.reflect.AccessibleObject, trace=300000)
	super		5000016c
	static ACCESS_PERMISSION	50000ade
	static reflectionFactory	50000ad7
	constant pool entry 77	500000f5
	constant pool entry 76	500000ea
	constant pool entry 74	500000f8
	constant pool entry 73	500000f7
	constant pool entry 71	5000013a
	constant pool entry 69	50000140
	constant pool entry 68	50000161
	constant pool entry 65	5000016c
	constant pool entry 4	50000164
	constant pool entry 3	50000add
CLS 5000013c (name=java.lang.reflect.Executable, trace=300000)
	super		50000140
	constant pool entry 160	50000140
CLS 5000013a (name=java.lang.reflect.Constructor, trace=300000)
	super		5000013c
	constant pool entry 143	500000ea
	constant pool entry 141	50000136
	constant pool entry 135	5000013c
	constant pool entry 134	5000013a
	constant pool entry 127	50000164
	constant pool entry 125	5000010c
CLS 5000013b (name=java.lang.reflect.Method, trace=300000)
	super		5000013c
	constant pool entry 138	5000013b
	constant pool entry 136	5000013c
	constant pool entry 127	5000010c
CLS 5000013d (name=java.lang.reflect.Parameter, trace=300000)
	super		5000016c
CLS 5000013e (name=java.lang.reflect.Field, trace=300000)
	super		50000140
	constant pool entry 134	5000013e
	constant pool entry 133	50000140
CLS 5000013f (name=java.lang.reflect.Member, trace=300000)
CLS 50000143 (name=java.util.Dictionary, trace=300000)
	super		5000016c
	constant pool entry 18	5000016c
CLS 50000142 (name=java.util.Hashtable, trace=300000)
	super		50000143
	constant pool entry 395	50000100
	constant pool entry 195	500000db
	constant pool entry 193	500000e0
	constant pool entry 192	50000144
	constant pool entry 191	500000cf
	constant pool entry 188	500000ce
	constant pool entry 187	500000d9
	constant pool entry 186	500000df
	constant pool entry 184	50000142
	constant pool entry 183	50000143
	constant pool entry 181	500000d8
	constant pool entry 177	5000016c
	constant pool entry 175	500000dc
	constant pool entry 172	50000117
CLS 50000141 (name=java.util.Properties, trace=300000)
	super		50000142
	static hexDigit	50000d45
	constant pool entry 261	50000100
	constant pool entry 126	50000141
	constant pool entry 123	50000142
	constant pool entry 117	50000168
CLS 50000144 (name=java.util.Map, trace=300000)
CLS 50000145 (name=java.lang.ThreadGroup, trace=300000)
	super		5000016c
	constant pool entry 266	50000100
	constant pool entry 120	50000145
	constant pool entry 117	50000147
	constant pool entry 116	50000161
	constant pool entry 113	5000016c
	constant pool entry 7	50000aad
CLS 50000146 (name=java.lang.Thread$UncaughtExceptionHandler, trace=300000)
CLS 50000148 (name=java.lang.Runnable, trace=300000)
CLS 5000014b (name=java.lang.ref.FinalReference, trace=300000)
	super		5000014e
	constant pool entry 7	5000014e
CLS 50000149 (name=java.lang.ref.Finalizer, trace=300000)
	super		5000014b
	static queue	500009b9
	static unfinalized	50000476
	static lock	50001604
	constant pool entry 69	500000e5
	constant pool entry 68	500000e2
	constant pool entry 64	50000149
	constant pool entry 63	5000014b
	constant pool entry 61	50000145
	constant pool entry 60	50000147
	constant pool entry 59	5000016c
CLS 5000014a (name=java.lang.ref.PhantomReference, trace=300000)
	super		5000014e
CLS 5000014f (name=java.lang.IllegalMonitorStateException, trace=300000)
	super		5000015c
CLS 50000152 (name=java.lang.VirtualMachineError, trace=300000)
	super		5000015f
CLS 50000150 (name=java.lang.StackOverflowError, trace=300000)
	super		50000152
CLS 50000151 (name=java.lang.OutOfMemoryError, trace=300000)
	super		50000152
CLS 50000153 (name=java.lang.ArrayStoreException, trace=300000)
	super		5000015c
CLS 50000154 (name=java.lang.ClassCastException, trace=300000)
	super		5000015c
CLS 50000155 (name=java.lang.NoClassDefFoundError, trace=300000)
	super		50000156
CLS 50000158 (name=java.lang.ReflectiveOperationException, trace=300000)
	super		5000015d
	constant pool entry 13	5000015d
CLS 50000157 (name=java.lang.ClassNotFoundException, trace=300000)
	super		50000158
	constant pool entry 18	50000158
CLS 50000159 (name=java.security.AccessControlContext, trace=300000)
	super		5000016c
	constant pool entry 135	500000f8
	constant pool entry 132	50000159
	constant pool entry 126	5000016c
CLS 5000015a (name=java.security.ProtectionDomain, trace=300000)
	super		5000016c
	constant pool entry 265	50000100
	constant pool entry 133	50000051
	constant pool entry 132	500000c4
	constant pool entry 128	50000009
	constant pool entry 127	5000000b
	constant pool entry 125	5000000d
	constant pool entry 124	5000015a
	constant pool entry 123	50000008
	constant pool entry 110	5000016c
	constant pool entry 10	50000f6f
CLS 5000015b (name=java.lang.SecurityManager, trace=300000)
	super		5000016c
CLS 5000015e (name=java.lang.ThreadDeath, trace=300000)
	super		5000015f
CLS 50000161 (name=java.lang.System, trace=300000)
	super		5000016c
	static in	50000ab7
	static out	50000ab6
	static err	50000ab5
	static props	50000ab4
	static lineSeparator	50000ab3
	constant pool entry 183	500000bb
	constant pool entry 182	500000cc
	constant pool entry 181	500000e1
	constant pool entry 180	500000c4
	constant pool entry 177	50000141
	constant pool entry 173	50000145
	constant pool entry 172	50000147
	constant pool entry 171	50000066
	constant pool entry 170	5000005b
	constant pool entry 167	50000168
	constant pool entry 164	500000cd
	constant pool entry 156	5000009c
	constant pool entry 154	500000b5
	constant pool entry 153	500000c8
	constant pool entry 152	500000c7
	constant pool entry 151	5000009b
	constant pool entry 150	500000b3
	constant pool entry 14	50000161
	constant pool entry 13	50000ab2
	constant pool entry 11	50000ab1
	constant pool entry 10	50000ab0
	constant pool entry 7	50000aaf
	constant pool entry 1	50000aae
CLS 50000163 (name=java.lang.Cloneable, trace=300000)
CLS 50000164 (name=java.lang.Class, trace=300000)
	super		5000016c
	static serialPersistentFields	50000ad8
	static reflectionFactory	50000ad7
	constant pool entry 1183	50000100
	constant pool entry 503	500000f5
	constant pool entry 502	500000ea
	constant pool entry 501	500000bb
	constant pool entry 485	500000f8
	constant pool entry 480	5000013b
	constant pool entry 476	5000013e
	constant pool entry 475	5000013a
	constant pool entry 472	5000014d
	constant pool entry 468	50000161
	constant pool entry 466	50000168
	constant pool entry 448	50000162
	constant pool entry 446	500000ad
	constant pool entry 443	500000ac
	constant pool entry 440	500000ae
	constant pool entry 438	5000008a
	constant pool entry 436	50000105
	constant pool entry 20	50000164
CLS 50000165 (name=java.lang.reflect.Type, trace=300000)
CLS 50000166 (name=java.lang.reflect.GenericDeclaration, trace=300000)
CLS 50000167 (name=java.lang.reflect.AnnotatedElement, trace=300000)
CLS 50000168 (name=java.lang.String, trace=300000)
	super		5000016c
	static serialPersistentFields	50000aa6
	static CASE_INSENSITIVE_ORDER	50000aa5
	constant pool entry 536	50000100
	constant pool entry 251	50000032
	constant pool entry 247	50000102
	constant pool entry 246	50000090
	constant pool entry 242	50000161
	constant pool entry 240	500001cc
	constant pool entry 237	50000101
	constant pool entry 235	50000168
	constant pool entry 234	5000016c
	constant pool entry 232	500000dc
	constant pool entry 222	50000119
	constant pool entry 221	50000169
	constant pool entry 217	50000105
	constant pool entry 13	50000aa4
	constant pool entry 12	50000a97
	constant pool entry 11	50000a89
	constant pool entry 10	50000a99
	constant pool entry 9	50000aa3
	constant pool entry 8	50000aa2
	constant pool entry 7	50000aa1
	constant pool entry 6	50000a98
	constant pool entry 5	50000aa0
CLS 50000169 (name=java.lang.CharSequence, trace=300000)
CLS 5000016a (name=java.lang.Comparable, trace=300000)
CLS 5000016b (name=java.io.Serializable, trace=300000)
CLS 5000016d (name=long[], trace=300000)
	super		5000016c
CLS 5000016e (name=int[], trace=300000)
	super		5000016c
CLS 5000016f (name=short[], trace=300000)
	super		5000016c
CLS 50000170 (name=byte[], trace=300000)
	super		5000016c
CLS 50000171 (name=double[], trace=300000)
	super		5000016c
CLS 50000172 (name=float[], trace=300000)
	super		5000016c
CLS 50000173 (name=char[], trace=300000)
	super		5000016c
CLS 50000174 (name=boolean[], trace=300000)
	super		5000016c
CLS 50000182 (name=java.lang.invoke.MethodHandleImpl, trace=300004)
	super		5000016c
	static FAKE_METHOD_HANDLE_INVOKE	50000184
	constant pool entry 551	50000100
	constant pool entry 227	50000185
	constant pool entry 212	50000164
	constant pool entry 20	50000182
	constant pool entry 19	5000012c
	constant pool entry 16	5000016c
CLS 50000183 (name=java.lang.invoke.MethodHandle[], trace=300005)
	super		5000016c
CLS 50000185 (name=java.lang.invoke.MemberName$Factory, trace=300006)
	super		5000016c
	static INSTANCE	50000186
	constant pool entry 95	50000185
	constant pool entry 92	5000016c
	constant pool entry 88	50000164
	constant pool entry 10	5000012a
CLS 50000187 (name=java.lang.invoke.LambdaForm$NamedFunction, trace=300008)
	super		5000016c
	static INVOKER_METHOD_TYPE	500001a0
	constant pool entry 372	50000100
	constant pool entry 155	50000127
	constant pool entry 153	5000012a
	constant pool entry 143	50000164
	constant pool entry 12	5000012c
	constant pool entry 11	50000187
	constant pool entry 10	50000128
	constant pool entry 9	5000016c
	constant pool entry 8	50000111
CLS 50000189 (name=java.lang.invoke.MethodType$ConcurrentWeakInternSet, trace=300010)
	super		5000016c
	constant pool entry 35	5000002f
	constant pool entry 34	5000002e
	constant pool entry 33	500000e5
	constant pool entry 31	5000019e
	constant pool entry 30	50000189
	constant pool entry 28	5000016c
CLS 5000018f (name=java.lang.invoke.MethodType[], trace=300016)
	super		5000016c
CLS 50000192 (name=java.lang.invoke.MethodHandleStatics, trace=300018)
	super		5000016c
	static UNSAFE	50000ac7
	constant pool entry 167	50000100
	constant pool entry 80	5000011d
	constant pool entry 79	500000f8
	constant pool entry 77	50000194
	constant pool entry 76	50000192
	constant pool entry 71	5000016c
	constant pool entry 66	5000011a
CLS 50000194 (name=java.lang.invoke.MethodHandleStatics$1, trace=300020)
	super		5000016c
	constant pool entry 35	50000194
	constant pool entry 33	5000016c
	constant pool entry 32	50000113
	constant pool entry 31	5000011a
	constant pool entry 5	50001639
	constant pool entry 4	50001638
	constant pool entry 3	50001637
	constant pool entry 2	50001636
	constant pool entry 1	50001635
CLS 50000198 (name=java.lang.invoke.MethodTypeForm, trace=300024)
	super		5000016c
	constant pool entry 312	50000100
	constant pool entry 177	50000127
	constant pool entry 171	50000128
	constant pool entry 163	50000164
	constant pool entry 161	5000010c
	constant pool entry 11	50000198
	constant pool entry 9	500001a1
	constant pool entry 8	5000016c
CLS 50000199 (name=java.lang.invoke.Invokers, trace=300024)
	super		5000016c
CLS 5000019e (name=java.lang.invoke.MethodType$ConcurrentWeakInternSet$WeakEntry, trace=300028)
	super		5000014c
	constant pool entry 24	5000014c
	constant pool entry 23	5000019e
	constant pool entry 20	5000016c
CLS 500001a1 (name=java.lang.Void, trace=300031)
	super		5000016c
	static TYPE	50000a87
	constant pool entry 17	500001a1
	constant pool entry 15	50000164
	constant pool entry 1	50001633
CLS 500001a8 (name=java.lang.invoke.LambdaForm[], trace=300037)
	super		5000016c
CLS 500001b2 (name=java.lang.IllegalAccessException, trace=300043)
	super		50000158
CLS 500001bb (name=sun.misc.PostVMInitHook, trace=300000)
	super		5000016c
	constant pool entry 44	500001bb
	constant pool entry 43	50000161
	constant pool entry 42	5000011e
	constant pool entry 39	50000077
	constant pool entry 7	5000164c
	constant pool entry 5	5000164b
	constant pool entry 4	5000164a
	constant pool entry 3	50001649
	constant pool entry 2	50001648
CLS 500001c5 (name=sun.launcher.LauncherHelper, trace=300000)
	super		50000070
	static INSTANCE	500001c6
	static MAIN_CLASS	5000165a
	static outBuf	500001c9
	static INDENT	50001659
	static VM_SETTINGS	50001658
	static PROP_SETTINGS	50001657
	static LOCALE_SETTINGS	50001656
	static diagprop	50000c2b
	static defaultBundleName	50000b0b
	static ostream	50000ab5
	static scloader	500009c1
	static encprop	50001655
	static encoding	50000cb4
	static $VALUES	500001c8
	constant pool entry 695	50000100
	constant pool entry 400	500000e1
	constant pool entry 397	5000042f
	constant pool entry 390	50000430
	constant pool entry 380	50000969
	constant pool entry 376	5000009a
	constant pool entry 370	50000161
	constant pool entry 369	5000011e
	constant pool entry 368	50000168
	constant pool entry 366	5000016c
	constant pool entry 364	50000155
	constant pool entry 360	50000070
	constant pool entry 359	50000157
	constant pool entry 358	50000162
	constant pool entry 355	5000009c
	constant pool entry 70	500001c5
	constant pool entry 67	50001655
	constant pool entry 66	50000c2b
	constant pool entry 61	50001654
	constant pool entry 42	500009c0
	constant pool entry 31	50001653
	constant pool entry 26	50001652
	constant pool entry 1	50000aae
CLS 500001c7 (name=sun.launcher.LauncherHelper[], trace=300055)
	super		5000016c
CLS 500001cc (name=java.lang.StringCoding, trace=300059)
	super		5000016c
	static decoder	500001cd
	static encoder	500001ce
	constant pool entry 127	5000009a
	constant pool entry 123	5000014d
	constant pool entry 122	50000092
	constant pool entry 119	500001d5
	constant pool entry 117	500001cc
CLS 500001cf (name=java.lang.ThreadLocal$ThreadLocalMap, trace=300062)
	super		5000016c
	constant pool entry 121	50000100
	constant pool entry 54	500001d1
	constant pool entry 53	500001cf
	constant pool entry 51	50000092
	constant pool entry 50	5000016c
CLS 500001d1 (name=java.lang.ThreadLocal$ThreadLocalMap$Entry, trace=300064)
	super		5000014c
	constant pool entry 15	5000014c
	constant pool entry 14	500001d1
CLS 500001d2 (name=java.lang.ThreadLocal$ThreadLocalMap$Entry[], trace=300065)
	super		5000016c
CLS 500001d5 (name=java.lang.StringCoding$StringDecoder, trace=300067)
	super		5000016c
	constant pool entry 143	50000100
	constant pool entry 71	5000003c
	constant pool entry 70	50000080
	constant pool entry 68	5000003b
	constant pool entry 67	5000009a
	constant pool entry 63	500001d5
	constant pool entry 61	500001cc
	constant pool entry 59	5000016c
	constant pool entry 57	50000164
CLS 500001e0 (name=java.net.URLClassLoader$1, trace=300076)
	super		5000016c
	constant pool entry 44	50000005
	constant pool entry 41	500001e0
	constant pool entry 40	50000053
	constant pool entry 39	50000168
	constant pool entry 38	5000016c
	constant pool entry 36	50000157
	constant pool entry 1	50000fd5
CLS 500001e6 (name=sun.net.util.URLUtil, trace=300082)
	super		5000016c
	constant pool entry 57	50000013
	constant pool entry 56	5000011e
	constant pool entry 55	50000168
	constant pool entry 3	500014f3
CLS 500001ec (name=sun.misc.URLClassPath$3, trace=300087)
	super		5000016c
	constant pool entry 47	500001ef
	constant pool entry 46	500003fe
	constant pool entry 45	500001ec
	constant pool entry 44	50000005
	constant pool entry 42	50000013
	constant pool entry 41	50000168
	constant pool entry 40	5000016c
	constant pool entry 2	50000f90
	constant pool entry 1	50000f9b
CLS 500001ee (name=sun.misc.URLClassPath$Loader, trace=300089)
	super		5000016c
	constant pool entry 64	500001ee
	constant pool entry 54	5000016c
CLS 500001ef (name=sun.misc.URLClassPath$JarLoader, trace=300089)
	super		500001ee
	static zipAccess	500001f4
	constant pool entry 209	50000015
	constant pool entry 207	500001ee
	constant pool entry 204	50000734
	constant pool entry 203	500001ef
	constant pool entry 201	500000c4
	constant pool entry 199	50000044
	constant pool entry 194	50000736
	constant pool entry 180	500003f1
	constant pool entry 179	500000f8
	constant pool entry 175	50000013
	constant pool entry 171	5000011e
	constant pool entry 170	50000168
	constant pool entry 168	5000074b
	constant pool entry 167	5000074c
	constant pool entry 166	50000077
	constant pool entry 8	50000fcb
	constant pool entry 7	50000f90
	constant pool entry 2	50000fcd
	constant pool entry 1	50000aae
CLS 500001f0 (name=java.util.zip.ZipConstants, trace=300090)
CLS 500001f1 (name=java.util.zip.ZipFile, trace=300090)
	super		5000016c
	constant pool entry 259	500000e1
	constant pool entry 258	500000c4
	constant pool entry 252	500001f3
	constant pool entry 251	500001f1
	constant pool entry 8	50000c2f
CLS 500001f2 (name=sun.misc.JavaUtilZipFileAccess, trace=300091)
CLS 500001f3 (name=java.util.zip.ZipFile$1, trace=300091)
	super		5000016c
	constant pool entry 12	5000016c
CLS 50000208 (name=sun.nio.cs.ThreadLocalCoders, trace=300110)
	super		5000016c
	static decoderCache	5000020b
	static encoderCache	5000020e
	constant pool entry 31	50000209
	constant pool entry 30	5000020d
	constant pool entry 29	5000020a
	constant pool entry 28	50000208
	constant pool entry 26	5000003b
CLS 50000209 (name=sun.nio.cs.ThreadLocalCoders$Cache, trace=300111)
	super		5000016c
	constant pool entry 53	50000100
	constant pool entry 28	50000209
	constant pool entry 26	50000092
	constant pool entry 25	5000016c
	constant pool entry 24	50000111
CLS 5000020a (name=sun.nio.cs.ThreadLocalCoders$1, trace=300111)
	super		50000209
	constant pool entry 38	50000209
	constant pool entry 37	5000020a
	constant pool entry 36	5000003b
	constant pool entry 35	5000009a
	constant pool entry 34	50000168
	constant pool entry 33	50000164
	constant pool entry 1	50000208
CLS 5000020d (name=sun.nio.cs.ThreadLocalCoders$2, trace=300114)
	super		50000209
	constant pool entry 38	50000209
	constant pool entry 37	5000020d
	constant pool entry 33	50000164
	constant pool entry 1	50000208
CLS 50000219 (name=sun.nio.cs.Unicode, trace=300125)
	super		5000009a
	constant pool entry 109	5000009a
CLS 5000021a (name=sun.nio.cs.UTF_8, trace=300125)
	super		50000219
	constant pool entry 33	50000219
	constant pool entry 31	50000224
	constant pool entry 29	5000021a
	constant pool entry 28	50000097
	constant pool entry 27	5000011b
	constant pool entry 1	500014bd
CLS 50000224 (name=sun.nio.cs.UTF_8$Decoder, trace=300134)
	super		5000003b
	constant pool entry 96	50000224
	constant pool entry 92	50000037
	constant pool entry 91	5000003b
	constant pool entry 90	50000039
	constant pool entry 89	5000007f
	constant pool entry 86	500000dc
	constant pool entry 85	50000164
	constant pool entry 3	5000021a
CLS 500003f1 (name=java.security.PrivilegedActionException, trace=300155)
	super		5000015d
	constant pool entry 34	500003f1
	constant pool entry 29	5000015d
CLS 500003fe (name=sun.misc.URLClassPath$FileLoader, trace=300158)
	super		500001ee
	constant pool entry 63	50000015
	constant pool entry 62	500001ee
	constant pool entry 60	500003fe
	constant pool entry 59	50000005
	constant pool entry 57	50000013
	constant pool entry 56	50000168
	constant pool entry 52	50000077
	constant pool entry 3	50000f90
	constant pool entry 2	500014f5
	constant pool entry 1	50000f99
CLS 5000042f (name=sun.launcher.LauncherHelper$ResourceBundleHolder, trace=300193)
	super		5000016c
	static RB	50000880
	constant pool entry 18	5000042f
	constant pool entry 16	50000430
	constant pool entry 1	50000b0b
CLS 50000430 (name=java.util.ResourceBundle, trace=300194)
	super		5000016c
	static NONEXISTENT_BUNDLE	50000432
	static cacheList	50000433
	static referenceQueue	50000434
	constant pool entry 214	500000bb
	constant pool entry 213	5000002f
	constant pool entry 212	5000002e
	constant pool entry 210	50000437
	constant pool entry 208	50000831
	constant pool entry 205	50000842
	constant pool entry 203	50000853
	constant pool entry 202	50000882
	constant pool entry 201	50000431
	constant pool entry 199	50000032
	constant pool entry 198	500000f0
	constant pool entry 197	500000cf
	constant pool entry 193	500000e5
	constant pool entry 188	50000168
	constant pool entry 187	5000016c
	constant pool entry 180	50000164
	constant pool entry 11	50000436
	constant pool entry 10	50000430
CLS 50000431 (name=java.util.ResourceBundle$1, trace=300195)
	super		50000430
	constant pool entry 16	50000430
CLS 50000436 (name=java.util.spi.ResourceBundleControlProvider, trace=300200)
CLS 50000437 (name=java.util.ServiceLoader, trace=300201)
	super		5000016c
	static PREFIX	50001668
	constant pool entry 133	5000043a
	constant pool entry 132	5000043c
	constant pool entry 131	50000437
	constant pool entry 129	500000d1
	constant pool entry 127	50000072
	constant pool entry 120	50000161
	constant pool entry 117	5000016c
	constant pool entry 115	50000162
	constant pool entry 114	50000164
	constant pool entry 7	50001667
CLS 5000043a (name=java.util.ServiceLoader$LazyIterator, trace=300204)
	super		5000016c
	constant pool entry 99	5000043a
	constant pool entry 97	50000437
	constant pool entry 93	500000d0
	constant pool entry 88	5000011e
	constant pool entry 86	5000016c
	constant pool entry 83	50000162
	constant pool entry 82	50000164
	constant pool entry 5	50001668
CLS 5000043c (name=java.util.ServiceLoader$1, trace=300206)
	super		5000016c
	constant pool entry 41	500000db
	constant pool entry 40	5000043a
	constant pool entry 39	5000043c
	constant pool entry 38	50000437
	constant pool entry 35	50000072
	constant pool entry 34	500000cf
	constant pool entry 32	5000016c
CLS 5000043e (name=java.util.LinkedHashMap$LinkedEntrySet, trace=300208)
	super		500000da
	constant pool entry 54	5000043e
	constant pool entry 53	50000441
	constant pool entry 47	500000da
CLS 50000440 (name=java.util.LinkedHashMap$LinkedHashIterator, trace=300210)
	super		5000016c
	constant pool entry 41	50000440
	constant pool entry 39	50000072
	constant pool entry 35	5000016c
CLS 50000441 (name=java.util.LinkedHashMap$LinkedEntryIterator, trace=300210)
	super		50000440
	constant pool entry 21	50000440
	constant pool entry 20	50000441
CLS 50000449 (name=java.util.Enumeration[], trace=300216)
	super		5000016c
CLS 5000044b (name=sun.misc.Launcher$BootClassPathHolder, trace=300217)
	super		5000016c
	static bcp	500006a4
	constant pool entry 27	50000005
	constant pool entry 26	5000044c
	constant pool entry 25	5000044b
	constant pool entry 24	50000057
	constant pool entry 23	500000f8
	constant pool entry 20	5000000f
CLS 5000044c (name=sun.misc.Launcher$BootClassPathHolder$1, trace=300218)
	super		5000016c
	constant pool entry 39	50000044
	constant pool entry 38	5000044c
	constant pool entry 36	50000057
	constant pool entry 35	500000db
	constant pool entry 34	50000006
	constant pool entry 32	5000016c
	constant pool entry 31	50000077
CLS 500006b1 (name=sun.misc.URLClassPath$2, trace=300306)
	super		5000016c
	constant pool entry 35	500001ee
	constant pool entry 34	500006b1
	constant pool entry 33	50000005
	constant pool entry 30	5000016c
CLS 500006b3 (name=java.lang.ClassLoader$2, trace=300308)
	super		5000016c
	constant pool entry 22	500000d0
	constant pool entry 21	5000016c
	constant pool entry 20	500006b3
CLS 500006b5 (name=sun.misc.URLClassPath$1, trace=300310)
	super		5000016c
	constant pool entry 35	500001ee
	constant pool entry 34	500006b5
	constant pool entry 33	50000005
	constant pool entry 30	5000016c
CLS 500006b7 (name=java.net.URLClassLoader$3, trace=300312)
	super		5000016c
	constant pool entry 35	500000f8
	constant pool entry 34	5000082f
	constant pool entry 33	500006b7
	constant pool entry 32	50000053
	constant pool entry 30	5000016c
CLS 500006b9 (name=sun.misc.CompoundEnumeration, trace=300314)
	super		5000016c
	constant pool entry 23	500006b9
	constant pool entry 21	500000d0
	constant pool entry 20	5000016c
CLS 50000734 (name=sun.misc.URLClassPath$JarLoader$1, trace=300317)
	super		5000016c
	constant pool entry 71	50000734
	constant pool entry 70	500001ef
	constant pool entry 69	50000005
	constant pool entry 60	5000016c
CLS 50000736 (name=sun.misc.FileURLMapper, trace=300319)
	super		5000016c
	constant pool entry 43	50000015
	constant pool entry 42	50000736
	constant pool entry 41	50000013
	constant pool entry 39	50000168
	constant pool entry 38	5000016c
	constant pool entry 37	50000077
	constant pool entry 1	50000aae
CLS 5000074b (name=java.io.IOException, trace=300329)
	super		5000015d
	constant pool entry 14	5000015d
CLS 5000074c (name=java.io.FileNotFoundException, trace=300329)
	super		5000074b
	constant pool entry 26	5000074b
CLS 5000082f (name=java.net.URLClassLoader$3$1, trace=300332)
	super		5000016c
	constant pool entry 27	500000d0
	constant pool entry 25	5000082f
	constant pool entry 24	500006b7
	constant pool entry 22	5000016c
CLS 50000831 (name=java.util.ResourceBundle$RBClassLoader, trace=300334)
	super		50000162
	static INSTANCE	50000834
	static loader	500009c1
	constant pool entry 36	50000832
	constant pool entry 35	50000831
	constant pool entry 32	500000f8
	constant pool entry 30	50000162
CLS 50000832 (name=java.util.ResourceBundle$RBClassLoader$1, trace=300335)
	super		5000016c
	constant pool entry 20	50000832
	constant pool entry 19	50000831
	constant pool entry 15	5000016c
CLS 50000842 (name=java.util.ResourceBundle$Control, trace=300349)
	super		5000016c
	static FORMAT_DEFAULT	50000846
	static FORMAT_CLASS	50000849
	static FORMAT_PROPERTIES	5000084c
	static INSTANCE	5000084d
	static CANDIDATES_CACHE	5000084f
	constant pool entry 315	50000100
	constant pool entry 162	5000084e
	constant pool entry 161	500008c1
	constant pool entry 160	50000842
	constant pool entry 157	50000032
	constant pool entry 155	500000d8
	constant pool entry 154	500000f1
	constant pool entry 153	50000090
	constant pool entry 152	500000c1
	constant pool entry 150	500000f8
	constant pool entry 145	5000011e
	constant pool entry 144	50000168
	constant pool entry 143	5000016c
	constant pool entry 137	50000157
	constant pool entry 136	50000162
	constant pool entry 134	50000164
	constant pool entry 8	50000430
	constant pool entry 6	5000166c
	constant pool entry 5	5000166b
	constant pool entry 4	50001663
	constant pool entry 3	500014f3
	constant pool entry 1	50000aae
CLS 50000844 (name=java.util.Arrays$ArrayList, trace=300351)
	super		500000ed
	constant pool entry 58	500000d1
	constant pool entry 57	50000844
	constant pool entry 55	500000ed
	constant pool entry 51	50000111
CLS 5000084e (name=java.util.ResourceBundle$Control$CandidateListCache, trace=300357)
	super		50000031
	constant pool entry 85	50000031
	constant pool entry 84	5000001f
	constant pool entry 83	5000084e
	constant pool entry 79	50000032
	constant pool entry 78	500000f0
	constant pool entry 77	5000085b
	constant pool entry 75	50000168
	constant pool entry 14	50000def
	constant pool entry 13	50001670
	constant pool entry 12	5000166f
	constant pool entry 11	5000166e
	constant pool entry 1	50000aae
CLS 50000853 (name=java.util.ResourceBundle$CacheKey, trace=300362)
	super		5000016c
	constant pool entry 92	50000856
	constant pool entry 91	50000853
	constant pool entry 90	50000430
	constant pool entry 89	50000032
	constant pool entry 87	50000168
	constant pool entry 85	5000016c
	constant pool entry 79	50000162
CLS 50000855 (name=java.util.ResourceBundle$CacheKeyReference, trace=300364)
CLS 50000856 (name=java.util.ResourceBundle$LoaderReference, trace=300364)
	super		5000014c
	constant pool entry 16	50000856
	constant pool entry 12	5000014c
CLS 50000858 (name=java.util.Queue, trace=300366)
CLS 50000859 (name=java.util.Deque, trace=300366)
CLS 5000085a (name=java.util.AbstractSequentialList, trace=300366)
	super		500000ed
	constant pool entry 36	500000ed
CLS 5000085b (name=java.util.LinkedList, trace=300366)
	super		5000085a
	constant pool entry 301	50000100
	constant pool entry 150	50000863
	constant pool entry 145	5000085b
	constant pool entry 142	5000085a
	constant pool entry 139	5000016c
CLS 50000863 (name=java.util.LinkedList$Node, trace=300374)
	super		5000016c
	constant pool entry 17	50000863
	constant pool entry 15	5000016c
CLS 50000877 (name=java.util.ListResourceBundle, trace=300384)
	super		50000430
	constant pool entry 38	50000430
	constant pool entry 37	50000144
	constant pool entry 36	50000877
	constant pool entry 35	500000ba
	constant pool entry 33	50000168
CLS 50000878 (name=sun.launcher.resources.launcher, trace=300384)
	super		50000877
	constant pool entry 93	50000100
	constant pool entry 87	50000877
	constant pool entry 86	5000016c
	constant pool entry 85	50000111
	constant pool entry 38	50001679
	constant pool entry 37	500016bc
	constant pool entry 36	50001696
	constant pool entry 35	500016ae
	constant pool entry 34	5000168e
	constant pool entry 33	500016b2
	constant pool entry 32	5000168a
	constant pool entry 31	50001692
	constant pool entry 30	5000167a
	constant pool entry 29	500016bd
	constant pool entry 28	500016b6
	constant pool entry 27	500016aa
	constant pool entry 26	5000169a
	constant pool entry 25	500016a2
	constant pool entry 24	50001686
	constant pool entry 23	50001682
	constant pool entry 22	5000167e
	constant pool entry 21	50001676
	constant pool entry 20	500009c0
	constant pool entry 19	500016a6
	constant pool entry 18	5000169e
	constant pool entry 17	500016a9
	constant pool entry 16	5000168d
	constant pool entry 15	50001691
	constant pool entry 14	50001681
	constant pool entry 13	5000167d
	constant pool entry 12	50001675
	constant pool entry 11	50001685
	constant pool entry 10	500016b9
	constant pool entry 9	500016b5
	constant pool entry 8	50001695
	constant pool entry 7	500016ad
	constant pool entry 6	50001689
	constant pool entry 5	500016b1
	constant pool entry 4	500016a5
	constant pool entry 3	50001699
	constant pool entry 2	500016a1
	constant pool entry 1	5000169d
CLS 50000882 (name=java.util.ResourceBundle$BundleReference, trace=300388)
	super		5000014d
	constant pool entry 14	50000882
	constant pool entry 12	5000014d
CLS 500008c1 (name=java.util.ResourceBundle$Control$1, trace=300402)
	super		5000016c
	constant pool entry 46	500008c1
	constant pool entry 40	5000016c
	constant pool entry 38	50000162
CLS 500008c3 (name=java.net.URLClassLoader$2, trace=300404)
	super		5000016c
	constant pool entry 23	50000005
	constant pool entry 21	500008c3
	constant pool entry 20	50000053
	constant pool entry 19	5000016c
CLS 5000093e (name=java.lang.Object[][], trace=300416)
	super		5000016c
CLS 50000968 (name=java.text.Format, trace=300438)
	super		5000016c
	constant pool entry 58	50000968
	constant pool entry 57	50000995
	constant pool entry 53	5000011f
	constant pool entry 52	5000016c
CLS 50000969 (name=java.text.MessageFormat, trace=300438)
	super		50000968
	static TYPE_KEYWORDS	5000096a
	static NUMBER_MODIFIER_KEYWORDS	5000096b
	static DATE_TIME_MODIFIER_KEYWORDS	5000096c
	static DATE_TIME_MODIFIERS	5000096d
	constant pool entry 508	50000100
	constant pool entry 280	50000973
	constant pool entry 279	50000032
	constant pool entry 277	50000998
	constant pool entry 270	5000099c
	constant pool entry 269	50000969
	constant pool entry 267	50000968
	constant pool entry 266	50000995
	constant pool entry 257	5000011e
	constant pool entry 256	5000011f
	constant pool entry 255	50000168
	constant pool entry 252	50000118
	constant pool entry 250	50000113
	constant pool entry 239	50000111
	constant pool entry 31	500016c8
	constant pool entry 30	50000b1f
	constant pool entry 29	500016c7
	constant pool entry 28	500016c6
	constant pool entry 25	500016c5
	constant pool entry 24	50000b21
	constant pool entry 23	500016c4
	constant pool entry 22	500016c3
	constant pool entry 20	500016c2
	constant pool entry 19	500016c1
	constant pool entry 18	500016c0
	constant pool entry 2	50000aae
CLS 5000096f (name=java.text.Format[], trace=300444)
	super		5000016c
CLS 50000973 (name=java.util.Locale$Category, trace=300447)
	super		50000070
	static DISPLAY	50000974
	static FORMAT	50000975
	static $VALUES	50000977
	constant pool entry 77	50000100
	constant pool entry 43	50000070
	constant pool entry 42	50000976
	constant pool entry 11	50000973
	constant pool entry 10	50000f20
	constant pool entry 9	50000f1f
	constant pool entry 8	50000f1e
	constant pool entry 7	50000f1d
	constant pool entry 6	50000f1c
	constant pool entry 5	50000f1b
	constant pool entry 4	50000f1a
	constant pool entry 3	50000f19
	constant pool entry 2	50000f18
	constant pool entry 1	50000f17
CLS 50000976 (name=java.util.Locale$Category[], trace=300450)
	super		5000016c
CLS 50000978 (name=java.util.Locale$1, trace=300451)
	super		5000016c
	static $SwitchMap$java$util$Locale$Category	50000979
	constant pool entry 38	50000100
	constant pool entry 23	50000973
	constant pool entry 22	50000978
CLS 50000984 (name=java.lang.StringBuilder[], trace=300457)
	super		5000016c
CLS 50000995 (name=java.text.FieldPosition, trace=300469)
	super		5000016c
	constant pool entry 53	50000995
	constant pool entry 51	5000016c
CLS 50000998 (name=java.util.Date, trace=300471)
	super		5000016c
CLS 5000099a (name=java.text.AttributedCharacterIterator$Attribute, trace=300472)
	super		5000016c
	static instanceMap	5000099d
	static LANGUAGE	5000099e
	static READING	500009a1
	static INPUT_METHOD_SEGMENT	500009a3
	constant pool entry 70	50000144
	constant pool entry 69	500000ba
	constant pool entry 65	5000016c
	constant pool entry 8	5000099a
	constant pool entry 5	500016d5
	constant pool entry 4	50000de6
	constant pool entry 3	500016d4
CLS 5000099b (name=java.text.Format$Field, trace=300472)
	super		5000099a
	constant pool entry 17	5000099a
CLS 5000099c (name=java.text.MessageFormat$Field, trace=300472)
	super		5000099b
	static ARGUMENT	500009a5
	constant pool entry 33	5000099b
	constant pool entry 3	5000099c
	constant pool entry 1	500016d2
CLS 500009ac (name=java.lang.Shutdown, trace=300483)
	super		5000016c
	static hooks	500009ad
	static lock	500009af
	static haltLock	500009b0
	constant pool entry 112	50000100
	constant pool entry 64	500009ae
	constant pool entry 62	50000148
	constant pool entry 4	500009ac
CLS 500009ae (name=java.lang.Shutdown$Lock, trace=300485)
	super		5000016c
	constant pool entry 12	500009ae
	constant pool entry 9	5000016c
CLS 500009b1 (name=java.lang.AbstractStringBuilder[], trace=300000)
	super		5000016c
CLS 500009b2 (name=java.lang.Appendable[], trace=300000)
	super		5000016c
CLS 500009b3 (name=java.lang.Cloneable[], trace=300000)
	super		5000016c
CLS 500009b4 (name=java.lang.reflect.Method[], trace=300000)
	super		5000016c
